Reads read from: kraken/output/run/select/data/reads
Raw kraken2 reports will be saved to: kraken/output/run/assign/data/reports
Loaded 3,225 runs from kraken/output/run/select/data/run_list.tsv (filters: none)
Array task 13/16: 201 runs assigned

Total runs: 3,225 | Already done: 0 | Remaining: 201
Settings: confidence=0.15, min_hit_groups=3, workers=8, kraken_threads=4
DB: kraken/output/db/build/data/db_v2
Tmp: /scratch/fl3/llenzo/kraken_tmp

[      1/201] ERR3170269  46.3% classified  | 0.0/s  ETA 7.4h
[      2/201] ERR3170274  65.8% classified  | 0.0/s  ETA 3.9h
[      3/201] ERR3170203  60.5% classified  | 0.0/s  ETA 3.0h
[      4/201] ERR3188471  34.2% classified  | 0.0/s  ETA 2.3h
[      5/201] ERR3188472  42.5% classified  | 0.0/s  ETA 1.9h
[      6/201] ERR3170204  64.3% classified  | 0.0/s  ETA 1.7h
[      7/201] ERR3188461  54.1% classified  | 0.0/s  ETA 1.5h
[      8/201] ERR3188463  61.7% classified  | 0.0/s  ETA 1.3h
[      9/201] ERR1607770  47.1% classified  | 0.0/s  ETA 1.2h
[     10/201] ERR3170215  29.2% classified  | 0.0/s  ETA 1.1h
[     11/201] ERR1607825  45.0% classified  | 0.0/s  ETA 1.1h
[     12/201] ERR3170221  62.5% classified  | 0.0/s  ETA 1.1h
[     13/201] ERR1607818  66.4% classified  | 0.1/s  ETA 1.0h
[     14/201] ERR1607864  48.2% classified  | 0.0/s  ETA 1.1h
[     15/201] ERR1607736  55.8% classified  | 0.1/s  ETA 1.0h
[     16/201] ERR1607758  57.9% classified  | 0.1/s  ETA 0.9h
[     17/201] ERR1607828  47.3% classified  | 0.1/s  ETA 0.9h
[     18/201] ERR15005495  32.4% classified  | 0.1/s  ETA 1.0h
[     19/201] ERR12013031  69.7% classified  | 0.1/s  ETA 1.0h
[     20/201] ERR15005483  20.1% classified  | 0.1/s  ETA 0.9h
[     21/201] ERR12013053  62.5% classified  | 0.1/s  ETA 0.9h[[     22/201] ERR15005450  45.6% classified  | 0.1/s  ETA 0.9h
[     23/201] ERR15005511  15.7% classified  | 0.1/s  ETA 0.9h
[     24/201] ERR12013076  36.8% classified  | 0.1/s  ETA 0.8h[[     25/201] ERR15005459  7.7% classified  | 0.1/s  ETA 0.8h
[     26/201] ERR6847896  69.0% classified  | 0.1/s  ETA 0.8h
[     27/201] ERR4315525  60.0% classified  | 0.1/s  ETA 0.8h
[[     28/201] ERR4315400  47.3% classified  | 0.1/s  ETA 0.9h
[     29/201] ERR6847897  57.0% classified  | 0.1/s  ETA 0.8h
[     30/201] ERR4315162  64.3% classified  | 0.1/s  ETA 0.8h
[     31/201] SRR29077171  16.1% classified  | 0.1/s  ETA 0.8h[     32/201] ERR4315530  52.4% classified  | 0.1/s  ETA 0.8h
[     33/201] SRR29076543  23.9% classified  | 0.1/s  ETA 0.8h
[     34/201] ERR4315662  22.8% classified  | 0.1/s  ETA 0.8h
[     35/201] ERR4315294  53.3% classified  | 0.1/s  ETA 0.8h
[     36/201] ERR4315179  29.7% classified  | 0.1/s  ETA 0.8h
[     37/201] ERR4315666  54.4% classified  | 0.1/s  ETA 0.8h
[     38/201] ERR4315517  22.0% classified  | 0.1/s  ETA 0.7h
[[     39/201] ERR4315320  51.0% classified  | 0.1/s  ETA 0.7h
[     40/201] ERR4315258  15.8% classified  | 0.1/s  ETA 0.7h[     41/201] ERR4315535  42.7% classified  | 0.1/s  ETA 0.7h
[     42/201] ERR4315661  12.4% classified  | 0.1/s  ETA 0.7h
[     43/201] ERR4315663  47.2% classified  | 0.1/s  ETA 0.7h
[     44/201] ERR4315156  48.4% classified  | 0.1/s  ETA 0.7h
[     45/201] ERR4315241  22.7% classified  | 0.1/s  ETA 0.7h
[     46/201] ERR4315499  44.7% classified  | 0.1/s  ETA 0.7h
[     47/201] ERR4315408  44.3% classified  | 0.1/s  ETA 0.7h
[     48/201] ERR4315621  32.9% classified  | 0.1/s  ETA 0.6h
[     49/201] ERR4315638  41.5% classified  | 0.1/s  ETA 0.6h
[     50/201] ERR4315675  47.7% classified  | 0.1/s  ETA 0.7h
[     51/201] ERR4315227  53.3% classified  | 0.1/s  ETA 0.7h
[     52/201] ERR4315306  49.5% classified  | 0.1/s  ETA 0.6h
[     53/201] ERR4315219  39.7% classified  | 0.1/s  ETA 0.6h
[     54/201] ERR4315436  40.9% classified  | 0.1/s  ETA 0.6h
[     55/201] ERR4315358  46.6% classified  | 0.1/s  ETA 0.6h
[     56/201] ERR4315616  50.6% classified  | 0.1/s  ETA 0.6h
[     57/201] ERR4315305  23.4% classified  | 0.1/s  ETA 0.6h
[     58/201] ERR4315505  26.9% classified  | 0.1/s  ETA 0.6h
[     59/201] ERR4315461  57.3% classified  | 0.1/s  ETA 0.6h
[     60/201] ERR4315427  41.3% classified  | 0.1/s  ETA 0.6h
[     61/201] ERR4315594  58.0% classified  | 0.1/s  ETA 0.6h
[     62/201] ERR4315397  59.5% classified  | 0.1/s  ETA 0.6h
[     63/201] ERR3856831  15.2% classified  | 0.1/s  ETA 0.6h
[     64/201] SRR24010220  67.6% classified  | 0.1/s  ETA 0.6h
[     65/201] ERR4315387  44.5% classified  | 0.1/s  ETA 0.6h
[     66/201] ERR3856842  29.3% classified  | 0.1/s  ETA 0.6[     67/201] ERR3856847  38.3% classified  | 0.1/s  ETA 0.6h
[  [     68/201] ERR3856845  50.1% classified  | 0.1/s  ETA 0.6[     69/201] SRR7753254  19.7% classified  | 0.1/s  ETA 0.6h
[     70/201] SRR11440844  49.5% classified  | 0.1/s  ETA 0.6h
[     71/201] SRR23706866  15.2% classified  | 0.1/s  ETA 0.6h
[     72/201] ERR3500558  5.8% classified  | 0.1/s  ETA 0.6h
[     73/201] ERR3500539  4.4% classified  | 0.1/s  ETA 0.6h
[     74/201] SRR391833  17.9% classified  | 0.1/s  ETA 0.6h
[     75/201] SRR391834  35.1% classified  | 0.1/s  ETA 0.6h
[     76/201] ERR3500536  2.2% classified  | 0.1/s  ETA 0.6h
[     77/201] ERR3500506  1.5% classified  | 0.1/s  ETA 0.6h
[     78/201] SRR1583660  41.5% classified  | 0.1/s  ETA 0.6h
[     79/201] ERR13340221  45.8% classified  | 0.1/s  ETA 0.6h
[     80/201] SRR1555740  40.3% classified  | 0.1/s  ETA 0.6h
[     81/201] SRR32620574  66.0% classified  | 0.1/s  ETA 0.5h
[     82/201] SRR6242041  0.9% classified  | 0.1/s  ETA 0.5h
[  [     83/201] SRR8718828  10.8% classified  | 0.1/s  ETA 0.5[     84/201] ERR789375  5.5% classified  | 0.1/s  ETA 0.5h
[     85/201] SRR8718851  7.6% classified  | 0.1/s  ETA 0.5h
[     86/201] ERR2099120  44.6% classified  | 0.1/s  ETA 0.5h
[     87/201] SRR8718805  5.1% classified  | 0.1/s  ETA 0.5h
[     88/201] SRR8718822  10.8% classified  | 0.1/s  ETA 0.5h
[     89/201] SRR31839227  42.4% classified  | 0.1/s  ETA 0.5h
[     90/201] SRR8718796  0.9% classified  | 0.1/s  ETA 0.5h
[     91/201] SRR34026588  4.2% classified  | 0.1/s  ETA 0.5h
[     92/201] ERR13150768  9.7% classified  | 0.1/s  ETA 0.5h
[     93/201] ERR13107164  1.6% classified  | 0.1/s  ETA 0.5h
[     94/201] SRR34026585  11.2% classified  | 0.1/s  ETA 0.5h
[     95/201] SRR4240593  51.5% classified  | 0.1/s  ETA 0.5h
[     96/201] SRR3750720  9.9% classified  | 0.1/s  ETA 0.5h
[     97/201] ERR5928190  1.3% classified  | 0.1/s  ETA 0.5h
[     98/201] SRR3750697  1.7% classified  | 0.1/s  ETA 0.5h
[     99/201] ERR5928223  1.8% classified  | 0.1/s  ETA 0.5h
[    100/201] SRR350927  79.8% classified  | 0.1/s  ETA 0.5h
[    101/201] ERR5928162  3.3% classified  | 0.1/s  ETA 0.4h
[    102/201] ERR5928175  6.3% classified  | 0.1/s  ETA 0.4h
[    103/201] ERR5928203  0.7% classified  | 0.1/s  ETA 0.4h
[    104/201] ERR5696201  1.3% classified  | 0.1/s  ETA 0.4h
[    105/201] SRR2873757  2.5% classified  | 0.1/s  ETA 0.4h
[    106/201] SRR21195568  2.1% classified  | 0.1/s  ETA 0.4h
[    107/201] ERR5696308  4.5% classified  | 0.1/s  ETA 0.4h
[    108/201] ERR5696243  23.6% classified  | 0.1/s  ETA 0.4h
[    109/201] SRR14871481  1.6% classified  | 0.1/s  ETA 0.4h
[    110/201] ERR5696280  1.9% classified  | 0.1/s  ETA 0.4h
[    111/201] ERR5696260  4.8% classified  | 0.1/s  ETA 0.4h
[    112/201] ERR5696291  3.2% classified  | 0.1/s  ETA 0.4h
[    113/201] ERR5696208  1.2% classified  | 0.1/s  ETA 0.4h
[    114/201] SRR12888330  0.3% classified  | 0.1/s  ETA 0.4h
[    115/201] ERR6548380  3.7% classified  | 0.1/s  ETA 0.4h
[    116/201] ERR6548387  2.7% classified  | 0.1/s  ETA 0.4h
[    117/201] SRR2920608  7.5% classified  | 0.1/s  ETA 0.4h
[    118/201] SRR11216266  0.3% classified  | 0.1/s  ETA 0.4h
[    119/201] SRR20324137  3.5% classified  | 0.1/s  ETA 0.4h
[    120/201] ERR4421883  51.9% classified  | 0.1/s  ETA 0.4h
[    121/201] SRR11216282  0.3% classified  | 0.1/s  ETA 0.4h
[    122/201] SRR8733386  21.5% classified  | 0.1/s  ETA 0.4h
[    123/201] SRR31200152  10.9% classified  | 0.1/s  ETA 0.4h
[    124/201] SRR11928832  0.3% classified  | 0.1/s  ETA 0.4h
[    125/201] SRR2922444  5.4% classified  | 0.1/s  ETA 0.4h
[    126/201] SRR18070415  7.3% classified  | 0.1/s  ETA 0.4h
[    127/201] SRR2517433  3.9% classified  | 0.1/s  ETA 0.4h
[    128/201] SRR28475119  33.9% classified  | 0.1/s  ETA 0.4h
[    129/201] SRR13197436  0.5% classified  | 0.1/s  ETA 0.3h
[    130/201] SRR17609709  21.3% classified  | 0.1/s  ETA 0.3h
[    131/201] SRR27326386  46.3% classified  | 0.1/s  ETA 0.3h
[    132/201] SRR7500371  0.8% classified  | 0.1/s  ETA 0.3h
[    133/201] SRR15141232  17.0% classified  | 0.1/s  ETA 0.3h
[    134/201] SRR15141228  25.2% classified  | 0.1/s  ETA 0.3h
[    135/201] SRR38293584  9.8% classified  | 0.1/s  ETA 0.3h
[    136/201] SRR15141328  16.0% classified  | 0.1/s  ETA 0.3h
[    137/201] SRR31850420  0.5% classified  | 0.1/s  ETA 0.3h
[    138/201] SRR32920566  45.2% classified  | 0.1/s  ETA 0.3h
[    139/201] SRR8204137  18.1% classified  | 0.1/s  ETA 0.3h[[    140/201] SRR33696067  55.6% classified  | 0.1/s  ETA 0.3h
[    141/201] SRR9684517  4.6% classified  | 0.1/s  ETA 0.3h
[    142/201] ERR10886971  20.1% classified  | 0.1/s  ETA 0.3h
[    143/201] SRR10291738  16.9% classified  | 0.1/s  ETA 0.3h
[    144/201] SRR24901492  21.4% classified  | 0.1/s  ETA 0.3h
[    145/201] SRR8418261  10.6% classified  | 0.1/s  ETA 0.3h
[    146/201] SRR8418381  9.1% classified  | 0.1/s  ETA 0.3h
[    147/201] ERR10886932  19.1% classified  | 0.1/s  ETA 0.3h
[    148/201] SRR8418323  8.9% classified  | 0.1/s  ETA 0.3h
[    149/201] SRR3498311  7.7% classified  | 0.1/s  ETA 0.3h
[    150/201] SRR8475379  13.1% classified  | 0.1/s  ETA 0.3h
[    151/201] ERR7421524  48.8% classified  | 0.1/s  ETA 0.2h
[    152/201] ERR7421541  32.9% classified  | 0.1/s  ETA 0.2h
[    153/201] SRR33846325  5.4% classified  | 0.1/s  ETA 0.2h
[    154/201] SRR21997284  22.4% classified  | 0.1/s  ETA 0.2h
[    155/201] ERR10886908  6.7% classified  | 0.1/s  ETA 0.2h
[    156/201] ERR10886993  15.1% classified  | 0.1/s  ETA 0.2h
[    157/201] SRR32959945  12.9% classified  | 0.1/s  ETA 0.2h
[    158/201] ERR10886944  7.2% classified  | 0.1/s  ETA 0.2h
[    159/201] SRR36292474  3.2% classified  | 0.1/s  ETA 0.2h
[    160/201] SRR36910262  5.4% classified  | 0.1/s  ETA 0.2h
[    161/201] SRR34300100  2.9% classified  | 0.1/s  ETA 0.2h
[[    162/201] SRR36367285  14.5% classified  | 0.1/s  ETA 0.2[    163/201] SRR36292466  4.7% classified  | 0.1/s  ETA 0.2h
[    164/201] SRR36292448  8.7% classified  | 0.1/s  ETA 0.2h
[    165/201] SRR36292475  12.5% classified  | 0.1/s  ETA 0.2h
[[    166/201] SRR34300125  3.7% classified  | 0.1/s  ETA 0.2h
[    167/201] SRR36292476  6.8% classified  | 0.1/s  ETA 0.2h
[    168/201] SRR34300165  4.6% classified  | 0.1/s  ETA 0.2h
[    169/201] SRR34300170  5.2% classified  | 0.1/s  ETA 0.2h
[    170/201] SRR34300120  6.4% classified  | 0.1/s  ETA 0.2h
[    171/201] SRR26214564  6.8% classified  | 0.1/s  ETA 0.2h
[    172/201] ERR10926671  8.5% classified  | 0.1/s  ETA 0.2h
[    173/201] SRR1975204  60.4% classified  | 0.1/s  ETA 0.1h
[    174/201] SRR22975704  12.5% classified  | 0.1/s  ETA 0.1h
[    175/201] SRR25969068  3.3% classified  | 0.1/s  ETA 0.1h
[    176/201] SRR7403500  7.8% classified  | 0.1/s  ETA 0.1h
[    177/201] SRR36367287  13.4% classified  | 0.1/s  ETA 0.1h[[    178/201] SRR12133606  22.8% classified  | 0.1/s  ETA 0.1[ [    179/201] SRR25969024  10.4% classified  | 0.1/s  ETA 0.[    180/201] SRR8984107  5.5% classified  | 0.1/s  ETA 0.1h
[   [    181/201] SRR37491895  28.6% classified  | 0.1/s  ETA [    182/201] SRR1793826  2.6% classified  | 0.1/s  ETA 0.1h
[    183/201] SRR26511475  3.9% classified  | 0.1/s  ETA 0.1h
[    184/201] SRR6039741  4.2% classified  | 0.1/s  ETA 0.1h
[    185/201] SRR28718300  6.6% classified  | 0.1/s  ETA 0.1h
[    18[    186/201] SRR1793876  2.5% classified  | 0.1/s  E[    187/201] SRR14224169  5.8% classified  | 0.1/s  ETA 0.1h
[    188/201] SRR24911515  9.2% classified  | 0.1/s  ETA 0.1h
[    189/201] SRR9129869  1.9% classified  | 0.1/s  ETA 0.1h
[    190/201] SRR18428226  11.5% classified  | 0.1/s  ETA 0.1h
[    191/201] SRR3571672  7.7% classified  | 0.1/s  ETA 0.1h
[    192/201] SRR36993187  22.3% classified  | 0.1/s  ETA 0.0h
[    193/201] SRR14614683  44.0% classified  | 0.1/s  ETA 0.0h
[    194/201] SRR8416453  10.3% classified  | 0.1/s  ETA 0.0h
[    195/201] SRR6292067  25.1% classified  | 0.1/s  ETA 0.0h
[    196/201] SRR12998697  61.9% classified  | 0.1/s  ETA 0.0h
[    197/201] ERR4349059  3.3% classified  | 0.1/s  ETA 0.0h
[    198/201] DRR342059  3.8% classified  | 0.1/s  ETA 0.0h
[    199/201] ERR1314967  2.8% classified  | 0.1/s  ETA 0.0h
[    200/201] SRR14843604  3.3% classified  | 0.1/s  ETA 0.0h
[    201/201] SRR3724084  1.9% classified  | 0.1/s  ETA 0.0h

── Summary ────────────────────────────────────────
  Classified: 201
  Errors:     0
  Elapsed:    1.1h
  Cache:      kraken/output/run/assign/data/kraken_cache.jsonl
che.jsonl
