STAT cache: stat/output/fetch_runs/data/stat_cache.jsonl
PHI-base (euk scope): 665 pathogen taxids, 21,352 names, 305,355 Viridiplantae names

── AERIAL: 16,129 runs from stat/output/fetch_runs/data/aerial_runs.json ──

── Phase 1+3: gate + detect (AERIAL, [≥1.0% Viridiplantae]) ──
  Total:          16,129
  Non-RNA source: 72 (excluded — GENOMIC/METAGENOMIC/OTHER)
  With STAT:      15,800  (98.0%)
  Failed gate:    180
  Confirmed:      15,620  (98.9%)  [≥1.0% Viridiplantae]
  Classified:     15,620  |  skipped (no classify): 0

── 02_filter_runs summary ────────────────────────────────
Modes: AERIAL

Gate (AERIAL):  15,620 / 16,129 confirmed  (98.9%)  [≥1.0% Viridiplantae]

AERIAL:
  Runs classified:        15,620
    single:                  110
    multi_species:            19
    multi_kingdom:             0
  Unique BioSamples:      12,485
    single:                   82
    multi_species:            19
    multi_kingdom:             0
  Library organism detected by STAT: 6,638 / 12,485
  Interaction status (BioSample):
    known:                62
    novel_host_range:     39
    novel_combo:           0
    unresolved:       12,384
  Top detected pathogens (BioSample):
  Botrytis cinerea                                 32
  Alternaria alternata                             20
  Fusarium graminearum                             16
  Puccinia striiformis                             10
  Fusarium pseudograminearum                        9
  Puccinia triticina                                6
  Cercospora beticola                               4
  Blumeria graminis                                 3
  Blumeria graminis f. sp. tritici                  3
  Lasiodiplodia theobromae                          3
  Puccinia graminis                                 2
  Bipolaris sorokiniana ND90Pr                      2
  Parastagonospora nodorum                          2
  Fusarium proliferatum                             1
  Fusarium verticillioides 7600                     1


Output: stat/output/filter_runs/data/aerial_runs.tsv  (15,620 rows)

