Target BioSamples: 100 (settings=['field'], cryptic_only=False, aerial_only=True)
Host resolution: 80 confidently resolved, 20 not per-sample-resolved (still covered by per-candidate indices below as long as their true host is a named candidate)
Per-taxid host indices needed: 29 distinct taxids (resolved+downloaded by kraken_run_split.py, not here)
Runs to process: 133

Downloading reads for 133 runs (8 concurrent workers) …
  [start ] SRR6218781
  [start ] SRR31850432
  [1/133] ok=0 cached=1 fail=0  0.0GB total (0min elapsed, ~n/a remaining)
  [2/133] ok=0 cached=2 fail=0  0.0GB total (0min elapsed, ~n/a remaining)
  [3/133] ok=0 cached=3 fail=0  0.0GB total (0min elapsed, ~n/a remaining)
  [start ] SRR18840566
  [4/133] ok=0 cached=4 fail=0  0.0GB total (0min elapsed, ~n/a remaining)
  [5/133] ok=0 cached=5 fail=0  0.0GB total (0min elapsed, ~n/a remaining)
  [6/133] ok=0 cached=6 fail=0  0.0GB total (0min elapsed, ~n/a remaining)
  [7/133] ok=0 cached=7 fail=0  0.0GB total (0min elapsed, ~n/a remaining)
  [8/133] ok=0 cached=8 fail=0  0.0GB total (0min elapsed, ~n/a remaining)
  [9/133] ok=0 cached=9 fail=0  0.0GB total (0min elapsed, ~n/a remaining)
  [start ] ERR7421539
  [10/133] ok=0 cached=10 fail=0  0.0GB total (0min elapsed, ~n/a remaining)
  [11/133] ok=0 cached=11 fail=0  0.0GB total (0min elapsed, ~n/a remaining)
  [12/133] ok=0 cached=12 fail=0  0.0GB total (0min elapsed, ~n/a remaining)
  [13/133] ok=0 cached=13 fail=0  0.0GB total (0min elapsed, ~n/a remaining)
  [14/133] ok=0 cached=14 fail=0  0.0GB total (0min elapsed, ~n/a remaining)
  [start ] SRR8418271
  [15/133] ok=0 cached=15 fail=0  0.0GB total (0min elapsed, ~n/a remaining)
  [16/133] ok=0 cached=16 fail=0  0.0GB total (0min elapsed, ~n/a remaining)
  [17/133] ok=0 cached=17 fail=0  0.0GB total (0min elapsed, ~n/a remaining)
  [start ] SRR31851397
  [18/133] ok=0 cached=18 fail=0  0.0GB total (0min elapsed, ~n/a remaining)
  [start ] SRR6218744
  [19/133] ok=0 cached=19 fail=0  0.0GB total (0min elapsed, ~n/a remaining)
  [start ] ERR10886909
  [done  ] SRR8418271  0.40GB in 205s (2.0 MB/s)
  [20/133] ok=1 cached=19 fail=0  0.4GB total (3min elapsed, ~48min remaining)
  [start ] ERR10886911
  [done  ] ERR7421539  0.55GB in 307s (1.8 MB/s)
  [21/133] ok=2 cached=19 fail=0  1.0GB total (5min elapsed, ~60min remaining)
  [start ] ERR10886910
  [done  ] SRR18840566  0.85GB in 438s (1.9 MB/s)
  [22/133] ok=3 cached=19 fail=0  1.8GB total (7min elapsed, ~1.2hr remaining)
  [23/133] ok=3 cached=20 fail=0  1.8GB total (7min elapsed, ~1.2hr remaining)
  [24/133] ok=3 cached=21 fail=0  1.8GB total (7min elapsed, ~1.2hr remaining)
  [25/133] ok=3 cached=22 fail=0  1.8GB total (7min elapsed, ~1.2hr remaining)
  [start ] SRR36367295
  [start ] ERR4315381
  [start ] SRR6395472
  [start ] ERR3188471
