Reads read from: kraken/select/data/reads
Raw kraken2 reports will be saved to: kraken/assign/data/reports
Loaded 3,225 runs from kraken/select/data/run_list.tsv (filters: none)
Array task 10/16: 201 runs assigned

Total runs: 3,225 | Already done: 13 | Remaining: 201
Settings: confidence=0.15, min_hit_groups=3, workers=4, kraken_threads=8
DB: kraken/build/data/db_v3
Tmp: /scratch/fl3/llenzo/kraken_tmp

[      1/201] ERR3188464  79.3% classified  | 0.0/s  ETA 7.1h
[      2/201] ERR3188435  79.6% classified  | 0.0/s  ETA 3.7h
[      3/201] ERR3170188  84.5% classified  | 0.0/s  ETA 2.5h
[      4/201] ERR3188439  81.0% classified  | 0.0/s  ETA 1.9h
[      5/201] ERR3170225  ERR([Errno 2] No such file or directory: '/scratch/fl3/llenzo/kraken_tmp/ERR3170225')  | 0.0/s  ETA 2.6h
[      6/201] ERR3170236  ERR([Errno 2] No such file or directory: '/scratch/fl3/llenzo/kraken_tmp/ERR3170236')  | 0.0/s  ETA 2.2h
[      7/201] ERR3170191  83.3% classified  | 0.0/s  ETA 1.9h
[      8/201] ERR3170194  83.5% classified  | 0.0/s  ETA 1.7h
[      9/201] ERR1607859  60.3% classified  | 0.0/s  ETA 1.9h
[     10/201] ERR1607762  79.0% classified  | 0.0/s  ETA 1.8h
[     11/201] ERR1607749  83.3% classified  | 0.0/s  ETA 1.7h
[     12/201] ERR3170208  83.8% classified  | 0.0/s  ETA 1.6h
[     13/201] ERR1607801  79.2% classified  | 0.0/s  ETA 1.7h
[     14/201] ERR1607772  83.0% classified  | 0.0/s  ETA 1.6h
[     15/201] ERR1607784  79.7% classified  | 0.0/s  ETA 1.5h
[     16/201] ERR1607829  83.3% classified  | 0.0/s  ETA 1.5h
[     17/201] ERR15005519  31.7% classified  | 0.0/s  ETA 1.6h
[     18/201] ERR15005518  53.7% classified  | 0.0/s  ETA 1.5h
[     19/201] ERR15005517  48.2% classified  | 0.0/s  ETA 1.5h
[     20/201] ERR15005522  70.1% classified  | 0.0/s  ETA 1.4h
[     21/201] ERR12013049  71.6% classified  | 0.0/s  ETA 1.4h
[     22/201] ERR12013052  72.4% classified  | 0.0/s  ETA 1.4h
[     23/201] ERR15005487  47.2% classified  | 0.0/s  ETA 1.4h
[     24/201] ERR15005455  51.4% classified  | 0.0/s  ETA 1.4h
[     25/201] ERR12013075  52.9% classified  | 0.0/s  ETA 1.4h
[     26/201] ERR6847876  22.6% classified  | 0.0/s  ETA 1.5h
[     27/201] ERR6847895  80.1% classified  | 0.0/s  ETA 1.4h
[     28/201] ERR4315587  53.9% classified  | 0.0/s  ETA 1.4h
[     29/201] ERR4315491  79.4% classified  | 0.0/s  ETA 1.5h
[     30/201] ERR4315182  80.9% classified  | 0.0/s  ETA 1.5h
[     31/201] SRR29076502  85.0% classified  | 0.0/s  ETA 1.5h
[     32/201] ERR4315291  79.1% classified  | 0.0/s  ETA 1.5h
[     33/201] ERR4315609  83.3% classified  | 0.0/s  ETA 1.5h
[     34/201] ERR4315537  83.4% classified  | 0.0/s  ETA 1.5h
[     35/201] ERR4315430  81.2% classified  | 0.0/s  ETA 1.5h
[     36/201] ERR4315444  81.2% classified  | 0.0/s  ETA 1.4h
[     37/201] ERR4315482  75.8% classified  | 0.0/s  ETA 1.5h
[     38/201] ERR4315419  85.3% classified  | 0.0/s  ETA 1.5h
[     39/201] ERR4315529  84.3% classified  | 0.0/s  ETA 1.5h
[     40/201] ERR4315555  43.1% classified  | 0.0/s  ETA 1.5h
[     41/201] ERR4315668  69.0% classified  | 0.0/s  ETA 1.4h
[     42/201] ERR4315318  72.5% classified  | 0.0/s  ETA 1.4h
[     43/201] ERR4315187  89.3% classified  | 0.0/s  ETA 1.4h
[     44/201] ERR4315468  87.0% classified  | 0.0/s  ETA 1.4h
[     45/201] ERR4315276  79.0% classified  | 0.0/s  ETA 1.4h
[     46/201] ERR4315603  76.5% classified  | 0.0/s  ETA 1.3h
[     47/201] ERR4315173  52.4% classified  | 0.0/s  ETA 1.3h
[     48/201] ERR4315272  70.3% classified  | 0.0/s  ETA 1.3h
[     49/201] ERR4761826  80.7% classified  | 0.0/s  ETA 1.3h
[     50/201] ERR4315154  82.3% classified  | 0.0/s  ETA 1.3h
[     51/201] ERR4315481  76.7% classified  | 0.0/s  ETA 1.3h
[     52/201] ERR4315574  76.2% classified  | 0.0/s  ETA 1.3h
[     53/201] ERR4315462  84.1% classified  | 0.0/s  ETA 1.2h
[     54/201] ERR4315643  81.8% classified  | 0.0/s  ETA 1.2h
[     55/201] ERR4315292  81.9% classified  | 0.0/s  ETA 1.2h
[     56/201] ERR4761825  81.4% classified  | 0.0/s  ETA 1.2h
[     57/201] ERR4315370  83.8% classified  | 0.0/s  ETA 1.2h
[     58/201] ERR4315278  76.7% classified  | 0.0/s  ETA 1.2h
[     59/201] ERR4315536  82.2% classified  | 0.0/s  ETA 1.2h
[     60/201] ERR4315450  78.4% classified  | 0.0/s  ETA 1.2h
[     61/201] ERR4315612  84.8% classified  | 0.0/s  ETA 1.2h
[     62/201] ERR4315317  86.9% classified  | 0.0/s  ETA 1.2h
[     63/201] SRR24010232  78.6% classified  | 0.0/s  ETA 1.2h
[     64/201] SRR24010215  77.0% classified  | 0.0/s  ETA 1.1h
[     65/201] ERR3383632  81.7% classified  | 0.0/s  ETA 1.1h
[     66/201] ERR3856849  80.8% classified  | 0.0/s  ETA 1.1h
[     67/201] ERR3856822  59.6% classified  | 0.0/s  ETA 1.1h
[     68/201] ERR3856840  49.4% classified  | 0.0/s  ETA 1.1h
[     69/201] SRR24010239  84.0% classified  | 0.0/s  ETA 1.1h
[     70/201] ERR3500552  82.0% classified  | 0.0/s  ETA 1.1h
[     71/201] SRR14386303  92.6% classified  | 0.0/s  ETA 1.1h
[     72/201] ERR3500530  83.5% classified  | 0.0/s  ETA 1.2h
[     73/201] SRR1576786  77.1% classified  | 0.0/s  ETA 1.2h
[     74/201] ERR3500508  83.7% classified  | 0.0/s  ETA 1.2h
[     75/201] SRR26175771  85.0% classified  | 0.0/s  ETA 1.2h
[     76/201] SRR2185191  95.8% classified  | 0.0/s  ETA 1.2h
[     77/201] SRR22139843  6.3% classified  | 0.0/s  ETA 1.1h
[     78/201] SRR391825  68.2% classified  | 0.0/s  ETA 1.1h
[     79/201] SRR1576647  76.5% classified  | 0.0/s  ETA 1.1h
[     80/201] SRR1575607  77.1% classified  | 0.0/s  ETA 1.1h
[     81/201] SRR32620580  82.2% classified  | 0.0/s  ETA 1.1h
[     82/201] ERR789116  43.2% classified  | 0.0/s  ETA 1.1h
[     83/201] SRR6242030  76.7% classified  | 0.0/s  ETA 1.1h
[     84/201] SRR8718812  92.6% classified  | 0.0/s  ETA 1.1h
[     85/201] SRR6242052  71.2% classified  | 0.0/s  ETA 1.1h
[     86/201] SRR12149184  88.0% classified  | 0.0/s  ETA 1.1h
[     87/201] SRR8718846  94.4% classified  | 0.0/s  ETA 1.1h
[     88/201] ERR2099152  79.8% classified  | 0.0/s  ETA 1.0h
[     89/201] SRR8718832  95.0% classified  | 0.0/s  ETA 1.0h
[     90/201] SRR8718798  96.4% classified  | 0.0/s  ETA 1.0h
[     91/201] ERR13108602  81.6% classified  | 0.0/s  ETA 1.0h
[     92/201] ERR13107145  82.6% classified  | 0.0/s  ETA 1.0h
[     93/201] SRR34026571  78.4% classified  | 0.0/s  ETA 1.0h
[     94/201] ERR13107472  77.4% classified  | 0.0/s  ETA 1.0h
[     95/201] SRR34026573  76.2% classified  | 0.0/s  ETA 1.0h
[     96/201] SRR3750705  88.5% classified  | 0.0/s  ETA 1.0h
[     97/201] SRR3750694  88.5% classified  | 0.0/s  ETA 0.9h
[     98/201] SRR2873842  82.3% classified  | 0.0/s  ETA 0.9h
[     99/201] ERR5928166  81.0% classified  | 0.0/s  ETA 0.9h
[    100/201] ERR5928194  79.9% classified  | 0.0/s  ETA 0.9h
[    101/201] SRR21195562  87.3% classified  | 0.0/s  ETA 0.9h
[    102/201] ERR5928199  82.3% classified  | 0.0/s  ETA 0.9h
[    103/201] SRR21195556  86.7% classified  | 0.0/s  ETA 0.9h
[    104/201] ERR5928205  79.9% classified  | 0.0/s  ETA 0.9h
[    105/201] SRR20067740  85.6% classified  | 0.0/s  ETA 0.9h
[    106/201] SRR31200166  89.9% classified  | 0.0/s  ETA 0.9h
[    107/201] SRR14871463  88.2% classified  | 0.0/s  ETA 0.9h
[    108/201] SRR1171047  91.8% classified  | 0.0/s  ETA 0.9h
[    109/201] ERR5696215  93.0% classified  | 0.0/s  ETA 0.9h
[    110/201] ERR5696275  92.0% classified  | 0.0/s  ETA 0.8h
[    111/201] ERR5696297  91.9% classified  | 0.0/s  ETA 0.8h
[    112/201] ERR5696237  91.3% classified  | 0.0/s  ETA 0.8h
[    113/201] ERR5696267  92.2% classified  | 0.0/s  ETA 0.8h
[    114/201] ERR5696263  91.6% classified  | 0.0/s  ETA 0.8h
[    115/201] ERR5696231  93.2% classified  | 0.0/s  ETA 0.8h
[    116/201] ERR6548348  91.4% classified  | 0.0/s  ETA 0.8h
[    117/201] SRR2922403  5.2% classified  | 0.0/s  ETA 0.8h
[    118/201] SRR20324130  86.5% classified  | 0.0/s  ETA 0.8h
[    119/201] SRR20324133  86.5% classified  | 0.0/s  ETA 0.7h
[    120/201] SRR11216268  7.5% classified  | 0.0/s  ETA 0.7h
[    121/201] SRR6221906  75.5% classified  | 0.0/s  ETA 0.7h
[    122/201] SRR11216297  7.5% classified  | 0.0/s  ETA 0.7h
[    123/201] SRR2517426  76.0% classified  | 0.0/s  ETA 0.7h
[    124/201] SRR31850434  84.0% classified  | 0.0/s  ETA 0.7h
[    125/201] SRR7500376  79.7% classified  | 0.0/s  ETA 0.8h
[    126/201] SRR33696081  83.9% classified  | 0.0/s  ETA 0.8h
[    127/201] SRR31514627  58.6% classified  | 0.0/s  ETA 0.8h
[    128/201] SRR2922438  34.7% classified  | 0.0/s  ETA 0.7h
[    129/201] SRR28544664  85.1% classified  | 0.0/s  ETA 0.7h
[    130/201] SRR28475114  97.9% classified  | 0.0/s  ETA 0.7h
[    131/201] SRR33583433  84.9% classified  | 0.0/s  ETA 0.7h
[    132/201] SRR7873466  25.8% classified  | 0.0/s  ETA 0.7h
[    133/201] SRR16930840  56.7% classified  | 0.0/s  ETA 0.7h
[    134/201] SRR27326517  53.0% classified  | 0.0/s  ETA 0.7h
[    135/201] SRR15141319  57.8% classified  | 0.0/s  ETA 0.6h
[    136/201] SRR15141223  65.7% classified  | 0.0/s  ETA 0.6h
[    137/201] SRR36950014  9.4% classified  | 0.0/s  ETA 0.6h
[    138/201] SRR15141258  76.0% classified  | 0.0/s  ETA 0.6h
[    139/201] SRR8204154  67.2% classified  | 0.0/s  ETA 0.6h
[    140/201] SRR24737261  78.2% classified  | 0.0/s  ETA 0.6h
[    141/201] SRR10291757  76.9% classified  | 0.0/s  ETA 0.6h
[    142/201] ERR10887001  86.0% classified  | 0.0/s  ETA 0.6h
[    143/201] ERR10886987  79.6% classified  | 0.0/s  ETA 0.6h
[    144/201] ERR10886920  82.5% classified  | 0.0/s  ETA 0.6h
[    145/201] ERR10886954  80.2% classified  | 0.0/s  ETA 0.6h
[    146/201] SRR8418335  52.0% classified  | 0.0/s  ETA 0.6h
[    147/201] SRR8418221  68.5% classified  | 0.0/s  ETA 0.6h
[    148/201] SRR14212082  80.6% classified  | 0.0/s  ETA 0.6h
[    149/201] SRR31278114  72.0% classified  | 0.0/s  ETA 0.6h
[    150/201] SRR8418252  61.0% classified  | 0.0/s  ETA 0.5h
[    151/201] ERR10886977  84.9% classified  | 0.0/s  ETA 0.5h
[    152/201] SRR8418338  56.6% classified  | 0.0/s  ETA 0.5h
[    153/201] ERR7421525  73.3% classified  | 0.0/s  ETA 0.5h
[    154/201] ERR7421542  70.5% classified  | 0.0/s  ETA 0.5h
[    155/201] SRR22142978  74.3% classified  | 0.0/s  ETA 0.5h
[    156/201] SRR32959938  82.2% classified  | 0.0/s  ETA 0.5h
[    157/201] ERR10926641  88.8% classified  | 0.0/s  ETA 0.5h
[    158/201] ERR10926700  88.1% classified  | 0.0/s  ETA 0.5h
[    159/201] SRR36910263  28.1% classified  | 0.0/s  ETA 0.5h
[    160/201] SRR34300131  26.3% classified  | 0.0/s  ETA 0.4h
[    161/201] SRR36910216  26.4% classified  | 0.0/s  ETA 0.4h
[    162/201] SRR36367290  61.3% classified  | 0.0/s  ETA 0.4h
[    163/201] SRR36910238  26.9% classified  | 0.0/s  ETA 0.4h
[    164/201] SRR34300144  26.3% classified  | 0.0/s  ETA 0.4h
[    165/201] SRR36910226  25.6% classified  | 0.0/s  ETA 0.4h
[    166/201] SRR36367306  59.9% classified  | 0.0/s  ETA 0.4h
[    167/201] SRR34300155  27.2% classified  | 0.0/s  ETA 0.4h
[    168/201] SRR36292497  65.7% classified  | 0.0/s  ETA 0.4h
[    169/201] SRR3537157  82.9% classified  | 0.0/s  ETA 0.4h
[    170/201] SRR36910269  24.7% classified  | 0.0/s  ETA 0.3h
[    171/201] SRR36367294  68.1% classified  | 0.0/s  ETA 0.3h
[    172/201] SRR36292469  58.0% classified  | 0.0/s  ETA 0.3h
[    173/201] SRR10053822  84.2% classified  | 0.0/s  ETA 0.3h
[    174/201] SRR22975697  89.8% classified  | 0.0/s  ETA 0.3h
[    175/201] SRR25968992  87.5% classified  | 0.0/s  ETA 0.3h
[    176/201] SRR11229311  41.5% classified  | 0.0/s  ETA 0.3h
[    177/201] SRR1975200  66.4% classified  | 0.0/s  ETA 0.3h
[    178/201] SRR8984115  77.2% classified  | 0.0/s  ETA 0.3h
[    179/201] SRR32660893  86.1% classified  | 0.0/s  ETA 0.2h
[    180/201] SRR8984111  76.9% classified  | 0.0/s  ETA 0.2h
[    181/201] SRR12133602  28.8% classified  | 0.0/s  ETA 0.2h
[    182/201] SRR18064507  21.3% classified  | 0.0/s  ETA 0.2h
[    183/201] SRR1793847  87.9% classified  | 0.0/s  ETA 0.2h
[    184/201] SRR21796863  87.6% classified  | 0.0/s  ETA 0.2h
[    185/201] SRR6039737  76.0% classified  | 0.0/s  ETA 0.2h
[    186/201] ERR990507  69.9% classified  | 0.0/s  ETA 0.2h
[    187/201] SRR5225798  73.7% classified  | 0.0/s  ETA 0.2h
[    188/201] SRR23704263  90.5% classified  | 0.0/s  ETA 0.1h
[    189/201] SRR17207993  78.3% classified  | 0.0/s  ETA 0.1h
[    190/201] ERR14823250  91.9% classified  | 0.0/s  ETA 0.1h
[    191/201] SRR15222189  90.1% classified  | 0.0/s  ETA 0.1h
[    192/201] SRR31851396  82.4% classified  | 0.0/s  ETA 0.1h
[    193/201] SRR10189427  83.3% classified  | 0.0/s  ETA 0.1h
[    194/201] SRR5909661  33.7% classified  | 0.0/s  ETA 0.1h
[    195/201] ERR4352135  88.7% classified  | 0.0/s  ETA 0.1h
[    196/201] SRR22540861  93.4% classified  | 0.0/s  ETA 0.1h
[    197/201] SRR10717615  82.8% classified  | 0.0/s  ETA 0.0h
[    198/201] SRR3724106  76.0% classified  | 0.0/s  ETA 0.0h
[    199/201] SRR14812913  74.8% classified  | 0.0/s  ETA 0.0h
[    200/201] SRR8492260  80.4% classified  | 0.0/s  ETA 0.0h
[    201/201] SRR1776573  68.6% classified  | 0.0/s  ETA 0.0h

── Summary ────────────────────────────────────────
  Classified: 199
  Errors:     2
  Elapsed:    2.2h
  Cache:      kraken/assign/data/kraken_cache.jsonl
