STAT cache: output/01_fetch_runs/data/stat_cache.jsonl
PHI-base: 15,372 pathogen taxids, 21,352 names

── MAL: 48,418 runs from output/01_fetch_runs/data/mal_runs.json ──

── Phase 1: retention gate (MAL) ──
  Runs:           48,418
  Non-RNA source: 1,419 (GENOMIC/METAGENOMIC/OTHER — excluded)
  With STAT:      46,315  (95.7%)
  Failed gate:    40,124
  Confirmed:      6,191  (13.4% of screened)  [≥1.0% Viridiplantae]

── Phase 3: crypt (MAL) ──
  Classified: 6,191  |  skipped (no STAT): 0

── HAL: 559,950 runs from output/01_fetch_runs/data/hal_runs.json ──

── Phase 1: retention gate (HAL) ──
  Runs:           559,950
  Non-RNA source: 7,343 (GENOMIC/METAGENOMIC/OTHER — excluded)
  With STAT:      546,816  (97.7%)
  Failed gate:    529,602
  Confirmed:      17,214  (3.1% of screened)  [PHI-base pathogen ≥1.0%]

── Phase 3: crypt (HAL) ──
  Classified: 7,118  |  skipped (no STAT): 10,096

── 02_filter_runs summary ────────────────────────────────
Modes: MAL + HAL

Gate (MAL):  6,191 / 48,418 confirmed  (13.4%)  [≥1.0% Viridiplantae]
Gate (HAL):  17,214 / 559,950 confirmed  (3.1%)  [PHI-base pathogen ≥1.0%]

MAL:
  Runs classified:      6,191
    single:             5,497
    multi_species:        692
    multi_kingdom:          2
  Unique BioSamples:    4,662
    single:             4,091
    multi_species:        569
    multi_kingdom:          2
  Interaction status (BioSample):
    known:            2,084
    novel_host_range: 1,105
    novel_combo:          0
    unresolved:       1,473
  Top secondary pathogens (BioSample):
  Puccinia graminis f. sp. tritici CRL 75-36-700-3   106
  Zymoseptoria tritici                             94
  Puccinia graminis                                52
  Alternaria alternata                             50
  Botrytis cinerea                                 31
  Fusarium pseudograminearum                       29
  Parastagonospora nodorum                         24
  Fusarium odoratissimum                           20
  Fusarium verticillioides 7600                    19
  Varicosavirus lactucae                           18
  Phytophthora infestans                           15
  Pyrenophora tritici-repentis                     14
  Ophiovirus mirafioriense                         14
  Penicillium expansum                             12
  Mirafiori lettuce big-vein virus                 11

HAL:
  Runs classified:      7,118
    single:             6,064
    multi_species:      1,035
    multi_kingdom:         19
  Unique BioSamples:    6,441
    single:             5,446
    multi_species:        976
    multi_kingdom:         19
  Interaction status (BioSample):
    known:            5,199
    novel_host_range: 1,242
    novel_combo:          0
    unresolved:           0
  Top secondary pathogens (BioSample):
  Fusarium pseudograminearum                       98
  Peanut stripe virus                              70
  Fusarium oxysporum f. sp. lycopersici            62
  Pectobacterium brasiliense                       57
  Phytophthora infestans                           53
  Fusarium fujikuroi                               41
  Bean common mosaic virus                         38
  Alternaria alternata                             36
  Watermelon mosaic virus                          36
  Fusarium verticillioides 7600                    34
  Peanut mottle virus                              33
  Fusarium oxysporum Fo47                          30
  Fusarium odoratissimum                           29
  Phytophthora parasitica                          25
  Fusarium oxysporum NRRL 32931                    25

Combined:
  Total rows:          13,309
  Duplicates removed:  0

Output: output/02_filter_runs/data/crypt.tsv

