Reads read from: kraken/select/data/reads
Raw kraken2 reports will be saved to: kraken/assign/data/reports
Loaded 3,225 runs from kraken/select/data/run_list.tsv (filters: none)
Array task 5/16: 202 runs in slice, 0 already done, 202 to do

Total runs: 3,225 | Already done: 0 | Remaining: 202
Settings: confidence=0.15, min_hit_groups=3, workers=4, kraken_threads=8
DB: kraken/build/data/db_v3
Tmp: /scratch/pawsey1168/llenzo/kraken_tmp

[      1/202] ERR3170180  77.6% classified  | 0.0/s  ETA 6.8h
[      2/202] ERR3188470  74.8% classified  | 0.0/s  ETA 3.4h
[      3/202] ERR3188480  78.6% classified  | 0.0/s  ETA 2.4h
[      4/202] ERR3170278  75.9% classified  | 0.0/s  ETA 2.5h
[      5/202] ERR3170231  81.9% classified  | 0.0/s  ETA 2.9h
[      6/202] ERR3170196  78.6% classified  | 0.0/s  ETA 2.6h
[      7/202] ERR3188473  79.4% classified  | 0.0/s  ETA 2.8h
[      8/202] ERR3170243  85.1% classified  | 0.0/s  ETA 2.6h
[      9/202] ERR3170249  85.5% classified  | 0.0/s  ETA 2.8h
[     10/202] ERR3170218  81.5% classified  | 0.0/s  ETA 2.6h
[     11/202] ERR1607754  74.9% classified  | 0.0/s  ETA 2.5h
[     12/202] ERR1607843  69.9% classified  | 0.0/s  ETA 2.3h
[     13/202] ERR1607849  80.2% classified  | 0.0/s  ETA 2.4h
[     14/202] ERR1607802  79.7% classified  | 0.0/s  ETA 2.3h
[     15/202] ERR1607861  87.6% classified  | 0.0/s  ETA 2.4h
[     16/202] ERR1607854  58.7% classified  | 0.0/s  ETA 2.2h
[     17/202] ERR1607815  82.2% classified  | 0.0/s  ETA 2.4h
[     18/202] ERR15005467  66.8% classified  | 0.0/s  ETA 2.3h
[     19/202] ERR15005476  53.7% classified  | 0.0/s  ETA 2.2h
[     20/202] ERR15005521  68.4% classified  | 0.0/s  ETA 2.1h
[     21/202] ERR12013040  81.3% classified  | 0.0/s  ETA 2.1h
[     22/202] ERR15005486  52.5% classified  | 0.0/s  ETA 2.1h
[     23/202] ERR15005541  58.7% classified  | 0.0/s  ETA 2.0h
[     24/202] ERR15005452  41.7% classified  | 0.0/s  ETA 1.9h
[     25/202] ERR12013054  76.3% classified  | 0.0/s  ETA 1.9h
[     26/202] ERR6847893  79.9% classified  | 0.0/s  ETA 2.1h
[     27/202] ERR12013066  77.6% classified  | 0.0/s  ETA 2.1h
[     28/202] ERR6847889  79.9% classified  | 0.0/s  ETA 2.1h
[     29/202] ERR4315440  79.5% classified  | 0.0/s  ETA 2.2h
[     30/202] SRR29076510  85.4% classified  | 0.0/s  ETA 2.2h
[     31/202] ERR4315615  83.7% classified  | 0.0/s  ETA 2.1h
[     32/202] ERR4315325  77.7% classified  | 0.0/s  ETA 2.1h
[     33/202] ERR4315515  74.2% classified  | 0.0/s  ETA 2.1h
[     34/202] ERR4315332  77.7% classified  | 0.0/s  ETA 2.0h
[     35/202] ERR4315390  76.3% classified  | 0.0/s  ETA 2.0h
[     36/202] ERR4315475  74.0% classified  | 0.0/s  ETA 1.9h
[     37/202] ERR4315225  78.5% classified  | 0.0/s  ETA 2.0h
[     38/202] ERR4315328  78.9% classified  | 0.0/s  ETA 1.9h
[     39/202] ERR4315253  79.7% classified  | 0.0/s  ETA 1.9h
[     40/202] ERR4315382  77.0% classified  | 0.0/s  ETA 1.9h
[     41/202] ERR4315507  71.9% classified  | 0.0/s  ETA 1.9h
[     42/202] ERR4315429  79.5% classified  | 0.0/s  ETA 1.9h
[     43/202] ERR4315181  81.0% classified  | 0.0/s  ETA 1.8h
[     44/202] ERR4315295  83.0% classified  | 0.0/s  ETA 1.9h
[     45/202] ERR4315148  83.2% classified  | 0.0/s  ETA 1.9h
[     46/202] ERR4315403  82.2% classified  | 0.0/s  ETA 1.8h
[     47/202] ERR4315167  79.1% classified  | 0.0/s  ETA 1.8h
[     48/202] ERR4315636  82.2% classified  | 0.0/s  ETA 1.8h
[     49/202] ERR4315483  78.2% classified  | 0.0/s  ETA 1.8h
[     50/202] ERR4315372  85.3% classified  | 0.0/s  ETA 1.8h
[     51/202] ERR4315159  78.6% classified  | 0.0/s  ETA 1.7h
[     52/202] ERR4315236  69.2% classified  | 0.0/s  ETA 1.8h
[     53/202] ERR4315639  82.5% classified  | 0.0/s  ETA 1.7h
[     54/202] ERR4315578  83.3% classified  | 0.0/s  ETA 1.7h
[     55/202] ERR4315259  79.0% classified  | 0.0/s  ETA 1.7h
[     56/202] ERR4315472  81.2% classified  | 0.0/s  ETA 1.7h
[     57/202] ERR4315238  59.5% classified  | 0.0/s  ETA 1.7h
[     58/202] ERR4315189  82.8% classified  | 0.0/s  ETA 1.6h
[     59/202] ERR4315435  80.3% classified  | 0.0/s  ETA 1.6h
[     60/202] ERR4315596  79.2% classified  | 0.0/s  ETA 1.6h
[     61/202] ERR4315218  82.8% classified  | 0.0/s  ETA 1.6h
[     62/202] ERR4315196  89.8% classified  | 0.0/s  ETA 1.6h
[     63/202] ERR4315416  85.2% classified  | 0.0/s  ETA 1.5h
[     64/202] SRR24010223  49.9% classified  | 0.0/s  ETA 1.5h
[     65/202] SRR24010222  74.8% classified  | 0.0/s  ETA 1.5h
[     66/202] ERR3383637  82.7% classified  | 0.0/s  ETA 1.5h
[     67/202] ERR3856848  83.4% classified  | 0.0/s  ETA 1.5h
[     68/202] SRR12329595  83.5% classified  | 0.0/s  ETA 1.5h
[     69/202] SRR24010246  81.8% classified  | 0.0/s  ETA 1.4h
[     70/202] ERR3856837  53.2% classified  | 0.0/s  ETA 1.4h
[     71/202] ERR3500547  82.3% classified  | 0.0/s  ETA 1.4h
[     72/202] SRR14386300  91.7% classified  | 0.0/s  ETA 1.4h
[     73/202] ERR3500528  83.5% classified  | 0.0/s  ETA 1.4h
[     74/202] SRR8208850  85.0% classified  | 0.0/s  ETA 1.4h
[     75/202] SRR1583666  84.2% classified  | 0.0/s  ETA 1.4h
[     76/202] ERR3500510  83.8% classified  | 0.0/s  ETA 1.4h
[     77/202] SRR2185187  95.9% classified  | 0.0/s  ETA 1.4h
[     78/202] SRR22139842  55.1% classified  | 0.0/s  ETA 1.4h
[     79/202] SRR1562247  83.1% classified  | 0.0/s  ETA 1.4h
[     80/202] SRR391823  68.0% classified  | 0.0/s  ETA 1.3h
[     81/202] SRR1575608  82.1% classified  | 0.0/s  ETA 1.3h
[     82/202] SRR6242038  64.6% classified  | 0.0/s  ETA 1.3h
[     83/202] SRR32620577  83.6% classified  | 0.0/s  ETA 1.3h
[     84/202] SRR6242049  83.0% classified  | 0.0/s  ETA 1.3h
[     85/202] SRR8718847  91.5% classified  | 0.0/s  ETA 1.3h
[     86/202] ERR789371  74.5% classified  | 0.0/s  ETA 1.3h
[     87/202] SRR12149185  86.4% classified  | 0.0/s  ETA 1.3h
[     88/202] ERR2099123  74.3% classified  | 0.0/s  ETA 1.3h
[     89/202] SRR8718848  93.1% classified  | 0.0/s  ETA 1.3h
[     90/202] SRR8718825  90.1% classified  | 0.0/s  ETA 1.2h
[     91/202] SRR8718841  92.9% classified  | 0.0/s  ETA 1.2h
[     92/202] SRR1284049  76.0% classified  | 0.0/s  ETA 1.2h
[     93/202] ERR13150701  72.8% classified  | 0.0/s  ETA 1.2h
[     94/202] ERR13153961  81.0% classified  | 0.0/s  ETA 1.2h
[     95/202] ERR13107178  82.2% classified  | 0.0/s  ETA 1.2h
[     96/202] SRR34026590  76.3% classified  | 0.0/s  ETA 1.1h
[     97/202] SRR3750701  89.5% classified  | 0.0/s  ETA 1.1h
[     98/202] SRR3750696  88.5% classified  | 0.0/s  ETA 1.1h
[     99/202] SRR2874066  85.1% classified  | 0.0/s  ETA 1.1h
[    100/202] ERR5928168  72.1% classified  | 0.0/s  ETA 1.1h
[    101/202] ERR5928179  86.9% classified  | 0.0/s  ETA 1.1h
[    102/202] SRR21195574  86.2% classified  | 0.0/s  ETA 1.1h
[    103/202] ERR5928200  83.0% classified  | 0.0/s  ETA 1.1h
[    104/202] ERR5928221  70.4% classified  | 0.0/s  ETA 1.0h
[    105/202] SRR12488738  88.0% classified  | 0.0/s  ETA 1.0h
[    106/202] SRR21195576  85.1% classified  | 0.0/s  ETA 1.0h
[    107/202] SRR31200167  89.6% classified  | 0.0/s  ETA 1.1h
[    108/202] SRR1171040  83.2% classified  | 0.0/s  ETA 1.0h
[    109/202] ERR5696216  93.0% classified  | 0.0/s  ETA 1.0h
[    110/202] ERR6548352  90.7% classified  | 0.0/s  ETA 1.0h
[    111/202] SRR14871468  86.0% classified  | 0.0/s  ETA 1.0h
[    112/202] ERR5696223  93.8% classified  | 0.0/s  ETA 1.0h
[    113/202] ERR5696242  91.7% classified  | 0.0/s  ETA 1.0h
[    114/202] ERR5696262  90.9% classified  | 0.0/s  ETA 1.0h
[    115/202] ERR5696253  92.2% classified  | 0.0/s  ETA 0.9h
[    116/202] ERR5696298  91.7% classified  | 0.0/s  ETA 0.9h
[    117/202] SRR4296236  68.9% classified  | 0.0/s  ETA 0.9h
[    118/202] ERR5696236  93.7% classified  | 0.0/s  ETA 0.9h
[    119/202] SRR2922399  4.8% classified  | 0.0/s  ETA 0.9h
[    120/202] SRR20324145  84.6% classified  | 0.0/s  ETA 0.9h
[    121/202] SRR20324132  87.3% classified  | 0.0/s  ETA 0.9h
[    122/202] SRR11216263  8.8% classified  | 0.0/s  ETA 0.9h
[    123/202] SRR25015529  72.7% classified  | 0.0/s  ETA 0.8h
[    124/202] SRR11216301  6.8% classified  | 0.0/s  ETA 0.8h
[    125/202] SRR31514632  43.3% classified  | 0.0/s  ETA 0.8h
[    126/202] SRR2517428  77.1% classified  | 0.0/s  ETA 0.8h
[    127/202] SRR2922435  31.5% classified  | 0.0/s  ETA 0.8h
[    128/202] SRR38293580  88.4% classified  | 0.0/s  ETA 0.8h
[    129/202] SRR33583435  34.1% classified  | 0.0/s  ETA 0.8h
[    130/202] SRR28475137  85.5% classified  | 0.0/s  ETA 0.8h
[    131/202] SRR11928842  18.1% classified  | 0.0/s  ETA 0.8h
[    132/202] SRR16930846  96.2% classified  | 0.0/s  ETA 0.8h
[    133/202] SRR33696075  82.3% classified  | 0.0/s  ETA 0.7h
[    134/202] SRR27326329  52.0% classified  | 0.0/s  ETA 0.7h
[    135/202] SRR9673812  13.5% classified  | 0.0/s  ETA 0.7h
[    136/202] SRR15141447  56.5% classified  | 0.0/s  ETA 0.7h
[    137/202] SRR15141435  76.3% classified  | 0.0/s  ETA 0.7h
[    138/202] SRR8204151  83.8% classified  | 0.0/s  ETA 0.7h
[    139/202] SRR36950019  9.5% classified  | 0.0/s  ETA 0.7h
[    140/202] SRR8204126  46.6% classified  | 0.0/s  ETA 0.6h
[    141/202] SRR24737259  78.5% classified  | 0.0/s  ETA 0.6h
[    142/202] ERR10886999  86.1% classified  | 0.0/s  ETA 0.6h
[    143/202] SRR10291783  77.5% classified  | 0.0/s  ETA 0.6h
[    144/202] ERR10886911  84.5% classified  | 0.0/s  ETA 0.6h
[    145/202] ERR10886923  83.9% classified  | 0.0/s  ETA 0.6h
[    146/202] ERR10886955  80.3% classified  | 0.0/s  ETA 0.6h
[    147/202] SRR8418306  62.0% classified  | 0.0/s  ETA 0.6h
[    148/202] SRR30673031  87.3% classified  | 0.0/s  ETA 0.6h
[    149/202] ERR10886984  86.7% classified  | 0.0/s  ETA 0.6h
[    150/202] SRR8418329  45.8% classified  | 0.0/s  ETA 0.6h
[    151/202] SRR8418272  48.4% classified  | 0.0/s  ETA 0.6h
[    152/202] SRR8418304  57.8% classified  | 0.0/s  ETA 0.5h
[    153/202] SRR31278119  74.4% classified  | 0.0/s  ETA 0.5h
[    154/202] ERR7421544  68.3% classified  | 0.0/s  ETA 0.5h
[    155/202] SRR20999595  58.3% classified  | 0.0/s  ETA 0.5h
[    156/202] SRR22142976  77.3% classified  | 0.0/s  ETA 0.5h
[    157/202] ERR7421535  69.6% classified  | 0.0/s  ETA 0.5h
[    158/202] SRR32959949  83.4% classified  | 0.0/s  ETA 0.5h
[    159/202] SRR36910221  23.9% classified  | 0.0/s  ETA 0.5h
[    160/202] SRR36292457  62.5% classified  | 0.0/s  ETA 0.5h
[    161/202] SRR36292440  58.7% classified  | 0.0/s  ETA 0.5h
[    162/202] ERR10926639  87.1% classified  | 0.0/s  ETA 0.4h
[    163/202] SRR34300143  25.2% classified  | 0.0/s  ETA 0.4h
[    164/202] SRR36292495  55.9% classified  | 0.0/s  ETA 0.4h
[    165/202] SRR36910255  26.1% classified  | 0.0/s  ETA 0.4h
[    166/202] SRR36367311  62.1% classified  | 0.0/s  ETA 0.4h
[    167/202] SRR36292509  57.6% classified  | 0.0/s  ETA 0.4h
[    168/202] SRR36367277  66.5% classified  | 0.0/s  ETA 0.4h
[    169/202] SRR36910237  30.6% classified  | 0.0/s  ETA 0.4h
[    170/202] SRR36367297  67.1% classified  | 0.0/s  ETA 0.4h
[    171/202] SRR3537156  79.5% classified  | 0.0/s  ETA 0.4h
[    172/202] SRR36292499  69.3% classified  | 0.0/s  ETA 0.3h
[    173/202] SRR10053817  85.3% classified  | 0.0/s  ETA 0.3h
[    174/202] SRR36292451  62.9% classified  | 0.0/s  ETA 0.3h
[    175/202] SRR25969020  90.7% classified  | 0.0/s  ETA 0.3h
[    176/202] SRR11229310  44.3% classified  | 0.0/s  ETA 0.3h
[    177/202] SRR36015662  91.6% classified  | 0.0/s  ETA 0.3h
[    178/202] SRR11497316  74.5% classified  | 0.0/s  ETA 0.3h
[    179/202] SRR8984109  78.9% classified  | 0.0/s  ETA 0.3h
[    180/202] SRR8984116  76.9% classified  | 0.0/s  ETA 0.3h
[    181/202] SRR8569389  80.6% classified  | 0.0/s  ETA 0.2h
[    182/202] SRR25662795  86.3% classified  | 0.0/s  ETA 0.2h
[    183/202] SRR1793908  91.3% classified  | 0.0/s  ETA 0.2h
[    184/202] SRR21796861  89.7% classified  | 0.0/s  ETA 0.2h
[    185/202] SRR18064509  20.6% classified  | 0.0/s  ETA 0.2h
[    186/202] SRR6039735  74.8% classified  | 0.0/s  ETA 0.2h
[    187/202] SRR15833442  76.0% classified  | 0.0/s  ETA 0.2h
[    188/202] SRR17207994  83.4% classified  | 0.0/s  ETA 0.2h
[    189/202] SRR23704262  91.7% classified  | 0.0/s  ETA 0.2h
[    190/202] SRR12998696  82.7% classified  | 0.0/s  ETA 0.1h
[    191/202] SRR12772440  84.0% classified  | 0.0/s  ETA 0.1h
[    192/202] ERR4352134  89.9% classified  | 0.0/s  ETA 0.1h
[    193/202] SRR10189437  66.9% classified  | 0.0/s  ETA 0.1h
[    194/202] SRR31204181  90.0% classified  | 0.0/s  ETA 0.1h
[    195/202] SRR3724093  69.9% classified  | 0.0/s  ETA 0.1h
[    196/202] SRR31851394  83.8% classified  | 0.0/s  ETA 0.1h
[    197/202] SRR1284051  60.4% classified  | 0.0/s  ETA 0.1h
[    198/202] SRR36610579  89.5% classified  | 0.0/s  ETA 0.0h
[    199/202] SRR14615481  88.7% classified  | 0.0/s  ETA 0.0h
[    200/202] SRR35779160  88.6% classified  | 0.0/s  ETA 0.0h
[    201/202] SRR1774241  67.9% classified  | 0.0/s  ETA 0.0h
[    202/202] SRR5712016  69.3% classified  | 0.0/s  ETA 0.0h

── Summary ────────────────────────────────────────
  Classified: 202
  Errors:     0
  Elapsed:    2.4h
  Cache:      kraken/assign/data/kraken_cache.jsonl
