Reads read from: kraken/select/data/reads
Raw kraken2 reports will be saved to: kraken/assign/data/reports
Loaded 3,225 runs from kraken/select/data/run_list.tsv (filters: none)
Array task 12/16: 201 runs in slice, 0 already done, 201 to do

Total runs: 3,225 | Already done: 1 | Remaining: 201
Settings: confidence=0.15, min_hit_groups=3, workers=4, kraken_threads=8
DB: kraken/build/data/db_v3
Tmp: /scratch/pawsey1168/llenzo/kraken_tmp

[      1/201] ERR3188460  78.7% classified  | 0.0/s  ETA 7.7h
[      2/201] ERR3188462  79.7% classified  | 0.0/s  ETA 4.0h
[      3/201] ERR3170190  83.0% classified  | 0.0/s  ETA 2.7h
[      4/201] ERR3170264  77.8% classified  | 0.0/s  ETA 2.1h
[      5/201] ERR3170276  80.4% classified  | 0.0/s  ETA 2.4h
[      6/201] ERR3170279  79.1% classified  | 0.0/s  ETA 2.1h
[      7/201] ERR3188474  73.9% classified  | 0.0/s  ETA 2.0h
[      8/201] ERR3170238  80.0% classified  | 0.0/s  ETA 1.8h
[      9/201] ERR1607794  67.5% classified  | 0.0/s  ETA 1.7h
[     10/201] ERR3170215  84.9% classified  | 0.0/s  ETA 1.7h
[     11/201] ERR1607822  78.2% classified  | 0.0/s  ETA 1.6h
[     12/201] ERR1607863  59.6% classified  | 0.0/s  ETA 1.5h
[     13/201] ERR1607824  79.8% classified  | 0.0/s  ETA 1.5h
[     14/201] ERR1607778  84.3% classified  | 0.0/s  ETA 1.6h
[     15/201] ERR1607792  72.1% classified  | 0.0/s  ETA 1.5h
[     16/201] ERR4152485  83.5% classified  | 0.0/s  ETA 1.4h
[     17/201] ERR1607752  83.3% classified  | 0.0/s  ETA 1.5h
[     18/201] ERR15005537  43.2% classified  | 0.0/s  ETA 1.5h
[     19/201] ERR15005500  58.9% classified  | 0.0/s  ETA 1.5h
[     20/201] ERR15005485  50.8% classified  | 0.0/s  ETA 1.5h
[     21/201] ERR15005540  38.5% classified  | 0.0/s  ETA 1.5h
[     22/201] ERR15005499  59.4% classified  | 0.0/s  ETA 1.6h
[     23/201] ERR12013035  83.1% classified  | 0.0/s  ETA 1.5h
[     24/201] ERR15005490  54.5% classified  | 0.0/s  ETA 1.5h
[     25/201] ERR12013051  66.8% classified  | 0.0/s  ETA 1.5h
[     26/201] ERR6847896  83.6% classified  | 0.0/s  ETA 1.5h
[     27/201] ERR12013063  78.0% classified  | 0.0/s  ETA 1.5h
[     28/201] SRR29076543  74.3% classified  | 0.0/s  ETA 1.5h
[     29/201] SRR7797537  83.8% classified  | 0.0/s  ETA 1.5h
[     30/201] ERR4315525  81.0% classified  | 0.0/s  ETA 1.5h
[     31/201] ERR4315366  79.6% classified  | 0.0/s  ETA 1.5h
[     32/201] ERR4315355  81.4% classified  | 0.0/s  ETA 1.5h
[     33/201] ERR4315530  84.1% classified  | 0.0/s  ETA 1.5h
[     34/201] ERR4315662  77.4% classified  | 0.0/s  ETA 1.4h
[     35/201] ERR4315414  74.7% classified  | 0.0/s  ETA 1.4h
[     36/201] ERR4315179  82.7% classified  | 0.0/s  ETA 1.5h
[     37/201] ERR4315294  81.3% classified  | 0.0/s  ETA 1.5h
[     38/201] ERR4315517  86.2% classified  | 0.0/s  ETA 1.4h
[     39/201] ERR4315666  72.6% classified  | 0.0/s  ETA 1.4h
[     40/201] ERR4315535  83.3% classified  | 0.0/s  ETA 1.4h
[     41/201] ERR4315645  78.0% classified  | 0.0/s  ETA 1.4h
[     42/201] ERR4315661  83.5% classified  | 0.0/s  ETA 1.4h
[     43/201] ERR4315241  61.5% classified  | 0.0/s  ETA 1.4h
[     44/201] ERR4315156  80.8% classified  | 0.0/s  ETA 1.4h
[     45/201] ERR4315621  83.1% classified  | 0.0/s  ETA 1.4h
[     46/201] ERR4315408  69.8% classified  | 0.0/s  ETA 1.3h
[     47/201] ERR4315499  64.6% classified  | 0.0/s  ETA 1.3h
[     48/201] ERR4315663  73.6% classified  | 0.0/s  ETA 1.3h
[     49/201] ERR4315306  74.4% classified  | 0.0/s  ETA 1.3h
[     50/201] ERR4315638  83.5% classified  | 0.0/s  ETA 1.3h
[     51/201] ERR4315227  75.3% classified  | 0.0/s  ETA 1.3h
[     52/201] ERR4315436  78.5% classified  | 0.0/s  ETA 1.3h
[     53/201] ERR4315675  58.8% classified  | 0.0/s  ETA 1.3h
[     54/201] ERR4315358  80.4% classified  | 0.0/s  ETA 1.3h
[     55/201] ERR4315219  78.6% classified  | 0.0/s  ETA 1.2h
[     56/201] ERR4315616  55.0% classified  | 0.0/s  ETA 1.2h
[     57/201] ERR4315305  82.9% classified  | 0.0/s  ETA 1.2h
[     58/201] ERR4315427  82.2% classified  | 0.0/s  ETA 1.2h
[     59/201] ERR4315505  81.3% classified  | 0.0/s  ETA 1.2h
[     60/201] ERR4315461  82.0% classified  | 0.0/s  ETA 1.2h
[     61/201] ERR4315594  75.9% classified  | 0.0/s  ETA 1.2h
[     62/201] ERR4315397  70.1% classified  | 0.0/s  ETA 1.2h
[     63/201] ERR4315387  78.6% classified  | 0.0/s  ETA 1.2h
[     64/201] SRR24010220  79.6% classified  | 0.0/s  ETA 1.2h
[     65/201] ERR3856842  32.2% classified  | 0.0/s  ETA 1.3h
[     66/201] SRR7753256  87.9% classified  | 0.0/s  ETA 1.3h
[     67/201] SRR24010244  86.7% classified  | 0.0/s  ETA 1.2h
[     68/201] ERR3856831  54.0% classified  | 0.0/s  ETA 1.2h
[     69/201] SRR23706864  89.4% classified  | 0.0/s  ETA 1.2h
[     70/201] ERR3500549  82.5% classified  | 0.0/s  ETA 1.2h
[     71/201] SRR579534  49.1% classified  | 0.0/s  ETA 1.2h
[     72/201] ERR3856845  65.1% classified  | 0.0/s  ETA 1.2h
[     73/201] SRR1583679  84.6% classified  | 0.0/s  ETA 1.3h
[     74/201] ERR3500531  79.7% classified  | 0.0/s  ETA 1.3h
[     75/201] SRR1562085  83.3% classified  | 0.0/s  ETA 1.3h
[     76/201] ERR3500524  84.0% classified  | 0.0/s  ETA 1.2h
[     77/201] SRR391842  68.8% classified  | 0.0/s  ETA 1.2h
[     78/201] SRR391838  71.5% classified  | 0.0/s  ETA 1.2h
[     79/201] ERR13340225  75.6% classified  | 0.0/s  ETA 1.2h
[     80/201] SRR31839226  85.5% classified  | 0.0/s  ETA 1.2h
[     81/201] SRR32620576  84.8% classified  | 0.0/s  ETA 1.2h
[     82/201] SRR1557191  79.4% classified  | 0.0/s  ETA 1.2h
[     83/201] SRR32620579  83.4% classified  | 0.0/s  ETA 1.2h
[     84/201] SRR6242056  69.2% classified  | 0.0/s  ETA 1.2h
[     85/201] ERR789377  70.8% classified  | 0.0/s  ETA 1.2h
[     86/201] SRR8718801  94.1% classified  | 0.0/s  ETA 1.1h
[     87/201] SRR8718828  97.2% classified  | 0.0/s  ETA 1.1h
[     88/201] SRR8718852  93.1% classified  | 0.0/s  ETA 1.1h
[     89/201] ERR2099114  85.6% classified  | 0.0/s  ETA 1.2h
[     90/201] ERR13107156  84.2% classified  | 0.0/s  ETA 1.1h
[     91/201] SRR8718849  94.5% classified  | 0.0/s  ETA 1.1h
[     92/201] SRR34026580  78.7% classified  | 0.0/s  ETA 1.1h
[     93/201] SRR4240602  87.2% classified  | 0.0/s  ETA 1.1h
[     94/201] ERR13159190  81.5% classified  | 0.0/s  ETA 1.1h
[     95/201] SRR34026574  76.8% classified  | 0.0/s  ETA 1.1h
[     96/201] SRR3750707  88.2% classified  | 0.0/s  ETA 1.1h
[     97/201] SRR3750698  89.4% classified  | 0.0/s  ETA 1.0h
[     98/201] SRR2874370  81.8% classified  | 0.0/s  ETA 1.0h
[     99/201] SRR9684543  60.0% classified  | 0.0/s  ETA 1.0h
[    100/201] ERR5928171  81.9% classified  | 0.0/s  ETA 1.0h
[    101/201] ERR5928196  82.0% classified  | 0.0/s  ETA 1.0h
[    102/201] ERR5928226  77.9% classified  | 0.0/s  ETA 1.0h
[    103/201] ERR5928158  78.4% classified  | 0.0/s  ETA 1.0h
[    104/201] SRR350926  93.3% classified  | 0.0/s  ETA 1.0h
[    105/201] SRR21195581  85.3% classified  | 0.0/s  ETA 0.9h
[    106/201] ERR5928215  74.5% classified  | 0.0/s  ETA 0.9h
[    107/201] SRR27607207  87.8% classified  | 0.0/s  ETA 0.9h
[    108/201] ERR6548381  90.3% classified  | 0.0/s  ETA 0.9h
[    109/201] ERR5696204  91.7% classified  | 0.0/s  ETA 0.9h
[    110/201] SRR14871462  87.6% classified  | 0.0/s  ETA 0.9h
[    111/201] ERR5696303  92.7% classified  | 0.0/s  ETA 0.9h
[    112/201] ERR6548382  91.0% classified  | 0.0/s  ETA 0.9h
[    113/201] ERR5696247  90.8% classified  | 0.0/s  ETA 0.9h
[    114/201] ERR5696281  92.9% classified  | 0.0/s  ETA 0.9h
[    115/201] ERR5696296  94.4% classified  | 0.0/s  ETA 0.9h
[    116/201] ERR5696256  91.6% classified  | 0.0/s  ETA 0.9h
[    117/201] ERR5696211  90.9% classified  | 0.0/s  ETA 0.8h
[    118/201] SRR12888334  62.7% classified  | 0.0/s  ETA 0.8h
[    119/201] SRR2920086  40.3% classified  | 0.0/s  ETA 0.8h
[    120/201] SRR20324141  84.9% classified  | 0.0/s  ETA 0.8h
[    121/201] SRR11216279  8.1% classified  | 0.0/s  ETA 0.8h
[    122/201] SRR11216261  7.1% classified  | 0.0/s  ETA 0.8h
[    123/201] ERR4421877  52.1% classified  | 0.0/s  ETA 0.8h
[    124/201] SRR2517434  77.5% classified  | 0.0/s  ETA 0.8h
[    125/201] SRR31850433  84.1% classified  | 0.0/s  ETA 0.8h
[    126/201] SRR36368719  83.0% classified  | 0.0/s  ETA 0.8h
[    127/201] SRR2922439  40.2% classified  | 0.0/s  ETA 0.8h
[    128/201] SRR7500377  86.5% classified  | 0.0/s  ETA 0.8h
[    129/201] SRR38293581  89.3% classified  | 0.0/s  ETA 0.8h
[    130/201] SRR23870012  87.9% classified  | 0.0/s  ETA 0.8h
[    131/201] SRR28544648  94.5% classified  | 0.0/s  ETA 0.7h
[    132/201] SRR33583434  81.2% classified  | 0.0/s  ETA 0.7h
[    133/201] SRR8639449  97.1% classified  | 0.0/s  ETA 0.7h
[    134/201] SRR17609704  94.2% classified  | 0.0/s  ETA 0.7h
[    135/201] SRR27326787  53.2% classified  | 0.0/s  ETA 0.7h
[    136/201] SRR15141113  59.9% classified  | 0.0/s  ETA 0.7h
[    137/201] SRR15141136  64.8% classified  | 0.0/s  ETA 0.7h
[    138/201] SRR33696070  83.9% classified  | 0.0/s  ETA 0.6h
[    139/201] SRR15141131  75.5% classified  | 0.0/s  ETA 0.6h
[    140/201] SRR8204118  83.5% classified  | 0.0/s  ETA 0.6h
[    141/201] SRR32920596  56.8% classified  | 0.0/s  ETA 0.6h
[    142/201] SRR10291787  76.2% classified  | 0.0/s  ETA 0.6h
[    143/201] ERR10886969  83.3% classified  | 0.0/s  ETA 0.6h
[    144/201] ERR10886931  80.7% classified  | 0.0/s  ETA 0.6h
[    145/201] ERR10886917  84.4% classified  | 0.0/s  ETA 0.6h
[    146/201] SRR24901493  76.7% classified  | 0.0/s  ETA 0.6h
[    147/201] SRR8418269  53.4% classified  | 0.0/s  ETA 0.6h
[    148/201] SRR8418246  61.7% classified  | 0.0/s  ETA 0.6h
[    149/201] SRR21997280  30.0% classified  | 0.0/s  ETA 0.5h
[    150/201] ERR10886943  84.4% classified  | 0.0/s  ETA 0.5h
[    151/201] SRR8418326  58.3% classified  | 0.0/s  ETA 0.5h
[    152/201] ERR10886912  82.8% classified  | 0.0/s  ETA 0.5h
[    153/201] SRR8418242  65.6% classified  | 0.0/s  ETA 0.5h
[    154/201] SRR27311318  26.6% classified  | 0.0/s  ETA 0.5h
[    155/201] ERR7421538  61.4% classified  | 0.0/s  ETA 0.5h
[    156/201] ERR7421540  65.1% classified  | 0.0/s  ETA 0.5h
[    157/201] SRR24116281  83.6% classified  | 0.0/s  ETA 0.5h
[    158/201] SRR32959943  83.8% classified  | 0.0/s  ETA 0.5h
[    159/201] ERR10926708  87.7% classified  | 0.0/s  ETA 0.4h
[    160/201] SRR36292503  61.4% classified  | 0.0/s  ETA 0.4h
[    161/201] SRR36910215  31.0% classified  | 0.0/s  ETA 0.4h
[    162/201] SRR36910265  31.6% classified  | 0.0/s  ETA 0.4h
[    163/201] SRR36292480  57.8% classified  | 0.0/s  ETA 0.4h
[    164/201] SRR36367301  66.1% classified  | 0.0/s  ETA 0.4h
[    165/201] SRR36292494  68.3% classified  | 0.0/s  ETA 0.4h
[    166/201] SRR36292446  59.2% classified  | 0.0/s  ETA 0.4h
[    167/201] SRR36292471  59.5% classified  | 0.0/s  ETA 0.4h
[    168/201] SRR34300173  26.2% classified  | 0.0/s  ETA 0.4h
[    169/201] SRR36367278  61.4% classified  | 0.0/s  ETA 0.4h
[    170/201] SRR34300148  28.1% classified  | 0.0/s  ETA 0.3h
[    171/201] SRR36910211  27.9% classified  | 0.0/s  ETA 0.3h
[    172/201] SRR26214558  91.3% classified  | 0.0/s  ETA 0.3h
[    173/201] SRR36367336  70.3% classified  | 0.0/s  ETA 0.3h
[    174/201] SRR25969012  89.9% classified  | 0.0/s  ETA 0.3h
[    175/201] SRR25969026  90.5% classified  | 0.0/s  ETA 0.3h
[    176/201] SRR22975696  90.0% classified  | 0.0/s  ETA 0.3h
[    177/201] SRR35321449  5.2% classified  | 0.0/s  ETA 0.3h
[    178/201] SRR8984120  79.8% classified  | 0.0/s  ETA 0.3h
[    179/201] SRR1975201  64.7% classified  | 0.0/s  ETA 0.2h
[    180/201] SRR7403508  83.0% classified  | 0.0/s  ETA 0.2h
[    181/201] SRR12133598  28.1% classified  | 0.0/s  ETA 0.2h
[    182/201] SRR6395471  83.2% classified  | 0.0/s  ETA 0.2h
[    183/201] SRR3571666  68.4% classified  | 0.0/s  ETA 0.2h
[    184/201] SRR1793856  88.8% classified  | 0.0/s  ETA 0.2h
[    185/201] SRR6039742  71.0% classified  | 0.0/s  ETA 0.2h
[    186/201] SRR37491914  23.4% classified  | 0.0/s  ETA 0.2h
[    187/201] SRR6189706  81.2% classified  | 0.0/s  ETA 0.2h
[    188/201] SRR12998706  82.5% classified  | 0.0/s  ETA 0.1h
[    189/201] ERR990467  78.1% classified  | 0.0/s  ETA 0.1h
[    190/201] SRR37049205  84.2% classified  | 0.0/s  ETA 0.1h
[    191/201] SRR36993190  89.2% classified  | 0.0/s  ETA 0.1h
[    192/201] SRR10499797  84.5% classified  | 0.0/s  ETA 0.1h
[    193/201] DRR125469  83.0% classified  | 0.0/s  ETA 0.1h
[    194/201] SRR1182761  69.7% classified  | 0.0/s  ETA 0.1h
[    195/201] SRR8416452  74.9% classified  | 0.0/s  ETA 0.1h
[    196/201] SRR18428224  85.4% classified  | 0.0/s  ETA 0.1h
[    197/201] SRR6292049  77.8% classified  | 0.0/s  ETA 0.0h
[    198/201] ERR4349055  63.0% classified  | 0.0/s  ETA 0.0h
[    199/201] ERR1314945  80.4% classified  | 0.0/s  ETA 0.0h
[    200/201] SRR3724102  58.8% classified  | 0.0/s  ETA 0.0h
[    201/201] SRR23292911  76.2% classified  | 0.0/s  ETA 0.0h

── Summary ────────────────────────────────────────
  Classified: 201
  Errors:     0
  Elapsed:    2.3h
  Cache:      kraken/assign/data/kraken_cache.jsonl
