Reads read from: kraken/select/data/reads
Raw kraken2 reports will be saved to: kraken/assign/data/reports
Loaded 3,225 runs from kraken/select/data/run_list.tsv (filters: none)
Array task 4/16: 201 runs assigned

Total runs: 3,225 | Already done: 16 | Remaining: 201
Settings: confidence=0.15, min_hit_groups=3, workers=4, kraken_threads=8
DB: kraken/build/data/db_v3
Tmp: /scratch/fl3/llenzo/kraken_tmp

[      1/201] ERR3170246  81.7% classified  | 0.0/s  ETA 5.2h
[      2/201] ERR3170239  76.2% classified  | 0.0/s  ETA 3.6h
[      3/201] ERR3188450  ERR([Errno 2] No such file or directory: '/scratch/fl3/llenzo/kraken_tmp/ERR3188450')  | 0.0/s  ETA 2.6h
[      4/201] ERR3188436  79.1% classified  | 0.0/s  ETA 2.0h
[      5/201] ERR3188466  75.8% classified  | 0.0/s  ETA 3.0h
[      6/201] ERR3170201  78.4% classified  | 0.0/s  ETA 2.6h
[      7/201] ERR3188457  80.0% classified  | 0.0/s  ETA 2.8h
[      8/201] ERR3170216  83.9% classified  | 0.0/s  ETA 2.7h
[      9/201] ERR3170250  82.8% classified  | 0.0/s  ETA 2.4h
[     10/201] ERR1607750  81.5% classified  | 0.0/s  ETA 2.2h
[     11/201] ERR1607799  76.1% classified  | 0.0/s  ETA 2.4h
[     12/201] ERR1607844  78.7% classified  | 0.0/s  ETA 2.2h
[     13/201] ERR1607790  74.6% classified  | 0.0/s  ETA 2.1h
[     14/201] ERR1607773  82.1% classified  | 0.0/s  ETA 2.0h
[     15/201] ERR1607737  88.4% classified  | 0.0/s  ETA 2.2h
[     16/201] ERR1607785  76.0% classified  | 0.0/s  ETA 2.1h
[     17/201] ERR15005516  45.4% classified  | 0.0/s  ETA 2.0h
[     18/201] ERR15005470  53.6% classified  | 0.0/s  ETA 2.0h
[     19/201] ERR15005528  77.7% classified  | 0.0/s  ETA 2.2h
[     20/201] ERR15005510  48.6% classified  | 0.0/s  ETA 2.1h
[     21/201] ERR15005538  45.4% classified  | 0.0/s  ETA 2.1h
[     22/201] ERR12013028  82.6% classified  | 0.0/s  ETA 2.1h
[     23/201] ERR15005534  80.0% classified  | 0.0/s  ETA 2.0h
[     24/201] ERR12013073  78.9% classified  | 0.0/s  ETA 1.9h
[     25/201] ERR6847881  80.9% classified  | 0.0/s  ETA 2.1h
[     26/201] ERR12013055  80.3% classified  | 0.0/s  ETA 2.0h
[     27/201] ERR6847872  58.4% classified  | 0.0/s  ETA 2.0h
[     28/201] SRR29077173  80.8% classified  | 0.0/s  ETA 1.9h
[     29/201] ERR4315583  65.5% classified  | 0.0/s  ETA 1.9h
[     30/201] ERR4315309  80.2% classified  | 0.0/s  ETA 1.9h
[     31/201] ERR4315524  65.4% classified  | 0.0/s  ETA 1.8h
[     32/201] ERR4315191  76.9% classified  | 0.0/s  ETA 1.8h
[     33/201] ERR4315316  71.9% classified  | 0.0/s  ETA 1.7h
[     34/201] ERR4315353  77.8% classified  | 0.0/s  ETA 1.7h
[     35/201] ERR4315349  89.7% classified  | 0.0/s  ETA 1.7h
[     36/201] ERR4315470  82.3% classified  | 0.0/s  ETA 1.7h
[     37/201] ERR4315591  77.6% classified  | 0.0/s  ETA 1.6h
[     38/201] ERR4315255  82.1% classified  | 0.0/s  ETA 1.6h
[     39/201] ERR4315653  84.0% classified  | 0.0/s  ETA 1.6h
[     40/201] ERR4315160  84.0% classified  | 0.0/s  ETA 1.6h
[     41/201] ERR4315250  74.6% classified  | 0.0/s  ETA 1.6h
[     42/201] ERR4315589  76.0% classified  | 0.0/s  ETA 1.5h
[     43/201] ERR4315556  77.9% classified  | 0.0/s  ETA 1.5h
[     44/201] ERR4315514  78.1% classified  | 0.0/s  ETA 1.5h
[     45/201] ERR4315396  79.8% classified  | 0.0/s  ETA 1.4h
[     46/201] ERR4315631  78.3% classified  | 0.0/s  ETA 1.4h
[     47/201] ERR4315448  79.9% classified  | 0.0/s  ETA 1.4h
[     48/201] ERR4315180  87.4% classified  | 0.0/s  ETA 1.4h
[     49/201] ERR4315161  78.3% classified  | 0.0/s  ETA 1.4h
[     50/201] ERR4315601  77.7% classified  | 0.0/s  ETA 1.3h
[     51/201] ERR4315171  84.9% classified  | 0.0/s  ETA 1.3h
[     52/201] ERR4315229  77.1% classified  | 0.0/s  ETA 1.3h
[     53/201] ERR4315538  83.7% classified  | 0.0/s  ETA 1.3h
[     54/201] ERR4315544  83.7% classified  | 0.0/s  ETA 1.3h
[     55/201] ERR4315602  76.6% classified  | 0.0/s  ETA 1.2h
[     56/201] ERR4315572  81.1% classified  | 0.0/s  ETA 1.3h
[     57/201] ERR4315235  77.8% classified  | 0.0/s  ETA 1.2h
[     58/201] ERR4315312  81.7% classified  | 0.0/s  ETA 1.2h
[     59/201] ERR4315595  76.0% classified  | 0.0/s  ETA 1.2h
[     60/201] ERR4315630  81.0% classified  | 0.0/s  ETA 1.2h
[     61/201] ERR4315267  82.2% classified  | 0.0/s  ETA 1.2h
[     62/201] ERR4315348  76.8% classified  | 0.0/s  ETA 1.2h
[     63/201] SRR9185093  72.5% classified  | 0.0/s  ETA 1.2h
[     64/201] ERR3383638  83.5% classified  | 0.0/s  ETA 1.2h
[     65/201] SRR24010218  74.0% classified  | 0.0/s  ETA 1.2h
[     66/201] ERR3856830  50.2% classified  | 0.0/s  ETA 1.2h
[     67/201] SRR12329596  84.3% classified  | 0.0/s  ETA 1.2h
[     68/201] SRR24010247  80.5% classified  | 0.0/s  ETA 1.2h
[     69/201] ERR3856841  53.9% classified  | 0.0/s  ETA 1.2h
[     70/201] ERR3500553  82.4% classified  | 0.0/s  ETA 1.1h
[     71/201] SRR14386301  92.8% classified  | 0.0/s  ETA 1.1h
[     72/201] ERR3500512  84.7% classified  | 0.0/s  ETA 1.2h
[     73/201] ERR3500516  82.8% classified  | 0.0/s  ETA 1.1h
[     74/201] SRR1555738  82.5% classified  | 0.0/s  ETA 1.1h
[     75/201] ERR3500522  84.2% classified  | 0.0/s  ETA 1.1h
[     76/201] SRR2185186  94.6% classified  | 0.0/s  ETA 1.1h
[     77/201] SRR22139839  26.7% classified  | 0.0/s  ETA 1.1h
[     78/201] SRR1576813  78.2% classified  | 0.0/s  ETA 1.1h
[     79/201] SRR391827  68.4% classified  | 0.0/s  ETA 1.1h
[     80/201] SRR1562049  82.6% classified  | 0.0/s  ETA 1.1h
[     81/201] SRR32620582  72.5% classified  | 0.0/s  ETA 1.0h
[     82/201] SRR6242045  55.7% classified  | 0.0/s  ETA 1.0h
[     83/201] ERR789374  72.8% classified  | 0.0/s  ETA 1.1h
[     84/201] SRR6242050  68.1% classified  | 0.0/s  ETA 1.0h
[     85/201] SRR8718850  90.9% classified  | 0.0/s  ETA 1.0h
[     86/201] SRR12149187  88.5% classified  | 0.0/s  ETA 1.0h
[     87/201] SRR8718803  93.3% classified  | 0.0/s  ETA 1.0h
[     88/201] SRR8718811  93.1% classified  | 0.0/s  ETA 1.0h
[     89/201] SRR8718836  91.0% classified  | 0.0/s  ETA 1.0h
[     90/201] ERR2099121  80.9% classified  | 0.0/s  ETA 1.0h
[     91/201] SRR1284047  75.0% classified  | 0.0/s  ETA 1.0h
[     92/201] ERR13150779  68.9% classified  | 0.0/s  ETA 1.0h
[     93/201] ERR13159104  83.3% classified  | 0.0/s  ETA 0.9h
[     94/201] ERR13148713  79.9% classified  | 0.0/s  ETA 0.9h
[     95/201] SRR34026569  75.4% classified  | 0.0/s  ETA 0.9h
[     96/201] SRR3750719  89.5% classified  | 0.0/s  ETA 0.9h
[     97/201] SRR3750734  89.6% classified  | 0.0/s  ETA 0.9h
[     98/201] SRR3750706  83.2% classified  | 0.0/s  ETA 0.9h
[     99/201] ERR5928170  83.1% classified  | 0.0/s  ETA 0.9h
[    100/201] ERR5928184  84.2% classified  | 0.0/s  ETA 0.9h
[    101/201] ERR5928186  84.4% classified  | 0.0/s  ETA 0.9h
[    102/201] ERR5928213  78.0% classified  | 0.0/s  ETA 0.9h
[    103/201] SRR21195573  84.7% classified  | 0.0/s  ETA 0.8h
[    104/201] SRR21195577  82.5% classified  | 0.0/s  ETA 0.8h
[    105/201] SRR12488739  88.5% classified  | 0.0/s  ETA 0.8h
[    106/201] SRR31200165  89.8% classified  | 0.0/s  ETA 0.8h
[    107/201] SRR14871475  88.9% classified  | 0.0/s  ETA 0.8h
[    108/201] SRR1171035  85.2% classified  | 0.0/s  ETA 0.8h
[    109/201] ERR5696221  93.7% classified  | 0.0/s  ETA 0.8h
[    110/201] ERR6548344  90.6% classified  | 0.0/s  ETA 0.8h
[    111/201] ERR5696214  92.4% classified  | 0.0/s  ETA 0.8h
[    112/201] ERR5696299  92.4% classified  | 0.0/s  ETA 0.8h
[    113/201] ERR5696251  92.2% classified  | 0.0/s  ETA 0.8h
[    114/201] ERR5696238  91.2% classified  | 0.0/s  ETA 0.7h
[    115/201] ERR5696264  91.7% classified  | 0.0/s  ETA 0.7h
[    116/201] SRR4296240  72.6% classified  | 0.0/s  ETA 0.7h
[    117/201] ERR5696233  93.5% classified  | 0.0/s  ETA 0.7h
[    118/201] SRR20324146  87.2% classified  | 0.0/s  ETA 0.7h
[    119/201] SRR2922401  4.6% classified  | 0.0/s  ETA 0.7h
[    120/201] SRR20324131  86.5% classified  | 0.0/s  ETA 0.7h
[    121/201] SRR25015528  68.6% classified  | 0.0/s  ETA 0.7h
[    122/201] SRR11216315  7.3% classified  | 0.0/s  ETA 0.7h
[    123/201] SRR11216300  7.0% classified  | 0.0/s  ETA 0.7h
[    124/201] SRR2517437  77.0% classified  | 0.0/s  ETA 0.7h
[    125/201] SRR38293579  88.4% classified  | 0.0/s  ETA 0.7h
[    126/201] SRR2922434  63.5% classified  | 0.0/s  ETA 0.7h
[    127/201] SRR31514626  85.6% classified  | 0.0/s  ETA 0.7h
[    128/201] SRR33583439  78.0% classified  | 0.0/s  ETA 0.7h
[    129/201] SRR11928839  16.3% classified  | 0.0/s  ETA 0.7h
[    130/201] SRR28544686  95.8% classified  | 0.0/s  ETA 0.7h
[    131/201] SRR33696080  83.2% classified  | 0.0/s  ETA 0.7h
[    132/201] SRR7873464  37.2% classified  | 0.0/s  ETA 0.7h
[    133/201] SRR16930848  48.8% classified  | 0.0/s  ETA 0.6h
[    134/201] SRR27326401  54.3% classified  | 0.0/s  ETA 0.6h
[    135/201] SRR36950012  68.3% classified  | 0.0/s  ETA 0.6h
[    136/201] SRR15141375  75.1% classified  | 0.0/s  ETA 0.6h
[    137/201] SRR8204127  76.3% classified  | 0.0/s  ETA 0.6h
[    138/201] SRR15141158  73.7% classified  | 0.0/s  ETA 0.6h
[    139/201] SRR8204122  80.2% classified  | 0.0/s  ETA 0.6h
[    140/201] SRR24737265  76.4% classified  | 0.0/s  ETA 0.6h
[    141/201] SRR10291782  76.1% classified  | 0.0/s  ETA 0.6h
[    142/201] ERR10886998  83.1% classified  | 0.0/s  ETA 0.6h
[    143/201] ERR10886909  84.5% classified  | 0.0/s  ETA 0.6h
[    144/201] ERR10886921  84.0% classified  | 0.0/s  ETA 0.6h
[    145/201] ERR10886982  82.8% classified  | 0.0/s  ETA 0.6h
[    146/201] SRR31278110  77.4% classified  | 0.0/s  ETA 0.6h
[    147/201] ERR10886986  86.7% classified  | 0.0/s  ETA 0.5h
[    148/201] SRR8418260  43.7% classified  | 0.0/s  ETA 0.5h
[    149/201] SRR8418322  44.4% classified  | 0.0/s  ETA 0.5h
[    150/201] SRR8418371  62.5% classified  | 0.0/s  ETA 0.5h
[    151/201] SRR8418303  65.4% classified  | 0.0/s  ETA 0.5h
[    152/201] SRR30673023  86.2% classified  | 0.0/s  ETA 0.5h
[    153/201] ERR7421537  62.0% classified  | 0.0/s  ETA 0.5h
[    154/201] SRR20999596  72.2% classified  | 0.0/s  ETA 0.5h
[    155/201] ERR7421530  70.0% classified  | 0.0/s  ETA 0.5h
[    156/201] SRR32959953  82.0% classified  | 0.0/s  ETA 0.5h
[    157/201] ERR10926635  87.8% classified  | 0.0/s  ETA 0.5h
[    158/201] SRR36367319  62.9% classified  | 0.0/s  ETA 0.5h
[    159/201] SRR36292458  59.5% classified  | 0.0/s  ETA 0.5h
[    160/201] SRR36292481  59.6% classified  | 0.0/s  ETA 0.4h
[    161/201] SRR22142944  61.0% classified  | 0.0/s  ETA 0.4h
[    162/201] SRR36292473  61.9% classified  | 0.0/s  ETA 0.4h
[    163/201] SRR36910214  26.4% classified  | 0.0/s  ETA 0.4h
[    164/201] SRR34300172  27.8% classified  | 0.0/s  ETA 0.4h
[    165/201] SRR34300108  29.2% classified  | 0.0/s  ETA 0.4h
[    166/201] SRR36910268  28.2% classified  | 0.0/s  ETA 0.4h
[    167/201] SRR34300119  28.1% classified  | 0.0/s  ETA 0.4h
[    168/201] SRR34300117  29.4% classified  | 0.0/s  ETA 0.4h
[    169/201] SRR3537158  83.6% classified  | 0.0/s  ETA 0.3h
[    170/201] SRR36367284  56.3% classified  | 0.0/s  ETA 0.3h
[    171/201] SRR36910224  24.8% classified  | 0.0/s  ETA 0.3h
[    172/201] SRR6279324  87.5% classified  | 0.0/s  ETA 0.3h
[    173/201] SRR36292488  64.5% classified  | 0.0/s  ETA 0.3h
[    174/201] SRR10053818  79.7% classified  | 0.0/s  ETA 0.3h
[    175/201] SRR25969033  90.4% classified  | 0.0/s  ETA 0.3h
[    176/201] SRR11497260  78.7% classified  | 0.0/s  ETA 0.3h
[    177/201] SRR8984108  80.2% classified  | 0.0/s  ETA 0.3h
[    178/201] SRR30126660  86.6% classified  | 0.0/s  ETA 0.2h
[    179/201] SRR8984110  78.5% classified  | 0.0/s  ETA 0.2h
[    180/201] SRR25662789  85.4% classified  | 0.0/s  ETA 0.2h
[    181/201] SRR8568982  84.3% classified  | 0.0/s  ETA 0.2h
[    182/201] SRR6039732  75.7% classified  | 0.0/s  ETA 0.2h
[    183/201] SRR6039733  90.7% classified  | 0.0/s  ETA 0.2h
[    184/201] SRR21796867  88.0% classified  | 0.0/s  ETA 0.2h
[    185/201] SRR15833440  75.0% classified  | 0.0/s  ETA 0.2h
[    186/201] SRR13386512  72.0% classified  | 0.0/s  ETA 0.2h
[    187/201] SRR32467363  86.7% classified  | 0.0/s  ETA 0.2h
[    188/201] SRR14224163  82.3% classified  | 0.0/s  ETA 0.1h
[    189/201] SRR7526695  73.8% classified  | 0.0/s  ETA 0.1h
[    190/201] SRR12772431  83.3% classified  | 0.0/s  ETA 0.1h
[    191/201] SRR12998707  83.1% classified  | 0.0/s  ETA 0.1h
[    192/201] SRR10189449  63.2% classified  | 0.0/s  ETA 0.1h
[    193/201] SRR31204180  88.6% classified  | 0.0/s  ETA 0.1h
[    194/201] SRR36610582  88.3% classified  | 0.0/s  ETA 0.1h
[    195/201] SRR31851391  81.1% classified  | 0.0/s  ETA 0.1h
[    196/201] SRR3724108  77.3% classified  | 0.0/s  ETA 0.1h
[    197/201] SRR15901536  48.8% classified  | 0.0/s  ETA 0.0h
[    198/201] SRR1284053  60.2% classified  | 0.0/s  ETA 0.0h
[    199/201] SRR3724079  80.2% classified  | 0.0/s  ETA 0.0h
[    200/201] SRR1774244  79.4% classified  | 0.0/s  ETA 0.0h
[    201/201] ERR2027121  69.0% classified  | 0.0/s  ETA 0.0h

── Summary ────────────────────────────────────────
  Classified: 200
  Errors:     1
  Elapsed:    2.3h
  Cache:      kraken/assign/data/kraken_cache.jsonl
