  [skip] scripts/pilot/refs/pst.rna.fa exists
  [skip] scripts/pilot/refs/pgt.rna.fa exists
  [skip] scripts/pilot/refs/por.rna.fa exists
  [skip] scripts/pilot/indices/pst.idx exists
  [skip] scripts/pilot/indices/pgt.idx exists
  [skip] scripts/pilot/indices/por.idx exists

[1/45] ERR4421882  org=pst  tier=zero  stat_euk_pct=0.0
  fetching ERR4421882 (first 100,000 reads) ...
  streaming ERR4421882_1.fastq.gz ...
  26 MB downloaded
  kallisto quant (26 MB) ...
  $ kallisto quant -i scripts/pilot/indices/pst.idx -o scripts/pilot/quant/ERR4421882 --single -l 200 -s 20 scripts/pilot/reads/ERR4421882.fastq
  → kallisto pseudoalignment: 63.2%

[2/45] ERR4315255  org=pst  tier=zero  stat_euk_pct=0.0
  fetching ERR4315255 (first 100,000 reads) ...
  streaming ERR4315255_1.fastq.gz ...
  26 MB downloaded
  kallisto quant (26 MB) ...
  $ kallisto quant -i scripts/pilot/indices/pst.idx -o scripts/pilot/quant/ERR4315255 --single -l 200 -s 20 scripts/pilot/reads/ERR4315255.fastq
  → kallisto pseudoalignment: 31.1%

[3/45] SRR33330098  org=pst  tier=zero  stat_euk_pct=0.0
  fetching SRR33330098 (first 100,000 reads) ...
  streaming SRR33330098_1.fastq.gz ...
  36 MB downloaded
  kallisto quant (36 MB) ...
  $ kallisto quant -i scripts/pilot/indices/pst.idx -o scripts/pilot/quant/SRR33330098 --single -l 200 -s 20 scripts/pilot/reads/SRR33330098.fastq
  → kallisto pseudoalignment: 0.1%

[4/45] SRR9185093  org=pst  tier=zero  stat_euk_pct=0.0
  fetching SRR9185093 (first 100,000 reads) ...
  streaming SRR9185093_1.fastq.gz ...
  23 MB downloaded
  kallisto quant (23 MB) ...
  $ kallisto quant -i scripts/pilot/indices/pst.idx -o scripts/pilot/quant/SRR9185093 --single -l 200 -s 20 scripts/pilot/reads/SRR9185093.fastq
  → kallisto pseudoalignment: 0.3%

[5/45] ERR8571419  org=pst  tier=zero  stat_euk_pct=0.0
  fetching ERR8571419 (first 100,000 reads) ...
  streaming ERR8571419_1.fastq.gz ...
  37 MB downloaded
  kallisto quant (37 MB) ...
  $ kallisto quant -i scripts/pilot/indices/pst.idx -o scripts/pilot/quant/ERR8571419 --single -l 200 -s 20 scripts/pilot/reads/ERR8571419.fastq
  → kallisto pseudoalignment: 0.4%

[6/45] SRR10406083  org=pst  tier=low  stat_euk_pct=0.71
  fetching SRR10406083 (first 100,000 reads) ...
  streaming SRR10406083_1.fastq.gz ...
  22 MB downloaded
  kallisto quant (22 MB) ...
  $ kallisto quant -i scripts/pilot/indices/pst.idx -o scripts/pilot/quant/SRR10406083 --single -l 200 -s 20 scripts/pilot/reads/SRR10406083.fastq
  → kallisto pseudoalignment: 5.3%

[7/45] ERR4421881  org=pst  tier=low  stat_euk_pct=0.25
  fetching ERR4421881 (first 100,000 reads) ...
  streaming ERR4421881_1.fastq.gz ...
  26 MB downloaded
  kallisto quant (26 MB) ...
  $ kallisto quant -i scripts/pilot/indices/pst.idx -o scripts/pilot/quant/ERR4421881 --single -l 200 -s 20 scripts/pilot/reads/ERR4421881.fastq
  → kallisto pseudoalignment: 65.4%

[8/45] SRR15357733  org=pst  tier=low  stat_euk_pct=0.12
  fetching SRR15357733 (first 100,000 reads) ...
  streaming SRR15357733_1.fastq.gz ...
  33 MB downloaded
  kallisto quant (33 MB) ...
  $ kallisto quant -i scripts/pilot/indices/pst.idx -o scripts/pilot/quant/SRR15357733 --single -l 200 -s 20 scripts/pilot/reads/SRR15357733.fastq
  → kallisto pseudoalignment: 2.3%

[9/45] ERR3856820  org=pst  tier=low  stat_euk_pct=0.57
  fetching ERR3856820 (first 100,000 reads) ...
  streaming ERR3856820_1.fastq.gz ...
  26 MB downloaded
  kallisto quant (26 MB) ...
  $ kallisto quant -i scripts/pilot/indices/pst.idx -o scripts/pilot/quant/ERR3856820 --single -l 200 -s 20 scripts/pilot/reads/ERR3856820.fastq
  → kallisto pseudoalignment: 44.7%

[10/45] ERR4315412  org=pst  tier=low  stat_euk_pct=0.48
  fetching ERR4315412 (first 100,000 reads) ...
  streaming ERR4315412_1.fastq.gz ...
  37 MB downloaded
  kallisto quant (37 MB) ...
  $ kallisto quant -i scripts/pilot/indices/pst.idx -o scripts/pilot/quant/ERR4315412 --single -l 200 -s 20 scripts/pilot/reads/ERR4315412.fastq
  → kallisto pseudoalignment: 7.6%

[11/45] SRR9185094  org=pst  tier=high  stat_euk_pct=1.07
  fetching SRR9185094 (first 100,000 reads) ...
  streaming SRR9185094_1.fastq.gz ...
  23 MB downloaded
  kallisto quant (23 MB) ...
  $ kallisto quant -i scripts/pilot/indices/pst.idx -o scripts/pilot/quant/SRR9185094 --single -l 200 -s 20 scripts/pilot/reads/SRR9185094.fastq
  → kallisto pseudoalignment: 22.8%

[12/45] ERR7430038  org=pst  tier=high  stat_euk_pct=18.36
  fetching ERR7430038 (first 100,000 reads) ...
  streaming ERR7430038_1.fastq.gz ...
  36 MB downloaded
  kallisto quant (36 MB) ...
  $ kallisto quant -i scripts/pilot/indices/pst.idx -o scripts/pilot/quant/ERR7430038 --single -l 200 -s 20 scripts/pilot/reads/ERR7430038.fastq
  → kallisto pseudoalignment: 24.3%

[13/45] SRR32620577  org=pst  tier=high  stat_euk_pct=51.93
  fetching SRR32620577 (first 100,000 reads) ...
  streaming SRR32620577_1.fastq.gz ...
  34 MB downloaded
  kallisto quant (34 MB) ...
  $ kallisto quant -i scripts/pilot/indices/pst.idx -o scripts/pilot/quant/SRR32620577 --single -l 200 -s 20 scripts/pilot/reads/SRR32620577.fastq
  → kallisto pseudoalignment: 54.2%

[14/45] ERR13340223  org=pst  tier=high  stat_euk_pct=42.19
  fetching ERR13340223 (first 100,000 reads) ...
  streaming ERR13340223_1.fastq.gz ...
  36 MB downloaded
  kallisto quant (36 MB) ...
  $ kallisto quant -i scripts/pilot/indices/pst.idx -o scripts/pilot/quant/ERR13340223 --single -l 200 -s 20 scripts/pilot/reads/ERR13340223.fastq
  → kallisto pseudoalignment: 34.5%

[15/45] SRR1576668  org=pst  tier=high  stat_euk_pct=22.97
  fetching SRR1576668 (first 100,000 reads) ...
  streaming SRR1576668_1.fastq.gz ...
  26 MB downloaded
  kallisto quant (26 MB) ...
  $ kallisto quant -i scripts/pilot/indices/pst.idx -o scripts/pilot/quant/SRR1576668 --single -l 200 -s 20 scripts/pilot/reads/SRR1576668.fastq
  → kallisto pseudoalignment: 21.0%

[16/45] SRR6242050  org=pgt  tier=zero  stat_euk_pct=0.0
  fetching SRR6242050 (first 100,000 reads) ...
  streaming SRR6242050.fastq.gz ...
  26 MB downloaded
  kallisto quant (26 MB) ...
  $ kallisto quant -i scripts/pilot/indices/pgt.idx -o scripts/pilot/quant/SRR6242050 --single -l 200 -s 20 scripts/pilot/reads/SRR6242050.fastq
  → kallisto pseudoalignment: 0.2%

[17/45] SRR5010605  org=pgt  tier=zero  stat_euk_pct=0.0
  fetching SRR5010605 (first 100,000 reads) ...
  streaming SRR5010605.fastq.gz ...
  22 MB downloaded
  kallisto quant (22 MB) ...
  $ kallisto quant -i scripts/pilot/indices/pgt.idx -o scripts/pilot/quant/SRR5010605 --single -l 200 -s 20 scripts/pilot/reads/SRR5010605.fastq
  → kallisto pseudoalignment: 7.0%

[18/45] SRR6242041  org=pgt  tier=zero  stat_euk_pct=0.0
  fetching SRR6242041 (first 100,000 reads) ...
  streaming SRR6242041.fastq.gz ...
  26 MB downloaded
  kallisto quant (26 MB) ...
  $ kallisto quant -i scripts/pilot/indices/pgt.idx -o scripts/pilot/quant/SRR6242041 --single -l 200 -s 20 scripts/pilot/reads/SRR6242041.fastq
  → kallisto pseudoalignment: 0.2%

[19/45] SRR5010592  org=pgt  tier=zero  stat_euk_pct=0.0
  fetching SRR5010592 (first 100,000 reads) ...
  streaming SRR5010592.fastq.gz ...
  21 MB downloaded
  kallisto quant (21 MB) ...
  $ kallisto quant -i scripts/pilot/indices/pgt.idx -o scripts/pilot/quant/SRR5010592 --single -l 200 -s 20 scripts/pilot/reads/SRR5010592.fastq
  → kallisto pseudoalignment: 0.3%

[20/45] SRR6242052  org=pgt  tier=zero  stat_euk_pct=0.0
  fetching SRR6242052 (first 100,000 reads) ...
  streaming SRR6242052.fastq.gz ...
  26 MB downloaded
  kallisto quant (26 MB) ...
  $ kallisto quant -i scripts/pilot/indices/pgt.idx -o scripts/pilot/quant/SRR6242052 --single -l 200 -s 20 scripts/pilot/reads/SRR6242052.fastq
  → kallisto pseudoalignment: 0.3%

[21/45] SRR5010572  org=pgt  tier=low  stat_euk_pct=0.33
  fetching SRR5010572 (first 100,000 reads) ...
  streaming SRR5010572.fastq.gz ...
  21 MB downloaded
  kallisto quant (21 MB) ...
  $ kallisto quant -i scripts/pilot/indices/pgt.idx -o scripts/pilot/quant/SRR5010572 --single -l 200 -s 20 scripts/pilot/reads/SRR5010572.fastq
  → kallisto pseudoalignment: 0.6%

[22/45] SRR3233296  org=pgt  tier=low  stat_euk_pct=0.22
  fetching SRR3233296 (first 100,000 reads) ...
  streaming SRR3233296_1.fastq.gz ...
  23 MB downloaded
  kallisto quant (23 MB) ...
  $ kallisto quant -i scripts/pilot/indices/pgt.idx -o scripts/pilot/quant/SRR3233296 --single -l 200 -s 20 scripts/pilot/reads/SRR3233296.fastq
  → kallisto pseudoalignment: 0.4%

[23/45] SRR6242055  org=pgt  tier=low  stat_euk_pct=0.23
  fetching SRR6242055 (first 100,000 reads) ...
  streaming SRR6242055.fastq.gz ...
  26 MB downloaded
  kallisto quant (26 MB) ...
  $ kallisto quant -i scripts/pilot/indices/pgt.idx -o scripts/pilot/quant/SRR6242055 --single -l 200 -s 20 scripts/pilot/reads/SRR6242055.fastq
  → kallisto pseudoalignment: 0.5%

[24/45] SRR5010600  org=pgt  tier=low  stat_euk_pct=0.56
  fetching SRR5010600 (first 100,000 reads) ...
  streaming SRR5010600.fastq.gz ...
  21 MB downloaded
  kallisto quant (21 MB) ...
  $ kallisto quant -i scripts/pilot/indices/pgt.idx -o scripts/pilot/quant/SRR5010600 --single -l 200 -s 20 scripts/pilot/reads/SRR5010600.fastq
  → kallisto pseudoalignment: 1.0%

[25/45] SRR5010591  org=pgt  tier=low  stat_euk_pct=0.5
  fetching SRR5010591 (first 100,000 reads) ...
  streaming SRR5010591.fastq.gz ...
  22 MB downloaded
  kallisto quant (22 MB) ...
  $ kallisto quant -i scripts/pilot/indices/pgt.idx -o scripts/pilot/quant/SRR5010591 --single -l 200 -s 20 scripts/pilot/reads/SRR5010591.fastq
  → kallisto pseudoalignment: 0.9%

[26/45] SRR34575230  org=pgt  tier=high  stat_euk_pct=50.78
  fetching SRR34575230 (first 100,000 reads) ...
  streaming SRR34575230_1.fastq.gz ...
  35 MB downloaded
  kallisto quant (35 MB) ...
  $ kallisto quant -i scripts/pilot/indices/pgt.idx -o scripts/pilot/quant/SRR34575230 --single -l 200 -s 20 scripts/pilot/reads/SRR34575230.fastq
  → kallisto pseudoalignment: 55.5%

[27/45] ERR6847894  org=pgt  tier=high  stat_euk_pct=36.81
  fetching ERR6847894 (first 100,000 reads) ...
  streaming ERR6847894_1.fastq.gz ...
  35 MB downloaded
  kallisto quant (35 MB) ...
  $ kallisto quant -i scripts/pilot/indices/pgt.idx -o scripts/pilot/quant/ERR6847894 --single -l 200 -s 20 scripts/pilot/reads/ERR6847894.fastq
  → kallisto pseudoalignment: 34.5%

[28/45] SRR5010603  org=pgt  tier=high  stat_euk_pct=2.26
  fetching SRR5010603 (first 100,000 reads) ...
  streaming SRR5010603.fastq.gz ...
  22 MB downloaded
  kallisto quant (22 MB) ...
  $ kallisto quant -i scripts/pilot/indices/pgt.idx -o scripts/pilot/quant/SRR5010603 --single -l 200 -s 20 scripts/pilot/reads/SRR5010603.fastq
  → kallisto pseudoalignment: 3.6%

[29/45] ERR12013048  org=pgt  tier=high  stat_euk_pct=51.48
  fetching ERR12013048 (first 100,000 reads) ...
  streaming ERR12013048_1.fastq.gz ...
  36 MB downloaded
  kallisto quant (36 MB) ...
  $ kallisto quant -i scripts/pilot/indices/pgt.idx -o scripts/pilot/quant/ERR12013048 --single -l 200 -s 20 scripts/pilot/reads/ERR12013048.fastq
  → kallisto pseudoalignment: 44.0%

[30/45] ERR2099149  org=pgt  tier=high  stat_euk_pct=61.39
  fetching ERR2099149 (first 100,000 reads) ...
  streaming ERR2099149_1.fastq.gz ...
  26 MB downloaded
  kallisto quant (26 MB) ...
  $ kallisto quant -i scripts/pilot/indices/pgt.idx -o scripts/pilot/quant/ERR2099149 --single -l 200 -s 20 scripts/pilot/reads/ERR2099149.fastq
  → kallisto pseudoalignment: 70.4%

[31/45] ERR5928204  org=por  tier=zero  stat_euk_pct=0.0
  fetching ERR5928204 (first 100,000 reads) ...
  streaming ERR5928204_1.fastq.gz ...
  26 MB downloaded
  kallisto quant (26 MB) ...
  $ kallisto quant -i scripts/pilot/indices/por.idx -o scripts/pilot/quant/ERR5928204 --single -l 200 -s 20 scripts/pilot/reads/ERR5928204.fastq
  → kallisto pseudoalignment: 0.2%

[32/45] SRR3657378  org=por  tier=zero  stat_euk_pct=0.0
  fetching SRR3657378 (first 100,000 reads) ...
  streaming SRR3657378.fastq.gz ...
  15 MB downloaded
  kallisto quant (15 MB) ...
  $ kallisto quant -i scripts/pilot/indices/por.idx -o scripts/pilot/quant/SRR3657378 --single -l 200 -s 20 scripts/pilot/reads/SRR3657378.fastq
  → kallisto pseudoalignment: 0.1%

[33/45] SRR34026577  org=por  tier=zero  stat_euk_pct=0.0
  fetching SRR34026577 (first 100,000 reads) ...
  streaming SRR34026577_1.fastq.gz ...
  21 MB downloaded
  kallisto quant (21 MB) ...
  $ kallisto quant -i scripts/pilot/indices/por.idx -o scripts/pilot/quant/SRR34026577 --single -l 200 -s 20 scripts/pilot/reads/SRR34026577.fastq
  → kallisto pseudoalignment: 1.1%

[34/45] SRR8718829  org=por  tier=zero  stat_euk_pct=0.0
  fetching SRR8718829 (first 100,000 reads) ...
  streaming SRR8718829_1.fastq.gz ...
  32 MB downloaded
  kallisto quant (32 MB) ...
  $ kallisto quant -i scripts/pilot/indices/por.idx -o scripts/pilot/quant/SRR8718829 --single -l 200 -s 20 scripts/pilot/reads/SRR8718829.fastq
  → kallisto pseudoalignment: 0.1%

[35/45] ERR5928199  org=por  tier=zero  stat_euk_pct=0.0
  fetching ERR5928199 (first 100,000 reads) ...
  streaming ERR5928199_1.fastq.gz ...
  26 MB downloaded
  kallisto quant (26 MB) ...
  $ kallisto quant -i scripts/pilot/indices/por.idx -o scripts/pilot/quant/ERR5928199 --single -l 200 -s 20 scripts/pilot/reads/ERR5928199.fastq
  → kallisto pseudoalignment: 0.1%

[36/45] SRR19648077  org=por  tier=low  stat_euk_pct=0.21
  fetching SRR19648077 (first 100,000 reads) ...
  streaming SRR19648077.fastq.gz ...
  13 MB downloaded
  kallisto quant (13 MB) ...
  $ kallisto quant -i scripts/pilot/indices/por.idx -o scripts/pilot/quant/SRR19648077 --single -l 200 -s 20 scripts/pilot/reads/SRR19648077.fastq
  → kallisto pseudoalignment: 0.8%

[37/45] SRR8718808  org=por  tier=low  stat_euk_pct=0.11
  fetching SRR8718808 (first 100,000 reads) ...
  streaming SRR8718808_1.fastq.gz ...
  32 MB downloaded
  kallisto quant (32 MB) ...
  $ kallisto quant -i scripts/pilot/indices/por.idx -o scripts/pilot/quant/SRR8718808 --single -l 200 -s 20 scripts/pilot/reads/SRR8718808.fastq
  → kallisto pseudoalignment: 0.1%

[38/45] ERR9860267  org=por  tier=low  stat_euk_pct=0.72
  fetching ERR9860267 (first 100,000 reads) ...
  streaming ERR9860267_1.fastq.gz ...
  36 MB downloaded
  kallisto quant (36 MB) ...
  $ kallisto quant -i scripts/pilot/indices/por.idx -o scripts/pilot/quant/ERR9860267 --single -l 200 -s 20 scripts/pilot/reads/ERR9860267.fastq
  → kallisto pseudoalignment: 0.8%

[39/45] DRR195594  org=por  tier=low  stat_euk_pct=0.89
  fetching DRR195594 (first 100,000 reads) ...
  streaming DRR195594.fastq.gz ...
  17 MB downloaded
  kallisto quant (17 MB) ...
  $ kallisto quant -i scripts/pilot/indices/por.idx -o scripts/pilot/quant/DRR195594 --single -l 200 -s 20 scripts/pilot/reads/DRR195594.fastq
  → kallisto pseudoalignment: 1.3%

[40/45] DRR477884  org=por  tier=low  stat_euk_pct=0.86
  fetching DRR477884 (first 100,000 reads) ...
  streaming DRR477884_1.fastq.gz ...
  26 MB downloaded
  kallisto quant (26 MB) ...
  $ kallisto quant -i scripts/pilot/indices/por.idx -o scripts/pilot/quant/DRR477884 --single -l 200 -s 20 scripts/pilot/reads/DRR477884.fastq
  → kallisto pseudoalignment: 0.9%

[41/45] SRR9127602  org=por  tier=high  stat_euk_pct=8.01
  fetching SRR9127602 (first 100,000 reads) ...
  streaming SRR9127602.fastq.gz ...
  19 MB downloaded
  kallisto quant (19 MB) ...
  $ kallisto quant -i scripts/pilot/indices/por.idx -o scripts/pilot/quant/SRR9127602 --single -l 200 -s 20 scripts/pilot/reads/SRR9127602.fastq
  → kallisto pseudoalignment: 9.2%

[42/45] DRR477885  org=por  tier=high  stat_euk_pct=2.08
  fetching DRR477885 (first 100,000 reads) ...
  streaming DRR477885_1.fastq.gz ...
  26 MB downloaded
  kallisto quant (26 MB) ...
  $ kallisto quant -i scripts/pilot/indices/por.idx -o scripts/pilot/quant/DRR477885 --single -l 200 -s 20 scripts/pilot/reads/DRR477885.fastq
  → kallisto pseudoalignment: 2.0%

[43/45] SRR12319310  org=por  tier=high  stat_euk_pct=28.37
  fetching SRR12319310 (first 100,000 reads) ...
  streaming SRR12319310.fastq.gz ...
  17 MB downloaded
  kallisto quant (17 MB) ...
  $ kallisto quant -i scripts/pilot/indices/por.idx -o scripts/pilot/quant/SRR12319310 --single -l 200 -s 20 scripts/pilot/reads/SRR12319310.fastq
  → kallisto pseudoalignment: 43.6%

[44/45] SRR6286283  org=por  tier=high  stat_euk_pct=1.7
  fetching SRR6286283 (first 100,000 reads) ...
  streaming SRR6286283_1.fastq.gz ...
  31 MB downloaded
  kallisto quant (31 MB) ...
  $ kallisto quant -i scripts/pilot/indices/por.idx -o scripts/pilot/quant/SRR6286283 --single -l 200 -s 20 scripts/pilot/reads/SRR6286283.fastq
  → kallisto pseudoalignment: 2.0%

[45/45] ERR5928159  org=por  tier=high  stat_euk_pct=18.66
  fetching ERR5928159 (first 100,000 reads) ...
  streaming ERR5928159_1.fastq.gz ...
  26 MB downloaded
  kallisto quant (26 MB) ...
  $ kallisto quant -i scripts/pilot/indices/por.idx -o scripts/pilot/quant/ERR5928159 --single -l 200 -s 20 scripts/pilot/reads/ERR5928159.fastq
  → kallisto pseudoalignment: 18.6%

── Summary ──────────────────────────────────────────────────────
Organism                                 Tier    STAT euk%  Kallisto%
----------------------------------------------------------------------
Puccinia striiformis f. sp. tritici      zero          0.0      63.200
Puccinia striiformis f. sp. tritici      zero          0.0      31.100
Puccinia striiformis f. sp. tritici      zero          0.0       0.100
Puccinia striiformis f. sp. tritici      zero          0.0       0.300
Puccinia striiformis f. sp. tritici      zero          0.0       0.400
Puccinia striiformis f. sp. tritici      low          0.71       5.300
Puccinia striiformis f. sp. tritici      low          0.25      65.400
Puccinia striiformis f. sp. tritici      low          0.12       2.300
Puccinia striiformis f. sp. tritici      low          0.57      44.700
Puccinia striiformis f. sp. tritici      low          0.48       7.600
Puccinia striiformis f. sp. tritici      high         1.07      22.800
Puccinia striiformis f. sp. tritici      high        18.36      24.300
Puccinia striiformis f. sp. tritici      high        51.93      54.200
Puccinia striiformis f. sp. tritici      high        42.19      34.500
Puccinia striiformis f. sp. tritici      high        22.97      21.000
Puccinia graminis f. sp. tritici         zero          0.0       0.200
Puccinia graminis f. sp. tritici         zero          0.0       7.000
Puccinia graminis f. sp. tritici         zero          0.0       0.200
Puccinia graminis f. sp. tritici         zero          0.0       0.300
Puccinia graminis f. sp. tritici         zero          0.0       0.300
Puccinia graminis f. sp. tritici         low          0.33       0.600
Puccinia graminis f. sp. tritici         low          0.22       0.400
Puccinia graminis f. sp. tritici         low          0.23       0.500
Puccinia graminis f. sp. tritici         low          0.56       1.000
Puccinia graminis f. sp. tritici         low           0.5       0.900
Puccinia graminis f. sp. tritici         high        50.78      55.500
Puccinia graminis f. sp. tritici         high        36.81      34.500
Puccinia graminis f. sp. tritici         high         2.26       3.600
Puccinia graminis f. sp. tritici         high        51.48      44.000
Puccinia graminis f. sp. tritici         high        61.39      70.400
Pyricularia oryzae                       zero          0.0       0.200
Pyricularia oryzae                       zero          0.0       0.100
Pyricularia oryzae                       zero          0.0       1.100
Pyricularia oryzae                       zero          0.0       0.100
Pyricularia oryzae                       zero          0.0       0.100
Pyricularia oryzae                       low          0.21       0.800
Pyricularia oryzae                       low          0.11       0.100
Pyricularia oryzae                       low          0.72       0.800
Pyricularia oryzae                       low          0.89       1.300
Pyricularia oryzae                       low          0.86       0.900
Pyricularia oryzae                       high         8.01       9.200
Pyricularia oryzae                       high         2.08       2.000
Pyricularia oryzae                       high        28.37      43.600
Pyricularia oryzae                       high          1.7       2.000
Pyricularia oryzae                       high        18.66      18.600

Results written: scripts/pilot/results.tsv
