Reads read from: kraken/select/data/reads
Raw kraken2 reports will be saved to: kraken/assign/data/reports
Loaded 3,225 runs from kraken/select/data/run_list.tsv (filters: none)
Array task 6/16: 201 runs assigned

Total runs: 3,225 | Already done: 16 | Remaining: 201
Settings: confidence=0.15, min_hit_groups=3, workers=4, kraken_threads=8
DB: kraken/build/data/db_v3
Tmp: /scratch/fl3/llenzo/kraken_tmp

[      1/201] ERR3170261  76.3% classified  | 0.0/s  ETA 8.5h
[      2/201] ERR3170198  ERR([Errno 2] No such file or directory: '/scratch/fl3/llenzo/kraken_tmp/ERR3170198')  | 0.0/s  ETA 4.5h
[      3/201] ERR3170264  77.8% classified  | 0.0/s  ETA 3.4h
[      4/201] ERR3188468  79.6% classified  | 0.0/s  ETA 2.7h
[      5/201] ERR3170267  ERR([Errno 2] No such file or directory: '/scratch/fl3/llenzo/kraken_tmp/ERR3170267')  | 0.0/s  ETA 3.0h
[      6/201] ERR3170213  ERR([Errno 2] No such file or directory: '/scratch/fl3/llenzo/kraken_tmp/ERR3170213')  | 0.0/s  ETA 2.5h
[      7/201] ERR3170231  ERR([Errno 2] No such file or directory: '/scratch/fl3/llenzo/kraken_tmp/ERR3170231')  | 0.0/s  ETA 2.2h
[      8/201] ERR4315679  72.8% classified  | 0.0/s  ETA 2.0h
[      9/201] ERR3170186  ERR([Errno 2] No such file or directory: '/scratch/fl3/llenzo/kraken_tmp/ERR3170186')  | 0.0/s  ETA 1.9h
[     10/201] ERR1607782  ERR([Errno 2] No such file or directory: '/scratch/fl3/llenzo/kraken_tmp/ERR1607782')  | 0.0/s  ETA 2.1h
[     11/201] ERR1607755  ERR([Errno 2] No such file or directory: '/scratch/fl3/llenzo/kraken_tmp/ERR1607755')  | 0.0/s  ETA 2.0h
[     12/201] ERR1607738  ERR([Errno 2] No such file or directory: '/scratch/fl3/llenzo/kraken_tmp/ERR1607738')  | 0.0/s  ETA 1.9h
[     13/201] ERR1607810  79.7% classified  | 0.0/s  ETA 1.8h
[     14/201] ERR1607808  82.8% classified  | 0.0/s  ETA 1.9h
[     15/201] ERR1607748  89.4% classified  | 0.0/s  ETA 1.8h
[     16/201] ERR15005509  69.4% classified  | 0.0/s  ETA 2.0h
[     17/201] ERR1607734  82.8% classified  | 0.0/s  ETA 1.8h
[     18/201] ERR15005524  84.4% classified  | 0.0/s  ETA 2.0h
[     19/201] ERR15005532  73.1% classified  | 0.0/s  ETA 1.8h
[     20/201] ERR15005502  61.6% classified  | 0.0/s  ETA 1.8h
[     21/201] ERR15005492  68.3% classified  | 0.0/s  ETA 1.8h
[     22/201] ERR12013050  76.3% classified  | 0.0/s  ETA 1.7h
[     23/201] ERR12013027  83.7% classified  | 0.0/s  ETA 1.8h
[     24/201] ERR15005531  75.8% classified  | 0.0/s  ETA 1.7h
[     25/201] ERR6847891  84.2% classified  | 0.0/s  ETA 1.8h
[     26/201] ERR6847874  70.4% classified  | 0.0/s  ETA 1.8h
[     27/201] ERR12013057  66.8% classified  | 0.0/s  ETA 1.7h
[     28/201] SRR29076488  87.0% classified  | 0.0/s  ETA 1.7h
[     29/201] ERR4315280  61.9% classified  | 0.0/s  ETA 1.7h
[     30/201] ERR4315231  79.4% classified  | 0.0/s  ETA 1.7h
[     31/201] ERR4315575  77.8% classified  | 0.0/s  ETA 1.7h
[     32/201] ERR4315242  76.7% classified  | 0.0/s  ETA 1.7h
[     33/201] ERR4315549  79.2% classified  | 0.0/s  ETA 1.7h
[     34/201] ERR4315329  79.6% classified  | 0.0/s  ETA 1.6h
[     35/201] ERR4761819  74.2% classified  | 0.0/s  ETA 1.7h
[     36/201] ERR4315665  72.9% classified  | 0.0/s  ETA 1.6h
[     37/201] ERR4315599  85.8% classified  | 0.0/s  ETA 1.6h
[     38/201] ERR4761827  74.0% classified  | 0.0/s  ETA 1.5h
[     39/201] ERR4315220  61.5% classified  | 0.0/s  ETA 1.6h
[     40/201] ERR4315571  75.0% classified  | 0.0/s  ETA 1.5h
[     41/201] ERR4315486  78.5% classified  | 0.0/s  ETA 1.5h
[     42/201] ERR4761822  81.0% classified  | 0.0/s  ETA 1.4h
[     43/201] ERR4315494  85.1% classified  | 0.0/s  ETA 1.4h
[     44/201] ERR4315496  75.5% classified  | 0.0/s  ETA 1.4h
[     45/201] ERR4315365  82.1% classified  | 0.0/s  ETA 1.4h
[     46/201] ERR4315228  80.2% classified  | 0.0/s  ETA 1.4h
[     47/201] ERR4315384  80.5% classified  | 0.0/s  ETA 1.4h
[     48/201] ERR4315422  77.0% classified  | 0.0/s  ETA 1.4h
[     49/201] ERR4315614  78.5% classified  | 0.0/s  ETA 1.3h
[     50/201] ERR4315368  82.6% classified  | 0.0/s  ETA 1.4h
[     51/201] ERR4315562  82.2% classified  | 0.0/s  ETA 1.3h
[     52/201] ERR4315270  77.5% classified  | 0.0/s  ETA 1.3h
[     53/201] ERR4315659  63.2% classified  | 0.0/s  ETA 1.3h
[     54/201] ERR4315200  83.7% classified  | 0.0/s  ETA 1.3h
[     55/201] ERR4315656  59.3% classified  | 0.0/s  ETA 1.3h
[     56/201] ERR4315262  73.7% classified  | 0.0/s  ETA 1.3h
[     57/201] ERR4315350  82.5% classified  | 0.0/s  ETA 1.2h
[     58/201] ERR4315211  54.3% classified  | 0.0/s  ETA 1.2h
[     59/201] ERR4315478  74.5% classified  | 0.0/s  ETA 1.2h
[     60/201] ERR4315543  87.3% classified  | 0.0/s  ETA 1.2h
[     61/201] ERR4315183  69.2% classified  | 0.0/s  ETA 1.2h
[     62/201] ERR4315299  86.2% classified  | 0.0/s  ETA 1.2h
[     63/201] ERR3383635  82.3% classified  | 0.0/s  ETA 1.3h
[     64/201] SRR24010242  71.9% classified  | 0.0/s  ETA 1.3h
[     65/201] SRR24010236  84.0% classified  | 0.0/s  ETA 1.3h
[     66/201] SRR24010249  78.8% classified  | 0.0/s  ETA 1.3h
[     67/201] ERR3856818  54.6% classified  | 0.0/s  ETA 1.3h
[     68/201] ERR3856816  39.7% classified  | 0.0/s  ETA 1.2h
[     69/201] SRR14386302  92.6% classified  | 0.0/s  ETA 1.2h
[     70/201] ERR3500543  83.8% classified  | 0.0/s  ETA 1.2h
[     71/201] ERR3856832  48.2% classified  | 0.0/s  ETA 1.3h
[     72/201] ERR3500529  83.6% classified  | 0.0/s  ETA 1.3h
[     73/201] SRR8208851  86.8% classified  | 0.0/s  ETA 1.3h
[     74/201] SRR1557259  82.4% classified  | 0.0/s  ETA 1.3h
[     75/201] SRR22139847  84.4% classified  | 0.0/s  ETA 1.3h
[     76/201] ERR3500509  83.8% classified  | 0.0/s  ETA 1.2h
[     77/201] SRR2185185  94.7% classified  | 0.0/s  ETA 1.2h
[     78/201] SRR1583659  86.5% classified  | 0.0/s  ETA 1.2h
[     79/201] SRR391824  70.3% classified  | 0.0/s  ETA 1.2h
[     80/201] SRR1562262  84.1% classified  | 0.0/s  ETA 1.2h
[     81/201] SRR32620581  78.4% classified  | 0.0/s  ETA 1.2h
[     82/201] SRR6242039  57.8% classified  | 0.0/s  ETA 1.2h
[     83/201] SRR12149180  90.3% classified  | 0.0/s  ETA 1.2h
[     84/201] ERR789109  72.9% classified  | 0.0/s  ETA 1.2h
[     85/201] SRR6242051  69.7% classified  | 0.0/s  ETA 1.2h
[     86/201] SRR8718816  91.0% classified  | 0.0/s  ETA 1.2h
[     87/201] SRR8718821  94.7% classified  | 0.0/s  ETA 1.1h
[     88/201] ERR2099149  ERR([Errno 2] No such file or directory: '/scratch/fl3/llenzo/kraken_tmp/ERR2099149')  | 0.0/s  ETA 1.1h
[     89/201] SRR8718795  96.2% classified  | 0.0/s  ETA 1.1h
[     90/201] SRR8718819  95.2% classified  | 0.0/s  ETA 1.1h
[     91/201] ERR13107171  85.0% classified  | 0.0/s  ETA 1.1h
[     92/201] SRR34026568  ERR([Errno 2] No such file or directory: '/scratch/fl3/llenzo/kraken_tmp/SRR34026568')  | 0.0/s  ETA 1.1h
[     93/201] ERR13107141  ERR([Errno 2] No such file or directory: '/scratch/fl3/llenzo/kraken_tmp/ERR13107141')  | 0.0/s  ETA 1.1h
[     94/201] ERR13107216  ERR([Errno 2] No such file or directory: '/scratch/fl3/llenzo/kraken_tmp/ERR13107216')  | 0.0/s  ETA 1.1h
[     95/201] SRR34026584  79.3% classified  | 0.0/s  ETA 1.0h
[     96/201] SRR3750704  ERR([Errno 2] No such file or directory: '/scratch/fl3/llenzo/kraken_tmp/SRR3750704')  | 0.0/s  ETA 1.0h
[     97/201] SRR3750718  87.6% classified  | 0.0/s  ETA 1.0h
[     98/201] SRR2873917  85.6% classified  | 0.0/s  ETA 1.0h
[     99/201] ERR5928157  78.8% classified  | 0.0/s  ETA 1.0h
[    100/201] SRR21195575  85.7% classified  | 0.0/s  ETA 1.0h
[    101/201] ERR5928191  82.8% classified  | 0.0/s  ETA 1.0h
[    102/201] ERR5928188  79.1% classified  | 0.0/s  ETA 1.0h
[    103/201] SRR21195557  86.7% classified  | 0.0/s  ETA 1.0h
[    104/201] ERR5928212  84.7% classified  | 0.0/s  ETA 0.9h
[    105/201] SRR20067739  85.2% classified  | 0.0/s  ETA 0.9h
[    106/201] SRR31200164  91.6% classified  | 0.0/s  ETA 0.9h
[    107/201] SRR14871466  87.0% classified  | 0.0/s  ETA 0.9h
[    108/201] ERR5696217  93.0% classified  | 0.0/s  ETA 0.9h
[    109/201] ERR5696274  91.3% classified  | 0.0/s  ETA 0.9h
[    110/201] SRR1171043  81.2% classified  | 0.0/s  ETA 0.9h
[    111/201] ERR6548364  85.4% classified  | 0.0/s  ETA 0.9h
[    112/201] ERR5696302  92.4% classified  | 0.0/s  ETA 0.9h
[    113/201] ERR5696241  91.7% classified  | 0.0/s  ETA 0.9h
[    114/201] ERR5696271  92.6% classified  | 0.0/s  ETA 0.8h
[    115/201] ERR5696266  91.6% classified  | 0.0/s  ETA 0.8h
[    116/201] ERR5696235  93.7% classified  | 0.0/s  ETA 0.8h
[    117/201] SRR20324127  87.0% classified  | 0.0/s  ETA 0.8h
[    118/201] SRR2922400  4.9% classified  | 0.0/s  ETA 0.8h
[    119/201] SRR20324144  85.2% classified  | 0.0/s  ETA 0.8h
[    120/201] SRR6221904  76.3% classified  | 0.0/s  ETA 0.8h
[    121/201] SRR11216293  ERR([Errno 2] No such file or directory: '/scratch/fl3/llenzo/kraken_tmp/SRR11216293')  | 0.0/s  ETA 0.8h
[    122/201] SRR11216303  7.7% classified  | 0.0/s  ETA 0.8h
[    123/201] SRR2517427  ERR([Errno 2] No such file or directory: '/scratch/fl3/llenzo/kraken_tmp/SRR2517427')  | 0.0/s  ETA 0.8h
[    124/201] SRR31850432  ERR([Errno 2] No such file or directory: '/scratch/fl3/llenzo/kraken_tmp/SRR31850432')  | 0.0/s  ETA 0.8h
[    125/201] SRR7500373  79.0% classified  | 0.0/s  ETA 0.8h
[    126/201] SRR36950013  ERR([Errno 2] No such file or directory: '/scratch/fl3/llenzo/kraken_tmp/SRR36950013')  | 0.0/s  ETA 0.8h
[    127/201] SRR2922436  31.5% classified  | 0.0/s  ETA 0.8h
[    128/201] SRR36634281  ERR([Errno 2] No such file or directory: '/scratch/fl3/llenzo/kraken_tmp/SRR36634281')  | 0.0/s  ETA 0.8h
[    129/201] SRR28475120  59.6% classified  | 0.0/s  ETA 0.8h
[    130/201] SRR23870004  87.6% classified  | 0.0/s  ETA 0.8h
[    131/201] SRR16930839  71.3% classified  | 0.0/s  ETA 0.7h
[    132/201] SRR7873468  9.9% classified  | 0.0/s  ETA 0.7h
[    133/201] SRR27326806  ERR([Errno 2] No such file or directory: '/scratch/fl3/llenzo/kraken_tmp/SRR27326806')  | 0.0/s  ETA 0.7h
[    134/201] SRR15141432  ERR([Errno 2] No such file or directory: '/scratch/fl3/llenzo/kraken_tmp/SRR15141432')  | 0.0/s  ETA 0.7h
[    135/201] SRR8204116  ERR([Errno 2] No such file or directory: '/scratch/fl3/llenzo/kraken_tmp/SRR8204116')  | 0.0/s  ETA 0.7h
[    136/201] SRR15141241  74.6% classified  | 0.0/s  ETA 0.7h
[    137/201] SRR15141405  75.7% classified  | 0.0/s  ETA 0.7h
[    138/201] SRR33696078  ERR([Errno 2] No such file or directory: '/scratch/fl3/llenzo/kraken_tmp/SRR33696078')  | 0.0/s  ETA 0.7h
[    139/201] SRR24737262  ERR([Errno 2] No such file or directory: '/scratch/fl3/llenzo/kraken_tmp/SRR24737262')  | 0.0/s  ETA 0.7h
[    140/201] SRR10291751  ERR([Errno 2] No such file or directory: '/scratch/fl3/llenzo/kraken_tmp/SRR10291751')  | 0.0/s  ETA 0.7h
[    141/201] ERR10887000  ERR([Errno 2] No such file or directory: '/scratch/fl3/llenzo/kraken_tmp/ERR10887000')  | 0.0/s  ETA 0.7h
[    142/201] ERR10886910  ERR([Errno 2] No such file or directory: '/scratch/fl3/llenzo/kraken_tmp/ERR10886910')  | 0.0/s  ETA 0.6h
[    143/201] ERR10886918  82.5% classified  | 0.0/s  ETA 0.7h
[    144/201] ERR10886956  ERR([Errno 2] No such file or directory: '/scratch/fl3/llenzo/kraken_tmp/ERR10886956')  | 0.0/s  ETA 0.6h
[    145/201] ERR10886976  ERR([Errno 2] No such file or directory: '/scratch/fl3/llenzo/kraken_tmp/ERR10886976')  | 0.0/s  ETA 0.6h
[    146/201] SRR30673025  ERR([Errno 2] No such file or directory: '/scratch/fl3/llenzo/kraken_tmp/SRR30673025')  | 0.0/s  ETA 0.6h
[    147/201] SRR8418305  59.0% classified  | 0.0/s  ETA 0.6h
[    148/201] SRR8418244  60.4% classified  | 0.0/s  ETA 0.6h
[    149/201] SRR8418258  43.6% classified  | 0.0/s  ETA 0.6h
[    150/201] SRR8418320  62.5% classified  | 0.0/s  ETA 0.6h
[    151/201] SRR31278112  ERR([Errno 2] No such file or directory: '/scratch/fl3/llenzo/kraken_tmp/SRR31278112')  | 0.0/s  ETA 0.6h
[    152/201] SRR20999593  ERR([Errno 2] No such file or directory: '/scratch/fl3/llenzo/kraken_tmp/SRR20999593')  | 0.0/s  ETA 0.6h
[    153/201] ERR7421532  69.0% classified  | 0.0/s  ETA 0.5h
[    154/201] ERR7421546  70.9% classified  | 0.0/s  ETA 0.5h
[    155/201] SRR31514631  97.4% classified  | 0.0/s  ETA 0.5h
[    156/201] SRR32959934  82.6% classified  | 0.0/s  ETA 0.5h
[    157/201] ERR10926663  87.1% classified  | 0.0/s  ETA 0.5h
[    158/201] SRR22142977  ERR([Errno 2] No such file or directory: '/scratch/fl3/llenzo/kraken_tmp/SRR22142977')  | 0.0/s  ETA 0.5h
[    159/201] SRR36292492  52.1% classified  | 0.0/s  ETA 0.5h
[    160/201] SRR34300137  28.8% classified  | 0.0/s  ETA 0.5h
[    161/201] SRR34300154  23.4% classified  | 0.0/s  ETA 0.5h
[    162/201] SRR36910220  ERR([Errno 2] No such file or directory: '/scratch/fl3/llenzo/kraken_tmp/SRR36910220')  | 0.0/s  ETA 0.5h
[    163/201] SRR34300122  26.3% classified  | 0.0/s  ETA 0.4h
[    164/201] SRR36292447  59.8% classified  | 0.0/s  ETA 0.4h
[    165/201] SRR36367309  67.8% classified  | 0.0/s  ETA 0.4h
[    166/201] SRR36910266  24.5% classified  | 0.0/s  ETA 0.4h
[    167/201] SRR36910200  ERR([Errno 2] No such file or directory: '/scratch/fl3/llenzo/kraken_tmp/SRR36910200')  | 0.0/s  ETA 0.4h
[    168/201] SRR36292444  63.8% classified  | 0.0/s  ETA 0.4h
[    169/201] SRR36292462  63.5% classified  | 0.0/s  ETA 0.4h
[    170/201] SRR3537151  82.5% classified  | 0.0/s  ETA 0.4h
[    171/201] SRR36292445  66.3% classified  | 0.0/s  ETA 0.4h
[    172/201] SRR10053819  77.9% classified  | 0.0/s  ETA 0.3h
[    173/201] SRR36367281  66.8% classified  | 0.0/s  ETA 0.3h
[    174/201] SRR25969007  88.4% classified  | 0.0/s  ETA 0.3h
[    175/201] SRR36015661  94.6% classified  | 0.0/s  ETA 0.3h
[    176/201] SRR11229312  39.9% classified  | 0.0/s  ETA 0.3h
[    177/201] SRR8984119  78.3% classified  | 0.0/s  ETA 0.3h
[    178/201] SRR1975199  66.3% classified  | 0.0/s  ETA 0.3h
[    179/201] SRR8984104  77.5% classified  | 0.0/s  ETA 0.3h
[    180/201] SRR25662792  86.7% classified  | 0.0/s  ETA 0.2h
[    181/201] SRR8569393  81.7% classified  | 0.0/s  ETA 0.2h
[    182/201] SRR6039736  74.7% classified  | 0.0/s  ETA 0.2h
[    183/201] SRR1793834  88.7% classified  | 0.0/s  ETA 0.2h
[    184/201] SRR18064506  20.2% classified  | 0.0/s  ETA 0.2h
[    185/201] SRR21796869  93.2% classified  | 0.0/s  ETA 0.2h
[    186/201] SRR5225796  77.6% classified  | 0.0/s  ETA 0.2h
[    187/201] SRR23704274  89.7% classified  | 0.0/s  ETA 0.2h
[    188/201] SRR17207991  78.8% classified  | 0.0/s  ETA 0.2h
[    189/201] ERR990488  75.3% classified  | 0.0/s  ETA 0.1h
[    190/201] ERR4352131  89.3% classified  | 0.0/s  ETA 0.1h
[    191/201] ERR14823239  94.7% classified  | 0.0/s  ETA 0.1h
[    192/201] SRR15222190  89.8% classified  | 0.0/s  ETA 0.1h
[    193/201] SRR31851395  82.9% classified  | 0.0/s  ETA 0.1h
[    194/201] SRR10189429  83.3% classified  | 0.0/s  ETA 0.1h
[    195/201] SRR22540858  91.3% classified  | 0.0/s  ETA 0.1h
[    196/201] SRR23450840  88.5% classified  | 0.0/s  ETA 0.1h
[    197/201] SRR1284052  60.4% classified  | 0.0/s  ETA 0.0h
[    198/201] SRR14338852  81.9% classified  | 0.0/s  ETA 0.0h
[    199/201] SRR1776521  68.6% classified  | 0.0/s  ETA 0.0h
[    200/201] SRR3724086  71.2% classified  | 0.0/s  ETA 0.0h
[    201/201] SRR35779161  88.6% classified  | 0.0/s  ETA 0.0h

── Summary ────────────────────────────────────────
  Classified: 167
  Errors:     34
  Elapsed:    2.4h
  Cache:      kraken/assign/data/kraken_cache.jsonl
