Reads read from: kraken/select/data/reads
Raw kraken2 reports will be saved to: kraken/assign/data/reports
Loaded 3,225 runs from kraken/select/data/run_list.tsv (filters: none)
Array task 6/16: 202 runs in slice, 0 already done, 202 to do

Total runs: 3,225 | Already done: 0 | Remaining: 202
Settings: confidence=0.15, min_hit_groups=3, workers=4, kraken_threads=8
DB: kraken/build/data/db_v3
Tmp: /scratch/pawsey1168/llenzo/kraken_tmp

[      1/202] ERR3170244  82.4% classified  | 0.0/s  ETA 5.8h
[      2/202] ERR3188475  79.5% classified  | 0.0/s  ETA 3.1h
[      3/202] ERR3188439  81.0% classified  | 0.0/s  ETA 2.4h
[      4/202] ERR3188451  77.4% classified  | 0.0/s  ETA 2.0h
[      5/202] ERR3170225  81.0% classified  | 0.0/s  ETA 2.6h
[      6/202] ERR3188435  79.6% classified  | 0.0/s  ETA 2.2h
[      7/202] ERR3170267  77.0% classified  | 0.0/s  ETA 1.9h
[      8/202] ERR3170211  82.2% classified  | 0.0/s  ETA 1.7h
[      9/202] ERR4315679  72.8% classified  | 0.0/s  ETA 1.7h
[     10/202] ERR1607755  78.8% classified  | 0.0/s  ETA 2.2h
[     11/202] ERR3170186  79.2% classified  | 0.0/s  ETA 2.1h
[     12/202] ERR1607782  81.1% classified  | 0.0/s  ETA 1.9h
[     13/202] ERR1607810  79.7% classified  | 0.0/s  ETA 2.1h
[     14/202] ERR1607808  82.8% classified  | 0.0/s  ETA 2.0h
[     15/202] ERR1607738  83.8% classified  | 0.0/s  ETA 1.9h
[     16/202] ERR1607748  89.4% classified  | 0.0/s  ETA 1.8h
[     17/202] ERR15005509  69.4% classified  | 0.0/s  ETA 2.0h
[     18/202] ERR1607734  82.8% classified  | 0.0/s  ETA 2.0h
[     19/202] ERR15005532  73.1% classified  | 0.0/s  ETA 1.8h
[     20/202] ERR15005524  84.4% classified  | 0.0/s  ETA 1.8h
[     21/202] ERR12013050  76.3% classified  | 0.0/s  ETA 1.8h
[     22/202] ERR15005502  61.6% classified  | 0.0/s  ETA 1.9h
[     23/202] ERR15005492  68.3% classified  | 0.0/s  ETA 1.8h
[     24/202] ERR15005531  75.8% classified  | 0.0/s  ETA 1.8h
[     25/202] ERR12013027  83.7% classified  | 0.0/s  ETA 1.7h
[     26/202] ERR6847874  70.4% classified  | 0.0/s  ETA 1.9h
[     27/202] ERR6847891  84.2% classified  | 0.0/s  ETA 1.9h
[     28/202] SRR29076488  87.0% classified  | 0.0/s  ETA 1.9h
[     29/202] ERR12013057  66.8% classified  | 0.0/s  ETA 1.9h
[     30/202] ERR4315280  61.9% classified  | 0.0/s  ETA 1.8h
[     31/202] ERR4315231  79.4% classified  | 0.0/s  ETA 1.8h
[     32/202] ERR4315575  77.8% classified  | 0.0/s  ETA 1.8h
[     33/202] ERR4315242  76.7% classified  | 0.0/s  ETA 1.8h
[     34/202] ERR4315549  79.2% classified  | 0.0/s  ETA 1.7h
[     35/202] ERR4315329  79.6% classified  | 0.0/s  ETA 1.7h
[     36/202] ERR4761827  74.0% classified  | 0.0/s  ETA 1.7h
[     37/202] ERR4761819  74.2% classified  | 0.0/s  ETA 1.7h
[     38/202] ERR4315665  72.9% classified  | 0.0/s  ETA 1.7h
[     39/202] ERR4315599  85.8% classified  | 0.0/s  ETA 1.6h
[     40/202] ERR4315571  75.0% classified  | 0.0/s  ETA 1.7h
[     41/202] ERR4315486  78.5% classified  | 0.0/s  ETA 1.6h
[     42/202] ERR4315220  61.5% classified  | 0.0/s  ETA 1.6h
[     43/202] ERR4761822  81.0% classified  | 0.0/s  ETA 1.6h
[     44/202] ERR4315494  85.1% classified  | 0.0/s  ETA 1.6h
[     45/202] ERR4315496  75.5% classified  | 0.0/s  ETA 1.6h
[     46/202] ERR4315365  82.1% classified  | 0.0/s  ETA 1.5h
[     47/202] ERR4315228  80.2% classified  | 0.0/s  ETA 1.5h
[     48/202] ERR4315384  80.5% classified  | 0.0/s  ETA 1.5h
[     49/202] ERR4315422  77.0% classified  | 0.0/s  ETA 1.5h
[     50/202] ERR4315614  78.5% classified  | 0.0/s  ETA 1.5h
[     51/202] ERR4315659  63.2% classified  | 0.0/s  ETA 1.5h
[     52/202] ERR4315270  77.5% classified  | 0.0/s  ETA 1.4h
[     53/202] ERR4315562  82.2% classified  | 0.0/s  ETA 1.4h
[     54/202] ERR4315368  82.6% classified  | 0.0/s  ETA 1.4h
[     55/202] ERR4315200  83.7% classified  | 0.0/s  ETA 1.4h
[     56/202] ERR4315656  59.3% classified  | 0.0/s  ETA 1.4h
[     57/202] ERR4315262  73.7% classified  | 0.0/s  ETA 1.3h
[     58/202] ERR4315350  82.5% classified  | 0.0/s  ETA 1.3h
[     59/202] ERR4315183  69.2% classified  | 0.0/s  ETA 1.3h
[     60/202] ERR4315211  54.3% classified  | 0.0/s  ETA 1.3h
[     61/202] ERR4315478  74.5% classified  | 0.0/s  ETA 1.3h
[     62/202] ERR4315543  87.3% classified  | 0.0/s  ETA 1.3h
[     63/202] ERR4315299  86.2% classified  | 0.0/s  ETA 1.3h
[     64/202] ERR3383635  82.3% classified  | 0.0/s  ETA 1.3h
[     65/202] SRR24010242  71.9% classified  | 0.0/s  ETA 1.4h
[     66/202] SRR24010236  84.0% classified  | 0.0/s  ETA 1.4h
[     67/202] SRR24010249  78.8% classified  | 0.0/s  ETA 1.3h
[     68/202] ERR3856818  54.6% classified  | 0.0/s  ETA 1.4h
[     69/202] ERR3856816  39.7% classified  | 0.0/s  ETA 1.3h
[     70/202] ERR3856832  48.2% classified  | 0.0/s  ETA 1.4h
[     71/202] SRR14386302  92.6% classified  | 0.0/s  ETA 1.3h
[     72/202] ERR3500543  83.8% classified  | 0.0/s  ETA 1.3h
[     73/202] SRR8208851  86.8% classified  | 0.0/s  ETA 1.4h
[     74/202] SRR1557259  82.4% classified  | 0.0/s  ETA 1.4h
[     75/202] ERR3500529  83.6% classified  | 0.0/s  ETA 1.3h
[     76/202] SRR22139847  84.4% classified  | 0.0/s  ETA 1.3h
[     77/202] SRR2185185  94.7% classified  | 0.0/s  ETA 1.3h
[     78/202] ERR3500509  83.8% classified  | 0.0/s  ETA 1.3h
[     79/202] SRR1583659  86.5% classified  | 0.0/s  ETA 1.3h
[     80/202] SRR1562262  84.1% classified  | 0.0/s  ETA 1.3h
[     81/202] SRR391824  70.3% classified  | 0.0/s  ETA 1.2h
[     82/202] SRR6242039  57.8% classified  | 0.0/s  ETA 1.2h
[     83/202] SRR32620581  78.4% classified  | 0.0/s  ETA 1.2h
[     84/202] SRR12149180  90.3% classified  | 0.0/s  ETA 1.2h
[     85/202] ERR789109  72.9% classified  | 0.0/s  ETA 1.2h
[     86/202] SRR6242051  69.7% classified  | 0.0/s  ETA 1.2h
[     87/202] SRR8718816  91.0% classified  | 0.0/s  ETA 1.2h
[     88/202] ERR2099149  81.1% classified  | 0.0/s  ETA 1.2h
[     89/202] SRR8718821  94.7% classified  | 0.0/s  ETA 1.1h
[     90/202] SRR8718819  95.2% classified  | 0.0/s  ETA 1.1h
[     91/202] SRR8718795  96.2% classified  | 0.0/s  ETA 1.1h
[     92/202] ERR13107171  85.0% classified  | 0.0/s  ETA 1.1h
[     93/202] SRR34026568  78.7% classified  | 0.0/s  ETA 1.1h
[     94/202] ERR13107216  82.5% classified  | 0.0/s  ETA 1.1h
[     95/202] ERR13107141  79.8% classified  | 0.0/s  ETA 1.1h
[     96/202] SRR34026584  79.3% classified  | 0.0/s  ETA 1.0h
[     97/202] SRR3750718  87.6% classified  | 0.0/s  ETA 1.0h
[     98/202] SRR3750704  86.8% classified  | 0.0/s  ETA 1.0h
[     99/202] ERR5928157  78.8% classified  | 0.0/s  ETA 1.0h
[    100/202] SRR2873917  85.6% classified  | 0.0/s  ETA 1.0h
[    101/202] ERR5928188  79.1% classified  | 0.0/s  ETA 1.0h
[    102/202] SRR21195575  85.7% classified  | 0.0/s  ETA 1.0h
[    103/202] ERR5928191  82.8% classified  | 0.0/s  ETA 1.0h
[    104/202] SRR21195557  86.7% classified  | 0.0/s  ETA 1.0h
[    105/202] ERR5928212  84.7% classified  | 0.0/s  ETA 1.0h
[    106/202] SRR20067739  85.2% classified  | 0.0/s  ETA 1.0h
[    107/202] SRR31200164  91.6% classified  | 0.0/s  ETA 1.0h
[    108/202] SRR14871466  87.0% classified  | 0.0/s  ETA 1.0h
[    109/202] ERR5696217  93.0% classified  | 0.0/s  ETA 1.0h
[    110/202] ERR5696274  91.3% classified  | 0.0/s  ETA 1.0h
[    111/202] SRR1171043  81.2% classified  | 0.0/s  ETA 0.9h
[    112/202] ERR6548364  85.4% classified  | 0.0/s  ETA 0.9h
[    113/202] ERR5696241  91.7% classified  | 0.0/s  ETA 0.9h
[    114/202] ERR5696266  91.6% classified  | 0.0/s  ETA 0.9h
[    115/202] ERR5696302  92.4% classified  | 0.0/s  ETA 0.9h
[    116/202] ERR5696271  92.6% classified  | 0.0/s  ETA 0.9h
[    117/202] ERR5696235  93.7% classified  | 0.0/s  ETA 0.9h
[    118/202] SRR20324127  87.0% classified  | 0.0/s  ETA 0.9h
[    119/202] SRR2922400  4.9% classified  | 0.0/s  ETA 0.8h
[    120/202] SRR20324144  85.2% classified  | 0.0/s  ETA 0.8h
[    121/202] SRR6221904  76.3% classified  | 0.0/s  ETA 0.8h
[    122/202] SRR11216293  7.7% classified  | 0.0/s  ETA 0.8h
[    123/202] SRR11216303  7.7% classified  | 0.0/s  ETA 0.8h
[    124/202] SRR2517427  76.7% classified  | 0.0/s  ETA 0.8h
[    125/202] SRR31850432  81.3% classified  | 0.0/s  ETA 0.8h
[    126/202] SRR36950013  43.4% classified  | 0.0/s  ETA 0.8h
[    127/202] SRR7500373  79.0% classified  | 0.0/s  ETA 0.8h
[    128/202] SRR36634281  32.5% classified  | 0.0/s  ETA 0.8h
[    129/202] SRR2922436  31.5% classified  | 0.0/s  ETA 0.8h
[    130/202] SRR23870004  87.6% classified  | 0.0/s  ETA 0.8h
[    131/202] SRR28475120  59.6% classified  | 0.0/s  ETA 0.8h
[    132/202] SRR7873468  9.9% classified  | 0.0/s  ETA 0.8h
[    133/202] SRR16930839  71.3% classified  | 0.0/s  ETA 0.8h
[    134/202] SRR27326806  55.9% classified  | 0.0/s  ETA 0.7h
[    135/202] SRR15141432  58.3% classified  | 0.0/s  ETA 0.7h
[    136/202] SRR8204116  62.4% classified  | 0.0/s  ETA 0.7h
[    137/202] SRR33696078  83.2% classified  | 0.0/s  ETA 0.7h
[    138/202] SRR15141241  74.6% classified  | 0.0/s  ETA 0.7h
[    139/202] SRR15141405  75.7% classified  | 0.0/s  ETA 0.7h
[    140/202] SRR24737262  78.5% classified  | 0.0/s  ETA 0.7h
[    141/202] SRR10291751  77.1% classified  | 0.0/s  ETA 0.7h
[    142/202] ERR10887000  86.1% classified  | 0.0/s  ETA 0.7h
[    143/202] ERR10886910  84.6% classified  | 0.0/s  ETA 0.7h
[    144/202] ERR10886956  80.1% classified  | 0.0/s  ETA 0.7h
[    145/202] ERR10886918  82.5% classified  | 0.0/s  ETA 0.7h
[    146/202] SRR30673025  86.0% classified  | 0.0/s  ETA 0.7h
[    147/202] SRR8418305  59.0% classified  | 0.0/s  ETA 0.7h
[    148/202] ERR10886976  85.0% classified  | 0.0/s  ETA 0.6h
[    149/202] SRR8418244  60.4% classified  | 0.0/s  ETA 0.6h
[    150/202] SRR8418258  43.6% classified  | 0.0/s  ETA 0.6h
[    151/202] SRR31278112  79.9% classified  | 0.0/s  ETA 0.6h
[    152/202] SRR8418320  62.5% classified  | 0.0/s  ETA 0.6h
[    153/202] SRR20999593  77.1% classified  | 0.0/s  ETA 0.6h
[    154/202] SRR31514631  97.4% classified  | 0.0/s  ETA 0.6h
[    155/202] ERR7421546  70.9% classified  | 0.0/s  ETA 0.6h
[    156/202] ERR7421532  69.0% classified  | 0.0/s  ETA 0.6h
[    157/202] SRR32959934  82.6% classified  | 0.0/s  ETA 0.6h
[    158/202] ERR10926663  87.1% classified  | 0.0/s  ETA 0.5h
[    159/202] SRR34300137  28.8% classified  | 0.0/s  ETA 0.5h
[    160/202] SRR22142977  72.3% classified  | 0.0/s  ETA 0.5h
[    161/202] SRR36292492  52.1% classified  | 0.0/s  ETA 0.5h
[    162/202] SRR34300154  23.4% classified  | 0.0/s  ETA 0.5h
[    163/202] SRR36910220  27.8% classified  | 0.0/s  ETA 0.5h
[    164/202] SRR36367309  67.8% classified  | 0.0/s  ETA 0.5h
[    165/202] SRR34300122  26.3% classified  | 0.0/s  ETA 0.5h
[    166/202] SRR36292447  59.8% classified  | 0.0/s  ETA 0.4h
[    167/202] SRR36910266  24.5% classified  | 0.0/s  ETA 0.4h
[    168/202] SRR36910200  25.7% classified  | 0.0/s  ETA 0.4h
[    169/202] SRR36292444  63.8% classified  | 0.0/s  ETA 0.4h
[    170/202] SRR36292462  63.5% classified  | 0.0/s  ETA 0.4h
[    171/202] SRR3537151  82.5% classified  | 0.0/s  ETA 0.4h
[    172/202] SRR36292445  66.3% classified  | 0.0/s  ETA 0.4h
[    173/202] SRR10053819  77.9% classified  | 0.0/s  ETA 0.4h
[    174/202] SRR36367281  66.8% classified  | 0.0/s  ETA 0.4h
[    175/202] SRR25969007  88.4% classified  | 0.0/s  ETA 0.3h
[    176/202] SRR36015661  94.6% classified  | 0.0/s  ETA 0.3h
[    177/202] SRR11229312  39.9% classified  | 0.0/s  ETA 0.3h
[    178/202] SRR1975199  66.3% classified  | 0.0/s  ETA 0.3h
[    179/202] SRR8984119  78.3% classified  | 0.0/s  ETA 0.3h
[    180/202] SRR8984104  77.5% classified  | 0.0/s  ETA 0.3h
[    181/202] SRR25662792  86.7% classified  | 0.0/s  ETA 0.3h
[    182/202] SRR8569393  81.7% classified  | 0.0/s  ETA 0.3h
[    183/202] SRR6039736  74.7% classified  | 0.0/s  ETA 0.2h
[    184/202] SRR18064506  20.2% classified  | 0.0/s  ETA 0.2h
[    185/202] SRR1793834  88.7% classified  | 0.0/s  ETA 0.2h
[    186/202] SRR21796869  93.2% classified  | 0.0/s  ETA 0.2h
[    187/202] SRR5225796  77.6% classified  | 0.0/s  ETA 0.2h
[    188/202] SRR23704274  89.7% classified  | 0.0/s  ETA 0.2h
[    189/202] SRR17207991  78.8% classified  | 0.0/s  ETA 0.2h
[    190/202] ERR990488  75.3% classified  | 0.0/s  ETA 0.2h
[    191/202] SRR15222190  89.8% classified  | 0.0/s  ETA 0.1h
[    192/202] SRR31851395  82.9% classified  | 0.0/s  ETA 0.1h
[    193/202] ERR4352131  89.3% classified  | 0.0/s  ETA 0.1h
[    194/202] ERR14823239  94.7% classified  | 0.0/s  ETA 0.1h
[    195/202] SRR10189429  83.3% classified  | 0.0/s  ETA 0.1h
[    196/202] SRR22540858  91.3% classified  | 0.0/s  ETA 0.1h
[    197/202] SRR23450840  88.5% classified  | 0.0/s  ETA 0.1h
[    198/202] SRR1284052  60.4% classified  | 0.0/s  ETA 0.0h
[    199/202] SRR14338852  81.9% classified  | 0.0/s  ETA 0.0h
[    200/202] SRR1776521  68.6% classified  | 0.0/s  ETA 0.0h
[    201/202] SRR3724086  71.2% classified  | 0.0/s  ETA 0.0h
[    202/202] SRR35779161  88.6% classified  | 0.0/s  ETA 0.0h

── Summary ────────────────────────────────────────
  Classified: 202
  Errors:     0
  Elapsed:    2.5h
  Cache:      kraken/assign/data/kraken_cache.jsonl
