STAT cache: output/02_stat/stat_cache.jsonl
PHI-base: 15,372 pathogen taxids, 21,352 names

── MAL: 48,418 runs from output/01_sra/data/mal_runs.json ──

── Phase 1: retention gate (MAL) ──
  Runs:        48,418
  With STAT:   47,680  (98.5%)
  Failed gate: 40,828
  Confirmed:   6,852  (14.4% of screened)  [≥1.0% Viridiplantae]

── Phase 2: validate (MAL, 6,852 confirmed runs) ──
  Written: output/02_filter/data/mal_kingdom_dist.tsv  (6,852 rows)
  Written: output/02_filter/data/mal_species_dist.tsv  (38,966 rows)

── validate MAL ─────────────────────────────
Confirmed runs processed: 6,852  |  no STAT data: 0

========================================================================
KINGDOM BREAKPOINT TABLES
========================================================================

Fungi (n=6,852 confirmed runs, current threshold=1.0%)
   Thresh%   Runs≥thresh  % of total   Median abs count   P10 abs count
  --------------------------------------------------------------------
     0.10%         4,066       59.3%            816,682          48,329
     0.25%         3,535       51.6%          1,306,586          94,501
     0.50%         3,101       45.3%          2,017,077         177,757
     1.00%         2,664       38.9%          3,189,277         360,614 ← current
     2.00%         2,281       33.3%          4,647,742         633,567
     5.00%         1,795       26.2%          7,480,986       1,367,422
    10.00%         1,447       21.1%          9,768,758       2,422,902
    20.00%         1,138       16.6%         11,872,115       4,238,999

Viruses (n=6,852 confirmed runs, current threshold=10.0%)
   Thresh%   Runs≥thresh  % of total   Median abs count   P10 abs count
  --------------------------------------------------------------------
     0.10%         1,308       19.1%            249,793          15,853
     0.25%         1,059       15.5%            489,928          24,509
     0.50%           879       12.8%            935,724          71,536
     1.00%           738       10.8%          1,604,554         106,537
     2.00%           621        9.1%          2,738,913         161,094
     5.00%           511        7.5%          3,870,852         232,205
    10.00%           427        6.2%          4,805,186         394,522 ← current
    20.00%           351        5.1%          5,812,776         586,122

Bacteria (n=6,852 confirmed runs, current threshold=5.0%)
   Thresh%   Runs≥thresh  % of total   Median abs count   P10 abs count
  --------------------------------------------------------------------
     0.10%         6,103       89.1%            359,734          45,149
     0.25%         5,525       80.6%            439,739          66,669
     0.50%         4,727       69.0%            580,007          99,462
     1.00%         3,734       54.5%            830,677         159,500
     2.00%         2,684       39.2%          1,301,613         314,788
     5.00%         1,465       21.4%          2,092,279         531,951 ← current
    10.00%           737       10.8%          3,630,184         491,423
    20.00%           389        5.7%          7,676,695         340,472

Oomycota (n=6,852 confirmed runs, current threshold=0.5%)
   Thresh%   Runs≥thresh  % of total   Median abs count   P10 abs count
  --------------------------------------------------------------------
     0.10%           260        3.8%          1,096,859          57,080
     0.25%           245        3.6%          1,217,119          93,273
     0.50%           230        3.4%          1,451,182          93,424 ← current
     1.00%           177        2.6%          2,625,340         615,930
     2.00%           146        2.1%          3,655,075         781,028
     5.00%            94        1.4%          4,498,217       1,229,527
    10.00%            72        1.1%          4,725,022       1,254,528
    20.00%            39        0.6%         11,129,657       1,905,686

Nematoda (n=6,852 confirmed runs, current threshold=1.0%)
   Thresh%   Runs≥thresh  % of total   Median abs count   P10 abs count
  --------------------------------------------------------------------
     0.10%             3        0.0%         10,918,492       2,207,372
     0.25%             2        0.0%         12,749,228      11,284,639
     0.50%             2        0.0%         12,749,228      11,284,639
     1.00%             2        0.0%         12,749,228      11,284,639 ← current
     2.00%             2        0.0%         12,749,228      11,284,639
     5.00%             2        0.0%         12,749,228      11,284,639
    10.00%             2        0.0%         12,749,228      11,284,639
    20.00%             2        0.0%         12,749,228      11,284,639

========================================================================
KINGDOM DISTRIBUTIONS (log2 bins)
========================================================================

Fungi (n=4,066 runs with signal, total=6,852)
     0.06–0.12   % | ██████████ 117
     0.12–0.25   % | ████████████████████████████████████ 414
     0.25–0.50   % | ██████████████████████████████████████ 434
     0.50–1.00   % | ██████████████████████████████████████ 437
     1.00–2.00   % | █████████████████████████████████ 383
     2.00–4.00   % | █████████████████████████████████ 382
     4.00–8.00   % | ███████████████████████████████ 354
     8.00–16.00  % | ███████████████████████████ 308
    16.00–32.00  % | ████████████████████████████████ 365
    32.00–64.00  % | ██████████████████████████████████████████████████ 569
    64.00–128.00 % | ██████████████████████████ 303

  → Largest log-space gap below: 0.147%  (suggested empirical threshold)

Viruses (n=1,308 runs with signal, total=6,852)
     0.06–0.12   % | ████████████████ 63
     0.12–0.25   % | ██████████████████████████████████████████████████ 186
     0.25–0.50   % | ████████████████████████████████████████████████ 180
     0.50–1.00   % | █████████████████████████████████████ 141
     1.00–2.00   % | ███████████████████████████████ 117
     2.00–4.00   % | █████████████████████ 81
     4.00–8.00   % | ███████████████████████ 86
     8.00–16.00  % | ████████████████████ 76
    16.00–32.00  % | ████████████████████████████ 105
    32.00–64.00  % | █████████████████████████████████ 125
    64.00–128.00 % | ███████████████████████████████████████ 148

  → Largest log-space gap below: 10.593%  (suggested empirical threshold)

Bacteria (n=6,103 runs with signal, total=6,852)
     0.06–0.12   % | ████ 94
     0.12–0.25   % | ███████████████████████ 484
     0.25–0.50   % | ██████████████████████████████████████ 798
     0.50–1.00   % | ███████████████████████████████████████████████ 993
     1.00–2.00   % | ██████████████████████████████████████████████████ 1,050
     2.00–4.00   % | █████████████████████████████████████████████ 955
     4.00–8.00   % | ██████████████████████████████████████ 802
     8.00–16.00  % | ██████████████████████ 469
    16.00–32.00  % | ██████ 130
    32.00–64.00  % | ██████ 132
    64.00–128.00 % | █████████ 196

  → Largest log-space gap below: 21.677%  (suggested empirical threshold)

Oomycota (n=260 runs with signal, total=6,852)
     0.06–0.12   % | █████ 6
     0.12–0.25   % | ████████ 9
     0.25–0.50   % | ██████████████ 15
     0.50–1.00   % | ██████████████████████████████████████████████████ 53
     1.00–2.00   % | █████████████████████████████ 31
     2.00–4.00   % | ████████████████████████████████████ 39
     4.00–8.00   % | ████████████████████████████████ 34
     8.00–16.00  % | ██████████████████ 20
    16.00–32.00  % | ███████████████████████████████ 33
    32.00–64.00  % | ████ 5
    64.00–128.00 % | ██████████████ 15

  → Largest log-space gap below: 38.459%  (suggested empirical threshold)

Nematoda (n=3 runs with signal, total=6,852)
     0.06–0.12   % |  0
     0.12–0.25   % | █████████████████████████ 1
     0.25–0.50   % |  0
     0.50–1.00   % |  0
     1.00–2.00   % |  0
     2.00–4.00   % |  0
     4.00–8.00   % |  0
     8.00–16.00  % |  0
    16.00–32.00  % | ██████████████████████████████████████████████████ 2

  → Distribution too sparse for gap detection

========================================================================
ABSOLUTE COUNT FLOOR (species-level)
========================================================================

Fungi species-level detections at ≥1.0% (n=6,255): abs count floor impact
   Min abs count    Survives    % kept
  --------------------------------------
             100       6,255    100.0%
             250       6,253    100.0%
             500       6,250     99.9%
           1,000       6,247     99.9%
           2,000       6,242     99.8%
           5,000       6,234     99.7%

Viruses species-level detections at ≥10.0% (n=769): abs count floor impact
   Min abs count    Survives    % kept
  --------------------------------------
             100         769    100.0%
             250         769    100.0%
             500         769    100.0%
           1,000         769    100.0%
           2,000         769    100.0%
           5,000         769    100.0%

Bacteria species-level detections at ≥5.0% (n=1,365): abs count floor impact
   Min abs count    Survives    % kept
  --------------------------------------
             100       1,365    100.0%
             250       1,364     99.9%
             500       1,361     99.7%
           1,000       1,360     99.6%
           2,000       1,360     99.6%
           5,000       1,358     99.5%

Oomycota species-level detections at ≥0.5% (n=553): abs count floor impact
   Min abs count    Survives    % kept
  --------------------------------------
             100         553    100.0%
             250         553    100.0%
             500         553    100.0%
           1,000         552     99.8%
           2,000         552     99.8%
           5,000         552     99.8%

Nematoda species-level detections at ≥1.0% (n=7): abs count floor impact
   Min abs count    Survives    % kept
  --------------------------------------
             100           7    100.0%
             250           7    100.0%
             500           7    100.0%
           1,000           7    100.0%
           2,000           7    100.0%
           5,000           7    100.0%

========================================================================
READ DEPTH (all confirmed runs)
========================================================================
  p10=6,001,980  median=22,902,970  p90=61,673,262  max=914,127,929

  If thresholds need adjustment, edit KINGDOM_THRESHOLDS in 02_filter.py and re-run with --skip-validate.

── Phase 3: crypt (MAL) ──
  Classified: 6,852  |  skipped (no STAT): 0

── 02_filter summary ────────────────────────────────
Modes: MAL

Gate (MAL):  6,852 / 48,418 confirmed  (14.4%)  [≥1.0% Viridiplantae]

MAL:
  Runs classified:      6,852
    single:             5,950
    multi_species:        898
    multi_kingdom:          4
  Unique BioSamples:    5,297
    single:             4,519
    multi_species:        774
    multi_kingdom:          4
  Interaction status (BioSample):
    known:            2,470
    novel_host_range: 1,141
    novel_combo:          0
    unresolved:       1,686
  Top secondary pathogens (BioSample):
  Puccinia graminis                               151
  Puccinia graminis f. sp. tritici CRL 75-36-700-3   106
  Zymoseptoria tritici                             94
  Pepino mosaic virus                              82
  Alternaria alternata                             50
  Botrytis cinerea                                 31
  Fusarium pseudograminearum                       29
  Parastagonospora nodorum                         27
  Fusarium odoratissimum                           20
  Fusarium verticillioides 7600                    19
  Varicosavirus lactucae                           18
  Phytophthora infestans                           17
  Pyrenophora tritici-repentis                     15
  Ophiovirus mirafioriense                         14
  environmental samples                            12


Output: output/02_filter/data/crypt.tsv

