Target BioSamples: 100 (settings=['field'], cryptic_only=False, aerial_only=True)
Host resolution: 80 confidently resolved, 20 not per-sample-resolved (still covered by per-candidate indices below as long as their true host is a named candidate)
Per-taxid host indices needed: 29 distinct taxids (resolved+downloaded by kraken_run_split.py, not here)
Runs to process: 133

Downloading reads for 133 runs (8 concurrent workers) …
  [start ] SRR31850432
  [1/133] ok=0 cached=1 fail=0  0.0GB total (0min elapsed, ~n/a remaining)
  [start ] SRR6218781
  [2/133] ok=0 cached=2 fail=0  0.0GB total (0min elapsed, ~n/a remaining)
  [3/133] ok=0 cached=3 fail=0  0.0GB total (0min elapsed, ~n/a remaining)
  [4/133] ok=0 cached=4 fail=0  0.0GB total (0min elapsed, ~n/a remaining)
  [5/133] ok=0 cached=5 fail=0  0.0GB total (0min elapsed, ~n/a remaining)
  [6/133] ok=0 cached=6 fail=0  0.0GB total (0min elapsed, ~n/a remaining)
  [7/133] ok=0 cached=7 fail=0  0.0GB total (0min elapsed, ~n/a remaining)
  [start ] SRR18840566
  [start ] SRR22975696
  [8/133] ok=0 cached=8 fail=0  0.0GB total (0min elapsed, ~n/a remaining)
  [start ] ERR7421539
  [9/133] ok=0 cached=9 fail=0  0.0GB total (0min elapsed, ~n/a remaining)
  [10/133] ok=0 cached=10 fail=0  0.0GB total (0min elapsed, ~n/a remaining)
  [start ] SRR9276717
  [11/133] ok=0 cached=11 fail=0  0.0GB total (0min elapsed, ~n/a remaining)
  [12/133] ok=0 cached=12 fail=0  0.0GB total (0min elapsed, ~n/a remaining)
  [start ] SRR8418271
  [13/133] ok=0 cached=13 fail=0  0.0GB total (0min elapsed, ~n/a remaining)
  [14/133] ok=0 cached=14 fail=0  0.0GB total (0min elapsed, ~n/a remaining)
  [15/133] ok=0 cached=15 fail=0  0.0GB total (0min elapsed, ~n/a remaining)
  [start ] SRR6218744
  [failed] SRR8418271  (no output after gzip, 38s)
  [16/133] ok=0 cached=15 fail=1  0.0GB total (1min elapsed, ~n/a remaining)
  [start ] SRR31851397
  [failed] ERR7421539  (no output after gzip, 47s)
  [17/133] ok=0 cached=15 fail=2  0.0GB total (1min elapsed, ~n/a remaining)
  [18/133] ok=0 cached=16 fail=2  0.0GB total (1min elapsed, ~n/a remaining)
  [19/133] ok=0 cached=17 fail=2  0.0GB total (1min elapsed, ~n/a remaining)
  [start ] ERR10886909
  [failed] SRR18840566  (no output after gzip, 68s)
  [20/133] ok=0 cached=17 fail=3  0.0GB total (1min elapsed, ~n/a remaining)
  [start ] ERR10886911
