Reads read from: kraken/select/data/reads
Raw kraken2 reports will be saved to: kraken/assign/data/reports
Loaded 3,225 runs from kraken/select/data/run_list.tsv (filters: none)
Array task 15/16: 201 runs in slice, 0 already done, 201 to do

Total runs: 3,225 | Already done: 1 | Remaining: 201
Settings: confidence=0.15, min_hit_groups=3, workers=4, kraken_threads=8
DB: kraken/build/data/db_v3
Tmp: /scratch/pawsey1168/llenzo/kraken_tmp

[      1/201] ERR3170179  79.2% classified  | 0.0/s  ETA 11.2h
[      2/201] ERR3188464  79.3% classified  | 0.0/s  ETA 5.7h
[      3/201] ERR3188481  75.9% classified  | 0.0/s  ETA 3.9h
[      4/201] ERR3170239  76.2% classified  | 0.0/s  ETA 3.2h[[      5/201] ERR3170235  85.4% classified  | 0.0/s  ETA 3.5h
[      6/201] ERR3170193  78.0% classified  | 0.0/s  ETA 2.9h
[      7/201] ERR3170181  79.3% classified  | 0.0/s  ETA 2.6h[      8/201] ERR1607768  73.1% classified  | 0.0/s  ETA 2.6h
[[      9/201] ERR1607841  72.1% classified  | 0.0/s  ETA 2.4h[     10/201] ERR3170245  81.1% classified  | 0.0/s  ETA 2.2h
[[     11/201] ERR3170182  84.9% classified  | 0.0/s  ETA 2.2h[[     12/201] ERR1607851  58.0% classified  | 0.0/s  ETA 2.2h[[     13/201] ERR1607833  74.0% classified  | 0.0/s  ETA 2.2h
[     14/201] ERR1607739  79.1% classified  | 0.0/s  ETA 2.1h
[     15/201] ERR1607804  67.7% classified  | 0.0/s  ETA 2.0h[[     16/201] ERR15005508  49.9% classified  | 0.0/s  ETA 2.3h
[     17/201] ERR15005478  46.8% classified  | 0.0/s  ETA 2.1h
[     18/201] ERR1607759  85.7% classified  | 0.0/s  ETA 2.0h
[     19/201] ERR1607797  91.7% classified  | 0.0/s  ETA 2.0h
[     20/201] ERR15005514  41.3% classified  | 0.0/s  ETA 2.1h
[     21/201] ERR15005520  56.3% classified  | 0.0/s  ETA 2.0h
[     22/201] ERR15005479  59.4% classified  | 0.0/s  ETA 1.9h
[     23/201] ERR15005507  50.7% classified  | 0.0/s  ETA 1.8h
[     24/201] ERR12013062  73.2% classified  | 0.0/s  ETA 1.9h
[     25/201] ERR12013077  82.9% classified  | 0.0/s  ETA 1.8h
[     26/201] ERR12013078  72.5% classified  | 0.0/s  ETA 1.8h[[     27/201] ERR6847884  84.0% classified  | 0.0/s  ETA 1.9h[     28/201] SRR29077175  80.4% classified  | 0.0/s  ETA 1.9h
[     29/201] SRR7797542  68.0% classified  | 0.0/s  ETA 1.9h
[     30/201] ERR4315664  75.2% classified  | 0.0/s  ETA 1.8h
[[     31/201] ERR4761829  79.8% classified  | 0.0/s  ETA 1.9h
[     32/201] ERR4315395  78.5% classified  | 0.0/s  ETA 1.8h
[     33/201] ERR4315313  73.5% classified  | 0.0/s  ETA 1.8h
[     34/201] ERR4315277  36.6% classified  | 0.0/s  ETA 1.7h[[     35/201] ERR4315247  79.7% classified  | 0.0/s  ETA 1.8h[     36/201] ERR4315245  75.4% classified  | 0.0/s  ETA 1.7h
[     37/201] ERR4315531  83.2% classified  | 0.0/s  ETA 1.7h
[     38/201] ERR4315378  80.2% classified  | 0.0/s  ETA 1.7h
[[     39/201] ERR4315207  79.9% classified  | 0.0/s  ETA 1.6h[     40/201] ERR4315146  84.2% classified  | 0.0/s  ETA 1.6h
[     41/201] ERR4315641  81.5% classified  | 0.0/s  ETA 1.6h
[     42/201] ERR4315335  74.2% classified  | 0.0/s  ETA 1.6h
[[     43/201] ERR4315495  65.8% classified  | 0.0/s  ETA 1.6h[     44/201] ERR4315386  79.5% classified  | 0.0/s  ETA 1.6h
[     45/201] ERR4315197  82.6% classified  | 0.0/s  ETA 1.5h
[[     46/201] ERR4315413  73.7% classified  | 0.0/s  ETA 1.5h
[     47/201] ERR4315145  85.8% classified  | 0.0/s  ETA 1.5h[[     48/201] ERR4315233  81.6% classified  | 0.0/s  ETA 1.5h[[     49/201] ERR4315465  79.3% classified  | 0.0/s  ETA 1.5h
[     50/201] ERR4315239  83.8% classified  | 0.0/s  ETA 1.5h
[     51/201] ERR4315210  78.7% classified  | 0.0/s  ETA 1.4h
[     52/201] ERR4315451  81.1% classified  | 0.0/s  ETA 1.4h[[     53/201] ERR4315302  80.5% classified  | 0.0/s  ETA 1.5h
[     54/201] ERR4315447  79.8% classified  | 0.0/s  ETA 1.4h
[     55/201] ERR4315404  74.2% classified  | 0.0/s  ETA 1.4h
[     56/201] ERR4315203  77.2% classified  | 0.0/s  ETA 1.4h
[     57/201] ERR4315199  81.2% classified  | 0.0/s  ETA 1.4h
[     58/201] ERR4315457  73.7% classified  | 0.0/s  ETA 1.4h
[     59/201] ERR4315256  85.7% classified  | 0.0/s  ETA 1.3h[[     60/201] ERR4761816  75.0% classified  | 0.0/s  ETA 1.3h[[     61/201] ERR4315568  85.6% classified  | 0.0/s  ETA 1.3h
[     62/201] ERR4315296  78.2% classified  | 0.0/s  ETA 1.3h[     63/201] ERR3383634  83.1% classified  | 0.0/s  ETA 1.3h
[     64/201] SRR24010245  85.7% classified  | 0.0/s  ETA 1.4h
[     65/201] SRR24010230  83.8% classified  | 0.0/s  ETA 1.4h
[     66/201] ERR3856820  43.0% classified  | 0.0/s  ETA 1.4h
[     67/201] ERR3856853  58.8% classified  | 0.0/s  ETA 1.3h
[     68/201] SRR7753253  85.4% classified  | 0.0/s  ETA 1.3h
[ [     69/201] ERR3856847  58.6% classified  | 0.0/s  ETA 1.3h
[     70/201] SRR28704973  81.6% classified  | 0.0/s  ETA 1.3h[[     71/201] ERR3500558  83.0% classified  | 0.0/s  ETA 1.4h
[     72/201] ERR3500539  84.1% classified  | 0.0/s  ETA 1.4h[[     73/201] ERR3500536  83.4% classified  | 0.0/s  ETA 1.4h
[     74/201] ERR3500506  81.6% classified  | 0.0/s  ETA 1.3h
[     75/201] SRR11440844  84.3% classified  | 0.0/s  ETA 1.3h
[     76/201] SRR1555740  81.1% classified  | 0.0/s  ETA 1.3h
[     77/201] SRR1583660  85.8% classified  | 0.0/s  ETA 1.3h
[     78/201] ERR13340221  81.5% classified  | 0.0/s  ETA 1.3h
[     79/201] SRR391833  66.8% classified  | 0.0/s  ETA 1.3h
[     80/201] SRR391834  71.2% classified  | 0.0/s  ETA 1.3h
[     81/201] SRR32620574  83.6% classified  | 0.0/s  ETA 1.2h[     82/201] SRR32620571  78.9% classified  | 0.0/s  ETA 1.2h
[     83/201] SRR1555123  82.5% classified  | 0.0/s  ETA 1.2h
[[     84/201] SRR32620572  83.6% classified  | 0.0/s  ETA 1.2[ [     85/201] ERR789375  73.7% classified  | 0.0/s  ETA 1.2[     86/201] SRR8718823  91.9% classified  | 0.0/s  ETA 1.2h
[     87/201] SRR8718833  92.4% classified  | 0.0/s  ETA 1.2h
[     88/201] SRR8718838  92.7% classified  | 0.0/s  ETA 1.1h
[     89/201] SRR8718800  92.9% classified  | 0.0/s  ETA 1.1h
[     90/201] ERR13105519  79.9% classified  | 0.0/s  ETA 1.1h
[     91/201] ERR13149105  84.3% classified  | 0.0/s  ETA 1.1h
[     92/201] ERR13159045  83.8% classified  | 0.0/s  ETA 1.1h
[     93/201] SRR34026586  76.8% classified  | 0.0/s  ETA 1.1h
[     94/201] SRR3750724  84.2% classified  | 0.0/s  ETA 1.1h
[     95/201] SRR9684529  59.4% classified  | 0.0/s  ETA 1.1h
[     96/201] SRR20695271  84.0% classified  | 0.0/s  ETA 1.1h
[     97/201] SRR3750735  88.6% classified  | 0.0/s  ETA 1.1h
[[     98/201] SRR2873757  81.6% classified  | 0.0/s  ETA 1.0h[[     99/201] ERR5928175  85.1% classified  | 0.0/s  ETA 1.0h[[    100/201] ERR5928190  84.6% classified  | 0.0/s  ETA 1.0h[    101/201] SRR2874388  80.9% classified  | 0.0/s  ETA 1.0h
[    102/201] ERR5928198  79.5% classified  | 0.0/s  ETA 1.0h
[ [    103/201] ERR5928223  83.9% classified  | 0.0/s  ETA 1.0h[[    104/201] ERR5928203  84.4% classified  | 0.0/s  ETA 1.0h[    105/201] ERR5928210  78.8% classified  | 0.0/s  ETA 1.0h
[    106/201] SRR14871482  85.2% classified  | 0.0/s  ETA 1.0h
[    107/201] SRR14871477  84.7% classified  | 0.0/s  ETA 1.0h
[    108/201] ERR5696206  91.7% classified  | 0.0/s  ETA 1.0h
[    109/201] SRR31200154  91.9% classified  | 0.0/s  ETA 1.0h
[    110/201] ERR6548377  90.4% classified  | 0.0/s  ETA 1.0h
[    111/201] ERR5696287  91.4% classified  | 0.0/s  ETA 1.0h
[    112/201] ERR5696305  93.1% classified  | 0.0/s  ETA 0.9h
[    113/201] ERR5696279  92.5% classified  | 0.0/s  ETA 0.9h
[    114/201] ERR6548383  92.1% classified  | 0.0/s  ETA 0.9h
[    115/201] ERR5696230  91.9% classified  | 0.0/s  ETA 0.9h[    116/201] ERR5696260  92.3% classified  | 0.0/s  ETA 0.9h
[[    117/201] ERR5696212  90.8% classified  | 0.0/s  ETA 0.9h
[    118/201] SRR12888332  65.0% classified  | 0.0/s  ETA 0.9h
[    119/201] SRR20324148  86.9% classified  | 0.0/s  ETA 0.9h
[    120/201] SRR8733382  65.8% classified  | 0.0/s  ETA 0.9h
[    121/201] SRR11216277  7.0% classified  | 0.0/s  ETA 0.9h
[    122/201] SRR11216314  7.2% classified  | 0.0/s  ETA 0.9h
[    123/201] ERR4421881  54.8% classified  | 0.0/s  ETA 0.9h
[    124/201] SRR6041850  84.1% classified  | 0.0/s  ETA 0.9h
[    125/201] SRR33696089  83.4% classified  | 0.0/s  ETA 0.9h
[    126/201] SRR38293576  87.4% classified  | 0.0/s  ETA 0.8h
[    127/201] SRR31850431  82.6% classified  | 0.0/s  ETA 0.8h
[    128/201] SRR2518226  42.2% classified  | 0.0/s  ETA 0.8h
[    129/201] SRR28544654  74.3% classified  | 0.0/s  ETA 0.8h
[    130/201] SRR11973035  16.5% classified  | 0.0/s  ETA 0.8h
[    131/201] SRR18070412  39.7% classified  | 0.0/s  ETA 0.8h
[    132/201] SRR17609705  95.4% classified  | 0.0/s  ETA 0.8h
[    133/201] SRR36616580  20.5% classified  | 0.0/s  ETA 0.8h
[    134/201] SRR27326408  52.6% classified  | 0.0/s  ETA 0.7h
[    135/201] SRR15141365  58.7% classified  | 0.0/s  ETA 0.7h
[    136/201] SRR15141333  55.8% classified  | 0.0/s  ETA 0.7h
[    137/201] SRR15141417  55.6% classified  | 0.0/s  ETA 0.7h
[    138/201] SRR8204153  36.8% classified  | 0.0/s  ETA 0.7h
[    139/201] ERR583963  70.5% classified  | 0.0/s  ETA 0.7h
[    140/201] SRR10291760  77.2% classified  | 0.0/s  ETA 0.7h
[    141/201] ERR10886951  87.6% classified  | 0.0/s  ETA 0.7h
[    142/201] ERR10887003  87.1% classified  | 0.0/s  ETA 0.7h
[    143/201] ERR10886994  83.5% classified  | 0.0/s  ETA 0.7h
[    144/201] ERR10886964  86.5% classified  | 0.0/s  ETA 0.7h
[    145/201] ERR1360187  77.4% classified  | 0.0/s  ETA 0.7h
[    146/201] ERR10886907  86.0% classified  | 0.0/s  ETA 0.6h
[    147/201] SRR31278113  71.1% classified  | 0.0/s  ETA 0.6h
[    148/201] SRR8418267  49.6% classified  | 0.0/s  ETA 0.6h
[    149/201] SRR8418307  64.0% classified  | 0.0/s  ETA 0.6h
[    150/201] SRR8418301  60.9% classified  | 0.0/s  ETA 0.6h
[    151/201] SRR8418310  59.5% classified  | 0.0/s  ETA 0.6h
[    152/201] SRR3498315  73.4% classified  | 0.0/s  ETA 0.6h
[    153/201] SRR33846330  88.8% classified  | 0.0/s  ETA 0.5h
[    154/201] ERR7421550  72.6% classified  | 0.0/s  ETA 0.5h
[    155/201] SRR6218770  85.8% classified  | 0.0/s  ETA 0.5h
[    156/201] SRR32959954  82.3% classified  | 0.0/s  ETA 0.5h
[    157/201] SRR32959940  81.8% classified  | 0.0/s  ETA 0.5h
[    158/201] ERR10926705  88.0% classified  | 0.0/s  ETA 0.5h
[    159/201] SRR31514622  94.1% classified  | 0.0/s  ETA 0.5h
[    160/201] SRR36910212  25.3% classified  | 0.0/s  ETA 0.5h
[    161/201] SRR34300150  26.6% classified  | 0.0/s  ETA 0.5h
[    162/201] SRR34300114  28.1% classified  | 0.0/s  ETA 0.5h
[    163/201] SRR34300112  23.2% classified  | 0.0/s  ETA 0.4h
[    164/201] SRR36292459  54.7% classified  | 0.0/s  ETA 0.4h
[    165/201] SRR34300167  25.9% classified  | 0.0/s  ETA 0.4h
[    166/201] SRR36910264  28.8% classified  | 0.0/s  ETA 0.4h
[    167/201] SRR36910248  27.6% classified  | 0.0/s  ETA 0.4h
[    168/201] SRR36367313  65.2% classified  | 0.0/s  ETA 0.4h
[    169/201] SRR36910246  27.5% classified  | 0.0/s  ETA 0.4h
[    170/201] SRR26214563  90.9% classified  | 0.0/s  ETA 0.4h
[    171/201] SRR34300127  27.0% classified  | 0.0/s  ETA 0.4h
[    172/201] SRR36910209  27.8% classified  | 0.0/s  ETA 0.3h
[    173/201] SRR36367292  58.4% classified  | 0.0/s  ETA 0.3h
[    174/201] SRR25969067  87.2% classified  | 0.0/s  ETA 0.3h
[    175/201] SRR25969032  88.7% classified  | 0.0/s  ETA 0.3h
[    176/201] SRR11497318  72.3% classified  | 0.0/s  ETA 0.3h
[    177/201] SRR30126657  83.8% classified  | 0.0/s  ETA 0.3h
[    178/201] SRR1975198  59.4% classified  | 0.0/s  ETA 0.3h
[    179/201] SRR8984122  79.1% classified  | 0.0/s  ETA 0.3h
[    180/201] SRR31830260  90.7% classified  | 0.0/s  ETA 0.3h
[    181/201] SRR26511471  86.1% classified  | 0.0/s  ETA 0.2h
[    182/201] SRR3571660  71.8% classified  | 0.0/s  ETA 0.2h
[    183/201] SRR37491901  23.8% classified  | 0.0/s  ETA 0.2h
[    184/201] SRR1793857  89.1% classified  | 0.0/s  ETA 0.2h
[    185/201] SRR28718302  84.0% classified  | 0.0/s  ETA 0.2h
[    186/201] ERR3850361  83.1% classified  | 0.0/s  ETA 0.2h
[    187/201] SRR6039728  79.5% classified  | 0.0/s  ETA 0.2h
[    188/201] SRR7526716  75.0% classified  | 0.0/s  ETA 0.2h
[    189/201] SRR14224152  89.3% classified  | 0.0/s  ETA 0.1h
[    190/201] SRR24956689  72.5% classified  | 0.0/s  ETA 0.1h
[    191/201] SRR12998705  85.6% classified  | 0.0/s  ETA 0.1h
[    192/201] SRR36993195  90.5% classified  | 0.0/s  ETA 0.1h
[    193/201] SRR4044954  77.3% classified  | 0.0/s  ETA 0.1h
[    194/201] SRR17681697  76.2% classified  | 0.0/s  ETA 0.1h
[    195/201] SRR3724145  81.2% classified  | 0.0/s  ETA 0.1h
[    196/201] SRR8416454  74.3% classified  | 0.0/s  ETA 0.1h
[    197/201] SRR3724169  75.3% classified  | 0.0/s  ETA 0.0h
[    198/201] SRR6292047  81.1% classified  | 0.0/s  ETA 0.0h
[    199/201] ERR986092  68.4% classified  | 0.0/s  ETA 0.0h
[    200/201] SRR27846618  90.5% classified  | 0.0/s  ETA 0.0h
[    201/201] SRR14934750  7.1% classified  | 0.0/s  ETA 0.0h

── Summary ────────────────────────────────────────
  Classified: 201
  Errors:     0
  Elapsed:    2.6h
  Cache:      kraken/assign/data/kraken_cache.jsonl
