STAT cache: output/01_fetch/data/stat_cache.jsonl
PHI-base: 15,372 pathogen taxids, 21,352 names

── MAL: 48,418 runs from output/01_fetch/data/mal_runs.json ──

── Phase 1: retention gate (MAL) ──
  Runs:        48,418
  With STAT:   47,680  (98.5%)
  Failed gate: 40,828
  Confirmed:   6,852  (14.4% of screened)  [≥1.0% Viridiplantae]

── Phase 2: validate (MAL, 6,852 confirmed runs) ──
  Written: output/02_filter/data/mal_kingdom_dist.tsv  (6,852 rows)
  Written: output/02_filter/data/mal_species_dist.tsv  (38,966 rows)

── validate MAL ─────────────────────────────
Confirmed runs processed: 6,852  |  no STAT data: 0

========================================================================
KINGDOM BREAKPOINT TABLES
========================================================================

Fungi (n=6,852 confirmed runs, current threshold=1.0%)
   Thresh%   Runs≥thresh  % of total   Median abs count   P10 abs count
  --------------------------------------------------------------------
     0.10%         4,066       59.3%            816,682          48,329
     0.25%         3,535       51.6%          1,306,586          94,501
     0.50%         3,101       45.3%          2,017,077         177,757
     1.00%         2,664       38.9%          3,189,277         360,614 ← current
     2.00%         2,281       33.3%          4,647,742         633,567
     5.00%         1,795       26.2%          7,480,986       1,367,422
    10.00%         1,447       21.1%          9,768,758       2,422,902
    20.00%         1,138       16.6%         11,872,115       4,238,999

Viruses (n=6,852 confirmed runs, current threshold=10.0%)
   Thresh%   Runs≥thresh  % of total   Median abs count   P10 abs count
  --------------------------------------------------------------------
     0.10%         1,308       19.1%            249,793          15,853
     0.25%         1,059       15.5%            489,928          24,509
     0.50%           879       12.8%            935,724          71,536
     1.00%           738       10.8%          1,604,554         106,537
     2.00%           621        9.1%          2,738,913         161,094
     5.00%           511        7.5%          3,870,852         232,205
    10.00%           427        6.2%          4,805,186         394,522 ← current
    20.00%           351        5.1%          5,812,776         586,122

Bacteria (n=6,852 confirmed runs, current threshold=5.0%)
   Thresh%   Runs≥thresh  % of total   Median abs count   P10 abs count
  --------------------------------------------------------------------
     0.10%         6,103       89.1%            359,734          45,149
     0.25%         5,525       80.6%            439,739          66,669
     0.50%         4,727       69.0%            580,007          99,462
     1.00%         3,734       54.5%            830,677         159,500
     2.00%         2,684       39.2%          1,301,613         314,788
     5.00%         1,465       21.4%          2,092,279         531,951 ← current
    10.00%           737       10.8%          3,630,184         491,423
    20.00%           389        5.7%          7,676,695         340,472

Oomycota (n=6,852 confirmed runs, current threshold=0.5%)
   Thresh%   Runs≥thresh  % of total   Median abs count   P10 abs count
  --------------------------------------------------------------------
     0.10%           260        3.8%          1,096,859          57,080
     0.25%           245        3.6%          1,217,119          93,273
     0.50%           230        3.4%          1,451,182          93,424 ← current
     1.00%           177        2.6%          2,625,340         615,930
     2.00%           146        2.1%          3,655,075         781,028
     5.00%            94        1.4%          4,498,217       1,229,527
    10.00%            72        1.1%          4,725,022       1,254,528
    20.00%            39        0.6%         11,129,657       1,905,686

Nematoda (n=6,852 confirmed runs, current threshold=1.0%)
   Thresh%   Runs≥thresh  % of total   Median abs count   P10 abs count
  --------------------------------------------------------------------
     0.10%             3        0.0%         10,918,492       2,207,372
     0.25%             2        0.0%         12,749,228      11,284,639
     0.50%             2        0.0%         12,749,228      11,284,639
     1.00%             2        0.0%         12,749,228      11,284,639 ← current
     2.00%             2        0.0%         12,749,228      11,284,639
     5.00%             2        0.0%         12,749,228      11,284,639
    10.00%             2        0.0%         12,749,228      11,284,639
    20.00%             2        0.0%         12,749,228      11,284,639

========================================================================
KINGDOM DISTRIBUTIONS (log2 bins)
========================================================================

Fungi (n=4,066 runs with signal, total=6,852)
     0.06–0.12   % | ██████████ 117
     0.12–0.25   % | ████████████████████████████████████ 414
     0.25–0.50   % | ██████████████████████████████████████ 434
     0.50–1.00   % | ██████████████████████████████████████ 437
     1.00–2.00   % | █████████████████████████████████ 383
     2.00–4.00   % | █████████████████████████████████ 382
     4.00–8.00   % | ███████████████████████████████ 354
     8.00–16.00  % | ███████████████████████████ 308
    16.00–32.00  % | ████████████████████████████████ 365
    32.00–64.00  % | ██████████████████████████████████████████████████ 569
    64.00–128.00 % | ██████████████████████████ 303

  → Largest log-space gap below: 0.147%  (suggested empirical threshold)

Viruses (n=1,308 runs with signal, total=6,852)
     0.06–0.12   % | ████████████████ 63
     0.12–0.25   % | ██████████████████████████████████████████████████ 186
     0.25–0.50   % | ████████████████████████████████████████████████ 180
     0.50–1.00   % | █████████████████████████████████████ 141
     1.00–2.00   % | ███████████████████████████████ 117
     2.00–4.00   % | █████████████████████ 81
     4.00–8.00   % | ███████████████████████ 86
     8.00–16.00  % | ████████████████████ 76
    16.00–32.00  % | ████████████████████████████ 105
    32.00–64.00  % | █████████████████████████████████ 125
    64.00–128.00 % | ███████████████████████████████████████ 148

  → Largest log-space gap below: 10.593%  (suggested empirical threshold)

Bacteria (n=6,103 runs with signal, total=6,852)
     0.06–0.12   % | ████ 94
     0.12–0.25   % | ███████████████████████ 484
     0.25–0.50   % | ██████████████████████████████████████ 798
     0.50–1.00   % | ███████████████████████████████████████████████ 993
     1.00–2.00   % | ██████████████████████████████████████████████████ 1,050
     2.00–4.00   % | █████████████████████████████████████████████ 955
     4.00–8.00   % | ██████████████████████████████████████ 802
     8.00–16.00  % | ██████████████████████ 469
    16.00–32.00  % | ██████ 130
    32.00–64.00  % | ██████ 132
    64.00–128.00 % | █████████ 196

  → Largest log-space gap below: 21.677%  (suggested empirical threshold)

Oomycota (n=260 runs with signal, total=6,852)
     0.06–0.12   % | █████ 6
     0.12–0.25   % | ████████ 9
     0.25–0.50   % | ██████████████ 15
     0.50–1.00   % | ██████████████████████████████████████████████████ 53
     1.00–2.00   % | █████████████████████████████ 31
     2.00–4.00   % | ████████████████████████████████████ 39
     4.00–8.00   % | ████████████████████████████████ 34
     8.00–16.00  % | ██████████████████ 20
    16.00–32.00  % | ███████████████████████████████ 33
    32.00–64.00  % | ████ 5
    64.00–128.00 % | ██████████████ 15

  → Largest log-space gap below: 38.459%  (suggested empirical threshold)

Nematoda (n=3 runs with signal, total=6,852)
     0.06–0.12   % |  0
     0.12–0.25   % | █████████████████████████ 1
     0.25–0.50   % |  0
     0.50–1.00   % |  0
     1.00–2.00   % |  0
     2.00–4.00   % |  0
     4.00–8.00   % |  0
     8.00–16.00  % |  0
    16.00–32.00  % | ██████████████████████████████████████████████████ 2

  → Distribution too sparse for gap detection

========================================================================
ABSOLUTE COUNT FLOOR (species-level)
========================================================================

Fungi species-level detections at ≥1.0% (n=6,255): abs count floor impact
   Min abs count    Survives    % kept
  --------------------------------------
             100       6,255    100.0%
             250       6,253    100.0%
             500       6,250     99.9%
           1,000       6,247     99.9%
           2,000       6,242     99.8%
           5,000       6,234     99.7%

Viruses species-level detections at ≥10.0% (n=769): abs count floor impact
   Min abs count    Survives    % kept
  --------------------------------------
             100         769    100.0%
             250         769    100.0%
             500         769    100.0%
           1,000         769    100.0%
           2,000         769    100.0%
           5,000         769    100.0%

Bacteria species-level detections at ≥5.0% (n=1,365): abs count floor impact
   Min abs count    Survives    % kept
  --------------------------------------
             100       1,365    100.0%
             250       1,364     99.9%
             500       1,361     99.7%
           1,000       1,360     99.6%
           2,000       1,360     99.6%
           5,000       1,358     99.5%

Oomycota species-level detections at ≥0.5% (n=553): abs count floor impact
   Min abs count    Survives    % kept
  --------------------------------------
             100         553    100.0%
             250         553    100.0%
             500         553    100.0%
           1,000         552     99.8%
           2,000         552     99.8%
           5,000         552     99.8%

Nematoda species-level detections at ≥1.0% (n=7): abs count floor impact
   Min abs count    Survives    % kept
  --------------------------------------
             100           7    100.0%
             250           7    100.0%
             500           7    100.0%
           1,000           7    100.0%
           2,000           7    100.0%
           5,000           7    100.0%

========================================================================
READ DEPTH (all confirmed runs)
========================================================================
  p10=6,001,980  median=22,902,970  p90=61,673,262  max=914,127,929

  If thresholds need adjustment, edit KINGDOM_THRESHOLDS in 02_filter.py and re-run with --skip-validate.

── Phase 3: crypt (MAL) ──
  Classified: 6,852  |  skipped (no STAT): 0

── HAL: 559,950 runs from output/01_fetch/data/hal_runs.json ──

── Phase 1: retention gate (HAL) ──
  Runs:        559,950
  With STAT:   553,384  (98.8%)
  Failed gate: 535,522
  Confirmed:   17,862  (3.2% of screened)  [PHI-base pathogen ≥1.0%]

── Phase 2: validate (HAL, 17,862 confirmed runs) ──
  Written: output/02_filter/data/hal_kingdom_dist.tsv  (17,862 rows)
  Written: output/02_filter/data/hal_species_dist.tsv  (102,989 rows)

── validate HAL ─────────────────────────────
Confirmed runs processed: 17,862  |  no STAT data: 0

========================================================================
KINGDOM BREAKPOINT TABLES
========================================================================

Fungi (n=17,862 confirmed runs, current threshold=1.0%)
   Thresh%   Runs≥thresh  % of total   Median abs count   P10 abs count
  --------------------------------------------------------------------
     0.10%         6,961       39.0%            805,662          32,553
     0.25%         6,425       36.0%            976,408          43,706
     0.50%         6,208       34.8%          1,061,379          46,223
     1.00%         6,059       33.9%          1,133,686          46,820 ← current
     2.00%         4,903       27.4%          1,673,528          80,695
     5.00%         2,951       16.5%          3,615,424         545,731
    10.00%         1,806       10.1%          6,182,747       1,984,027
    20.00%         1,067        6.0%         10,501,647       3,679,505

Viruses (n=17,862 confirmed runs, current threshold=10.0%)
   Thresh%   Runs≥thresh  % of total   Median abs count   P10 abs count
  --------------------------------------------------------------------
     0.10%        11,272       63.1%            767,888         102,514
     0.25%        11,095       62.1%            786,856         122,031
     0.50%        10,972       61.4%            797,241         129,954
     1.00%        10,878       60.9%            807,757         131,788
     2.00%         8,439       47.2%          1,197,504         175,164
     5.00%         4,717       26.4%          2,714,648         349,439
    10.00%         2,877       16.1%          4,628,015         594,194 ← current
    20.00%         1,670        9.3%          6,972,746         509,158

Bacteria (n=17,862 confirmed runs, current threshold=5.0%)
   Thresh%   Runs≥thresh  % of total   Median abs count   P10 abs count
  --------------------------------------------------------------------
     0.10%        14,437       80.8%            159,888          19,215
     0.25%        11,630       65.1%            234,367          35,211
     0.50%         9,055       50.7%            348,596          49,537
     1.00%         6,445       36.1%            572,052          65,781
     2.00%         4,037       22.6%          1,010,569         115,618
     5.00%         1,602        9.0%          1,913,534         305,586 ← current
    10.00%           634        3.5%          2,446,739         457,141
    20.00%           225        1.3%          4,866,326         468,698

Oomycota (n=17,862 confirmed runs, current threshold=0.5%)
   Thresh%   Runs≥thresh  % of total   Median abs count   P10 abs count
  --------------------------------------------------------------------
     0.10%           358        2.0%            975,467          58,906
     0.25%           331        1.9%          1,104,676         129,244
     0.50%           313        1.8%          1,290,932         228,611 ← current
     1.00%           308        1.7%          1,382,815         238,716
     2.00%           271        1.5%          1,913,707         290,526
     5.00%           186        1.0%          3,391,920         285,393
    10.00%           117        0.7%          4,977,729       1,941,135
    20.00%            39        0.2%         12,611,983       5,563,672

Nematoda (n=17,862 confirmed runs, current threshold=1.0%)
   Thresh%   Runs≥thresh  % of total   Median abs count   P10 abs count
  --------------------------------------------------------------------
     0.10%             8        0.0%             64,316          31,307
     0.25%             4        0.0%            150,811         100,940
     0.50%             0        0.0%                  —               —
     1.00%             0        0.0%                  —               —
     2.00%             0        0.0%                  —               —
     5.00%             0        0.0%                  —               —
    10.00%             0        0.0%                  —               —
    20.00%             0        0.0%                  —               —

========================================================================
KINGDOM DISTRIBUTIONS (log2 bins)
========================================================================

Fungi (n=6,961 runs with signal, total=17,862)
     0.06–0.12   % | █████ 159
     0.12–0.25   % | ████████████ 377
     0.25–0.50   % | ███████ 217
     0.50–1.00   % | ████ 149
     1.00–2.00   % | █████████████████████████████████████ 1,156
     2.00–4.00   % | ██████████████████████████████████████████████████ 1,530
     4.00–8.00   % | ███████████████████████████████████████ 1,218
     8.00–16.00  % | █████████████████████████████ 889
    16.00–32.00  % | ███████████████████ 607
    32.00–64.00  % | ███████████████ 459
    64.00–128.00 % | ██████ 200

  → Largest log-space gap below: 0.923%  (suggested empirical threshold)

Viruses (n=11,272 runs with signal, total=17,862)
     0.06–0.12   % |  57
     0.12–0.25   % | ██ 120
     0.25–0.50   % | ██ 123
     0.50–1.00   % | █ 94
     1.00–2.00   % | █████████████████████████████████████████ 2,439
     2.00–4.00   % | ██████████████████████████████████████████████████ 2,954
     4.00–8.00   % | ████████████████████████████████████ 2,131
     8.00–16.00  % | ██████████████████████ 1,319
    16.00–32.00  % | █████████████████ 1,030
    32.00–64.00  % | ███████████ 683
    64.00–128.00 % | █████ 322

  → Largest log-space gap below: 0.889%  (suggested empirical threshold)

Bacteria (n=14,437 runs with signal, total=17,862)
     0.06–0.12   % | ███████████ 598
     0.12–0.25   % | ██████████████████████████████████████████ 2,209
     0.25–0.50   % | █████████████████████████████████████████████████ 2,575
     0.50–1.00   % | ██████████████████████████████████████████████████ 2,610
     1.00–2.00   % | ██████████████████████████████████████████████ 2,408
     2.00–4.00   % | █████████████████████████████████████ 1,962
     4.00–8.00   % | ███████████████████████ 1,235
     8.00–16.00  % | █████████ 487
    16.00–32.00  % | ████ 250
    32.00–64.00  % | █ 81
    64.00–128.00 % |  22

  → Largest log-space gap below: 81.470%  (suggested empirical threshold)

Oomycota (n=358 runs with signal, total=17,862)
     0.06–0.12   % | ████ 8
     0.12–0.25   % | ██████████ 19
     0.25–0.50   % | ██████████ 18
     0.50–1.00   % | ██ 5
     1.00–2.00   % | ████████████████████ 37
     2.00–4.00   % | █████████████████████████████████████ 66
     4.00–8.00   % | ███████████████████████████████████ 63
     8.00–16.00  % | ██████████████████████████████████████████████████ 89
    16.00–32.00  % | ████████████████ 29
    32.00–64.00  % | ██████████ 18
    64.00–128.00 % | ███ 6

  → Largest log-space gap below: 0.557%  (suggested empirical threshold)

Nematoda (n=8 runs with signal, total=17,862)
     0.06–0.12   % | ████████████ 1
     0.12–0.25   % | █████████████████████████████████████ 3
     0.25–0.50   % | ██████████████████████████████████████████████████ 4

  → Distribution too sparse for gap detection

========================================================================
ABSOLUTE COUNT FLOOR (species-level)
========================================================================

Fungi species-level detections at ≥1.0% (n=11,073): abs count floor impact
   Min abs count    Survives    % kept
  --------------------------------------
             100      11,072    100.0%
             250      11,070    100.0%
             500      11,066     99.9%
           1,000      11,059     99.9%
           2,000      11,042     99.7%
           5,000      11,001     99.3%

Viruses species-level detections at ≥10.0% (n=3,604): abs count floor impact
   Min abs count    Survives    % kept
  --------------------------------------
             100       3,596     99.8%
             250       3,595     99.8%
             500       3,595     99.8%
           1,000       3,595     99.8%
           2,000       3,595     99.8%
           5,000       3,590     99.6%

Bacteria species-level detections at ≥5.0% (n=927): abs count floor impact
   Min abs count    Survives    % kept
  --------------------------------------
             100         922     99.5%
             250         920     99.2%
             500         920     99.2%
           1,000         920     99.2%
           2,000         920     99.2%
           5,000         919     99.1%

Oomycota species-level detections at ≥0.5% (n=865): abs count floor impact
   Min abs count    Survives    % kept
  --------------------------------------
             100         865    100.0%
             250         864     99.9%
             500         861     99.5%
           1,000         858     99.2%
           2,000         854     98.7%
           5,000         841     97.2%

Nematoda: no species detections at current threshold

========================================================================
READ DEPTH (all confirmed runs)
========================================================================
  p10=2,443,568  median=22,888,048  p90=45,304,678  max=783,733,489

  If thresholds need adjustment, edit KINGDOM_THRESHOLDS in 02_filter.py and re-run with --skip-validate.

── Phase 3: crypt (HAL) ──
  Classified: 7,483  |  skipped (no STAT): 10,379

── 02_filter summary ────────────────────────────────
Modes: MAL + HAL

Gate (MAL):  6,852 / 48,418 confirmed  (14.4%)  [≥1.0% Viridiplantae]
Gate (HAL):  17,862 / 559,950 confirmed  (3.2%)  [PHI-base pathogen ≥1.0%]

MAL:
  Runs classified:      6,852
    single:             5,950
    multi_species:        898
    multi_kingdom:          4
  Unique BioSamples:    5,297
    single:             4,519
    multi_species:        774
    multi_kingdom:          4
  Interaction status (BioSample):
    known:            2,470
    novel_host_range: 1,141
    novel_combo:          0
    unresolved:       1,686
  Top secondary pathogens (BioSample):
  Puccinia graminis                               151
  Puccinia graminis f. sp. tritici CRL 75-36-700-3   106
  Zymoseptoria tritici                             94
  Pepino mosaic virus                              82
  Alternaria alternata                             50
  Botrytis cinerea                                 31
  Fusarium pseudograminearum                       29
  Parastagonospora nodorum                         27
  Fusarium odoratissimum                           20
  Fusarium verticillioides 7600                    19
  Varicosavirus lactucae                           18
  Phytophthora infestans                           17
  Pyrenophora tritici-repentis                     15
  Ophiovirus mirafioriense                         14
  environmental samples                            12

HAL:
  Runs classified:      7,483
    single:             6,403
    multi_species:      1,060
    multi_kingdom:         20
  Unique BioSamples:    6,796
    single:             5,776
    multi_species:      1,000
    multi_kingdom:         20
  Interaction status (BioSample):
    known:            5,551
    novel_host_range: 1,245
    novel_combo:          0
    unresolved:           0
  Top secondary pathogens (BioSample):
  Fusarium pseudograminearum                       98
  Peanut stripe virus                              70
  Fusarium oxysporum f. sp. lycopersici            62
  Pectobacterium brasiliense                       57
  Phytophthora infestans                           53
  Fusarium fujikuroi                               41
  Bean common mosaic virus                         38
  Alternaria alternata                             36
  Watermelon mosaic virus                          36
  Fusarium verticillioides 7600                    34
  Peanut mottle virus                              33
  Fusarium oxysporum Fo47                          30
  Fusarium odoratissimum                           29
  Potato virus Y                                   26
  Phytophthora parasitica                          25

Combined:
  Total rows:          14,335
  Duplicates removed:  0

Output: output/02_filter/data/crypt.tsv

