Reads read from: kraken/select/data/reads
Raw kraken2 reports will be saved to: kraken/assign/data/reports
Loaded 3,225 runs from kraken/select/data/run_list.tsv (filters: none)
Array task 8/16: 202 runs in slice, 0 already done, 202 to do

Total runs: 3,225 | Already done: 1 | Remaining: 202
Settings: confidence=0.15, min_hit_groups=3, workers=4, kraken_threads=8
DB: kraken/build/data/db_v3
Tmp: /scratch/pawsey1168/llenzo/kraken_tmp

[      1/202] ERR3188452  77.3% classified  | 0.0/s  ETA 7.2h
[      2/202] ERR3188467  77.8% classified  | 0.0/s  ETA 3.7h
[      3/202] ERR3170233  79.0% classified  | 0.0/s  ETA 2.5h
[      4/202] ERR3188434  81.5% classified  | 0.0/s  ETA 1.9h
[      5/202] ERR3170227  76.5% classified  | 0.0/s  ETA 2.7h
[      6/202] ERR3188431  80.8% classified  | 0.0/s  ETA 2.2h
[      7/202] ERR3188477  79.5% classified  | 0.0/s  ETA 2.1h
[      8/202] ERR3188438  81.3% classified  | 0.0/s  ETA 1.8h
[      9/202] ERR3170253  76.5% classified  | 0.0/s  ETA 2.0h
[     10/202] ERR1607816  78.0% classified  | 0.0/s  ETA 1.9h
[     11/202] ERR3170206  81.4% classified  | 0.0/s  ETA 1.8h
[     12/202] ERR1607779  82.6% classified  | 0.0/s  ETA 1.6h
[     13/202] ERR1607776  86.3% classified  | 0.0/s  ETA 2.0h
[     14/202] ERR1607769  82.0% classified  | 0.0/s  ETA 1.8h
[     15/202] ERR1607764  73.6% classified  | 0.0/s  ETA 1.7h
[     16/202] ERR1607793  84.0% classified  | 0.0/s  ETA 1.7h
[     17/202] ERR15005456  60.7% classified  | 0.0/s  ETA 1.9h
[     18/202] ERR15005463  61.6% classified  | 0.0/s  ETA 1.8h
[     19/202] ERR1607834  78.2% classified  | 0.0/s  ETA 1.7h
[     20/202] ERR15005526  78.7% classified  | 0.0/s  ETA 1.7h
[     21/202] ERR15005525  67.1% classified  | 0.0/s  ETA 2.1h
[     22/202] ERR15005533  74.7% classified  | 0.0/s  ETA 2.0h
[     23/202] ERR15005469  51.2% classified  | 0.0/s  ETA 1.9h
[     24/202] ERR12013061  80.0% classified  | 0.0/s  ETA 2.0h
[     25/202] ERR12013079  82.1% classified  | 0.0/s  ETA 2.2h
[     26/202] ERR6847890  80.0% classified  | 0.0/s  ETA 2.1h
[     27/202] ERR12013069  82.3% classified  | 0.0/s  ETA 2.1h
[     28/202] ERR6847879  82.7% classified  | 0.0/s  ETA 2.1h
[     29/202] ERR4315685  71.3% classified  | 0.0/s  ETA 2.1h
[     30/202] SRR29076501  87.5% classified  | 0.0/s  ETA 2.0h
[     31/202] ERR4315613  83.0% classified  | 0.0/s  ETA 2.0h
[     32/202] ERR4315443  82.6% classified  | 0.0/s  ETA 2.1h
[     33/202] ERR4315364  77.1% classified  | 0.0/s  ETA 2.0h
[     34/202] ERR4761817  79.2% classified  | 0.0/s  ETA 2.0h
[     35/202] ERR4315226  75.5% classified  | 0.0/s  ETA 2.0h
[     36/202] ERR4315573  78.6% classified  | 0.0/s  ETA 1.9h
[     37/202] ERR4315412  72.1% classified  | 0.0/s  ETA 1.9h
[     38/202] ERR4315637  84.0% classified  | 0.0/s  ETA 1.8h
[     39/202] ERR4315246  79.9% classified  | 0.0/s  ETA 1.8h
[     40/202] ERR4315190  84.4% classified  | 0.0/s  ETA 1.8h
[     41/202] ERR4315423  79.7% classified  | 0.0/s  ETA 1.7h
[     42/202] ERR4315669  58.6% classified  | 0.0/s  ETA 1.8h
[     43/202] ERR4315155  79.0% classified  | 0.0/s  ETA 1.8h
[     44/202] ERR4315223  82.3% classified  | 0.0/s  ETA 1.7h
[     45/202] ERR4315342  79.0% classified  | 0.0/s  ETA 1.7h
[     46/202] ERR4315398  8.6% classified  | 0.0/s  ETA 1.8h
[     47/202] ERR4315471  82.5% classified  | 0.0/s  ETA 1.7h
[     48/202] ERR4315492  77.1% classified  | 0.0/s  ETA 1.7h
[     49/202] ERR4315546  82.7% classified  | 0.0/s  ETA 1.6h
[     50/202] ERR4315283  70.9% classified  | 0.0/s  ETA 1.7h
[     51/202] ERR4315569  75.2% classified  | 0.0/s  ETA 1.6h
[     52/202] ERR4315441  79.8% classified  | 0.0/s  ETA 1.6h
[     53/202] ERR4315667  65.1% classified  | 0.0/s  ETA 1.6h
[     54/202] ERR4315150  81.0% classified  | 0.0/s  ETA 1.6h
[     55/202] ERR4315257  81.0% classified  | 0.0/s  ETA 1.6h
[     56/202] ERR4315321  75.9% classified  | 0.0/s  ETA 1.5h
[     57/202] ERR4315563  82.6% classified  | 0.0/s  ETA 1.6h
[     58/202] ERR4315399  78.6% classified  | 0.0/s  ETA 1.5h
[     59/202] ERR4315240  83.4% classified  | 0.0/s  ETA 1.5h
[     60/202] ERR4315340  71.7% classified  | 0.0/s  ETA 1.5h
[     61/202] ERR4315617  66.8% classified  | 0.0/s  ETA 1.5h
[     62/202] ERR4315415  84.2% classified  | 0.0/s  ETA 1.5h
[     63/202] ERR4315479  69.5% classified  | 0.0/s  ETA 1.4h
[     64/202] SRR1425535  ERR(no_local_reads)  | 0.0/s  ETA 1.4h
[     65/202] ERR3383633  81.3% classified  | 0.0/s  ETA 1.4h
[     66/202] SRR24010219  78.5% classified  | 0.0/s  ETA 1.4h
[     67/202] SRR24010213  77.9% classified  | 0.0/s  ETA 1.4h
[     68/202] ERR3856838  57.4% classified  | 0.0/s  ETA 1.3h
[     69/202] ERR3856825  63.5% classified  | 0.0/s  ETA 1.3h
[     70/202] SRR14386296  91.5% classified  | 0.0/s  ETA 1.3h
[     71/202] ERR3500551  82.2% classified  | 0.0/s  ETA 1.3h
[     72/202] ERR3856844  72.6% classified  | 0.0/s  ETA 1.3h
[     73/202] SRR1562077  83.2% classified  | 0.0/s  ETA 1.3h
[     74/202] ERR3500527  83.4% classified  | 0.0/s  ETA 1.3h
[     75/202] ERR3500507  83.5% classified  | 0.0/s  ETA 1.3h
[     76/202] SRR22139841  21.7% classified  | 0.0/s  ETA 1.3h
[     77/202] SRR26175767  83.9% classified  | 0.0/s  ETA 1.3h
[     78/202] SRR391832  68.4% classified  | 0.0/s  ETA 1.3h
[     79/202] SRR391836  72.1% classified  | 0.0/s  ETA 1.3h
[     80/202] SRR1562050  82.4% classified  | 0.0/s  ETA 1.3h
[     81/202] SRR1562078  82.5% classified  | 0.0/s  ETA 1.2h
[     82/202] SRR32620569  83.9% classified  | 0.0/s  ETA 1.3h
[     83/202] ERR789378  69.1% classified  | 0.0/s  ETA 1.3h
[     84/202] ERR789113  46.3% classified  | 0.0/s  ETA 1.3h
[     85/202] SRR6242054  72.2% classified  | 0.0/s  ETA 1.2h
[     86/202] SRR8718843  94.9% classified  | 0.0/s  ETA 1.3h
[     87/202] SRR8718813  91.5% classified  | 0.0/s  ETA 1.2h
[     88/202] SRR8718793  94.5% classified  | 0.0/s  ETA 1.2h
[     89/202] ERR2099116  82.4% classified  | 0.0/s  ETA 1.2h
[     90/202] ERR13107161  87.2% classified  | 0.0/s  ETA 1.2h
[     91/202] SRR4240604  82.3% classified  | 0.0/s  ETA 1.2h
[     92/202] ERR13159060  81.3% classified  | 0.0/s  ETA 1.2h
[     93/202] SRR34026593  76.1% classified  | 0.0/s  ETA 1.2h
[     94/202] SRR34026575  75.3% classified  | 0.0/s  ETA 1.2h
[     95/202] SRR6242034  73.7% classified  | 0.0/s  ETA 1.2h
[     96/202] SRR3750733  88.6% classified  | 0.0/s  ETA 1.2h
[     97/202] SRR9684522  67.5% classified  | 0.0/s  ETA 1.1h
[     98/202] SRR3750729  79.2% classified  | 0.0/s  ETA 1.1h
[     99/202] SRR2874385  80.5% classified  | 0.0/s  ETA 1.1h
[    100/202] ERR5928167  79.2% classified  | 0.0/s  ETA 1.1h
[    101/202] ERR5928202  82.3% classified  | 0.0/s  ETA 1.1h
[    102/202] ERR5928181  83.5% classified  | 0.0/s  ETA 1.1h
[    103/202] SRR21195561  86.4% classified  | 0.0/s  ETA 1.1h
[    104/202] SRR21195559  87.0% classified  | 0.0/s  ETA 1.1h
[    105/202] ERR5928218  77.9% classified  | 0.0/s  ETA 1.0h
[    106/202] SRR20067738  85.5% classified  | 0.0/s  ETA 1.0h
[    107/202] SRR31200163  90.7% classified  | 0.0/s  ETA 1.0h
[    108/202] ERR5696213  92.5% classified  | 0.0/s  ETA 1.0h
[    109/202] ERR6548384  92.0% classified  | 0.0/s  ETA 1.0h
[    110/202] ERR5696278  92.0% classified  | 0.0/s  ETA 1.0h
[    111/202] SRR14871473  85.0% classified  | 0.0/s  ETA 1.0h
[    112/202] ERR6548358  79.3% classified  | 0.0/s  ETA 1.0h
[    113/202] ERR5696258  92.4% classified  | 0.0/s  ETA 1.0h
[    114/202] ERR5696300  92.4% classified  | 0.0/s  ETA 0.9h
[    115/202] ERR5696248  90.8% classified  | 0.0/s  ETA 0.9h
[    116/202] ERR5696268  92.0% classified  | 0.0/s  ETA 0.9h
[    117/202] ERR5696234  93.5% classified  | 0.0/s  ETA 0.9h
[    118/202] SRR20324142  85.0% classified  | 0.0/s  ETA 0.9h
[    119/202] SRR20324135  86.6% classified  | 0.0/s  ETA 0.9h
[    120/202] SRR2922404  5.2% classified  | 0.0/s  ETA 0.9h
[    121/202] SRR11216278  7.3% classified  | 0.0/s  ETA 0.9h
[    122/202] SRR6221905  84.6% classified  | 0.0/s  ETA 0.8h
[    123/202] SRR11216292  7.4% classified  | 0.0/s  ETA 0.8h
[    124/202] SRR11216298  8.1% classified  | 0.0/s  ETA 0.8h
[    125/202] SRR10386364  61.3% classified  | 0.0/s  ETA 0.8h
[    126/202] SRR2517430  78.8% classified  | 0.0/s  ETA 0.8h
[    127/202] SRR7500375  81.2% classified  | 0.0/s  ETA 0.8h
[    128/202] SRR2922437  34.6% classified  | 0.0/s  ETA 0.8h
[    129/202] SRR23870001  88.5% classified  | 0.0/s  ETA 0.8h
[    130/202] SRR33583436  31.0% classified  | 0.0/s  ETA 0.8h
[    131/202] SRR31850423  85.8% classified  | 0.0/s  ETA 0.8h
[    132/202] SRR28475135  95.6% classified  | 0.0/s  ETA 0.7h
[    133/202] SRR7873465  13.3% classified  | 0.0/s  ETA 0.7h
[    134/202] SRR16930843  30.1% classified  | 0.0/s  ETA 0.7h
[    135/202] SRR27326679  46.9% classified  | 0.0/s  ETA 0.7h
[    136/202] SRR15141150  57.9% classified  | 0.0/s  ETA 0.7h
[    137/202] SRR36950020  9.5% classified  | 0.0/s  ETA 0.7h
[    138/202] SRR15141441  74.2% classified  | 0.0/s  ETA 0.7h
[    139/202] SRR15141165  55.7% classified  | 0.0/s  ETA 0.7h
[    140/202] SRR8204140  75.3% classified  | 0.0/s  ETA 0.6h
[    141/202] SRR24737257  77.0% classified  | 0.0/s  ETA 0.6h
[    142/202] ERR10887007  87.2% classified  | 0.0/s  ETA 0.7h
[    143/202] SRR10291752  76.4% classified  | 0.0/s  ETA 0.6h
[    144/202] ERR10886989  79.5% classified  | 0.0/s  ETA 0.6h
[    145/202] ERR10886919  82.6% classified  | 0.0/s  ETA 0.6h
[    146/202] SRR14212084  78.5% classified  | 0.0/s  ETA 0.6h
[    147/202] ERR10886946  85.7% classified  | 0.0/s  ETA 0.6h
[    148/202] SRR8418342  62.4% classified  | 0.0/s  ETA 0.6h
[    149/202] ERR10886975  85.0% classified  | 0.0/s  ETA 0.6h
[    150/202] SRR8418224  68.2% classified  | 0.0/s  ETA 0.6h
[    151/202] SRR8418317  63.4% classified  | 0.0/s  ETA 0.6h
[    152/202] SRR8418318  50.2% classified  | 0.0/s  ETA 0.6h
[    153/202] SRR31278121  74.8% classified  | 0.0/s  ETA 0.5h
[    154/202] ERR7421528  71.7% classified  | 0.0/s  ETA 0.5h
[    155/202] ERR7421531  66.7% classified  | 0.0/s  ETA 0.5h
[    156/202] ERR10926661  87.3% classified  | 0.0/s  ETA 0.5h
[    157/202] SRR32959937  82.0% classified  | 0.0/s  ETA 0.5h
[    158/202] ERR10926629  85.0% classified  | 0.0/s  ETA 0.5h
[    159/202] SRR22142917  67.2% classified  | 0.0/s  ETA 0.5h
[    160/202] SRR36292449  61.8% classified  | 0.0/s  ETA 0.5h
[    161/202] SRR36910240  28.1% classified  | 0.0/s  ETA 0.5h
[    162/202] SRR34300136  21.5% classified  | 0.0/s  ETA 0.5h
[    163/202] SRR36292460  59.7% classified  | 0.0/s  ETA 0.5h
[    164/202] SRR34300115  30.7% classified  | 0.0/s  ETA 0.5h
[    165/202] SRR36292437  56.1% classified  | 0.0/s  ETA 0.4h
[    166/202] SRR36292501  68.8% classified  | 0.0/s  ETA 0.4h
[    167/202] SRR36910229  24.0% classified  | 0.0/s  ETA 0.4h
[    168/202] SRR34300118  30.1% classified  | 0.0/s  ETA 0.4h
[    169/202] SRR36910204  28.7% classified  | 0.0/s  ETA 0.4h
[    170/202] SRR36292508  64.5% classified  | 0.0/s  ETA 0.4h
[    171/202] SRR34300139  28.0% classified  | 0.0/s  ETA 0.4h
[    172/202] SRR36367331  70.9% classified  | 0.0/s  ETA 0.4h
[    173/202] SRR25969038  88.9% classified  | 0.0/s  ETA 0.4h
[    174/202] SRR25969047  89.6% classified  | 0.0/s  ETA 0.3h
[    175/202] SRR3537150  81.1% classified  | 0.0/s  ETA 0.3h
[    176/202] SRR22975698  90.7% classified  | 0.0/s  ETA 0.3h
[    177/202] SRR1975194  60.4% classified  | 0.0/s  ETA 0.3h
[    178/202] SRR8984124  77.4% classified  | 0.0/s  ETA 0.3h
[    179/202] SRR8984121  81.5% classified  | 0.0/s  ETA 0.3h
[    180/202] SRR12133603  28.9% classified  | 0.0/s  ETA 0.3h
[    181/202] SRR6395482  82.0% classified  | 0.0/s  ETA 0.3h
[    182/202] SRR32660884  81.6% classified  | 0.0/s  ETA 0.2h
[    183/202] SRR18064501  34.2% classified  | 0.0/s  ETA 0.2h
[    184/202] SRR1793865  88.9% classified  | 0.0/s  ETA 0.2h
[    185/202] SRR37491913  21.7% classified  | 0.0/s  ETA 0.2h
[    186/202] SRR6039738  75.7% classified  | 0.0/s  ETA 0.2h
[    187/202] ERR990470  75.8% classified  | 0.0/s  ETA 0.2h
[    188/202] SRR5225794  74.9% classified  | 0.0/s  ETA 0.2h
[    189/202] SRR11067669  47.8% classified  | 0.0/s  ETA 0.2h
[    190/202] SRR17207990  79.5% classified  | 0.0/s  ETA 0.1h
[    191/202] ERR14823249  91.0% classified  | 0.0/s  ETA 0.1h
[    192/202] ERR4352130  90.2% classified  | 0.0/s  ETA 0.1h
[    193/202] SRR22540857  91.1% classified  | 0.0/s  ETA 0.1h
[    194/202] SRR10189435  60.6% classified  | 0.0/s  ETA 0.1h
[    195/202] SRR31851388  80.9% classified  | 0.0/s  ETA 0.1h
[    196/202] SRR16017072  89.7% classified  | 0.0/s  ETA 0.1h
[    197/202] SRR8416462  74.3% classified  | 0.0/s  ETA 0.1h
[    198/202] SRR10717614  81.3% classified  | 0.0/s  ETA 0.0h
[    199/202] SRR1776535  79.5% classified  | 0.0/s  ETA 0.0h
[    200/202] SRR3724104  67.7% classified  | 0.0/s  ETA 0.0h
[    201/202] SRR1773570  90.9% classified  | 0.0/s  ETA 0.0h
[    202/202] ERR9452524  88.6% classified  | 0.0/s  ETA 0.0h

── Summary ────────────────────────────────────────
  Classified: 201
  Errors:     1
  Elapsed:    2.5h
  Cache:      kraken/assign/data/kraken_cache.jsonl
