Reads read from: kraken/select/data/reads
Raw kraken2 reports will be saved to: kraken/assign/data/reports
Loaded 3,225 runs from kraken/select/data/run_list.tsv (filters: none)
Array task 7/16: 202 runs in slice, 0 already done, 202 to do

Total runs: 3,225 | Already done: 1 | Remaining: 202
Settings: confidence=0.15, min_hit_groups=3, workers=4, kraken_threads=8
DB: kraken/build/data/db_v3
Tmp: /scratch/pawsey1168/llenzo/kraken_tmp

[      1/202] ERR3170246  81.7% classified  | 0.0/s  ETA 6.2h
[      2/202] ERR3170224  78.9% classified  | 0.0/s  ETA 4.0h
[      3/202] ERR3188455  81.5% classified  | 0.0/s  ETA 2.9h
[      4/202] ERR3188437  81.7% classified  | 0.0/s  ETA 2.2h
[      5/202] ERR3188433  78.6% classified  | 0.0/s  ETA 2.9h
[      6/202] ERR3170210  81.1% classified  | 0.0/s  ETA 2.4h
[      7/202] ERR3170236  73.6% classified  | 0.0/s  ETA 2.1h
[      8/202] ERR3170194  83.5% classified  | 0.0/s  ETA 1.9h
[      9/202] ERR1607762  79.0% classified  | 0.0/s  ETA 2.2h
[     10/202] ERR1607749  83.3% classified  | 0.0/s  ETA 2.0h
[     11/202] ERR3170191  83.3% classified  | 0.0/s  ETA 1.9h
[     12/202] ERR3170208  83.8% classified  | 0.0/s  ETA 1.8h
[     13/202] ERR1607859  60.3% classified  | 0.0/s  ETA 1.9h
[     14/202] ERR1607801  79.2% classified  | 0.0/s  ETA 1.8h
[     15/202] ERR1607784  79.7% classified  | 0.0/s  ETA 1.8h
[     16/202] ERR1607772  83.0% classified  | 0.0/s  ETA 1.7h
[     17/202] ERR1607829  83.3% classified  | 0.0/s  ETA 1.8h
[     18/202] ERR15005518  53.7% classified  | 0.0/s  ETA 2.0h
[     19/202] ERR15005519  31.7% classified  | 0.0/s  ETA 2.0h
[     20/202] ERR15005517  48.2% classified  | 0.0/s  ETA 1.9h
[     21/202] ERR12013049  71.6% classified  | 0.0/s  ETA 2.1h
[     22/202] ERR15005522  70.1% classified  | 0.0/s  ETA 2.0h
[     23/202] ERR15005455  51.4% classified  | 0.0/s  ETA 1.9h
[     24/202] ERR15005487  47.2% classified  | 0.0/s  ETA 1.9h
[     25/202] ERR12013052  72.4% classified  | 0.0/s  ETA 1.9h
[     26/202] ERR12013075  52.9% classified  | 0.0/s  ETA 1.8h
[     27/202] ERR6847876  22.6% classified  | 0.0/s  ETA 1.9h
[     28/202] ERR6847895  80.1% classified  | 0.0/s  ETA 1.8h
[     29/202] ERR4315587  53.9% classified  | 0.0/s  ETA 1.8h
[     30/202] ERR4315491  79.4% classified  | 0.0/s  ETA 1.8h
[     31/202] ERR4315182  80.9% classified  | 0.0/s  ETA 1.7h
[     32/202] ERR4315291  79.1% classified  | 0.0/s  ETA 1.7h
[     33/202] SRR29076502  85.0% classified  | 0.0/s  ETA 1.7h
[     34/202] ERR4315609  83.3% classified  | 0.0/s  ETA 1.8h
[     35/202] ERR4315537  83.4% classified  | 0.0/s  ETA 1.8h
[     36/202] ERR4315430  81.2% classified  | 0.0/s  ETA 1.8h
[     37/202] ERR4315444  81.2% classified  | 0.0/s  ETA 1.7h
[     38/202] ERR4315419  85.3% classified  | 0.0/s  ETA 1.7h
[     39/202] ERR4315482  75.8% classified  | 0.0/s  ETA 1.7h
[     40/202] ERR4315529  84.3% classified  | 0.0/s  ETA 1.7h
[     41/202] ERR4315555  43.1% classified  | 0.0/s  ETA 1.7h
[     42/202] ERR4315318  72.5% classified  | 0.0/s  ETA 1.6h
[     43/202] ERR4315668  69.0% classified  | 0.0/s  ETA 1.6h
[     44/202] ERR4315468  87.0% classified  | 0.0/s  ETA 1.6h
[     45/202] ERR4315276  79.0% classified  | 0.0/s  ETA 1.6h
[     46/202] ERR4315603  76.5% classified  | 0.0/s  ETA 1.6h
[     47/202] ERR4315272  70.3% classified  | 0.0/s  ETA 1.6h
[     48/202] ERR4315187  89.3% classified  | 0.0/s  ETA 1.6h
[     49/202] ERR4315173  52.4% classified  | 0.0/s  ETA 1.5h
[     50/202] ERR4315154  82.3% classified  | 0.0/s  ETA 1.5h
[     51/202] ERR4315481  76.7% classified  | 0.0/s  ETA 1.5h
[     52/202] ERR4315462  84.1% classified  | 0.0/s  ETA 1.5h
[     53/202] ERR4761826  80.7% classified  | 0.0/s  ETA 1.5h
[     54/202] ERR4315574  76.2% classified  | 0.0/s  ETA 1.4h
[     55/202] ERR4315643  81.8% classified  | 0.0/s  ETA 1.4h
[     56/202] ERR4315292  81.9% classified  | 0.0/s  ETA 1.4h
[     57/202] ERR4761825  81.4% classified  | 0.0/s  ETA 1.4h
[     58/202] ERR4315370  83.8% classified  | 0.0/s  ETA 1.4h
[     59/202] ERR4315536  82.2% classified  | 0.0/s  ETA 1.4h
[     60/202] ERR4315450  78.4% classified  | 0.0/s  ETA 1.4h
[     61/202] ERR4315612  84.8% classified  | 0.0/s  ETA 1.4h
[     62/202] ERR4315278  76.7% classified  | 0.0/s  ETA 1.4h
[     63/202] ERR4315317  86.9% classified  | 0.0/s  ETA 1.4h
[     64/202] SRR24010215  77.0% classified  | 0.0/s  ETA 1.4h
[     65/202] SRR24010232  78.6% classified  | 0.0/s  ETA 1.4h
[     66/202] ERR3383632  81.7% classified  | 0.0/s  ETA 1.3h
[     67/202] ERR3856840  49.4% classified  | 0.0/s  ETA 1.4h
[     68/202] ERR3856849  80.8% classified  | 0.0/s  ETA 1.3h
[     69/202] ERR3856822  59.6% classified  | 0.0/s  ETA 1.3h
[     70/202] SRR24010239  84.0% classified  | 0.0/s  ETA 1.3h
[     71/202] ERR3500552  82.0% classified  | 0.0/s  ETA 1.3h
[     72/202] SRR14386303  92.6% classified  | 0.0/s  ETA 1.3h
[     73/202] ERR3500530  83.5% classified  | 0.0/s  ETA 1.3h
[     74/202] ERR3500508  83.7% classified  | 0.0/s  ETA 1.3h
[     75/202] SRR1576786  77.1% classified  | 0.0/s  ETA 1.3h
[     76/202] SRR22139843  6.3% classified  | 0.0/s  ETA 1.3h
[     77/202] SRR2185191  95.8% classified  | 0.0/s  ETA 1.3h
[     78/202] SRR26175771  85.0% classified  | 0.0/s  ETA 1.3h
[     79/202] SRR391825  68.2% classified  | 0.0/s  ETA 1.3h
[     80/202] SRR1576647  76.5% classified  | 0.0/s  ETA 1.3h
[     81/202] SRR1575607  77.1% classified  | 0.0/s  ETA 1.3h
[     82/202] SRR32620580  82.2% classified  | 0.0/s  ETA 1.3h
[     83/202] SRR6242030  76.7% classified  | 0.0/s  ETA 1.3h
[     84/202] ERR789116  43.2% classified  | 0.0/s  ETA 1.2h
[     85/202] SRR6242052  71.2% classified  | 0.0/s  ETA 1.2h
[     86/202] SRR12149184  88.0% classified  | 0.0/s  ETA 1.2h
[     87/202] SRR8718812  92.6% classified  | 0.0/s  ETA 1.2h
[     88/202] SRR8718846  94.4% classified  | 0.0/s  ETA 1.2h
[     89/202] SRR8718798  96.4% classified  | 0.0/s  ETA 1.2h
[     90/202] SRR8718832  95.0% classified  | 0.0/s  ETA 1.2h
[     91/202] ERR2099152  79.8% classified  | 0.0/s  ETA 1.2h
[     92/202] ERR13107145  82.6% classified  | 0.0/s  ETA 1.2h
[     93/202] SRR34026571  78.4% classified  | 0.0/s  ETA 1.1h
[     94/202] ERR13108602  81.6% classified  | 0.0/s  ETA 1.1h
[     95/202] ERR13107472  77.4% classified  | 0.0/s  ETA 1.1h
[     96/202] SRR34026573  76.2% classified  | 0.0/s  ETA 1.1h
[     97/202] SRR3750705  88.5% classified  | 0.0/s  ETA 1.1h
[     98/202] SRR3750694  88.5% classified  | 0.0/s  ETA 1.1h
[     99/202] SRR2873842  82.3% classified  | 0.0/s  ETA 1.1h
[    100/202] ERR5928166  81.0% classified  | 0.0/s  ETA 1.0h
[    101/202] ERR5928199  82.3% classified  | 0.0/s  ETA 1.0h
[    102/202] ERR5928194  79.9% classified  | 0.0/s  ETA 1.0h
[    103/202] SRR21195562  87.3% classified  | 0.0/s  ETA 1.0h
[    104/202] SRR21195556  86.7% classified  | 0.0/s  ETA 1.0h
[    105/202] ERR5928205  79.9% classified  | 0.0/s  ETA 1.0h
[    106/202] SRR20067740  85.6% classified  | 0.0/s  ETA 1.0h
[    107/202] SRR31200166  89.9% classified  | 0.0/s  ETA 1.0h
[    108/202] SRR1171047  91.8% classified  | 0.0/s  ETA 1.0h
[    109/202] ERR5696215  93.0% classified  | 0.0/s  ETA 1.0h
[    110/202] ERR5696275  92.0% classified  | 0.0/s  ETA 1.0h
[    111/202] SRR14871463  88.2% classified  | 0.0/s  ETA 1.0h
[    112/202] ERR5696297  91.9% classified  | 0.0/s  ETA 1.0h
[    113/202] ERR5696237  91.3% classified  | 0.0/s  ETA 0.9h
[    114/202] ERR6548348  91.4% classified  | 0.0/s  ETA 0.9h
[    115/202] ERR5696267  92.2% classified  | 0.0/s  ETA 0.9h
[    116/202] ERR5696263  91.6% classified  | 0.0/s  ETA 0.9h
[    117/202] ERR5696231  93.2% classified  | 0.0/s  ETA 0.9h
[    118/202] SRR20324133  86.5% classified  | 0.0/s  ETA 0.9h
[    119/202] SRR6221906  75.5% classified  | 0.0/s  ETA 0.9h
[    120/202] SRR2922403  5.2% classified  | 0.0/s  ETA 0.9h
[    121/202] SRR11216268  7.5% classified  | 0.0/s  ETA 0.9h
[    122/202] SRR20324130  86.5% classified  | 0.0/s  ETA 0.8h
[    123/202] SRR11216297  7.5% classified  | 0.0/s  ETA 0.9h
[    124/202] SRR2517426  76.0% classified  | 0.0/s  ETA 0.9h
[    125/202] SRR31850434  84.0% classified  | 0.0/s  ETA 0.8h
[    126/202] SRR7500376  79.7% classified  | 0.0/s  ETA 0.9h
[    127/202] SRR31514627  58.6% classified  | 0.0/s  ETA 0.9h
[    128/202] SRR33696081  83.9% classified  | 0.0/s  ETA 0.8h
[    129/202] SRR28544664  85.1% classified  | 0.0/s  ETA 0.8h
[    130/202] SRR33583433  84.9% classified  | 0.0/s  ETA 0.8h
[    131/202] SRR2922438  34.7% classified  | 0.0/s  ETA 0.8h
[    132/202] SRR7873466  25.8% classified  | 0.0/s  ETA 0.8h
[    133/202] SRR16930840  56.7% classified  | 0.0/s  ETA 0.8h
[    134/202] SRR28475114  97.9% classified  | 0.0/s  ETA 0.7h
[    135/202] SRR27326517  53.0% classified  | 0.0/s  ETA 0.7h
[    136/202] SRR15141319  57.8% classified  | 0.0/s  ETA 0.7h
[    137/202] SRR15141223  65.7% classified  | 0.0/s  ETA 0.7h
[    138/202] SRR36950014  9.4% classified  | 0.0/s  ETA 0.7h
[    139/202] SRR15141258  76.0% classified  | 0.0/s  ETA 0.7h
[    140/202] SRR8204154  67.2% classified  | 0.0/s  ETA 0.7h
[    141/202] SRR24737261  78.2% classified  | 0.0/s  ETA 0.7h
[    142/202] SRR10291757  76.9% classified  | 0.0/s  ETA 0.7h
[    143/202] ERR10886987  79.6% classified  | 0.0/s  ETA 0.7h
[    144/202] ERR10887001  86.0% classified  | 0.0/s  ETA 0.6h
[    145/202] ERR10886920  82.5% classified  | 0.0/s  ETA 0.7h
[    146/202] SRR31278114  72.0% classified  | 0.0/s  ETA 0.7h
[    147/202] ERR10886954  80.2% classified  | 0.0/s  ETA 0.6h
[    148/202] ERR10886977  84.9% classified  | 0.0/s  ETA 0.6h
[    149/202] SRR8418335  52.0% classified  | 0.0/s  ETA 0.6h
[    150/202] SRR8418221  68.5% classified  | 0.0/s  ETA 0.6h
[    151/202] SRR8418252  61.0% classified  | 0.0/s  ETA 0.6h
[    152/202] SRR14212082  80.6% classified  | 0.0/s  ETA 0.6h
[    153/202] SRR8418338  56.6% classified  | 0.0/s  ETA 0.6h
[    154/202] ERR7421525  73.3% classified  | 0.0/s  ETA 0.6h
[    155/202] SRR22142978  74.3% classified  | 0.0/s  ETA 0.5h
[    156/202] ERR7421542  70.5% classified  | 0.0/s  ETA 0.5h
[    157/202] ERR10926641  88.8% classified  | 0.0/s  ETA 0.5h
[    158/202] SRR32959938  82.2% classified  | 0.0/s  ETA 0.5h
[    159/202] ERR10926700  88.1% classified  | 0.0/s  ETA 0.5h
[    160/202] SRR36910263  28.1% classified  | 0.0/s  ETA 0.5h
[    161/202] SRR34300131  26.3% classified  | 0.0/s  ETA 0.5h
[    162/202] SRR36367290  61.3% classified  | 0.0/s  ETA 0.5h
[    163/202] SRR36910216  26.4% classified  | 0.0/s  ETA 0.5h
[    164/202] SRR34300144  26.3% classified  | 0.0/s  ETA 0.5h
[    165/202] SRR36910238  26.9% classified  | 0.0/s  ETA 0.4h
[    166/202] SRR36910226  25.6% classified  | 0.0/s  ETA 0.4h
[    167/202] SRR36367306  59.9% classified  | 0.0/s  ETA 0.4h
[    168/202] SRR36292497  65.7% classified  | 0.0/s  ETA 0.4h
[    169/202] SRR34300155  27.2% classified  | 0.0/s  ETA 0.4h
[    170/202] SRR36910269  24.7% classified  | 0.0/s  ETA 0.4h
[    171/202] SRR3537157  82.9% classified  | 0.0/s  ETA 0.4h
[    172/202] SRR36367294  68.1% classified  | 0.0/s  ETA 0.4h
[    173/202] SRR10053822  84.2% classified  | 0.0/s  ETA 0.3h
[    174/202] SRR36292469  58.0% classified  | 0.0/s  ETA 0.3h
[    175/202] SRR25968992  87.5% classified  | 0.0/s  ETA 0.3h
[    176/202] SRR22975697  89.8% classified  | 0.0/s  ETA 0.3h
[    177/202] SRR11229311  41.5% classified  | 0.0/s  ETA 0.3h
[    178/202] SRR1975200  66.4% classified  | 0.0/s  ETA 0.3h
[    179/202] SRR32660893  86.1% classified  | 0.0/s  ETA 0.3h
[    180/202] SRR12133602  28.8% classified  | 0.0/s  ETA 0.3h
[    181/202] SRR8984115  77.2% classified  | 0.0/s  ETA 0.3h
[    182/202] SRR8984111  76.9% classified  | 0.0/s  ETA 0.2h
[    183/202] SRR18064507  21.3% classified  | 0.0/s  ETA 0.2h
[    184/202] SRR1793847  87.9% classified  | 0.0/s  ETA 0.2h
[    185/202] SRR21796863  87.6% classified  | 0.0/s  ETA 0.2h
[    186/202] SRR6039737  76.0% classified  | 0.0/s  ETA 0.2h
[    187/202] ERR990507  69.9% classified  | 0.0/s  ETA 0.2h
[    188/202] SRR5225798  73.7% classified  | 0.0/s  ETA 0.2h
[    189/202] SRR23704263  90.5% classified  | 0.0/s  ETA 0.2h
[    190/202] SRR17207993  78.3% classified  | 0.0/s  ETA 0.1h
[    191/202] ERR14823250  91.9% classified  | 0.0/s  ETA 0.1h
[    192/202] SRR15222189  90.1% classified  | 0.0/s  ETA 0.1h
[    193/202] SRR10189427  83.3% classified  | 0.0/s  ETA 0.1h
[    194/202] SRR31851396  82.4% classified  | 0.0/s  ETA 0.1h
[    195/202] SRR5909661  33.7% classified  | 0.0/s  ETA 0.1h
[    196/202] SRR22540861  93.4% classified  | 0.0/s  ETA 0.1h
[    197/202] ERR4352135  88.7% classified  | 0.0/s  ETA 0.1h
[    198/202] SRR10717615  82.8% classified  | 0.0/s  ETA 0.0h
[    199/202] SRR3724106  76.0% classified  | 0.0/s  ETA 0.0h
[    200/202] SRR14812913  74.8% classified  | 0.0/s  ETA 0.0h
[    201/202] SRR1776573  68.6% classified  | 0.0/s  ETA 0.0h
[    202/202] SRR8492260  80.4% classified  | 0.0/s  ETA 0.0h

── Summary ────────────────────────────────────────
  Classified: 202
  Errors:     0
  Elapsed:    2.4h
  Cache:      kraken/assign/data/kraken_cache.jsonl
