No-PMID BioProjects: 889
Already dumped: 20 BPs — skipping
To query: 869
[   1/869] PRJNA1173477 → 0 results
[   2/869] PRJNA293594 → 4 results
[   3/869] PRJNA797683 → 0 results
[   4/869] PRJNA168272 → 1 results
[   5/869] PRJNA1405621 → 3 results
[   6/869] PRJNA435897 → 2 results
[   7/869] PRJNA1315207 → 1 results
[   8/869] PRJNA531386 → 0 results
[   9/869] PRJEB13072 → 0 results
[  10/869] PRJNA1157721 → 0 results
[  11/869] PRJNA398030 → 4 results
[  12/869] PRJNA747857 → 0 results
[  13/869] PRJEB20582 → 0 results
[  14/869] PRJEB36485 → 1 results
[  15/869] PRJNA1250817 → 0 results
[  16/869] PRJEB45236 → 0 results
[  17/869] PRJNA393407 → 2 results
[  18/869] PRJNA1107791 → 1 results
[  19/869] PRJNA716464 → 0 results
[  20/869] PRJNA1196143 → 1 results
[  21/869] PRJNA1110392 → 0 results
[  22/869] PRJNA558612 → 0 results
[  23/869] PRJEB61893 → 1 results
[  24/869] PRJNA1491631 → 0 results
[  25/869] PRJNA748207 → 0 results
[  26/869] PRJNA1202856 → 2 results
[  27/869] PRJNA791897 → 0 results
[  28/869] PRJNA807078 → 0 results
[  29/869] PRJNA1429803 → 0 results
[  30/869] PRJNA1089140 → 0 results
[  31/869] PRJNA811762 → 3 results
[  32/869] PRJEB46468 → 1 results
[  33/869] PRJNA831271 → 1 results
[  34/869] PRJNA372579 → 0 results
[  35/869] PRJNA1029805 → 0 results
[  36/869] PRJNA609706 → 1 results
[  37/869] PRJNA886106 → 0 results
[  38/869] PRJNA1123478 → 0 results
[  39/869] PRJEB14966 → 0 results
[  40/869] PRJNA1085269 → 1 results
[  41/869] PRJNA655998 → 1 results
[  42/869] PRJNA436064 → 1 results
[  43/869] PRJEB20188 → 0 results
[  44/869] PRJNA764665 → 0 results
[  45/869] PRJNA372589 → 1 results
[  46/869] PRJNA372582 → 0 results
[  47/869] PRJNA906117 → 2 results
[  48/869] PRJNA1367782 → 0 results
[  49/869] PRJNA1457771 → 1 results
[  50/869] PRJNA372591 → 0 results
[  51/869] PRJNA441049 → 0 results
[  52/869] PRJNA675178 → 0 results
[  53/869] PRJNA786373 → 0 results
[  54/869] PRJNA721009 → 1 results
[  55/869] PRJEB26891 → 0 results
[  56/869] PRJNA1255445 → 0 results
[  57/869] PRJNA739688 → 4 results
[  58/869] PRJNA721132 → 6 results
[  59/869] PRJNA1122186 → 1 results
[  60/869] PRJNA408463 → 0 results
[  61/869] PRJNA1273519 → 0 results
[  62/869] PRJNA565800 → 1 results
[  63/869] PRJNA177586 → 0 results
[  64/869] PRJNA372598 → 0 results
[  65/869] PRJNA641217 → 0 results
[  66/869] PRJNA1044756 → 1 results
[  67/869] PRJNA1181034 → 1 results
[  68/869] PRJNA441161 → 0 results
[  69/869] PRJNA876621 → 1 results
[  70/869] PRJNA373361 → 1 results
[  71/869] PRJNA1118412 → 0 results
[  72/869] PRJNA1122550 → 1 results
[  73/869] PRJNA441165 → 0 results
[  74/869] PRJNA441163 → 0 results
[  75/869] PRJNA323552 → 3 results
[  76/869] PRJNA1188614 → 0 results
[  77/869] PRJNA556310 → 1 results
[  78/869] PRJEB51980 → 1 results
[  79/869] PRJEB49021 → 0 results
[  80/869] PRJNA1100184 → 0 results
[  81/869] PRJNA441175 → 0 results
[  82/869] PRJNA915611 → 0 results
[  83/869] PRJNA441170 → 1 results
[  84/869] PRJNA857179 → 3 results
[  85/869] PRJNA506360 → 0 results
[  86/869] PRJNA441164 → 0 results
[  87/869] PRJNA313195 → 0 results
[  88/869] PRJNA1279063 → 1 results
[  89/869] PRJNA1454804 → 1 results
[  90/869] PRJEB108982 → 0 results
[  91/869] PRJNA1381266 → 0 results
[  92/869] PRJDB19364 → 0 results
[  93/869] PRJNA935094 → 0 results
[  94/869] PRJNA372585 → 1 results
[  95/869] PRJNA372580 → 0 results
[  96/869] PRJNA787799 → 1 results
[  97/869] PRJNA441157 → 0 results
[  98/869] PRJNA290690 → 6 results
[  99/869] PRJNA630379 → 0 results
[ 100/869] PRJNA1139047 → 1 results
[ 101/869] PRJNA373363 → 0 results
[ 102/869] PRJNA643423 → 1 results
[ 103/869] PRJNA1479505 → 0 results
[ 104/869] PRJNA441158 → 0 results
[ 105/869] PRJNA408465 → 1 results
[ 106/869] PRJNA372593 → 0 results
[ 107/869] PRJNA372596 → 0 results
[ 108/869] PRJNA372576 → 1 results
[ 109/869] PRJNA1347294 → 0 results
[ 110/869] PRJNA372571 → 0 results
[ 111/869] PRJNA1467209 → 0 results
[ 112/869] PRJEB19257 → 2 results
[ 113/869] PRJNA441173 → 0 results
[ 114/869] PRJNA372584 → 0 results
[ 115/869] PRJNA674747 → 2 results
[ 116/869] PRJNA372573 → 0 results
[ 117/869] PRJNA441166 → 0 results
[ 118/869] PRJNA1435232 → 1 results
[ 119/869] PRJEB14623 → 0 results
[ 120/869] PRJNA706547 → 0 results
[ 121/869] PRJNA1003258 → 0 results
[ 122/869] PRJNA373360 → 0 results
[ 123/869] PRJNA373358 → 0 results
[ 124/869] PRJNA1205778 → 0 results
[ 125/869] PRJNA372578 → 0 results
[ 126/869] PRJDB42575 → 0 results
[ 127/869] PRJNA372586 → 0 results
[ 128/869] PRJNA1088402 → 0 results
[ 129/869] PRJNA1111043 → 0 results
[ 130/869] PRJNA1018533 → 0 results
[ 131/869] PRJDB41276 → 0 results
[ 132/869] PRJNA916092 → 0 results
[ 133/869] PRJNA372575 → 0 results
[ 134/869] PRJNA1389356 → 2 results
[ 135/869] PRJNA441168 → 0 results
[ 136/869] PRJNA372595 → 0 results
[ 137/869] PRJNA631873 → 4 results
[ 138/869] PRJNA1498604 → 0 results
[ 139/869] PRJNA833778 → 0 results
[ 140/869] PRJNA441169 → 0 results
[ 141/869] PRJNA372592 → 0 results
[ 142/869] PRJNA408460 → 0 results
[ 143/869] PRJNA373362 → 1 results
[ 144/869] PRJNA372597 → 0 results
[ 145/869] PRJNA372572 → 0 results
[ 146/869] PRJNA441176 → 0 results
[ 147/869] PRJNA295929 → 0 results
[ 148/869] PRJNA373359 → 1 results
[ 149/869] PRJNA839570 → 2 results
[ 150/869] PRJNA906097 → 0 results
[ 151/869] PRJNA492254 → 0 results
[ 152/869] PRJNA372594 → 0 results
[ 153/869] PRJNA372588 → 0 results
[ 154/869] PRJNA372590 → 0 results
[ 155/869] PRJNA372577 → 1 results
[ 156/869] PRJNA372587 → 1 results
[ 157/869] PRJNA1220327 → 4 results
[ 158/869] PRJNA1263482 → 1 results
[ 159/869] PRJNA892893 → 1 results
[ 160/869] PRJNA1331714 → 0 results
[ 161/869] PRJNA1465229 → 0 results
[ 162/869] PRJNA380230 → 1 results
[ 163/869] PRJNA778051 → 1 results
[ 164/869] PRJNA1426910 → 2 results
[ 165/869] PRJNA1085399 → 1 results
[ 166/869] PRJNA476648 → 9 results
[ 167/869] PRJNA1495917 → 0 results
[ 168/869] PRJNA325291 → 0 results
[ 169/869] PRJNA910335 → 1 results
[ 170/869] PRJNA914331 → 0 results
[ 171/869] PRJNA1173795 → 1 results
[ 172/869] PRJNA1247000 → 2 results
[ 173/869] PRJNA1148379 → 1 results
[ 174/869] PRJNA1469971 → 0 results
[ 175/869] PRJNA291119 → 0 results
[ 176/869] PRJNA1063333 → 1 results
[ 177/869] PRJEB9304 → 0 results
[ 178/869] PRJNA1246341 → 3 results
[ 179/869] PRJDB15139 → 1 results
[ 180/869] PRJNA1328233 → 0 results
[ 181/869] PRJNA373349 → 0 results
[ 182/869] PRJEB30662 → 0 results
[ 183/869] PRJNA532644 → 0 results
[ 184/869] PRJNA713956 → 0 results
[ 185/869] PRJNA938293 → 0 results
[ 186/869] PRJNA574053 → 0 results
[ 187/869] PRJNA527147 → 1 results
[ 188/869] PRJNA789725 → 0 results
[ 189/869] PRJNA387508 → 1 results
[ 190/869] PRJNA299335 → 1 results
[ 191/869] PRJDB13303 → 1 results
[ 192/869] PRJNA1031822 → 0 results
[ 193/869] PRJNA336478 → 3 results
[ 194/869] PRJNA1452279 → 0 results
[ 195/869] PRJNA1108353 → 1 results
[ 196/869] PRJNA441162 → 0 results
[ 197/869] PRJNA739093 → 0 results
[ 198/869] PRJNA392846 → 0 results
[ 199/869] PRJNA774504 → 0 results
[ 200/869] PRJNA408470 → 1 results
[ 201/869] PRJNA1166635 → 5 results
[ 202/869] PRJNA1017666 → 0 results
[ 203/869] PRJNA408469 → 0 results
[ 204/869] PRJNA819263 → 0 results
[ 205/869] PRJNA307612 → 0 results
[ 206/869] PRJNA1007488 → 1 results
[ 207/869] PRJNA373353 → 0 results
[ 208/869] PRJNA373354 → 1 results
[ 209/869] PRJNA379426 → 0 results
[ 210/869] PRJNA604447 → 0 results
[ 211/869] PRJNA1082681 → 0 results
[ 212/869] PRJNA408459 → 1 results
[ 213/869] PRJNA320364 → 0 results
[ 214/869] PRJNA278013 → 0 results
[ 215/869] PRJNA373348 → 0 results
[ 216/869] PRJNA230463 → 0 results
[ 217/869] PRJNA669466 → 0 results
[ 218/869] PRJNA1110723 → 0 results
[ 219/869] PRJNA637660 → 1 results
[ 220/869] PRJNA408464 → 1 results
[ 221/869] PRJNA373356 → 1 results
[ 222/869] PRJNA373186 → 0 results
[ 223/869] PRJNA408471 → 0 results
[ 224/869] PRJNA1289099 → 4 results
[ 225/869] PRJNA408462 → 0 results
[ 226/869] PRJNA373350 → 0 results
[ 227/869] PRJNA408461 → 0 results
[ 228/869] PRJNA373355 → 1 results
[ 229/869] PRJNA373352 → 0 results
[ 230/869] PRJNA877037 → 0 results
[ 231/869] PRJNA441159 → 0 results
[ 232/869] PRJNA373346 → 0 results
[ 233/869] PRJNA234029 → 0 results
[ 234/869] PRJNA1394492 → 3 results
[ 235/869] PRJNA929181 → 0 results
[ 236/869] PRJNA372583 → 0 results
[ 237/869] PRJNA552379 → 0 results
[ 238/869] PRJNA731618 → 2 results
[ 239/869] PRJNA441174 → 0 results
[ 240/869] PRJNA441160 → 0 results
[ 241/869] PRJNA408529 → 0 results
[ 242/869] PRJNA441156 → 1 results
[ 243/869] PRJNA372581 → 0 results
[ 244/869] PRJNA373364 → 0 results
[ 245/869] PRJNA373357 → 0 results
[ 246/869] PRJNA373351 → 1 results
[ 247/869] PRJNA373347 → 1 results
[ 248/869] PRJNA408458 → 0 results
[ 249/869] PRJNA372570 → 0 results
[ 250/869] PRJEB6937 → 1 results
[ 251/869] PRJNA373187 → 0 results
[ 252/869] PRJNA1422174 → 0 results
[ 253/869] PRJNA556551 → 0 results
[ 254/869] PRJNA1011022 → 2 results
[ 255/869] PRJNA576432 → 0 results
[ 256/869] PRJNA951524 → 0 results
[ 257/869] PRJNA802726 → 1 results
[ 258/869] PRJNA1043184 → 0 results
[ 259/869] PRJNA1183799 → 0 results
[ 260/869] PRJDB18332 → 0 results
[ 261/869] PRJNA1475403 → 0 results
[ 262/869] PRJNA816480 → 0 results
[ 263/869] PRJNA808246 → 1 results
[ 264/869] PRJNA1043087 → 0 results
[ 265/869] PRJNA1081807 → 4 results
[ 266/869] PRJNA861798 → 0 results
[ 267/869] PRJNA911975 → 0 results
[ 268/869] PRJNA1158682 → 0 results
[ 269/869] PRJNA1170257 → 0 results
[ 270/869] PRJNA910466 → 0 results
[ 271/869] PRJNA1124355 → 0 results
[ 272/869] PRJNA388142 → 0 results
[ 273/869] PRJNA1237933 → 6 results
[ 274/869] PRJNA487146 → 0 results
[ 275/869] PRJNA1290658 → 0 results
[ 276/869] PRJNA802714 → 0 results
[ 277/869] PRJNA605966 → 0 results
[ 278/869] PRJNA271201 → 0 results
[ 279/869] PRJNA287818 → 0 results
[ 280/869] PRJNA530979 → 0 results
[ 281/869] PRJNA1174433 → 0 results
[ 282/869] PRJDB16961 → 0 results
[ 283/869] PRJNA1055939 → 1 results
[ 284/869] PRJNA707596 → 0 results
[ 285/869] PRJNA1264741 → 0 results
[ 286/869] PRJNA997093 → 2 results
[ 287/869] PRJNA589748 → 0 results
[ 288/869] PRJNA1499897 → 0 results
[ 289/869] PRJNA1140405 → 0 results
[ 290/869] PRJNA843219 → 0 results
[ 291/869] PRJNA1336942 → 1 results
[ 292/869] PRJNA1129198 → 1 results
[ 293/869] PRJNA1458989 → 0 results
[ 294/869] PRJNA1142743 → 0 results
[ 295/869] PRJNA592879 → 1 results
[ 296/869] PRJNA1053669 → 0 results
[ 297/869] PRJNA874157 → 0 results
[ 298/869] PRJNA1167435 → 0 results
[ 299/869] PRJNA861952 → 0 results
[ 300/869] PRJNA1387344 → 0 results
[ 301/869] PRJNA949973 → 0 results
[ 302/869] PRJNA1127091 → 2 results
[ 303/869] PRJNA789347 → 0 results
[ 304/869] PRJNA472465 → 0 results
[ 305/869] PRJNA1474261 → 0 results
[ 306/869] PRJNA860658 → 0 results
[ 307/869] PRJDB38620 → 0 results
[ 308/869] PRJNA1065005 → 0 results
[ 309/869] PRJNA1314854 → 0 results
[ 310/869] PRJNA776741 → 0 results
[ 311/869] PRJNA992930 → 0 results
[ 312/869] PRJNA1400105 → 0 results
[ 313/869] PRJNA237350 → 2 results
[ 314/869] PRJNA944737 → 1 results
[ 315/869] PRJNA1318025 → 0 results
[ 316/869] PRJNA977407 → 1 results
[ 317/869] PRJNA372374 → 1 results
[ 318/869] PRJNA514418 → 1 results
[ 319/869] PRJNA1433507 → 1 results
[ 320/869] PRJDB33989 → 0 results
[ 321/869] PRJNA1402133 → 0 results
[ 322/869] PRJNA1167437 → 0 results
[ 323/869] PRJNA577523 → 5 results
[ 324/869] PRJNA870262 → 0 results
[ 325/869] PRJNA344473 → 0 results
[ 326/869] PRJNA562779 → 2 results
[ 327/869] PRJNA258891 → 0 results
[ 328/869] PRJNA1055734 → 1 results
[ 329/869] PRJNA762295 → 0 results
[ 330/869] PRJNA534209 → 0 results
[ 331/869] PRJNA1243574 → 1 results
[ 332/869] PRJNA1431145 → 0 results
[ 333/869] PRJDB9515 → 1 results
[ 334/869] PRJNA546604 → 2 results
[ 335/869] PRJNA1189264 → 0 results
[ 336/869] PRJNA669076 → 2 results
[ 337/869] PRJNA692305 → 0 results
[ 338/869] PRJNA506746 → 0 results
[ 339/869] PRJNA1189193 → 2 results
[ 340/869] PRJNA972519 → 0 results
[ 341/869] PRJNA762492 → 0 results
[ 342/869] PRJNA1156920 → 2 results
[ 343/869] PRJNA1475220 → 1 results
[ 344/869] PRJNA1492756 → 0 results
[ 345/869] PRJNA644784 → 0 results
[ 346/869] PRJNA1172431 → 0 results
[ 347/869] PRJNA1397330 → 1 results
[ 348/869] PRJNA992802 → 1 results
[ 349/869] PRJNA812634 → 0 results
[ 350/869] PRJNA780900 → 0 results
[ 351/869] PRJNA1330017 → 0 results
[ 352/869] PRJNA1173312 → 3 results
[ 353/869] PRJNA649398 → 1 results
[ 354/869] PRJNA636958 → 1 results
[ 355/869] PRJNA1161113 → 0 results
[ 356/869] PRJNA998000 → 0 results
[ 357/869] PRJNA1306308 → 1 results
[ 358/869] PRJNA588198 → 1 results
[ 359/869] PRJNA875114 → 0 results
[ 360/869] PRJNA761500 → 0 results
[ 361/869] PRJNA1161467 → 4 results
[ 362/869] PRJNA911587 → 3 results
[ 363/869] PRJNA1259216 → 2 results
[ 364/869] PRJNA1457903 → 0 results
[ 365/869] PRJNA1481349 → 0 results
[ 366/869] PRJNA1182908 → 0 results
[ 367/869] PRJNA891124 → 0 results
[ 368/869] PRJNA759756 → 2 results
[ 369/869] PRJNA1479102 → 0 results
[ 370/869] PRJNA725170 → 0 results
[ 371/869] PRJNA1072241 → 1 results
[ 372/869] PRJNA765923 → 2 results
[ 373/869] PRJNA1185815 → 0 results
[ 374/869] PRJNA816710 → 0 results
[ 375/869] PRJNA855306 → 0 results
[ 376/869] PRJNA834779 → 0 results
[ 377/869] PRJNA614586 → 0 results
[ 378/869] PRJNA1094605 → 1 results
[ 379/869] PRJNA863072 → 2 results
[ 380/869] PRJNA1457645 → 0 results
[ 381/869] PRJDB39328 → 0 results
[ 382/869] PRJNA1465031 → 0 results
[ 383/869] PRJNA975311 → 0 results
[ 384/869] PRJNA1423152 → 2 results
[ 385/869] PRJNA1309984 → 0 results
[ 386/869] PRJNA1025880 → 0 results
[ 387/869] PRJNA1483299 → 0 results
[ 388/869] PRJNA422982 → 0 results
[ 389/869] PRJNA707414 → 0 results
[ 390/869] PRJNA834642 → 2 results
[ 391/869] PRJNA947913 → 1 results
[ 392/869] PRJNA1421134 → 0 results
[ 393/869] PRJNA506295 → 0 results
[ 394/869] PRJNA372372 → 1 results
[ 395/869] PRJDB39569 → 1 results
[ 396/869] PRJNA711130 → 0 results
[ 397/869] PRJNA1491595 → 0 results
[ 398/869] PRJNA313243 → 0 results
[ 399/869] PRJNA1467849 → 0 results
[ 400/869] PRJNA1054220 → 0 results
[ 401/869] PRJNA649099 → 6 results
[ 402/869] PRJNA628830 → 0 results
[ 403/869] PRJNA1419210 → 0 results
[ 404/869] PRJNA1219139 → 1 results
[ 405/869] PRJNA1255403 → 0 results
[ 406/869] PRJNA1156254 → 1 results
[ 407/869] PRJNA1390310 → 2 results
[ 408/869] PRJNA1443087 → 0 results
[ 409/869] PRJEB91339 → 0 results
[ 410/869] PRJNA1055424 → 1 results
[ 411/869] PRJNA912078 → 0 results
[ 412/869] PRJNA516527 → 1 results
[ 413/869] PRJNA1127037 → 2 results
[ 414/869] PRJNA479522 → 1 results
[ 415/869] PRJNA429568 → 2 results
[ 416/869] PRJNA551227 → 0 results
[ 417/869] PRJDB11138 → 1 results
[ 418/869] PRJNA875116 → 0 results
[ 419/869] PRJNA1106750 → 1 results
[ 420/869] PRJNA719608 → 0 results
[ 421/869] PRJNA562045 → 0 results
[ 422/869] PRJNA445615 → 0 results
[ 423/869] PRJEB76472 → 1 results
[ 424/869] PRJNA605241 → 0 results
[ 425/869] PRJDB39419 → 0 results
[ 426/869] PRJEB46563 → 0 results
[ 427/869] PRJNA1015022 → 0 results
[ 428/869] PRJNA1129295 → 3 results
[ 429/869] PRJNA695871 → 2 results
[ 430/869] PRJEB39308 → 1 results
[ 431/869] PRJNA1103102 → 2 results
[ 432/869] PRJNA1424250 → 0 results
[ 433/869] PRJNA864642 → 0 results
[ 434/869] PRJNA508768 → 4 results
[ 435/869] PRJNA733070 → 5 results
[ 436/869] PRJNA1022321 → 1 results
[ 437/869] PRJNA1148431 → 3 results
[ 438/869] PRJNA850008 → 0 results
[ 439/869] PRJNA530033 → 0 results
[ 440/869] PRJNA562996 → 0 results
[ 441/869] PRJNA563186 → 4 results
[ 442/869] PRJNA1055060 → 1 results
[ 443/869] PRJNA1265690 → 1 results
[ 444/869] PRJNA1148437 → 2 results
[ 445/869] PRJNA771518 → 0 results
[ 446/869] PRJNA1203203 → 1 results
[ 447/869] PRJDB37035 → 0 results
[ 448/869] PRJNA472447 → 0 results
[ 449/869] PRJNA644406 → 0 results
[ 450/869] PRJNA1290040 → 0 results
[ 451/869] PRJNA541994 → 0 results
[ 452/869] PRJNA1371123 → 0 results
[ 453/869] PRJEB55600 → 9 results
[ 454/869] PRJNA1472461 → 0 results
[ 455/869] PRJNA957910 → 2 results
[ 456/869] PRJNA1347747 → 1 results
[ 457/869] PRJNA898085 → 0 results
[ 458/869] PRJNA830457 → 0 results
[ 459/869] PRJDB38984 → 0 results
[ 460/869] PRJDB5533 → 1 results
[ 461/869] PRJNA1015113 → 0 results
[ 462/869] PRJNA1326257 → 0 results
[ 463/869] PRJNA636274 → 0 results
[ 464/869] PRJDB41164 → 0 results
[ 465/869] PRJNA795871 → 0 results
[ 466/869] PRJNA293283 → 4 results
[ 467/869] PRJNA477253 → 0 results
[ 468/869] PRJNA575005 → 0 results
[ 469/869] PRJNA542779 → 1 results
[ 470/869] PRJNA755600 → 4 results
[ 471/869] PRJNA779162 → 0 results
[ 472/869] PRJNA1011468 → 0 results
[ 473/869] PRJNA1056126 → 1 results
[ 474/869] PRJNA681568 → 1 results
[ 475/869] PRJNA1017106 → 1 results
[ 476/869] PRJNA336471 → 1 results
[ 477/869] PRJDB13419 → 1 results
[ 478/869] PRJNA1194215 → 0 results
[ 479/869] PRJNA324305 → 0 results
[ 480/869] PRJNA738872 → 1 results
[ 481/869] PRJNA1354973 → 0 results
[ 482/869] PRJEB27713 → 0 results
[ 483/869] PRJNA1290382 → 0 results
[ 484/869] PRJNA854090 → 0 results
[ 485/869] PRJNA1394627 → 1 results
[ 486/869] PRJNA786267 → 0 results
[ 487/869] PRJNA1322505 → 0 results
[ 488/869] PRJNA907083 → 0 results
[ 489/869] PRJNA714266 → 0 results
[ 490/869] PRJNA1145491 → 0 results
[ 491/869] PRJNA1443533 → 0 results
[ 492/869] PRJNA739260 → 0 results
[ 493/869] PRJNA1120176 → 1 results
[ 494/869] PRJNA1015548 → 0 results
[ 495/869] PRJNA1417095 → 1 results
[ 496/869] PRJNA789389 → 1 results
[ 497/869] PRJNA471653 → 0 results
[ 498/869] PRJNA1389866 → 2 results
[ 499/869] PRJNA505650 → 0 results
[ 500/869] PRJNA808784 → 1 results
[ 501/869] PRJNA861273 → 0 results
[ 502/869] PRJNA1455163 → 0 results
[ 503/869] PRJNA1429227 → 0 results
[ 504/869] PRJNA680761 → 0 results
[ 505/869] PRJNA938603 → 0 results
[ 506/869] PRJNA896583 → 0 results
[ 507/869] PRJNA1414443 → 2 results
[ 508/869] PRJNA945572 → 1 results
[ 509/869] PRJNA1255829 → 2 results
[ 510/869] PRJNA930136 → 0 results
[ 511/869] PRJNA1347479 → 0 results
[ 512/869] PRJNA1274897 → 2 results
[ 513/869] PRJNA1135242 → 1 results
[ 514/869] PRJNA1314400 → 0 results
[ 515/869] PRJNA738667 → 1 results
[ 516/869] PRJNA998578 → 0 results
[ 517/869] PRJNA772299 → 0 results
[ 518/869] PRJNA1234787 → 0 results
[ 519/869] PRJNA1094674 → 0 results
[ 520/869] PRJNA1006331 → 4 results
[ 521/869] PRJNA1102319 → 1 results
[ 522/869] PRJNA1470446 → 0 results
[ 523/869] PRJNA1457471 → 0 results
[ 524/869] PRJEB94937 → 3 results
[ 525/869] PRJNA1426942 → 1 results
[ 526/869] PRJNA1142098 → 0 results
[ 527/869] PRJNA1244786 → 2 results
[ 528/869] PRJDB34659 → 0 results
[ 529/869] PRJEB24521 → 3 results
[ 530/869] PRJEB42393 → 0 results
[ 531/869] PRJNA1399537 → 0 results
[ 532/869] PRJNA794002 → 2 results
[ 533/869] PRJNA1272659 → 0 results
[ 534/869] PRJNA1320984 → 2 results
[ 535/869] PRJNA1219206 → 2 results
[ 536/869] PRJNA471157 → 0 results
[ 537/869] PRJNA902094 → 0 results
[ 538/869] PRJNA339424 → 0 results
[ 539/869] PRJNA1079030 → 2 results
[ 540/869] PRJNA1285879 → 0 results
[ 541/869] PRJNA360515 → 3 results
[ 542/869] PRJNA1085275 → 2 results
[ 543/869] PRJEB98125 → 1 results
[ 544/869] PRJNA1203036 → 1 results
[ 545/869] PRJNA1203281 → 0 results
[ 546/869] PRJNA1423781 → 0 results
[ 547/869] PRJNA601600 → 0 results
[ 548/869] PRJNA1207602 → 0 results
[ 549/869] PRJNA1148435 → 2 results
[ 550/869] PRJNA923477 → 1 results
[ 551/869] PRJEB37046 → 0 results
[ 552/869] PRJNA752874 → 3 results
[ 553/869] PRJNA1135931 → 0 results
[ 554/869] PRJNA423270 → 1 results
[ 555/869] PRJNA1100217 → 2 results
[ 556/869] PRJNA1143533 → 1 results
[ 557/869] PRJNA1479129 → 0 results
[ 558/869] PRJNA659604 → 2 results
[ 559/869] PRJNA872218 → 2 results
[ 560/869] PRJNA868217 → 1 results
[ 561/869] PRJNA1284748 → 0 results
[ 562/869] PRJNA811718 → 1 results
[ 563/869] PRJNA358683 → 0 results
[ 564/869] PRJNA1243683 → 1 results
[ 565/869] PRJNA792270 → 1 results
[ 566/869] PRJEB89549 → 3 results
[ 567/869] PRJNA1348753 → 0 results
[ 568/869] PRJNA689677 → 3 results
[ 569/869] PRJDB38457 → 0 results
[ 570/869] PRJEB109258 → 3 results
[ 571/869] PRJNA1090250 → 0 results
[ 572/869] PRJNA1038948 → 0 results
[ 573/869] PRJNA1122595 → 2 results
[ 574/869] PRJNA874019 → 2 results
[ 575/869] PRJNA1452908 → 1 results
[ 576/869] PRJNA1294153 → 0 results
[ 577/869] PRJNA1053663 → 0 results
[ 578/869] PRJDB39507 → 0 results
[ 579/869] PRJNA492913 → 4 results
[ 580/869] PRJNA896874 → 1 results
[ 581/869] PRJNA1255857 → 0 results
[ 582/869] PRJNA1475870 → 0 results
[ 583/869] PRJNA1238814 → 2 results
[ 584/869] PRJNA817189 → 0 results
[ 585/869] PRJNA987996 → 1 results
[ 586/869] PRJNA1298774 → 0 results
[ 587/869] PRJNA935811 → 0 results
[ 588/869] PRJNA1203410 → 0 results
[ 589/869] PRJNA1402668 → 0 results
[ 590/869] PRJNA957090 → 0 results
[ 591/869] PRJNA1475882 → 0 results
[ 592/869] PRJNA432638 → 0 results
[ 593/869] PRJNA900512 → 1 results
[ 594/869] PRJNA1052978 → 0 results
[ 595/869] PRJNA804578 → 0 results
[ 596/869] PRJNA1073425 → 0 results
[ 597/869] PRJDB42527 → 0 results
[ 598/869] PRJNA1434284 → 0 results
[ 599/869] PRJNA833784 → 0 results
[ 600/869] PRJNA960834 → 0 results
[ 601/869] PRJNA841031 → 0 results
[ 602/869] PRJDB36677 → 0 results
[ 603/869] PRJNA836645 → 0 results
[ 604/869] PRJNA477556 → 0 results
[ 605/869] PRJNA558855 → 0 results
[ 606/869] PRJNA688902 → 0 results
[ 607/869] PRJNA151401 → 3 results
[ 608/869] PRJNA713962 → 2 results
[ 609/869] PRJNA1445478 → 0 results
[ 610/869] PRJNA791784 → 0 results
[ 611/869] PRJNA875113 → 0 results
[ 612/869] PRJNA623421 → 0 results
[ 613/869] PRJNA839510 → 0 results
[ 614/869] PRJEB23306 → 2 results
[ 615/869] PRJNA506031 → 1 results
[ 616/869] PRJNA1462868 → 0 results
[ 617/869] PRJNA906119 → 2 results
[ 618/869] PRJNA1416819 → 1 results
[ 619/869] PRJNA1425155 → 1 results
[ 620/869] PRJEB64683 → 2 results
[ 621/869] PRJDB13025 → 1 results
[ 622/869] PRJNA1478021 → 0 results
[ 623/869] PRJNA549565 → 2 results
[ 624/869] PRJNA1039328 → 0 results
[ 625/869] PRJNA1083622 → 1 results
[ 626/869] PRJNA1452953 → 0 results
[ 627/869] PRJNA1132728 → 0 results
[ 628/869] PRJNA1011015 → 0 results
[ 629/869] PRJNA524268 → 0 results
[ 630/869] PRJNA1139942 → 2 results
[ 631/869] PRJNA641462 → 0 results
[ 632/869] PRJNA523972 → 1 results
[ 633/869] PRJDB36401 → 2 results
[ 634/869] PRJNA1464005 → 0 results
[ 635/869] PRJNA1331942 → 6 results
[ 636/869] PRJNA1414147 → 1 results
[ 637/869] PRJNA714940 → 0 results
[ 638/869] PRJNA1477694 → 0 results
[ 639/869] PRJNA526380 → 0 results
[ 640/869] PRJDB9318 → 1 results
[ 641/869] PRJNA503329 → 2 results
[ 642/869] PRJNA1108929 → 0 results
[ 643/869] PRJNA1147428 → 0 results
[ 644/869] PRJNA579047 → 0 results
[ 645/869] PRJNA738161 → 1 results
[ 646/869] PRJNA1127845 → 4 results
[ 647/869] PRJNA1052939 → 1 results
[ 648/869] PRJNA1197544 → 0 results
[ 649/869] PRJNA541959 → 0 results
[ 650/869] PRJNA957941 → 1 results
[ 651/869] PRJNA1038810 → 0 results
[ 652/869] PRJNA1086208 → 7 results
[ 653/869] PRJNA1187339 → 0 results
[ 654/869] PRJNA1158526 → 0 results
[ 655/869] PRJNA1053863 → 0 results
[ 656/869] PRJNA1337710 → 1 results
[ 657/869] PRJNA782220 → 2 results
[ 658/869] PRJNA1288663 → 1 results
[ 659/869] PRJNA419281 → 0 results
[ 660/869] PRJNA1286949 → 2 results
[ 661/869] PRJNA1416783 → 1 results
[ 662/869] PRJNA900685 → 0 results
[ 663/869] PRJNA1110567 → 1 results
[ 664/869] PRJNA1344429 → 0 results
[ 665/869] PRJNA1200603 → 1 results
[ 666/869] PRJNA1139870 → 3 results
[ 667/869] PRJNA1030186 → 1 results
[ 668/869] PRJNA1460992 → 0 results
[ 669/869] PRJNA1182403 → 0 results
[ 670/869] PRJNA711315 → 0 results
[ 671/869] PRJNA1348326 → 1 results
[ 672/869] PRJNA596609 → 0 results
[ 673/869] PRJNA1137117 → 1 results
[ 674/869] PRJNA376551 → 3 results
[ 675/869] PRJNA1038947 → 0 results
[ 676/869] PRJNA766185 → 1 results
[ 677/869] PRJNA1367956 → 1 results
[ 678/869] PRJNA437780 → 0 results
[ 679/869] PRJDB39205 → 0 results
[ 680/869] PRJNA700696 → 0 results
[ 681/869] PRJEB77278 → 2 results
[ 682/869] PRJNA1299083 → 0 results
[ 683/869] PRJNA1103823 → 2 results
[ 684/869] PRJNA784537 → 1 results
[ 685/869] PRJDB12449 → 2 results
[ 686/869] PRJNA1274172 → 0 results
[ 687/869] PRJNA477791 → 0 results
[ 688/869] PRJDB39299 → 0 results
[ 689/869] PRJNA1222764 → 1 results
[ 690/869] PRJNA729587 → 6 results
[ 691/869] PRJNA916485 → 0 results
[ 692/869] PRJNA1312333 → 0 results
[ 693/869] PRJNA1136561 → 1 results
[ 694/869] PRJNA819211 → 0 results
[ 695/869] PRJNA575568 → 1 results
[ 696/869] PRJNA1346439 → 0 results
[ 697/869] PRJNA1181513 → 1 results
[ 698/869] PRJNA550286 → 0 results
[ 699/869] PRJNA960823 → 3 results
[ 700/869] PRJNA869553 → 1 results
[ 701/869] PRJNA1177454 → 0 results
[ 702/869] PRJNA978633 → 1 results
[ 703/869] PRJDB16420 → 1 results
[ 704/869] PRJNA265627 → 0 results
[ 705/869] PRJNA1077475 → 2 results
[ 706/869] PRJNA1132723 → 0 results
[ 707/869] PRJNA669613 → 0 results
[ 708/869] PRJNA1320935 → 0 results
[ 709/869] PRJNA1250564 → 1 results
[ 710/869] PRJNA1405827 → 1 results
[ 711/869] PRJNA832765 → 0 results
[ 712/869] PRJNA1263823 → 0 results
[ 713/869] PRJNA1307747 → 1 results
[ 714/869] PRJNA818435 → 1 results
[ 715/869] PRJNA1329999 → 0 results
[ 716/869] PRJNA391092 → 0 results
[ 717/869] PRJNA850847 → 2 results
[ 718/869] PRJNA706133 → 0 results
[ 719/869] PRJEB38244 → 7 results
[ 720/869] PRJNA378698 → 0 results
[ 721/869] PRJNA1228322 → 3 results
[ 722/869] PRJDB6779 → 6 results
[ 723/869] PRJNA1400237 → 1 results
[ 724/869] PRJNA352773 → 2 results
[ 725/869] PRJDB37176 → 0 results
[ 726/869] PRJNA874692 → 4 results
[ 727/869] PRJNA1330348 → 0 results
[ 728/869] PRJNA304266 → 4 results
[ 729/869] PRJNA698070 → 0 results
[ 730/869] PRJNA301699 → 0 results
[ 731/869] PRJNA1146184 → 0 results
[ 732/869] PRJNA972259 → 0 results
[ 733/869] PRJNA1029904 → 0 results
[ 734/869] PRJNA1055736 → 1 results
[ 735/869] PRJNA776419 → 1 results
[ 736/869] PRJNA1160431 → 0 results
[ 737/869] PRJNA1468456 → 0 results
[ 738/869] PRJNA976954 → 0 results
[ 739/869] PRJDB36112 → 0 results
[ 740/869] PRJNA1296634 → 0 results
[ 741/869] PRJEB76489 → 1 results
[ 742/869] PRJNA1087463 → 0 results
[ 743/869] PRJNA1417981 → 1 results
[ 744/869] PRJNA556349 → 0 results
[ 745/869] PRJNA711243 → 0 results
[ 746/869] PRJNA1133741 → 2 results
[ 747/869] PRJNA1403198 → 1 results
[ 748/869] PRJNA1127316 → 0 results
[ 749/869] PRJNA482870 → 0 results
[ 750/869] PRJNA1193267 → 0 results
[ 751/869] PRJNA1276679 → 0 results
[ 752/869] PRJNA1088814 → 0 results
[ 753/869] PRJNA541993 → 5 results
[ 754/869] PRJNA1337793 → 0 results
[ 755/869] PRJDB41559 → 0 results
[ 756/869] PRJNA361024 → 0 results
[ 757/869] PRJDB14222 → 0 results
[ 758/869] PRJNA1039520 → 2 results
[ 759/869] PRJNA862968 → 0 results
[ 760/869] PRJNA1066067 → 0 results
[ 761/869] PRJNA176022 → 0 results
[ 762/869] PRJNA979813 → 1 results
[ 763/869] PRJEB34899 → 1 results
[ 764/869] PRJEB76490 → 1 results
[ 765/869] PRJNA852375 → 3 results
[ 766/869] PRJNA1436755 → 1 results
[ 767/869] PRJNA1335525 → 0 results
[ 768/869] PRJNA1277021 → 0 results
[ 769/869] PRJNA566021 → 0 results
[ 770/869] PRJNA907016 → 0 results
[ 771/869] PRJNA1438412 → 0 results
[ 772/869] PRJNA1402980 → 0 results
[ 773/869] PRJNA924676 → 1 results
[ 774/869] PRJDB41179 → 0 results
[ 775/869] PRJNA1335581 → 0 results
[ 776/869] PRJNA279009 → 0 results
[ 777/869] PRJNA417910 → 2 results
[ 778/869] PRJNA470527 → 2 results
[ 779/869] PRJEB33674 → 1 results
[ 780/869] PRJNA1006415 → 0 results
[ 781/869] PRJNA1039875 → 0 results
[ 782/869] PRJNA1374450 → 1 results
[ 783/869] PRJNA1014593 → 0 results
[ 784/869] PRJNA1267733 → 0 results
[ 785/869] PRJNA548085 → 0 results
[ 786/869] PRJNA1149428 → 2 results
[ 787/869] PRJNA1328817 → 0 results
[ 788/869] PRJNA384626 → 1 results
[ 789/869] PRJNA716122 → 0 results
[ 790/869] PRJNA476676 → 7 results
[ 791/869] PRJNA1038808 → 0 results
[ 792/869] PRJNA265628 → 0 results
[ 793/869] PRJNA792620 → 0 results
[ 794/869] PRJNA1235982 → 1 results
[ 795/869] PRJNA391797 → 0 results
[ 796/869] PRJNA1072624 → 1 results
[ 797/869] PRJNA643581 → 0 results
[ 798/869] PRJNA1113399 → 0 results
[ 799/869] PRJNA307989 → 2 results
[ 800/869] PRJNA1010139 → 0 results
[ 801/869] PRJNA1442041 → 1 results
[ 802/869] PRJNA1395069 → 0 results
[ 803/869] PRJNA490074 → 0 results
[ 804/869] PRJEB110406 → 0 results
[ 805/869] PRJNA616958 → 0 results
[ 806/869] PRJDB41496 → 0 results
[ 807/869] PRJDB38806 → 0 results
[ 808/869] PRJNA544386 → 0 results
[ 809/869] PRJNA711306 → 0 results
[ 810/869] PRJNA937310 → 0 results
[ 811/869] PRJNA998097 → 1 results
[ 812/869] PRJNA494472 → 1 results
[ 813/869] PRJNA1128586 → 3 results
[ 814/869] PRJNA299503 → 0 results
[ 815/869] PRJNA476551 → 0 results
[ 816/869] PRJEB36113 → 1 results
[ 817/869] PRJNA309643 → 0 results
[ 818/869] PRJNA1233457 → 0 results
[ 819/869] PRJNA515933 → 1 results
[ 820/869] PRJNA1211198 → 1 results
[ 821/869] PRJNA307634 → 0 results
[ 822/869] PRJNA1230716 → 1 results
[ 823/869] PRJNA371984 → 0 results
[ 824/869] PRJNA624230 → 1 results
[ 825/869] PRJNA694491 → 1 results
[ 826/869] PRJNA1240083 → 1 results
[ 827/869] PRJNA1018253 → 5 results
[ 828/869] PRJNA692674 → 1 results
[ 829/869] PRJNA915468 → 0 results
[ 830/869] PRJNA1266229 → 2 results
[ 831/869] PRJNA1221773 → 2 results
[ 832/869] PRJNA616416 → 0 results
[ 833/869] PRJNA1314945 → 1 results
[ 834/869] PRJNA667164 → 0 results
[ 835/869] PRJEB34944 → 1 results
[ 836/869] PRJNA1262333 → 0 results
[ 837/869] PRJNA658775 → 2 results
[ 838/869] PRJNA1357302 → 0 results
[ 839/869] PRJNA1088419 → 0 results
[ 840/869] PRJNA988003 → 1 results
[ 841/869] PRJNA715088 → 5 results
[ 842/869] PRJNA1018266 → 0 results
[ 843/869] PRJNA1131000 → 0 results
[ 844/869] PRJNA294128 → 2 results
[ 845/869] PRJNA607127 → 4 results
[ 846/869] PRJNA808438 → 1 results
[ 847/869] PRJNA717145 → 0 results
[ 848/869] PRJNA533801 → 2 results
[ 849/869] PRJNA1496248 → 0 results
[ 850/869] PRJNA887919 → 0 results
[ 851/869] PRJNA1462132 → 0 results
[ 852/869] PRJNA687350 → 0 results
[ 853/869] PRJNA725619 → 9 results
[ 854/869] PRJNA438132 → 0 results
[ 855/869] PRJNA1242503 → 0 results
[ 856/869] PRJNA492840 → 1 results
[ 857/869] PRJNA685301 → 0 results
[ 858/869] PRJNA1245619 → 0 results
[ 859/869] PRJNA1312973 → 4 results
[ 860/869] PRJNA1250951 → 0 results
[ 861/869] PRJEB51973 → 1 results
[ 862/869] PRJNA980182 → 4 results
[ 863/869] PRJNA576276 → 0 results
[ 864/869] PRJDB5677 → 2 results
[ 865/869] PRJNA1008994 → 0 results
[ 866/869] PRJNA1218812 → 0 results
[ 867/869] PRJNA1031710 → 0 results
[ 868/869] PRJEB107162 → 0 results
[ 869/869] PRJEB107075 → 0 results

Done. Written to metadata/output/serper/serper_results.tsv
Rows: 1183
