BPs with Serper results and no PMID: 348
[   1/348] PRJNA1228670 · no PMID extracted
[   2/348] PRJNA486288 · no PMID extracted
[   3/348] PRJEB32362 · no PMID extracted
[   4/348] PRJNA1207595 · no PMID extracted
[   5/348] PRJNA293594 · PMID candidates: ['35451076'] · saved → [35451076] Landscape and regulation of alternative splicing a
[   6/348] PRJNA168272 · no PMID extracted
[   7/348] PRJNA1405621 · PMID candidates: ['42505097'] · saved → [42505097] Spatiotemporal coordination of virulence, metaboli
[   8/348] PRJNA435897 · no PMID extracted
[   9/348] PRJNA1315207 · no PMID extracted
[  10/348] PRJNA398030 · no PMID extracted
[  11/348] PRJEB36485 · no PMID extracted
[  12/348] PRJNA393407 · no PMID extracted
[  13/348] PRJNA1107791 · no PMID extracted
[  14/348] PRJNA1196143 · no PMID extracted
[  15/348] PRJEB61893 · no PMID extracted
[  16/348] PRJNA1202856 · PMID candidates: ['41910068'] · saved → [41910068] A conserved fungal Egh16-like effector suppresses 
[  17/348] PRJNA811762 · no PMID extracted
[  18/348] PRJEB46468 · no PMID extracted
[  19/348] PRJNA831271 · no PMID extracted
[  20/348] PRJNA609706 · no PMID extracted
[  21/348] PRJNA1085269 · no PMID extracted
[  22/348] PRJNA655998 · no PMID extracted
[  23/348] PRJNA436064 · no PMID extracted
[  24/348] PRJNA372589 · no PMID extracted
[  25/348] PRJNA906117 · no PMID extracted
[  26/348] PRJNA1457771 · no PMID extracted
[  27/348] PRJNA721009 · no PMID extracted
[  28/348] PRJNA739688 · PMID candidates: ['34385392'] · saved → [34385392] Secreted pectin monooxygenases drive plant infecti
[  29/348] PRJNA721132 · PMID candidates: ['35338654'] · saved → [35338654] MTA1-mediated RNA m6 A modification regulates auto
[  30/348] PRJNA1122186 · no PMID extracted
[  31/348] PRJNA565800 · no PMID extracted
[  32/348] PRJNA1044756 · no PMID extracted
[  33/348] PRJNA1181034 · no PMID extracted
[  34/348] PRJNA876621 · no PMID extracted
[  35/348] PRJNA373361 · no PMID extracted
[  36/348] PRJNA1122550 · PMID candidates: ['39813015'] · saved → [39813015] Inhibitory and Curative Effects and Mode of Action
[  37/348] PRJNA323552 · no PMID extracted
[  38/348] PRJNA556310 · no PMID extracted
[  39/348] PRJEB51980 · no PMID extracted
[  40/348] PRJNA441170 · no PMID extracted
[  41/348] PRJNA857179 · no PMID extracted
[  42/348] PRJNA1279063 · no PMID extracted
[  43/348] PRJNA1454804 · no PMID extracted
[  44/348] PRJNA372585 · no PMID extracted
[  45/348] PRJNA787799 · no PMID extracted
[  46/348] PRJNA290690 · PMID candidates: ['38265007'] · saved → [38265007] The Zymoseptoria tritici Avirulence Factor AvrStb6
[  47/348] PRJNA1139047 · no PMID extracted
[  48/348] PRJNA643423 · no PMID extracted
[  49/348] PRJNA408465 · no PMID extracted
[  50/348] PRJNA372576 · no PMID extracted
[  51/348] PRJEB19257 · PMID candidates: ['32931384'] · saved → [32931384] Genome Analysis of Erwinia amylovora Strains Respo
[  52/348] PRJNA674747 · PMID candidates: ['34270791'] · saved → [34270791] Cross-species analysis between the maize smut fung
[  53/348] PRJNA1435232 · no PMID extracted
[  54/348] PRJNA1389356 · no PMID extracted
[  55/348] PRJNA631873 · PMID candidates: ['34591319'] · saved → [34591319] Adaptive defence and sensing responses of host pla
[  56/348] PRJNA373362 · no PMID extracted
[  57/348] PRJNA373359 · no PMID extracted
[  58/348] PRJNA839570 · no PMID extracted
[  59/348] PRJNA372577 · no PMID extracted
[  60/348] PRJNA372587 · no PMID extracted
[  61/348] PRJNA1220327 · no PMID extracted
[  62/348] PRJNA1263482 · no PMID extracted
[  63/348] PRJNA892893 · no PMID extracted
[  64/348] PRJNA380230 · no PMID extracted
[  65/348] PRJNA778051 · no PMID extracted
[  66/348] PRJNA1426910 · no PMID extracted
[  67/348] PRJNA1085399 · no PMID extracted
[  68/348] PRJNA476648 · no PMID extracted
[  69/348] PRJNA910335 · no PMID extracted
[  70/348] PRJNA1173795 · no PMID extracted
[  71/348] PRJNA1247000 · no PMID extracted
[  72/348] PRJNA1148379 · PMID candidates: ['39225562'] · saved → [39225562] Profiling of Phakopsora pachyrhizi transcriptome r
[  73/348] PRJNA1063333 · PMID candidates: ['38353601'] · saved → [38353601] Effector Repertoire of the Sweetpotato Black Rot F
[  74/348] PRJNA1246341 · PMID candidates: ['41410351'] · saved → [41410351] Characterization of Ralstonia Pseudosolanacearum M
[  75/348] PRJDB15139 · no PMID extracted
[  76/348] PRJNA527147 · PMID candidates: ['33587785'] · saved → [33587785] Comprehensive transcriptome profiling reveals abun
[  77/348] PRJNA387508 · no PMID extracted
[  78/348] PRJNA299335 · no PMID extracted
[  79/348] PRJDB13303 · no PMID extracted
[  80/348] PRJNA336478 · PMID candidates: ['28239986'] · saved → [28239986] Molecular analysis of the early interaction betwee
[  81/348] PRJNA1108353 · no PMID extracted
[  82/348] PRJNA408470 · no PMID extracted
[  83/348] PRJNA1166635 · no PMID extracted
[  84/348] PRJNA1007488 · no PMID extracted
[  85/348] PRJNA373354 · no PMID extracted
[  86/348] PRJNA408459 · no PMID extracted
[  87/348] PRJNA637660 · PMID candidates: ['33320021'] · saved → [33320021] Integrated mRNA and Small RNA Sequencing for Analy
[  88/348] PRJNA408464 · no PMID extracted
[  89/348] PRJNA373356 · no PMID extracted
[  90/348] PRJNA1289099 · no PMID extracted
[  91/348] PRJNA373355 · no PMID extracted
[  92/348] PRJNA1394492 · no PMID extracted
[  93/348] PRJNA731618 · PMID candidates: ['34346759'] · saved → [34346759] Dual RNA-seq Reveals the Global Transcriptome Dyna
[  94/348] PRJNA441156 · no PMID extracted
[  95/348] PRJNA373351 · no PMID extracted
[  96/348] PRJNA373347 · no PMID extracted
[  97/348] PRJEB6937 · PMID candidates: ['35196067'] · saved → [35196067] Development, Validation, and Utility of Species-Sp
[  98/348] PRJNA1011022 · no PMID extracted
[  99/348] PRJNA802726 · no PMID extracted
[ 100/348] PRJNA808246 · no PMID extracted
[ 101/348] PRJNA1081807 · no PMID extracted
[ 102/348] PRJNA1237933 · no PMID extracted
[ 103/348] PRJNA1055939 · no PMID extracted
[ 104/348] PRJNA997093 · no PMID extracted
[ 105/348] PRJNA1336942 · no PMID extracted
[ 106/348] PRJNA1129198 · no PMID extracted
[ 107/348] PRJNA592879 · no PMID extracted
[ 108/348] PRJNA1127091 · no PMID extracted
[ 109/348] PRJNA237350 · no PMID extracted
[ 110/348] PRJNA944737 · no PMID extracted
[ 111/348] PRJNA977407 · no PMID extracted
[ 112/348] PRJNA372374 · no PMID extracted
[ 113/348] PRJNA514418 · no PMID extracted
[ 114/348] PRJNA1433507 · no PMID extracted
[ 115/348] PRJNA577523 · PMID candidates: ['32499356'] · saved → [32499356] Draft Genome Sequences of Three Isolates of Golube
[ 116/348] PRJNA562779 · no PMID extracted
[ 117/348] PRJNA1055734 · no PMID extracted
[ 118/348] PRJNA1243574 · no PMID extracted
[ 119/348] PRJDB9515 · no PMID extracted
[ 120/348] PRJNA546604 · no PMID extracted
[ 121/348] PRJNA669076 · no PMID extracted
[ 122/348] PRJNA1189193 · no PMID extracted
[ 123/348] PRJNA1156920 · no PMID extracted
[ 124/348] PRJNA1475220 · no PMID extracted
[ 125/348] PRJNA1397330 · no PMID extracted
[ 126/348] PRJNA992802 · no PMID extracted
[ 127/348] PRJNA1173312 · no PMID extracted
[ 128/348] PRJNA649398 · no PMID extracted
[ 129/348] PRJNA636958 · no PMID extracted
[ 130/348] PRJNA1306308 · no PMID extracted
[ 131/348] PRJNA588198 · no PMID extracted
[ 132/348] PRJNA1161467 · no PMID extracted
[ 133/348] PRJNA911587 · no PMID extracted
[ 134/348] PRJNA1259216 · no PMID extracted
[ 135/348] PRJNA759756 · no PMID extracted
[ 136/348] PRJNA1072241 · no PMID extracted
[ 137/348] PRJNA765923 · no PMID extracted
[ 138/348] PRJNA1094605 · no PMID extracted
[ 139/348] PRJNA863072 · no PMID extracted
[ 140/348] PRJNA1423152 · no PMID extracted
[ 141/348] PRJNA834642 · no PMID extracted
[ 142/348] PRJNA947913 · no PMID extracted
[ 143/348] PRJNA372372 · no PMID extracted
[ 144/348] PRJDB39569 · no PMID extracted
[ 145/348] PRJNA649099 · no PMID extracted
[ 146/348] PRJNA1219139 · no PMID extracted
[ 147/348] PRJNA1156254 · PMID candidates: ['40405798'] · saved → [40405798] FpCBS Affects a Diverse Range of Functions of Fusa
[ 148/348] PRJNA1390310 · no PMID extracted
[ 149/348] PRJNA1055424 · no PMID extracted
[ 150/348] PRJNA516527 · PMID candidates: ['32430911'] · saved → [32430911] The transcription factor ZmNAC126 accelerates leaf
[ 151/348] PRJNA1127037 · no PMID extracted
[ 152/348] PRJNA479522 · no PMID extracted
[ 153/348] PRJNA429568 · PMID candidates: ['30604905'] · saved → [30604905] Cytonuclear interactions remain stable during allo
[ 154/348] PRJDB11138 · no PMID extracted
[ 155/348] PRJNA1106750 · no PMID extracted
[ 156/348] PRJEB76472 · no PMID extracted
[ 157/348] PRJNA1129295 · PMID candidates: ['39021059'] · saved → [39021059] Tip of the iceberg? Three novel TOPLESS-interactin
[ 158/348] PRJNA695871 · no PMID extracted
[ 159/348] PRJEB39308 · no PMID extracted
[ 160/348] PRJNA1103102 · no PMID extracted
[ 161/348] PRJNA508768 · no PMID extracted
[ 162/348] PRJNA733070 · no PMID extracted
[ 163/348] PRJNA1022321 · no PMID extracted
[ 164/348] PRJNA1148431 · no PMID extracted
[ 165/348] PRJNA563186 · no PMID extracted
[ 166/348] PRJNA1055060 · no PMID extracted
[ 167/348] PRJNA1265690 · no PMID extracted
[ 168/348] PRJNA1148437 · no PMID extracted
[ 169/348] PRJNA1203203 · no PMID extracted
[ 170/348] PRJEB55600 · no PMID extracted
[ 171/348] PRJNA957910 · no PMID extracted
[ 172/348] PRJNA1347747 · no PMID extracted
[ 173/348] PRJDB5533 · no PMID extracted
[ 174/348] PRJNA293283 · no PMID extracted
[ 175/348] PRJNA542779 · no PMID extracted
[ 176/348] PRJNA755600 · PMID candidates: ['35633111'] · saved → [35633111] Improved pathogen and stress tolerance in tomato m
[ 177/348] PRJNA1056126 · no PMID extracted
[ 178/348] PRJNA681568 · no PMID extracted
[ 179/348] PRJNA1017106 · no PMID extracted
[ 180/348] PRJNA336471 · no PMID extracted
[ 181/348] PRJDB13419 · no PMID extracted
[ 182/348] PRJNA738872 · no PMID extracted
[ 183/348] PRJNA1394627 · PMID candidates: ['42260296'] · saved → [42260296] Apple ZAT11, a C2H2-type zinc finger protein, enha
[ 184/348] PRJNA1120176 · no PMID extracted
[ 185/348] PRJNA1417095 · no PMID extracted
[ 186/348] PRJNA789389 · PMID candidates: ['35778800'] · saved → [35778800] Transcriptome Profiling Reveals Molecular Players 
[ 187/348] PRJNA1389866 · no PMID extracted
[ 188/348] PRJNA808784 · no PMID extracted
[ 189/348] PRJNA1414443 · no PMID extracted
[ 190/348] PRJNA945572 · no PMID extracted
[ 191/348] PRJNA1255829 · no PMID extracted
[ 192/348] PRJNA1274897 · no PMID extracted
[ 193/348] PRJNA1135242 · no PMID extracted
[ 194/348] PRJNA738667 · no PMID extracted
[ 195/348] PRJNA1006331 · PMID candidates: ['40298361'] · saved → [40298361] Transcriptomic and metabolomic analyses unveil TaA
[ 196/348] PRJNA1102319 · no PMID extracted
[ 197/348] PRJEB94937 · no PMID extracted
[ 198/348] PRJNA1426942 · no PMID extracted
[ 199/348] PRJNA1244786 · PMID candidates: ['41635060'] · saved → [41635060] Protist predation stimulates peanut productivity b
[ 200/348] PRJEB24521 · no PMID extracted
[ 201/348] PRJNA794002 · no PMID extracted
[ 202/348] PRJNA1320984 · no PMID extracted
[ 203/348] PRJNA1219206 · no PMID extracted
[ 204/348] PRJNA1079030 · no PMID extracted
[ 205/348] PRJNA360515 · no PMID extracted
[ 206/348] PRJNA1085275 · PMID candidates: ['40051263'] · saved → [40051263] lncRNA1471 mediates tomato-ripening initiation by 
[ 207/348] PRJEB98125 · no PMID extracted
[ 208/348] PRJNA1203036 · no PMID extracted
[ 209/348] PRJNA1148435 · no PMID extracted
[ 210/348] PRJNA923477 · no PMID extracted
[ 211/348] PRJNA752874 · no PMID extracted
[ 212/348] PRJNA423270 · no PMID extracted
[ 213/348] PRJNA1100217 · no PMID extracted
[ 214/348] PRJNA1143533 · no PMID extracted
[ 215/348] PRJNA659604 · no PMID extracted
[ 216/348] PRJNA872218 · no PMID extracted
[ 217/348] PRJNA868217 · no PMID extracted
[ 218/348] PRJNA811718 · no PMID extracted
[ 219/348] PRJNA1243683 · PMID candidates: ['40891209'] · saved → [40891209] SOBIR1 Links Potato Responses to Potato Tuber Moth
[ 220/348] PRJNA792270 · no PMID extracted
[ 221/348] PRJEB89549 · no PMID extracted
[ 222/348] PRJNA689677 · PMID candidates: ['34110250'] · saved → [34110250] Functional Annotation of circRNAs in Tea Leaves Af
[ 223/348] PRJEB109258 · no PMID extracted
[ 224/348] PRJNA1122595 · PMID candidates: ['40163663'] · saved → [40163663] Deciphering the Mechanisms Regulating Variability 
[ 225/348] PRJNA874019 · no PMID extracted
[ 226/348] PRJNA1452908 · no PMID extracted
[ 227/348] PRJNA492913 · PMID candidates: ['31074884'] · saved → [31074884] The inconspicuous gatekeeper: endophytic Serendipi
[ 228/348] PRJNA896874 · no PMID extracted
[ 229/348] PRJNA1238814 · no PMID extracted
[ 230/348] PRJNA987996 · no PMID extracted
[ 231/348] PRJNA900512 · no PMID extracted
[ 232/348] PRJNA151401 · no PMID extracted
[ 233/348] PRJNA713962 · no PMID extracted
[ 234/348] PRJEB23306 · no PMID extracted
[ 235/348] PRJNA506031 · no PMID extracted
[ 236/348] PRJNA906119 · no PMID extracted
[ 237/348] PRJNA1416819 · no PMID extracted
[ 238/348] PRJNA1425155 · no PMID extracted
[ 239/348] PRJEB64683 · no PMID extracted
[ 240/348] PRJDB13025 · no PMID extracted
[ 241/348] PRJNA549565 · no PMID extracted
[ 242/348] PRJNA1083622 · no PMID extracted
[ 243/348] PRJNA1139942 · no PMID extracted
[ 244/348] PRJNA523972 · no PMID extracted
[ 245/348] PRJDB36401 · no PMID extracted
[ 246/348] PRJNA1331942 · PMID candidates: ['42133895'] · saved → [42133895] Overexpression of barley heat stress transcription
[ 247/348] PRJNA1414147 · no PMID extracted
[ 248/348] PRJDB9318 · no PMID extracted
[ 249/348] PRJNA503329 · no PMID extracted
[ 250/348] PRJNA738161 · no PMID extracted
[ 251/348] PRJNA1127845 · no PMID extracted
[ 252/348] PRJNA1052939 · no PMID extracted
[ 253/348] PRJNA957941 · no PMID extracted
[ 254/348] PRJNA1086208 · PMID candidates: ['41566362'] · saved → [41566362] Genome-Wide Association Study Pinpoints Novel Gene
[ 255/348] PRJNA1337710 · no PMID extracted
[ 256/348] PRJNA782220 · no PMID extracted
[ 257/348] PRJNA1288663 · PMID candidates: ['40891209'] · saved → [40891209] SOBIR1 Links Potato Responses to Potato Tuber Moth
[ 258/348] PRJNA1286949 · no PMID extracted
[ 259/348] PRJNA1416783 · no PMID extracted
[ 260/348] PRJNA1110567 · no PMID extracted
[ 261/348] PRJNA1200603 · no PMID extracted
[ 262/348] PRJNA1139870 · PMID candidates: ['39499237'] · saved → [39499237] TaWRKY24 integrates the tryptophan metabolism path
[ 263/348] PRJNA1030186 · no PMID extracted
[ 264/348] PRJNA1348326 · no PMID extracted
[ 265/348] PRJNA1137117 · no PMID extracted
[ 266/348] PRJNA376551 · no PMID extracted
[ 267/348] PRJNA766185 · no PMID extracted
[ 268/348] PRJNA1367956 · no PMID extracted
[ 269/348] PRJEB77278 · no PMID extracted
[ 270/348] PRJNA1103823 · no PMID extracted
[ 271/348] PRJNA784537 · no PMID extracted
[ 272/348] PRJDB12449 · no PMID extracted
[ 273/348] PRJNA1222764 · no PMID extracted
[ 274/348] PRJNA729587 · no PMID extracted
[ 275/348] PRJNA1136561 · no PMID extracted
[ 276/348] PRJNA575568 · no PMID extracted
[ 277/348] PRJNA1181513 · PMID candidates: ['40014726'] · saved → [40014726] Plant pathogenic fungi hijack phosphate signaling 
[ 278/348] PRJNA960823 · no PMID extracted
[ 279/348] PRJNA869553 · no PMID extracted
[ 280/348] PRJNA978633 · no PMID extracted
[ 281/348] PRJDB16420 · no PMID extracted
[ 282/348] PRJNA1077475 · no PMID extracted
[ 283/348] PRJNA1250564 · no PMID extracted
[ 284/348] PRJNA1405827 · no PMID extracted
[ 285/348] PRJNA1307747 · no PMID extracted
[ 286/348] PRJNA818435 · PMID candidates: ['36000178'] · saved → [36000178] Defense Surveillance System at the Interface: Resp
[ 287/348] PRJNA850847 · no PMID extracted
[ 288/348] PRJEB38244 · no PMID extracted
[ 289/348] PRJNA1228322 · no PMID extracted
[ 290/348] PRJDB6779 · no PMID extracted
[ 291/348] PRJNA1400237 · no PMID extracted
[ 292/348] PRJNA352773 · no PMID extracted
[ 293/348] PRJNA874692 · PMID candidates: ['37399026'] · saved → [37399026] Diversity and Pathobiology of an Ilarvirus Unexpec
[ 294/348] PRJNA304266 · no PMID extracted
[ 295/348] PRJNA1055736 · no PMID extracted
[ 296/348] PRJNA776419 · no PMID extracted
[ 297/348] PRJEB76489 · no PMID extracted
[ 298/348] PRJNA1417981 · no PMID extracted
[ 299/348] PRJNA1133741 · no PMID extracted
[ 300/348] PRJNA1403198 · no PMID extracted
[ 301/348] PRJNA541993 · no PMID extracted
[ 302/348] PRJNA1039520 · PMID candidates: ['39012193'] · saved → [39012193] Sextuple knockouts of a highly conserved and coexp
[ 303/348] PRJNA979813 · no PMID extracted
[ 304/348] PRJEB34899 · no PMID extracted
[ 305/348] PRJEB76490 · no PMID extracted
[ 306/348] PRJNA852375 · no PMID extracted
[ 307/348] PRJNA1436755 · no PMID extracted
[ 308/348] PRJNA924676 · no PMID extracted
[ 309/348] PRJNA417910 · PMID candidates: ['29045007'] · saved → [29045007] Chromatin-remodeling factor OsINO80 is involved in
[ 310/348] PRJNA470527 · no PMID extracted
[ 311/348] PRJEB33674 · no PMID extracted
[ 312/348] PRJNA1374450 · no PMID extracted
[ 313/348] PRJNA1149428 · PMID candidates: ['40059082'] · saved → [40059082] The Rootstock's Cotyledon-Regulated Fructokinase C
[ 314/348] PRJNA384626 · no PMID extracted
[ 315/348] PRJNA476676 · no PMID extracted
[ 316/348] PRJNA1235982 · no PMID extracted
[ 317/348] PRJNA1072624 · no PMID extracted
[ 318/348] PRJNA307989 · PMID candidates: ['36890722'] · saved → [36890722] HSP90.2 modulates 2Q2-mediated wheat resistance ag
[ 319/348] PRJNA1442041 · PMID candidates: ['42207156'] · saved → [42207156] Remodeling of the leaf lipidome during cold acclim
[ 320/348] PRJNA998097 · no PMID extracted
[ 321/348] PRJNA494472 · no PMID extracted
[ 322/348] PRJNA1128586 · no PMID extracted
[ 323/348] PRJEB36113 · no PMID extracted
[ 324/348] PRJNA515933 · no PMID extracted
[ 325/348] PRJNA1211198 · no PMID extracted
[ 326/348] PRJNA1230716 · no PMID extracted
[ 327/348] PRJNA624230 · no PMID extracted
[ 328/348] PRJNA694491 · no PMID extracted
[ 329/348] PRJNA1240083 · no PMID extracted
[ 330/348] PRJNA1018253 · PMID candidates: ['39145419'] · saved → [39145419] LsRTDv1, a reference transcript dataset for accura
[ 331/348] PRJNA692674 · no PMID extracted
[ 332/348] PRJNA1266229 · no PMID extracted
[ 333/348] PRJNA1221773 · no PMID extracted
[ 334/348] PRJNA1314945 · no PMID extracted
[ 335/348] PRJEB34944 · no PMID extracted
[ 336/348] PRJNA658775 · PMID candidates: ['36345265'] · saved → [36345265] SlRIP1b is a global organellar RNA editing factor,
[ 337/348] PRJNA988003 · no PMID extracted
[ 338/348] PRJNA715088 · no PMID extracted
[ 339/348] PRJNA294128 · no PMID extracted
[ 340/348] PRJNA607127 · no PMID extracted
[ 341/348] PRJNA808438 · no PMID extracted
[ 342/348] PRJNA533801 · no PMID extracted
[ 343/348] PRJNA725619 · no PMID extracted
[ 344/348] PRJNA492840 · no PMID extracted
[ 345/348] PRJNA1312973 · no PMID extracted
[ 346/348] PRJEB51973 · no PMID extracted
[ 347/348] PRJNA980182 · no PMID extracted
[ 348/348] PRJDB5677 · no PMID extracted

Resolved: 47/348 BPs
Written: metadata/output/fetch_lit/data/literature.json
