NCBI_API_KEY set: yes
Loaded 6,852 runs from output/02_filter/data/crypt.tsv
Filter: all co-infected → 902 runs
BioProjects to fetch: 118
Already cached (v4): 0
  [  1/118] PRJNA1111826 (112 runs) ... ok
  [  2/118] PRJEB31334 (104 runs) ... ok
  [  3/118] PRJEB39201 (77 runs) ... ok
  [  4/118] PRJEB84390 (38 runs) ... ok
  [  5/118] PRJNA1067407 (35 runs) ... ok
  [  6/118] PRJEB15280 (34 runs) ... ok
  [  7/118] PRJNA1228670 (32 runs) ... ok
  [  8/118] PRJEB32362 (30 runs) ... ok
  [  9/118] PRJEB53888 (26 runs) ... ok
  [ 10/118] PRJNA1092066 (20 runs) ... ok
  [ 11/118] PRJNA687280 (20 runs) ... ok
  [ 12/118] PRJNA1242556 (20 runs) ... ok
  [ 13/118] PRJNA1031678 (17 runs) ... ok
  [ 14/118] PRJNA148307 (12 runs) ... ok
  [ 15/118] PRJEB47693 (11 runs) ... ok
  [ 16/118] PRJNA1113144 (11 runs) ... ok
  [ 17/118] PRJEB33109 (11 runs) ... ok
  [ 18/118] PRJNA1244880 (10 runs) ... ok
  [ 19/118] PRJEB65589 (10 runs) ... ok
  [ 20/118] PRJNA352342 (10 runs) ... ok
  [ 21/118] PRJNA574904 (9 runs) ... ok
  [ 22/118] PRJEB42296 (8 runs) ... ok
  [ 23/118] PRJEB5141 (8 runs) ... ok
  [ 24/118] PRJNA1248058 (7 runs) ... ok
  [ 25/118] PRJNA486288 (7 runs) ... ok
  [ 26/118] PRJDB39409 (6 runs) ... ok
  [ 27/118] PRJNA628751 (6 runs) ... ok
  [ 28/118] PRJNA1207595 (6 runs) ... ok
  [ 29/118] PRJNA1292970 (6 runs) ... ok
  [ 30/118] PRJNA747857 (6 runs) ... ok
  [ 31/118] PRJNA254725 (6 runs) ... ok
  [ 32/118] PRJNA605036 (6 runs) ... ok
  [ 33/118] PRJNA609405 (6 runs) ... ok
  [ 34/118] PRJNA872313 (5 runs) ... ok
  [ 35/118] PRJNA811707 (5 runs) ... ok
  [ 36/118] PRJNA1293538 (5 runs) ... ok
  [ 37/118] PRJNA643593 (5 runs) ... ok
  [ 38/118] PRJEB34186 (5 runs) ... ok
  [ 39/118] PRJNA768796 (5 runs) ... ok
  [ 40/118] PRJNA565562 (5 runs) ... ok
  [ 41/118] PRJNA725323 (5 runs) ... ok
  [ 42/118] PRJNA588102 (5 runs) ... ok
  [ 43/118] PRJNA797683 (5 runs) ... ok
  [ 44/118] PRJNA686475 (4 runs) ... ok
  [ 45/118] PRJNA700975 (4 runs) ... ok
  [ 46/118] PRJNA1100932 (4 runs) ... ok
  [ 47/118] PRJNA176472 (4 runs) ... ok
  [ 48/118] PRJNA925193 (3 runs) ... ok
  [ 49/118] PRJNA1173477 (3 runs) ... ok
  [ 50/118] PRJNA383548 (3 runs) ... ok
  [ 51/118] PRJNA542165 (3 runs) ... ok
  [ 52/118] PRJNA936198 (3 runs) ... ok
  [ 53/118] PRJNA540383 (3 runs) ... ok
  [ 54/118] PRJNA1107791 (3 runs) ... ok
  [ 55/118] PRJDB39595 (3 runs) ... ok
  [ 56/118] PRJEB68334 (3 runs) ... ok
  [ 57/118] PRJNA905255 (3 runs) ... ok
  [ 58/118] PRJNA293594 (3 runs) ... ok
  [ 59/118] PRJEB36485 (3 runs) ... ok
  [ 60/118] PRJNA1405621 (3 runs) ... ok
  [ 61/118] PRJNA435897 (3 runs) ... ok
  [ 62/118] PRJNA777477 (2 runs) ... ok
  [ 63/118] PRJEB20582 (2 runs) ... ok
  [ 64/118] PRJNA716464 (2 runs) ... ok
  [ 65/118] PRJNA253086 (2 runs) ... ok
  [ 66/118] PRJNA168272 (2 runs) ... ok
  [ 67/118] PRJNA558612 (2 runs) ... ok
  [ 68/118] PRJNA448328 (2 runs) ... ok
  [ 69/118] PRJNA1315207 (2 runs) ... ok
  [ 70/118] PRJNA773642 (2 runs) ... ok
  [ 71/118] PRJNA1089140 (2 runs) ... ok
  [ 72/118] PRJNA588304 (1 runs) ... ok
  [ 73/118] PRJNA853137 (1 runs) ... ok
  [ 74/118] PRJNA531386 (1 runs) ... ok
  [ 75/118] PRJNA1054045 (1 runs) ... ok
  [ 76/118] PRJNA1250817 (1 runs) ... ok
  [ 77/118] PRJNA854212 (1 runs) ... ok
  [ 78/118] PRJNA1267768 (1 runs) ... ok
  [ 79/118] PRJNA808992 (1 runs) ... ok
  [ 80/118] PRJNA560644 (1 runs) ... ok
  [ 81/118] PRJNA545454 (1 runs) ... ok
  [ 82/118] PRJNA422914 (1 runs) ... ok
  [ 83/118] PRJNA950118 (1 runs) ... ok
  [ 84/118] PRJNA956871 (1 runs) ... ok
  [ 85/118] PRJEB39756 (1 runs) ... ok
  [ 86/118] PRJNA171217 (1 runs) ... ok
  [ 87/118] PRJNA1196143 (1 runs) ... ok
  [ 88/118] PRJNA392275 (1 runs) ... ok
  [ 89/118] PRJNA1017476 (1 runs) ... ok
  [ 90/118] PRJNA1110392 (1 runs) ... ok
  [ 91/118] PRJNA1021048 (1 runs) ... ok
  [ 92/118] PRJNA338256 (1 runs) ... ok
  [ 93/118] PRJNA883377 (1 runs) ... ok
  [ 94/118] PRJNA1272045 (1 runs) ... ok
  [ 95/118] PRJNA283526 (1 runs) ... ok
  [ 96/118] PRJNA350867 (1 runs) ... ok
  [ 97/118] PRJNA932159 (1 runs) ... ok
  [ 98/118] PRJEB61893 (1 runs) ... ok
  [ 99/118] PRJNA1162778 (1 runs) ... ok
  [100/118] PRJNA487807 (1 runs) ... ok
  [101/118] PRJNA670487 (1 runs) ... ok
  [102/118] PRJEB13072 (1 runs) ... ok
  [103/118] PRJEB85268 (1 runs) ... ok
  [104/118] PRJNA1157721 (1 runs) ... ok
  [105/118] PRJNA1491631 (1 runs) ... ok
  [106/118] PRJNA748207 (1 runs) ... ok
  [107/118] PRJNA1202856 (1 runs) ... ok
  [108/118] PRJNA36323 (1 runs) ... ok
  [109/118] PRJNA397359 (1 runs) ... ok
  [110/118] PRJNA398030 (1 runs) ... ok
  [111/118] PRJNA1158807 (1 runs) ... ok
  [112/118] PRJNA791897 (1 runs) ... ok
  [113/118] PRJNA807078 (1 runs) ... ok
  [114/118] PRJNA961054 (1 runs) ... ok
  [115/118] PRJNA606340 (1 runs) ... ok
  [116/118] PRJNA895362 (1 runs) ... ok
  [117/118] PRJNA1429803 (1 runs) ... ok
  [118/118] PRJNA811762 (1 runs) ... ok

03_meta summary
Filter:              all co-infected
BioProjects:         118
  from MAL only:     118
  from HAL only:     0
  from both modes:   0
With title:          118
With PMIDs:          64
Study design (auto):
  coinf_experiment:  1
  field_survey:      30
  unclear:           87
  (coinf_experiment → manually verify then exclude from novel count)

Written: output/03_meta/data/bioproject_meta.tsv
