Reads read from: kraken/select/data/reads
Raw kraken2 reports will be saved to: kraken/assign/data/reports
Loaded 3,225 runs from kraken/select/data/run_list.tsv (filters: none)
Array task 1/16: 202 runs assigned

Total runs: 3,225 | Already done: 0 | Remaining: 202
Settings: confidence=0.15, min_hit_groups=3, workers=4, kraken_threads=8
DB: kraken/build/data/db_v3
Tmp: /scratch/fl3/llenzo/kraken_tmp

[      1/202] ERR3170252  80.0% classified  | 0.0/s  ETA 5.6h
[      2/202] ERR3170248  80.0% classified  | 0.0/s  ETA 2.8h
[      3/202] ERR3170272  76.5% classified  | 0.0/s  ETA 1.9h
[      4/202] ERR3188442  79.1% classified  | 0.0/s  ETA 1.6h
[      5/202] ERR3170273  80.3% classified  | 0.0/s  ETA 2.0h
[      6/202] ERR3188454  76.5% classified  | 0.0/s  ETA 1.9h
[      7/202] ERR3170217  80.2% classified  | 0.0/s  ETA 1.7h
[      8/202] ERR3170237  79.9% classified  | 0.0/s  ETA 1.5h
[      9/202] ERR3188449  78.5% classified  | 0.0/s  ETA 1.9h
[     10/202] ERR3170259  68.7% classified  | 0.0/s  ETA 1.9h
[     11/202] ERR1607760  87.5% classified  | 0.0/s  ETA 1.8h
[     12/202] ERR1607846  82.3% classified  | 0.0/s  ETA 1.7h
[     13/202] ERR1607747  84.9% classified  | 0.0/s  ETA 1.8h
[     14/202] ERR1607800  83.4% classified  | 0.0/s  ETA 1.7h
[     15/202] ERR1607744  81.9% classified  | 0.0/s  ETA 1.6h
[     16/202] ERR1607823  75.2% classified  | 0.0/s  ETA 1.6h
[     17/202] ERR1607820  66.8% classified  | 0.0/s  ETA 1.7h
[     18/202] ERR15005464  59.4% classified  | 0.0/s  ETA 1.7h
[     19/202] ERR15005473  51.1% classified  | 0.0/s  ETA 1.7h
[     20/202] ERR15005474  42.5% classified  | 0.0/s  ETA 1.6h
[     21/202] ERR15005515  43.0% classified  | 0.0/s  ETA 1.7h
[     22/202] ERR12013072  86.5% classified  | 0.0/s  ETA 1.7h
[     23/202] ERR15005506  43.2% classified  | 0.0/s  ETA 1.6h
[     24/202] ERR15005498  69.2% classified  | 0.0/s  ETA 1.6h
[     25/202] ERR12013030  82.2% classified  | 0.0/s  ETA 1.6h
[     26/202] ERR12013048  79.7% classified  | 0.0/s  ETA 1.5h
[     27/202] ERR6847894  83.0% classified  | 0.0/s  ETA 1.6h
[     28/202] ERR6847875  81.8% classified  | 0.0/s  ETA 1.5h
[     29/202] SRR7797546  88.5% classified  | 0.0/s  ETA 1.5h
[     30/202] SRR29077169  86.6% classified  | 0.0/s  ETA 1.5h
[     31/202] ERR4315586  68.3% classified  | 0.0/s  ETA 1.5h
[     32/202] ERR4315469  82.8% classified  | 0.0/s  ETA 1.4h
[     33/202] ERR4315214  81.8% classified  | 0.0/s  ETA 1.4h
[     34/202] ERR4315493  61.3% classified  | 0.0/s  ETA 1.4h
[     35/202] ERR4315673  82.1% classified  | 0.0/s  ETA 1.4h
[     36/202] ERR4315212  73.6% classified  | 0.0/s  ETA 1.4h
[     37/202] ERR4315394  73.5% classified  | 0.0/s  ETA 1.4h
[     38/202] ERR4315467  82.2% classified  | 0.0/s  ETA 1.4h
[     39/202] ERR4315511  83.8% classified  | 0.0/s  ETA 1.3h
[     40/202] ERR4315304  89.6% classified  | 0.0/s  ETA 1.4h
[     41/202] ERR4315548  80.7% classified  | 0.0/s  ETA 1.3h
[     42/202] ERR4315449  82.3% classified  | 0.0/s  ETA 1.3h
[     43/202] ERR4315513  84.5% classified  | 0.0/s  ETA 1.3h
[     44/202] ERR4315620  83.2% classified  | 0.0/s  ETA 1.3h
[     45/202] ERR4315157  80.2% classified  | 0.0/s  ETA 1.3h
[     46/202] ERR4315501  85.0% classified  | 0.0/s  ETA 1.3h
[     47/202] ERR4315420  84.2% classified  | 0.0/s  ETA 1.3h
[     48/202] ERR4315498  70.3% classified  | 0.0/s  ETA 1.3h
[     49/202] ERR4315323  78.4% classified  | 0.0/s  ETA 1.3h
[     50/202] ERR4315192  86.2% classified  | 0.0/s  ETA 1.2h
[     51/202] ERR4315327  81.2% classified  | 0.0/s  ETA 1.2h
[     52/202] ERR4315186  87.5% classified  | 0.0/s  ETA 1.2h
[     53/202] ERR4315184  78.0% classified  | 0.0/s  ETA 1.2h
[     54/202] ERR4315503  77.4% classified  | 0.0/s  ETA 1.2h
[     55/202] ERR4315251  76.5% classified  | 0.0/s  ETA 1.2h
[     56/202] ERR4315185  86.0% classified  | 0.0/s  ETA 1.2h
[     57/202] ERR4315674  78.8% classified  | 0.0/s  ETA 1.2h
[     58/202] ERR4315165  84.3% classified  | 0.0/s  ETA 1.2h
[     59/202] ERR4315204  81.6% classified  | 0.0/s  ETA 1.2h
[     60/202] ERR4315289  80.0% classified  | 0.0/s  ETA 1.2h
[     61/202] ERR4315438  79.4% classified  | 0.0/s  ETA 1.2h
[     62/202] ERR4315657  82.5% classified  | 0.0/s  ETA 1.1h
[     63/202] ERR4315579  80.1% classified  | 0.0/s  ETA 1.1h
[     64/202] ERR3383641  83.3% classified  | 0.0/s  ETA 1.2h
[     65/202] SRR24010238  80.4% classified  | 0.0/s  ETA 1.3h
[     66/202] SRR24010228  86.0% classified  | 0.0/s  ETA 1.3h
[     67/202] SRR12329588  84.0% classified  | 0.0/s  ETA 1.3h
[     68/202] ERR3856833  42.0% classified  | 0.0/s  ETA 1.3h
[     69/202] SRR23706865  84.9% classified  | 0.0/s  ETA 1.2h
[     70/202] ERR3856815  59.9% classified  | 0.0/s  ETA 1.2h
[     71/202] SRR28704968  78.3% classified  | 0.0/s  ETA 1.2h
[     72/202] ERR3500554  82.1% classified  | 0.0/s  ETA 1.2h
[     73/202] ERR3500514  84.7% classified  | 0.0/s  ETA 1.2h
[     74/202] ERR3500515  82.7% classified  | 0.0/s  ETA 1.2h
[     75/202] SRR1562263  84.5% classified  | 0.0/s  ETA 1.2h
[     76/202] ERR3500519  84.3% classified  | 0.0/s  ETA 1.2h
[     77/202] SRR22139848  7.1% classified  | 0.0/s  ETA 1.2h
[     78/202] SRR2185184  98.5% classified  | 0.0/s  ETA 1.2h
[     79/202] SRR391828  69.1% classified  | 0.0/s  ETA 1.1h
[     80/202] SRR1562185  84.2% classified  | 0.0/s  ETA 1.1h
[     81/202] SRR1562084  84.2% classified  | 0.0/s  ETA 1.1h
[     82/202] SRR6242037  60.9% classified  | 0.0/s  ETA 1.1h
[     83/202] SRR32620564  82.3% classified  | 0.0/s  ETA 1.1h
[     84/202] SRR6242057  68.5% classified  | 0.0/s  ETA 1.1h
[     85/202] ERR789370  65.0% classified  | 0.0/s  ETA 1.1h
[     86/202] SRR8718799  92.9% classified  | 0.0/s  ETA 1.1h
[     87/202] SRR12149179  92.2% classified  | 0.0/s  ETA 1.1h
[     88/202] SRR8718844  92.3% classified  | 0.0/s  ETA 1.1h
[     89/202] SRR8718830  94.4% classified  | 0.0/s  ETA 1.1h
[     90/202] ERR13148999  85.2% classified  | 0.0/s  ETA 1.1h
[     91/202] SRR8718814  90.7% classified  | 0.0/s  ETA 1.1h
[     92/202] ERR13108595  81.5% classified  | 0.0/s  ETA 1.0h
[     93/202] SRR34026583  78.1% classified  | 0.0/s  ETA 1.0h
[     94/202] ERR13159136  80.0% classified  | 0.0/s  ETA 1.0h
[     95/202] SRR20695273  75.6% classified  | 0.0/s  ETA 1.0h
[     96/202] SRR3750712  86.9% classified  | 0.0/s  ETA 1.0h
[     97/202] SRR3750722  70.1% classified  | 0.0/s  ETA 1.0h
[     98/202] SRR3750702  89.1% classified  | 0.0/s  ETA 1.0h
[     99/202] SRR9684521  58.8% classified  | 0.0/s  ETA 1.0h
[    100/202] ERR5928193  80.4% classified  | 0.0/s  ETA 0.9h
[    101/202] ERR5928160  80.4% classified  | 0.0/s  ETA 0.9h
[    102/202] ERR5928185  80.3% classified  | 0.0/s  ETA 0.9h
[    103/202] SRR21195565  84.2% classified  | 0.0/s  ETA 0.9h
[    104/202] SRR21195571  85.4% classified  | 0.0/s  ETA 0.9h
[    105/202] ERR5928204  80.6% classified  | 0.0/s  ETA 0.9h
[    106/202] SRR9127602  71.9% classified  | 0.0/s  ETA 0.9h
[    107/202] SRR14871464  87.8% classified  | 0.0/s  ETA 0.9h
[    108/202] SRR14871472  88.9% classified  | 0.0/s  ETA 0.9h
[    109/202] ERR6548354  77.2% classified  | 0.0/s  ETA 0.9h
[    110/202] ERR6548388  91.8% classified  | 0.0/s  ETA 0.9h
[    111/202] ERR5696220  93.0% classified  | 0.0/s  ETA 0.9h
[    112/202] ERR5696307  93.1% classified  | 0.0/s  ETA 0.9h
[    113/202] ERR5696286  90.5% classified  | 0.0/s  ETA 0.9h
[    114/202] ERR5696252  92.2% classified  | 0.0/s  ETA 0.8h
[    115/202] ERR5696293  94.3% classified  | 0.0/s  ETA 0.8h
[    116/202] SRR31200170  91.7% classified  | 0.0/s  ETA 0.8h
[    117/202] SRR4296237  70.7% classified  | 0.0/s  ETA 0.8h
[    118/202] ERR5696228  92.0% classified  | 0.0/s  ETA 0.8h
[    119/202] SRR12888331  64.7% classified  | 0.0/s  ETA 0.8h
[    120/202] SRR20324139  85.8% classified  | 0.0/s  ETA 0.8h
[    121/202] SRR11216267  7.7% classified  | 0.0/s  ETA 0.8h
[    122/202] SRR11216264  8.6% classified  | 0.0/s  ETA 0.8h
[    123/202] SRR8733379  58.5% classified  | 0.0/s  ETA 0.7h
[    124/202] ERR4421882  42.5% classified  | 0.0/s  ETA 0.7h
[    125/202] SRR31850422  86.5% classified  | 0.0/s  ETA 0.8h
[    126/202] SRR31514628  50.5% classified  | 0.0/s  ETA 0.8h
[    127/202] SRR2518217  40.0% classified  | 0.0/s  ETA 0.8h
[    128/202] SRR33696069  84.3% classified  | 0.0/s  ETA 0.8h
[    129/202] SRR11928840  17.3% classified  | 0.0/s  ETA 0.7h
[    130/202] SRR18840566  62.8% classified  | 0.0/s  ETA 0.7h
[    131/202] SRR28475125  62.7% classified  | 0.0/s  ETA 0.7h
[    132/202] SRR18070414  77.1% classified  | 0.0/s  ETA 0.7h
[    133/202] SRR9062614  91.7% classified  | 0.0/s  ETA 0.7h
[    134/202] SRR8668529  93.5% classified  | 0.0/s  ETA 0.7h
[    135/202] SRR15357733  90.8% classified  | 0.0/s  ETA 0.7h
[    136/202] SRR8204150  80.3% classified  | 0.0/s  ETA 0.7h
[    137/202] SRR8204123  65.3% classified  | 0.0/s  ETA 0.7h
[    138/202] SRR15141101  74.9% classified  | 0.0/s  ETA 0.6h
[    139/202] SRR15141284  58.7% classified  | 0.0/s  ETA 0.6h
[    140/202] SRR10175971  10.1% classified  | 0.0/s  ETA 0.6h
[    141/202] SRR10291739  85.2% classified  | 0.0/s  ETA 0.6h
[    142/202] ERR10886968  83.7% classified  | 0.0/s  ETA 0.6h
[    143/202] ERR10886953  87.5% classified  | 0.0/s  ETA 0.6h
[    144/202] ERR10886940  85.2% classified  | 0.0/s  ETA 0.6h
[    145/202] ERR10886963  86.4% classified  | 0.0/s  ETA 0.6h
[    146/202] SRR36950010  48.6% classified  | 0.0/s  ETA 0.6h
[    147/202] SRR8418321  61.2% classified  | 0.0/s  ETA 0.6h
[    148/202] SRR8418290  70.6% classified  | 0.0/s  ETA 0.6h
[    149/202] ERR10886960  90.7% classified  | 0.0/s  ETA 0.6h
[    150/202] SRR8418313  61.2% classified  | 0.0/s  ETA 0.5h
[    151/202] SRR8418262  47.7% classified  | 0.0/s  ETA 0.5h
[    152/202] ERR1360193  74.0% classified  | 0.0/s  ETA 0.5h
[    153/202] SRR31278120  73.3% classified  | 0.0/s  ETA 0.5h
[    154/202] SRR33846329  88.5% classified  | 0.0/s  ETA 0.5h
[    155/202] SRR9276716  83.9% classified  | 0.0/s  ETA 0.5h
[    156/202] SRR6218744  82.7% classified  | 0.0/s  ETA 0.5h
[    157/202] ERR7421539  60.2% classified  | 0.0/s  ETA 0.5h
[    158/202] SRR32959947  83.0% classified  | 0.0/s  ETA 0.5h
[    159/202] SRR34300166  25.6% classified  | 0.0/s  ETA 0.5h
[    160/202] SRR36367300  56.8% classified  | 0.0/s  ETA 0.5h
[    161/202] ERR10926673  88.2% classified  | 0.0/s  ETA 0.4h
[    162/202] SRR34300130  29.6% classified  | 0.0/s  ETA 0.4h
[    163/202] SRR34300156  29.0% classified  | 0.0/s  ETA 0.4h
[    164/202] SRR34300140  25.3% classified  | 0.0/s  ETA 0.4h
[    165/202] SRR36292477  68.2% classified  | 0.0/s  ETA 0.4h
[    166/202] SRR36910244  29.4% classified  | 0.0/s  ETA 0.4h
[    167/202] SRR36367317  68.6% classified  | 0.0/s  ETA 0.4h
[    168/202] SRR36367276  68.3% classified  | 0.0/s  ETA 0.4h
[    169/202] SRR36910259  27.0% classified  | 0.0/s  ETA 0.4h
[    170/202] SRR36910251  22.8% classified  | 0.0/s  ETA 0.4h
[    171/202] SRR36367286  59.2% classified  | 0.0/s  ETA 0.3h
[    172/202] SRR25969005  88.5% classified  | 0.0/s  ETA 0.3h
[    173/202] SRR36367335  64.8% classified  | 0.0/s  ETA 0.3h
[    174/202] SRR26214567  90.5% classified  | 0.0/s  ETA 0.3h
[    175/202] SRR36292467  48.6% classified  | 0.0/s  ETA 0.3h
[    176/202] SRR25968993  87.8% classified  | 0.0/s  ETA 0.3h
[    177/202] SRR8984123  77.7% classified  | 0.0/s  ETA 0.3h
[    178/202] SRR30126666  79.8% classified  | 0.0/s  ETA 0.3h
[    179/202] SRR11497364  64.8% classified  | 0.0/s  ETA 0.3h
[    180/202] SRR26511472  85.9% classified  | 0.0/s  ETA 0.2h
[    181/202] SRR1975196  60.2% classified  | 0.0/s  ETA 0.2h
[    182/202] SRR8568984  84.9% classified  | 0.0/s  ETA 0.2h
[    183/202] SRR6039744  75.3% classified  | 0.0/s  ETA 0.2h
[    184/202] SRR6039734  71.3% classified  | 0.0/s  ETA 0.2h
[    185/202] SRR37491908  18.0% classified  | 0.0/s  ETA 0.2h
[    186/202] SRR21796868  88.1% classified  | 0.0/s  ETA 0.2h
[    187/202] SRR19891820  86.0% classified  | 0.0/s  ETA 0.2h
[    188/202] SRR32467361  82.2% classified  | 0.0/s  ETA 0.2h
[    189/202] SRR14224154  89.2% classified  | 0.0/s  ETA 0.1h
[    190/202] SRR12998703  83.0% classified  | 0.0/s  ETA 0.1h
[    191/202] SRR7526698  77.5% classified  | 0.0/s  ETA 0.1h
[    192/202] SRR4044955  77.8% classified  | 0.0/s  ETA 0.1h
[    193/202] SRR36993194  89.3% classified  | 0.0/s  ETA 0.1h
[    194/202] SRR31204182  88.2% classified  | 0.0/s  ETA 0.1h
[    195/202] SRR36610577  91.0% classified  | 0.0/s  ETA 0.1h
[    196/202] SRR30427633  85.2% classified  | 0.0/s  ETA 0.1h
[    197/202] SRR8416461  73.8% classified  | 0.0/s  ETA 0.1h
[    198/202] SRR24305217  56.3% classified  | 0.0/s  ETA 0.0h
[    199/202] SRR3724164  66.5% classified  | 0.0/s  ETA 0.0h
[    200/202] ERR986116  72.2% classified  | 0.0/s  ETA 0.0h
[    201/202] SRR3724142  69.7% classified  | 0.0/s  ETA 0.0h
[    202/202] SRR1777450  72.3% classified  | 0.0/s  ETA 0.0h

── Summary ────────────────────────────────────────
  Classified: 202
  Errors:     0
  Elapsed:    2.2h
  Cache:      kraken/assign/data/kraken_cache.jsonl
