Reads read from: kraken/select/data/reads
Raw kraken2 reports will be saved to: kraken/assign/data/reports
Loaded 3,225 runs from kraken/select/data/run_list.tsv (filters: none)
Array task 5/16: 201 runs assigned

Total runs: 3,225 | Already done: 17 | Remaining: 201
Settings: confidence=0.15, min_hit_groups=3, workers=4, kraken_threads=8
DB: kraken/build/data/db_v3
Tmp: /scratch/fl3/llenzo/kraken_tmp

[      1/201] ERR3170233  79.0% classified  | 0.0/s  ETA 6.8h
[      2/201] ERR3188461  79.1% classified  | 0.0/s  ETA 3.6h
[      3/201] ERR3188444  81.5% classified  | 0.0/s  ETA 2.4h
[      4/201] ERR3188473  79.4% classified  | 0.0/s  ETA 1.9h
[      5/201] ERR3170225  81.0% classified  | 0.0/s  ETA 2.5h
[      6/201] ERR3170231  81.9% classified  | 0.0/s  ETA 2.1h
[      7/201] ERR3170213  84.8% classified  | 0.0/s  ETA 1.8h
[      8/201] ERR3170186  79.2% classified  | 0.0/s  ETA 1.7h
[      9/201] ERR3170253  76.5% classified  | 0.0/s  ETA 1.8h
[     10/201] ERR1607755  78.8% classified  | 0.0/s  ETA 1.9h
[     11/201] ERR1607782  81.1% classified  | 0.0/s  ETA 1.9h
[     12/201] ERR1607793  84.0% classified  | 0.0/s  ETA 1.8h
[     13/201] ERR1607764  73.6% classified  | 0.0/s  ETA 1.8h
[     14/201] ERR1607776  86.3% classified  | 0.0/s  ETA 1.7h
[     1[     14/201] ERR1607808  ERR([Errno 2] No such file or[     16/201] ERR1607834  78.2% classified  | 0.0/s  ETA 1.8h
[     17/201] ERR15005456  60.7% classified  | 0.0/s  ETA 1.7h
[     18/201] ERR15005463  61.6% classified  | 0.0/s  ETA 1.6h
[     19/201] ERR15[     16/201] ERR1607734  ERR([Errno 2] No s[     20/201] ERR15005469  51.2% classified  | 0.0/s  ETA 1.8h
[     21/201] ERR15005525  67.1% classified  | 0.0/s  ETA 1.8h
[     22/201] ERR15005533  74.7% classified  | 0.0/s  ETA 1.7h
[     23/201] ERR12013061  80.0% classified  | 0.0/s  ETA 1.8h
[     24/201] ERR6847890  80.0% classified  | 0.0/s  ETA 1.8h
[     25/201] ERR12013079  82.1% classified  | 0.0/s  ETA 1.9h
[     26/201] ERR12013069  82.3% classified  | 0.0/s  ETA 1.8h
[     27/201] ERR6847879  82.7% classified  | 0.0/s  ETA 1.8h
[     28/201] SRR29076501  87.5% classified  | 0.0/s  ETA 1.8h
[     29/201] ERR4315685  71.3% classified  | 0.0/s  ETA 1.8h
[     30/201] ERR4315613  83.0% classified  | 0.0/s  ETA 1.8h
[     31/201] ERR4315364  77.1% classified  | 0.0/s  ETA 1.8h
[     32/201] ERR4315443  82.6% classified  | 0.0/s  ETA 1.7h
[     33/201] ERR4761817  79.2% classified  | 0.0/s  ETA 1.7h
[     34/201] ERR4315573  78.6% classified  | 0.0/s  ETA 1.7h
[     35/201] ERR4315226  75.5% classified  | 0.0/s  ETA 1.7h
[     36/201] ERR4315637  84.0% classified  | 0.0/s  ETA 1.6h
[     37/201] ERR4315412  72.1% classified  | 0.0/s  ETA 1.6h
[     38/201] ERR4315423  79.7% classified  | 0.0/s  ETA 1.6h
[     39/201] ERR4315246  79.9% classified  | 0.0/s  ETA 1.6h
[     40/201] ERR4315190  84.4% classified  | 0.0/s  ETA 1.6h
[     41/201] ERR4315669  58.6% classified  | 0.0/s  ETA 1.5h
[     42/201] ERR4315155  79.0% classified  | 0.0/s  ETA 1.5h
[     43/201] ERR4315223  82.3% classified  | 0.0/s  ETA 1.5h
[     44/201] ERR4315342  79.0% classified  | 0.0/s  ETA 1.5h
[     45/201] ERR4315492  77.1% classified  | 0.0/s  ETA 1.5h
[     46/201] ERR4315398  8.6% classified  | 0.0/s  ETA 1.5h
[     47/201] ERR4315546  82.7% classified  | 0.0/s  ETA 1.5h
[     48/201] ERR4315471  82.5% classified  | 0.0/s  ETA 1.4h
[     49/201] ERR4315283  70.9% classified  | 0.0/s  ETA 1.4h
[     50/201] ERR4315569  75.2% classified  | 0.0/s  ETA 1.5h
[     51/201] ERR4315667  65.1% classified  | 0.0/s  ETA 1.5h
[     52/201] ERR4315441  79.8% classified  | 0.0/s  ETA 1.4h
[     53/201] ERR4315321  75.9% classified  | 0.0/s  ETA 1.4h
[     54/201] ERR4315150  81.0% classified  | 0.0/s  ETA 1.4h
[     55/201] ERR4315563  82.6% classified  | 0.0/s  ETA 1.4h
[     56/201] ERR4315257  81.0% classified  | 0.0/s  ETA 1.4h
[     57/201] ERR4315240  83.4% classified  | 0.0/s  ETA 1.4h
[     58/201] ERR4315399  78.6% classified  | 0.0/s  ETA 1.3h
[     59/201] ERR4315617  66.8% classified  | 0.0/s  ETA 1.3h
[     60/201] ERR4315340  71.7% classified  | 0.0/s  ETA 1.3h
[     61/201] ERR4315415  84.2% classified  | 0.0/s  ETA 1.3h
[     62/201] ERR4315479  69.5% classified  | 0.0/s  ETA 1.3h
[     63/201] SRR1425535  ERR(no_local_reads)  | 0.0/s  ETA 1.3h
[     64/201] ERR3383633  81.3% classified  | 0.0/s  ETA 1.2h
[     65/201] SRR24010219  78.5% classified  | 0.0/s  ETA 1.2h
[     66/201] SRR24010213  77.9% classified  | 0.0/s  ETA 1.2h
[     67/201] ERR3856838  57.4% classified  | 0.0/s  ETA 1.2h
[     68/201] ERR3856825  63.5% classified  | 0.0/s  ETA 1.2h
[     69/201] SRR14386296  91.5% classified  | 0.0/s  ETA 1.2h
[     70/201] ERR3500551  82.2% classified  | 0.0/s  ETA 1.2h
[     71/201] ERR3856844  72.6% classified  | 0.0/s  ETA 1.2h
[     72/201] SRR1562077  83.2% classified  | 0.0/s  ETA 1.2h
[     73/201] ERR3500527  83.4% classified  | 0.0/s  ETA 1.2h
[     74/201] ERR3500507  83.5% classified  | 0.0/s  ETA 1.2h
[     75/201] SRR26175767  83.9% classified  | 0.0/s  ETA 1.2h
[     76/201] SRR22139841  21.7% classified  | 0.0/s  ETA 1.2h
[     77/201] SRR391832  68.4% classified  | 0.0/s  ETA 1.1h
[     78/201] SRR1562078  82.5% classified  | 0.0/s  ETA 1.1h
[     79/201] SRR1562050  82.4% classified  | 0.0/s  ETA 1.1h
[     80/201] SRR391836  72.1% classified  | 0.0/s  ETA 1.1h
[     81/201] SRR32620569  83.9% classified  | 0.0/s  ETA 1.1h
[     82/201] ERR789378  69.1% classified  | 0.0/s  ETA 1.1h
[     83/201] ERR789113  46.3% classified  | 0.0/s  ETA 1.1h
[     84/201] SRR8718813  91.5% classified  | 0.0/s  ETA 1.1h
[     85/201] SRR6242054  72.2% classified  | 0.0/s  ETA 1.1h
[     86/201] SRR8718843  94.9% classified  | 0.0/s  ETA 1.1h
[     87/201] ERR2099116  82.4% classified  | 0.0/s  ETA 1.1h
[     88/201] SRR8718793  94.5% classified  | 0.0/s  ETA 1.1h
[     89/201] ERR13159060  81.3% classified  | 0.0/s  ETA 1.1h
[     90/201] SRR9684522  67.5% classified  | 0.0/s  ETA 1.1h
[     91/201] SRR4240604  82.3% classified  | 0.0/s  ETA 1.1h
[     92/201] ERR13107161  87.2% classified  | 0.0/s  ETA 1.1h
[     93/201] SRR34026593  76.1% classified  | 0.0/s  ETA 1.1h
[     94/201] SRR6242034  73.7% classified  | 0.0/s  ETA 1.1h
[     95/201] SRR34026575  75.3% classified  | 0.0/s  ETA 1.1h
[     96/201] SRR3750733  88.6% classified  | 0.0/s  ETA 1.0h
[     97/201] SRR3750729  79.2% classified  | 0.0/s  ETA 1.0h
[     98/201] ERR5928167  79.2% classified  | 0.0/s  ETA 1.0h
[     99/201] SRR2874385  80.5% classified  | 0.0/s  ETA 1.0h
[    100/201] ERR5928181  83.5% classified  | 0.0/s  ETA 1.0h
[    101/201] ERR5928218  77.9% classified  | 0.0/s  ETA 1.0h
[    102/201] ERR5928202  82.3% classified  | 0.0/s  ETA 1.0h
[    103/201] SRR21195559  87.0% classified  | 0.0/s  ETA 1.0h
[    104/201] SRR21195561  86.4% classified  | 0.0/s  ETA 0.9h
[    105/201] SRR20067738  85.5% classified  | 0.0/s  ETA 1.0h
[    106/201] SRR31200163  90.7% classified  | 0.0/s  ETA 1.0h
[    107/201] ERR6548384  92.0% classified  | 0.0/s  ETA 0.9h
[    108/201] ERR5696278  92.0% classified  | 0.0/s  ETA 0.9h
[    109/201] ERR5696213  92.5% classified  | 0.0/s  ETA 0.9h
[    110/201] SRR14871473  85.0% classified  | 0.0/s  ETA 0.9h
[    111/201] ERR5696300  92.4% classified  | 0.0/s  ETA 0.9h
[    112/201] ERR6548358  79.3% classified  | 0.0/s  ETA 0.9h
[    113/201] ERR5696248  90.8% classified  | 0.0/s  ETA 0.9h
[    114/201] ERR5696234  93.5% classified  | 0.0/s  ETA 0.9h
[    115/201] ERR5696258  92.4% classified  | 0.0/s  ETA 0.8h
[    116/201] ERR5696268  92.0% classified  | 0.0/s  ETA 0.8h
[    117/201] SRR2922404  5.2% classified  | 0.0/s  ETA 0.8h
[    118/201] SRR20324135  86.6% classified  | 0.0/s  ETA 0.8h
[    119/201] SRR20324142  85.0% classified  | 0.0/s  ETA 0.8h
[    120/201] SRR11216278  7.3% classified  | 0.0/s  ETA 0.8h
[    121/201] SRR6221905  84.6% classified  | 0.0/s  ETA 0.8h
[    122/201] SRR11216292  7.4% classified  | 0.0/s  ETA 0.8h
[    123/201] SRR11216298  8.1% classified  | 0.0/s  ETA 0.8h
[    124/201] SRR2517430  78.8% classified  | 0.0/s  ETA 0.8h
[    125/201] SRR10386364  61.3% classified  | 0.0/s  ETA 0.8h
[    126/201] SRR2922437  34.6% classified  | 0.0/s  ETA 0.8h
[    127/201] SRR7500375  81.2% classified  | 0.0/s  ETA 0.8h
[    128/201] SRR33583436  31.0% classified  | 0.0/s  ETA 0.7h
[    129/201] SRR23870001  88.5% classified  | 0.0/s  ETA 0.7h
[    130/201] SRR31850423  85.8% classified  | 0.0/s  ETA 0.7h
[    131/201] SRR28475135  95.6% classified  | 0.0/s  ETA 0.7h
[    132/201] SRR7873465  13.3% classified  | 0.0/s  ETA 0.7h
[    133/201] SRR27326679  46.9% classified  | 0.0/s  ETA 0.7h
[    134/201] SRR16930843  30.1% classified  | 0.0/s  ETA 0.7h
[    135/201] SRR15141165  55.7% classified  | 0.0/s  ETA 0.7h
[    136/201] SRR15141150  57.9% classified  | 0.0/s  ETA 0.6h
[    137/201] SRR36950020  9.5% classified  | 0.0/s  ETA 0.6h
[    138/201] SRR15141441  74.2% classified  | 0.0/s  ETA 0.6h
[    139/201] SRR8204140  75.3% classified  | 0.0/s  ETA 0.6h
[    140/201] SRR24737257  77.0% classified  | 0.0/s  ETA 0.6h
[    141/201] SRR10291752  76.4% classified  | 0.0/s  ETA 0.6h
[    142/201] ERR10887007  87.2% classified  | 0.0/s  ETA 0.6h
[    143/201] ERR10886989  79.5% classified  | 0.0/s  ETA 0.6h
[    144/201] ERR10886919  82.6% classified  | 0.0/s  ETA 0.6h
[    145/201] ERR10886946  85.7% classified  | 0.0/s  ETA 0.6h
[    146/201] SRR14212084  78.5% classified  | 0.0/s  ETA 0.6h
[    147/201] SRR8418342  62.4% classified  | 0.0/s  ETA 0.6h
[    148/201] SRR8418224  68.2% classified  | 0.0/s  ETA 0.6h
[    149/201] SRR8418317  63.4% classified  | 0.0/s  ETA 0.5h
[    150/201] ERR10886975  85.0% classified  | 0.0/s  ETA 0.5h
[    151/201] SRR8418318  50.2% classified  | 0.0/s  ETA 0.5h
[    152/201] SRR31278121  74.8% classified  | 0.0/s  ETA 0.5h
[    153/201] ERR7421528  71.7% classified  | 0.0/s  ETA 0.5h
[    154/201] ERR7421531  66.7% classified  | 0.0/s  ETA 0.5h
[    155/201] ERR10926661  87.3% classified  | 0.0/s  ETA 0.5h
[    156/201] SRR32959937  82.0% classified  | 0.0/s  ETA 0.5h
[    157/201] ERR10926629  85.0% classified  | 0.0/s  ETA 0.5h
[    158/201] SRR22142917  67.2% classified  | 0.0/s  ETA 0.5h
[    159/201] SRR36292449  61.8% classified  | 0.0/s  ETA 0.5h
[    160/201] SRR36910240  28.1% classified  | 0.0/s  ETA 0.4h
[    161/201] SRR34300136  21.5% classified  | 0.0/s  ETA 0.4h
[    162/201] SRR36292460  59.7% classified  | 0.0/s  ETA 0.4h
[    163/201] SRR34300115  30.7% classified  | 0.0/s  ETA 0.4h
[    164/201] SRR36292501  68.8% classified  | 0.0/s  ETA 0.4h
[    165/201] SRR36292437  56.1% classified  | 0.0/s  ETA 0.4h
[    166/201] SRR34300118  30.1% classified  | 0.0/s  ETA 0.4h
[    167/201] SRR36910229  24.0% classified  | 0.0/s  ETA 0.4h
[    168/201] SRR36910204  28.7% classified  | 0.0/s  ETA 0.4h
[    169/201] SRR34300139  28.0% classified  | 0.0/s  ETA 0.4h
[    170/201] SRR36367331  70.9% classified  | 0.0/s  ETA 0.3h
[    171/201] SRR36292508  64.5% classified  | 0.0/s  ETA 0.3h
[    172/201] SRR25969038  88.9% classified  | 0.0/s  ETA 0.3h
[    173/201] SRR3537150  81.1% classified  | 0.0/s  ETA 0.3h
[    174/201] SRR25969047  89.6% classified  | 0.0/s  ETA 0.3h
[    175/201] SRR22975698  90.7% classified  | 0.0/s  ETA 0.3h
[    176/201] SRR1975194  60.4% classified  | 0.0/s  ETA 0.3h
[    177/201] SRR8984124  77.4% classified  | 0.0/s  ETA 0.3h
[    178/201] SRR8984121  81.5% classified  | 0.0/s  ETA 0.3h
[    179/201] SRR12133603  28.9% classified  | 0.0/s  ETA 0.2h
[    180/201] SRR6395482  82.0% classified  | 0.0/s  ETA 0.2h
[    181/201] SRR18064501  34.2% classified  | 0.0/s  ETA 0.2h
[    182/201] SRR32660884  81.6% classified  | 0.0/s  ETA 0.2h
[    183/201] SRR37491913  21.7% classified  | 0.0/s  ETA 0.2h
[    184/201] SRR1793865  88.9% classified  | 0.0/s  ETA 0.2h
[    185/201] ERR990470  75.8% classified  | 0.0/s  ETA 0.2h
[    186/201] SRR5225794  74.9% classified  | 0.0/s  ETA 0.2h
[    187/201] SRR6039738  75.7% classified  | 0.0/s  ETA 0.2h
[    188/201] SRR11067669  47.8% classified  | 0.0/s  ETA 0.1h
[    189/201] SRR17207990  79.5% classified  | 0.0/s  ETA 0.1h
[    190/201] ERR14823249  91.0% classified  | 0.0/s  ETA 0.1h
[    191/201] ERR4352130  90.2% classified  | 0.0/s  ETA 0.1h
[    192/201] SRR31851388  80.9% classified  | 0.0/s  ETA 0.1h
[    193/201] SRR10189435  60.6% classified  | 0.0/s  ETA 0.1h
[    194/201] SRR22540857  91.1% classified  | 0.0/s  ETA 0.1h
[    195/201] SRR16017072  89.7% classified  | 0.0/s  ETA 0.1h
[    196/201] SRR8416462  74.3% classified  | 0.0/s  ETA 0.1h
[    197/201] SRR10717614  81.3% classified  | 0.0/s  ETA 0.0h
[    198/201] SRR3724104  67.7% classified  | 0.0/s  ETA 0.0h
[    199/201] SRR1776535  79.5% classified  | 0.0/s  ETA 0.0h
[    200/201] SRR1773570  90.9% classified  | 0.0/s  ETA 0.0h
[    201/201] ERR9452524  88.6% classified  | 0.0/s  ETA 0.0h

── Summary ────────────────────────────────────────
  Classified: 200
  Errors:     1
  Elapsed:    2.3h
  Cache:      kraken/assign/data/kraken_cache.jsonl
01] SRR36950013  43.4% classified  | 0.0/s  ETA 0.8h
[    127/201] SRR36634281  32.5% classified  | 0.0/s  ETA 0.8h
[    128/201] SRR2922436  ERR([Errno 2] No such file or directory: '/scratch/fl3/llenzo/kraken_tmp/SRR2922436')  | 0.0/s  ETA 0.8h
[    129/201] SRR28475120  ERR([Errno 2] No such file or directory: '/scratch/fl3/llenzo/kraken_tmp/SRR28475120')  | 0.0/s  ETA 0.8h
[    130/201] SRR23870004  ERR([Errno 2] No such file or directory: '/scratch/fl3/llenzo/kraken_tmp/SRR23870004')  | 0.0/s  ETA 0.8h
[    131/201] SRR16930839  ERR([Errno 2] No such file or directory: '/scratch/fl3/llenzo/kraken_tmp/SRR16930839')  | 0.0/s  ETA 0.8h
[    132/201] SRR7873468  9.9% classified  | 0.0/s  ETA 0.7h
[    133/201] SRR27326806  55.9% classified  | 0.0/s  ETA 0.7h
[    134/201] SRR15141432  58.3% classified  | 0.0/s  ETA 0.7h
[    135/201] SRR15141405  75.7% classified  | 0.0/s  ETA 0.7h
[    136/201] SRR8204116  62.4% classified  | 0.0/s  ETA 0.7h
[    137/201] SRR33696078  83.2% classified  | 0.0/s  ETA 0.7h
[    138/201] SRR15141241  74.6% classified  | 0.0/s  ETA 0.7h
[    139/201] SRR24737262  78.5% classified  | 0.0/s  ETA 0.7h
[    140/201] SRR10291751  77.1% classified  | 0.0/s  ETA 0.7h
[    141/201] ERR10887000  86.1% classified  | 0.0/s  ETA 0.7h
[    142/201] ERR10886910  84.6% classified  | 0.0/s  ETA 0.6h
[    143/201] ERR10886956  80.1% classified  | 0.0/s  ETA 0.6h
[    144/201] ERR10886918  ERR([Errno 2] No such file or directory: '/scratch/fl3/llenzo/kraken_tmp/ERR10886918')  | 0.0/s  ETA 0.6h
[    145/201] ERR10886976  85.0% classified  | 0.0/s  ETA 0.6h
[    146/201] SRR8418305  59.0% classified  | 0.0/s  ETA 0.6h
[    147/201] SRR30673025  86.0% classified  | 0.0/s  ETA 0.6h
[    148/201] SRR8418258  43.6% classified  | 0.0/s  ETA 0.6h
[    149/201] SRR8418244  60.4% classified  | 0.0/s  ETA 0.6h
[    150/201] SRR8418320  62.5% classified  | 0.0/s  ETA 0.6h
[    151/201] SRR31278112  79.9% classified  | 0.0/s  ETA 0.6h
[    152/201] SRR20999593  77.1% classified  | 0.0/s  ETA 0.6h
[    153/201] ERR7421532  ERR([Errno 2] No such file or directory: '/scratch/fl3/llenzo/kraken_tmp/ERR7421532')  | 0.0/s  ETA 0.5h
[    154/201] ERR7421546  ERR([Errno 2] No such file or directory: '/scratch/fl3/llenzo/kraken_tmp/ERR7421546')  | 0.0/s  ETA 0.5h
[    155/201] SRR22142977  72.3% classified  | 0.0/s  ETA 0.5h
[    156/201] ERR10926663  ERR([Errno 2] No such file or directory: '/scratch/fl3/llenzo/kraken_tmp/ERR10926663')  | 0.0/s  ETA 0.5h
[    157/201] SRR31514631  ERR([Errno 2] No such file or directory: '/scratch/fl3/llenzo/kraken_tmp/SRR31514631')  | 0.0/s  ETA 0.5h
[    158/201] SRR32959934  ERR([Errno 2] No such file or directory: '/scratch/fl3/llenzo/kraken_tmp/SRR32959934')  | 0.0/s  ETA 0.5h
[    159/201] SRR36292492  ERR([Errno 2] No such file or directory: '/scratch/fl3/llenzo/kraken_tmp/SRR36292492')  | 0.0/s  ETA 0.5h
[    160/201] SRR34300137  ERR([Errno 2] No such file or directory: '/scratch/fl3/llenzo/kraken_tmp/SRR34300137')  | 0.0/s  ETA 0.5h
[    161/201] SRR34300154  ERR([Errno 2] No such file or directory: '/scratch/fl3/llenzo/kraken_tmp/SRR34300154')  | 0.0/s  ETA 0.5h
[    162/201] SRR36910220  27.8% classified  | 0.0/s  ETA 0.5h
[    163/201] SRR34300122  ERR([Errno 2] No such file or directory: '/scratch/fl3/llenzo/kraken_tmp/SRR34300122')  | 0.0/s  ETA 0.4h
[    164/201] SRR36292447  ERR([Errno 2] No such file or directory: '/scratch/fl3/llenzo/kraken_tmp/SRR36292447')  | 0.0/s  ETA 0.4h
[    165/201] SRR36367309  ERR([Errno 2] No such file or directory: '/scratch/fl3/llenzo/kraken_tmp/SRR36367309')  | 0.0/s  ETA 0.4h
[    166/201] SRR36910200  25.7% classified  | 0.0/s  ETA 0.4h
[    167/201] SRR36910266  ERR([Errno 2] No such file or directory: '/scratch/fl3/llenzo/kraken_tmp/SRR36910266')  | 0.0/s  ETA 0.4h
[    168/201] SRR36292462  ERR([Errno 2] No such file or directory: '/scratch/fl3/llenzo/kraken_tmp/SRR36292462')  | 0.0/s  ETA 0.4h
[    169/201] SRR36292445  ERR([Errno 2] No such file or directory: '/scratch/fl3/llenzo/kraken_tmp/SRR36292445')  | 0.0/s  ETA 0.4h
[    170/201] SRR36292444  ERR([Errno 2] No such file or directory: '/scratch/fl3/llenzo/kraken_tmp/SRR36292444')  | 0.0/s  ETA 0.4h
[    171/201] SRR3537151  82.5% classified  | 0.0/s  ETA 0.4h
[    172/201] SRR10053819  ERR([Errno 2] No such file or directory: '/scratch/fl3/llenzo/kraken_tmp/SRR10053819')  | 0.0/s  ETA 0.3h
[    173/201] SRR25969007  ERR([Errno 2] No such file or directory: '/scratch/fl3/llenzo/kraken_tmp/SRR25969007')  | 0.0/s  ETA 0.3h
[    174/201] SRR36367281  ERR([Errno 2] No such file or directory: '/scratch/fl3/llenzo/kraken_tmp/SRR36367281')  | 0.0/s  ETA 0.3h
[    175/201] SRR36015661  ERR([Errno 2] No such file or directory: '/scratch/fl3/llenzo/kraken_tmp/SRR36015661')  | 0.0/s  ETA 0.3h
[    176/201] SRR11229312  39.9% classified  | 0.0/s  ETA 0.3h
[    177/201] SRR1975199  66.3% classified  | 0.0/s  ETA 0.3h
[    178/201] SRR8984119  ERR([Errno 2] No such file or directory: '/scratch/fl3/llenzo/kraken_tmp/SRR8984119')  | 0.0/s  ETA 0.3h
[    179/201] SRR8984104  ERR([Errno 2] No such file or directory: '/scratch/fl3/llenzo/kraken_tmp/SRR8984104')  | 0.0/s  ETA 0.3h
[    180/201] SRR25662792  ERR([Errno 2] No such file or directory: '/scratch/fl3/llenzo/kraken_tmp/SRR25662792')  | 0.0/s  ETA 0.3h
[    181/201] SRR8569393  ERR([Errno 2] No such file or directory: '/scratch/fl3/llenzo/kraken_tmp/SRR8569393')  | 0.0/s  ETA 0.2h
[    182/201] SRR6039736  ERR([Errno 2] No such file or directory: '/scratch/fl3/llenzo/kraken_tmp/SRR6039736')  | 0.0/s  ETA 0.2h
[    183/201] SRR18064506  ERR([Errno 2] No such file or directory: '/scratch/fl3/llenzo/kraken_tmp/SRR18064506')  | 0.0/s  ETA 0.2h
[    184/201] SRR1793834  ERR([Errno 2] No such file or directory: '/scratch/fl3/llenzo/kraken_tmp/SRR1793834')  | 0.0/s  ETA 0.2h
[    185/201] SRR21796869  ERR([Errno 2] No such file or directory: '/scratch/fl3/llenzo/kraken_tmp/SRR21796869')  | 0.0/s  ETA 0.2h
[    186/201] SRR5225796  77.6% classified  | 0.0/s  ETA 0.2h
[    187/201] SRR23704274  ERR([Errno 2] No such file or directory: '/scratch/fl3/llenzo/kraken_tmp/SRR23704274')  | 0.0/s  ETA 0.2h
[    188/201] SRR17207991  ERR([Errno 2] No such file or directory: '/scratch/fl3/llenzo/kraken_tmp/SRR17207991')  | 0.0/s  ETA 0.2h
[    189/201] ERR990488  ERR([Errno 2] No such file or directory: '/scratch/fl3/llenzo/kraken_tmp/ERR990488')  | 0.0/s  ETA 0.1h
[    190/201] SRR15222190  89.8% classified  | 0.0/s  ETA 0.1h
[    191/201] ERR4352131  ERR([Errno 2] No such file or directory: '/scratch/fl3/llenzo/kraken_tmp/ERR4352131')  | 0.0/s  ETA 0.1h
[    192/201] ERR14823239  ERR([Errno 2] No such file or directory: '/scratch/fl3/llenzo/kraken_tmp/ERR14823239')  | 0.0/s  ETA 0.1h
[    193/201] SRR31851395  ERR([Errno 2] No such file or directory: '/scratch/fl3/llenzo/kraken_tmp/SRR31851395')  | 0.0/s  ETA 0.1h
[    194/201] SRR10189429  83.3% classified  | 0.0/s  ETA 0.1h
[    195/201] SRR22540858  91.3% classified  | 0.0/s  ETA 0.1h
[    196/201] SRR1284052  ERR([Errno 2] No such file or directory: '/scratch/fl3/llenzo/kraken_tmp/SRR1284052')  | 0.0/s  ETA 0.1h
[    197/201] SRR23450840  ERR([Errno 2] No such file or directory: '/scratch/fl3/llenzo/kraken_tmp/SRR23450840')  | 0.0/s  ETA 0.0h
[    198/201] SRR14338852  81.9% classified  | 0.0/s  ETA 0.0h
[    199/201] SRR1776521  ERR([Errno 2] No such file or directory: '/scratch/fl3/llenzo/kraken_tmp/SRR1776521')  | 0.0/s  ETA 0.0h
[    200/201] SRR35779161  ERR([Errno 2] No such file or directory: '/scratch/fl3/llenzo/kraken_tmp/SRR35779161')  | 0.0/s  ETA 0.0h
[    201/201] SRR3724086  ERR([Errno 2] No such file or directory: '/scratch/fl3/llenzo/kraken_tmp/SRR3724086')  | 0.0/s  ETA 0.0h

── Summary ────────────────────────────────────────
  Classified: 86
  Errors:     115
  Elapsed:    2.4h
  Cache:      kraken/assign/data/kraken_cache.jsonl
