Reads read from: kraken/select/data/reads
Raw kraken2 reports will be saved to: kraken/assign/data/reports
Loaded 3,225 runs from kraken/select/data/run_list.tsv (filters: none)
Array task 14/16: 201 runs in slice, 0 already done, 201 to do

Total runs: 3,225 | Already done: 1 | Remaining: 201
Settings: confidence=0.15, min_hit_groups=3, workers=4, kraken_threads=8
DB: kraken/build/data/db_v3
Tmp: /scratch/pawsey1168/llenzo/kraken_tmp
[[      1/201] ERR3188453  77.2% classified  | 0.0/s  ETA 7.4h[[      2/201] ERR3170205  80.0% classified  | 0.0/s  ETA 3.8h[[      3/201] ERR3170251  73.8% classified  | 0.0/s  ETA 2.6h[[      4/201] ERR3188444  81.5% classified  | 0.0/s  ETA 2.1h[      5/201] ERR3170187  76.3% classified  | 0.0/s  ETA 2.8h
[      6/201] ERR3170262  79.0% classified  | 0.0/s  ETA 2.5h
[      7/201] ERR3170192  80.1% classified  | 0.0/s  ETA 2.2h
[      8/201] ERR3170254  73.4% classified  | 0.0/s  ETA 2.2h
[      9/201] ERR1607767  63.9% classified  | 0.0/s  ETA 2.3h
[     10/201] ERR1607757  78.0% classified  | 0.0/s  ETA 2.1h
[     11/201] ERR3170228  75.8% classified  | 0.0/s  ETA 2.3h
[     12/201] ERR1607761  83.0% classified  | 0.0/s  ETA 2.2h
[     13/201] ERR1607805  79.2% classified  | 0.0/s  ETA 2.4h
[     14/201] ERR1607743  82.8% classified  | 0.0/s  ETA 2.3h
[     15/201] ERR1607830  78.8% classified  | 0.0/s  ETA 2.5h
[     16/201] ERR1607777  81.0% classified  | 0.0/s  ETA 2.4h
[     17/201] ERR1607853  65.4% classified  | 0.0/s  ETA 2.2h
[     18/201] ERR15005458  60.4% classified  | 0.0/s  ETA 2.3h
[     19/201] ERR15005494  65.5% classified  | 0.0/s  ETA 2.2h
[     20/201] ERR15005475  54.4% classified  | 0.0/s  ETA 2.2h
[     21/201] ERR15005542  46.9% classified  | 0.0/s  ETA 2.1h
[     22/201] ERR12013045  65.8% classified  | 0.0/s  ETA 2.1h
[     23/201] ERR15005543  51.6% classified  | 0.0/s  ETA 2.0h
[     24/201] ERR12013038  85.4% classified  | 0.0/s  ETA 2.0h
[     25/201] ERR15005529  71.4% classified  | 0.0/s  ETA 1.9h
[     26/201] ERR12013042  68.8% classified  | 0.0/s  ETA 1.9h
[     27/201] ERR6847883  76.8% classified  | 0.0/s  ETA 1.9h
[ [     28/201] SRR7797544  87.0% classified  | 0.0/s  ETA 1.8[     29/201] SRR29076457  87.8% classified  | 0.0/s  ETA 1.9h
[     30/201] ERR4315308  68.9% classified  | 0.0/s  ETA 1.8h
[     31/201] ERR4315307  63.8% classified  | 0.0/s  ETA 1.9h
[     32/201] ERR4315510  77.5% classified  | 0.0/s  ETA 1.9h
[     33/201] ERR4315610  78.4% classified  | 0.0/s  ETA 1.9h
[     34/201] ERR4315261  76.4% classified  | 0.0/s  ETA 1.8h
[     35/201] ERR4315608  83.5% classified  | 0.0/s  ETA 1.9h
[     36/201] ERR4315521  77.3% classified  | 0.0/s  ETA 1.8h
[     37/201] ERR4315178  80.8% classified  | 0.0/s  ETA 1.8h
[     38/201] ERR4315274  67.4% classified  | 0.0/s  ETA 1.8h
[     39/201] ERR4315383  76.3% classified  | 0.0/s  ETA 1.8h
[     40/201] ERR4315551  85.9% classified  | 0.0/s  ETA 1.8h
[     41/201] ERR4315326  81.3% classified  | 0.0/s  ETA 1.8h
[     42/201] ERR4315552  74.4% classified  | 0.0/s  ETA 1.7h
[     43/201] ERR4315201  77.5% classified  | 0.0/s  ETA 1.7h
[     44/201] ERR4315380  79.5% classified  | 0.0/s  ETA 1.7h
[     45/201] ERR4315222  83.3% classified  | 0.0/s  ETA 1.7h
[     46/201] ERR4315209  80.3% classified  | 0.0/s  ETA 1.6h
[     47/201] ERR4315485  74.1% classified  | 0.0/s  ETA 1.6h
[     48/201] ERR4315497  73.2% classified  | 0.0/s  ETA 1.6h
[     49/201] ERR4315290  79.8% classified  | 0.0/s  ETA 1.6h
[     50/201] ERR4315520  83.5% classified  | 0.0/s  ETA 1.5h
[     51/201] ERR4315655  82.5% classified  | 0.0/s  ETA 1.6h
[     52/201] ERR4315445  78.2% classified  | 0.0/s  ETA 1.5h
[     53/201] ERR4315432  75.0% classified  | 0.0/s  ETA 1.5h
[     54/201] ERR4315633  83.7% classified  | 0.0/s  ETA 1.5h
[     55/201] ERR4315271  83.4% classified  | 0.0/s  ETA 1.5h
[     56/201] ERR4315611  82.3% classified  | 0.0/s  ETA 1.5h
[     57/201] ERR4315421  87.7% classified  | 0.0/s  ETA 1.4h
[     58/201] ERR4315260  83.8% classified  | 0.0/s  ETA 1.5h
[     59/201] ERR4315539  79.2% classified  | 0.0/s  ETA 1.5h
[     60/201] ERR4315458  71.2% classified  | 0.0/s  ETA 1.4h
[     61/201] ERR4315431  82.8% classified  | 0.0/s  ETA 1.4h
[     62/201] SRR24010240  82.9% classified  | 0.0/s  ETA 1.4h
[     63/201] ERR4315426  82.4% classified  | 0.0/s  ETA 1.4h
[     64/201] SRR1425603  ERR(no_local_reads)  | 0.0/s  ETA 1.4h
[     65/201] ERR4315500  83.3% classified  | 0.0/s  ETA 1.4h
[     66/201] ERR3856836  85.2% classified  | 0.0/s  ETA 1.4h
[     67/201] ERR3856835  84.7% classified  | 0.0/s  ETA 1.4h
[     68/201] SRR579539  ERR(no_local_reads)  | 0.0/s  ETA 1.3h
[     69/201] SRR24010248  80.5% classified  | 0.0/s  ETA 1.3h
[     70/201] ERR3500548  82.1% classified  | 0.0/s  ETA 1.3h
[     71/201] ERR3856839  61.5% classified  | 0.0/s  ETA 1.3h
[     72/201] SRR23706858  65.1% classified  | 0.0/s  ETA 1.3h
[     73/201] SRR1555294  80.5% classified  | 0.0/s  ETA 1.3h
[     74/201] ERR3500533  80.0% classified  | 0.0/s  ETA 1.3h
[     75/201] ERR3500523  84.3% classified  | 0.0/s  ETA 1.3h
[     76/201] ERR13340223  70.4% classified  | 0.0/s  ETA 1.3h
[     77/201] SRR1583680  82.0% classified  | 0.0/s  ETA 1.3h
[     78/201] SRR26175769  85.9% classified  | 0.0/s  ETA 1.3h
[     79/201] SRR391843  71.8% classified  | 0.0/s  ETA 1.3h
[     80/201] SRR391844  71.9% classified  | 0.0/s  ETA 1.2h
[     81/201] SRR1557214  80.5% classified  | 0.0/s  ETA 1.2h
[     82/201] SRR6242060  72.0% classified  | 0.0/s  ETA 1.2h
[     83/201] SRR32620559  82.1% classified  | 0.0/s  ETA 1.2h
[     84/201] ERR789114  39.2% classified  | 0.0/s  ETA 1.2h
[     85/201] ERR789368  62.9% classified  | 0.0/s  ETA 1.2h
[     86/201] SRR6242028  76.0% classified  | 0.0/s  ETA 1.2h
[     87/201] SRR8718827  93.4% classified  | 0.0/s  ETA 1.1h
[     88/201] SRR8718829  94.8% classified  | 0.0/s  ETA 1.1h
[     89/201] ERR2099150  81.3% classified  | 0.0/s  ETA 1.1h
[     90/201] SRR8718806  92.5% classified  | 0.0/s  ETA 1.1h
[     91/201] ERR13098509  79.2% classified  | 0.0/s  ETA 1.1h
[     92/201] SRR4240601  87.3% classified  | 0.0/s  ETA 1.1h
[     93/201] ERR13107212  82.9% classified  | 0.0/s  ETA 1.1h
[     94/201] SRR34026578  76.3% classified  | 0.0/s  ETA 1.1h
[     95/201] SRR34026592  76.6% classified  | 0.0/s  ETA 1.1h
[     96/201] SRR3750728  80.3% classified  | 0.0/s  ETA 1.1h
[     97/201] SRR3750713  86.4% classified  | 0.0/s  ETA 1.1h
[     98/201] SRR2874379  81.0% classified  | 0.0/s  ETA 1.1h
[     99/201] ERR5928173  84.2% classified  | 0.0/s  ETA 1.1h
[    100/201] ERR5928174  80.4% classified  | 0.0/s  ETA 1.1h
[    101/201] ERR5928183  81.9% classified  | 0.0/s  ETA 1.1h
[    102/201] SRR21195560  86.8% classified  | 0.0/s  ETA 1.1h
[    103/201] ERR5928224  78.5% classified  | 0.0/s  ETA 1.1h
[    104/201] ERR5928219  83.5% classified  | 0.0/s  ETA 1.1h
[    105/201] SRR2170111  69.2% classified  | 0.0/s  ETA 1.0h
[    106/201] SRR20067741  85.8% classified  | 0.0/s  ETA 1.0h
[    107/201] SRR9684552  58.8% classified  | 0.0/s  ETA 1.0h
[    108/201] SRR14871480  87.7% classified  | 0.0/s  ETA 1.0h
[    109/201] ERR6548385  92.7% classified  | 0.0/s  ETA 1.0h
[    110/201] ERR5696218  93.0% classified  | 0.0/s  ETA 1.0h
[    111/201] ERR6548342  90.3% classified  | 0.0/s  ETA 1.0h
[    112/201] ERR5696276  92.0% classified  | 0.0/s  ETA 1.0h
[    113/201] ERR5696246  90.8% classified  | 0.0/s  ETA 1.0h
[    114/201] ERR5696301  92.4% classified  | 0.0/s  ETA 1.0h
[    115/201] ERR5696259  92.3% classified  | 0.0/s  ETA 1.0h
[    116/201] ERR5696269  92.5% classified  | 0.0/s  ETA 1.0h
[    117/201] ERR5696232  93.1% classified  | 0.0/s  ETA 0.9h
[    118/201] SRR20324140  84.5% classified  | 0.0/s  ETA 0.9h
[    119/201] SRR2920597  33.6% classified  | 0.0/s  ETA 0.9h
[    120/201] SRR11216260  6.7% classified  | 0.0/s  ETA 0.9h
[    121/201] SRR6221907  77.1% classified  | 0.0/s  ETA 0.9h
[    122/201] SRR11216280  7.1% classified  | 0.0/s  ETA 0.9h
[    123/201] SRR11216294  7.7% classified  | 0.0/s  ETA 0.9h
[    124/201] SRR2517429  78.5% classified  | 0.0/s  ETA 0.9h
[    125/201] SRR36368722  84.9% classified  | 0.0/s  ETA 0.9h
[    126/201] SRR10386362  47.4% classified  | 0.0/s  ETA 0.9h
[    127/201] SRR2922442  34.2% classified  | 0.0/s  ETA 0.9h
[    128/201] SRR31850425  83.9% classified  | 0.0/s  ETA 0.9h
[    129/201] SRR28475139  54.2% classified  | 0.0/s  ETA 0.9h
[    130/201] SRR7500369  80.7% classified  | 0.0/s  ETA 0.9h
[    131/201] SRR33583432  29.7% classified  | 0.0/s  ETA 0.8h
[    132/201] SRR16930844  87.2% classified  | 0.0/s  ETA 0.8h
[    133/201] SRR28544668  75.5% classified  | 0.0/s  ETA 0.8h
[    134/201] SRR27326840  70.7% classified  | 0.0/s  ETA 0.8h
[    135/201] SRR32589262  84.6% classified  | 0.0/s  ETA 0.8h
[    136/201] SRR8204117  82.8% classified  | 0.0/s  ETA 0.8h
[    137/201] SRR15141128  57.7% classified  | 0.0/s  ETA 0.8h
[    138/201] SRR15141137  73.5% classified  | 0.0/s  ETA 0.7h
[    139/201] SRR15141039  75.8% classified  | 0.0/s  ETA 0.7h
[    140/201] SRR36950021  23.4% classified  | 0.0/s  ETA 0.7h
[    141/201] SRR10291761  76.4% classified  | 0.0/s  ETA 0.7h
[    142/201] SRR10291756  76.2% classified  | 0.0/s  ETA 0.7h
[    143/201] ERR10887005  87.2% classified  | 0.0/s  ETA 0.7h
[    144/201] ERR10886988  79.6% classified  | 0.0/s  ETA 0.7h
[    145/201] ERR10886947  85.6% classified  | 0.0/s  ETA 0.7h
[    146/201] ERR10886958  84.7% classified  | 0.0/s  ETA 0.7h
[    147/201] SRR8418268  50.0% classified  | 0.0/s  ETA 0.7h
[    148/201] SRR14212083  80.5% classified  | 0.0/s  ETA 0.7h
[    149/201] SRR8418385  65.1% classified  | 0.0/s  ETA 0.6h
[    150/201] SRR8418284  62.6% classified  | 0.0/s  ETA 0.6h
[    151/201] SRR8418266  32.7% classified  | 0.0/s  ETA 0.6h
[    152/201] ERR10886991  80.3% classified  | 0.0/s  ETA 0.6h
[    153/201] SRR27311339  18.0% classified  | 0.0/s  ETA 0.6h
[    154/201] ERR7421529  65.1% classified  | 0.0/s  ETA 0.6h
[    155/201] SRR31278122  78.0% classified  | 0.0/s  ETA 0.6h
[    156/201] ERR7421545  73.4% classified  | 0.0/s  ETA 0.5h
[    157/201] SRR32959941  81.6% classified  | 0.0/s  ETA 0.5h
[    158/201] SRR34300158  30.5% classified  | 0.0/s  ETA 0.5h
[    159/201] SRR10582639  90.2% classified  | 0.0/s  ETA 0.5h
[    160/201] ERR10926675  89.8% classified  | 0.0/s  ETA 0.5h
[    161/201] SRR36910208  27.4% classified  | 0.0/s  ETA 0.5h
[    162/201] SRR34300106  28.1% classified  | 0.0/s  ETA 0.5h
[    163/201] SRR34300142  26.8% classified  | 0.0/s  ETA 0.5h
[    164/201] SRR36367302  69.7% classified  | 0.0/s  ETA 0.5h
[    165/201] SRR34300161  29.1% classified  | 0.0/s  ETA 0.5h
[    166/201] SRR34300109  24.9% classified  | 0.0/s  ETA 0.4h
[    167/201] SRR34300101  25.9% classified  | 0.0/s  ETA 0.4h
[    168/201] SRR36910249  26.6% classified  | 0.0/s  ETA 0.4h
[    169/201] SRR36910267  30.6% classified  | 0.0/s  ETA 0.4h
[    170/201] SRR36367330  59.7% classified  | 0.0/s  ETA 0.4h
[    171/201] SRR36292455  64.8% classified  | 0.0/s  ETA 0.4h
[    172/201] SRR25969048  89.6% classified  | 0.0/s  ETA 0.4h
[    173/201] SRR36367339  66.9% classified  | 0.0/s  ETA 0.4h
[    174/201] SRR26214562  91.2% classified  | 0.0/s  ETA 0.3h
[    175/201] SRR25968998  88.1% classified  | 0.0/s  ETA 0.3h
[    176/201] SRR22975703  89.9% classified  | 0.0/s  ETA 0.3h
[    177/201] SRR1975203  65.9% classified  | 0.0/s  ETA 0.3h
[    178/201] SRR8984126  77.8% classified  | 0.0/s  ETA 0.3h
[    179/201] SRR6395492  77.2% classified  | 0.0/s  ETA 0.3h
[    180/201] SRR8984117  78.0% classified  | 0.0/s  ETA 0.3h
[    181/201] SRR12133604  28.8% classified  | 0.0/s  ETA 0.3h
[    182/201] SRR32021761  80.0% classified  | 0.0/s  ETA 0.2h
[    183/201] SRR37491912  21.4% classified  | 0.0/s  ETA 0.2h
[    184/201] SRR1793815  89.3% classified  | 0.0/s  ETA 0.2h
[    185/201] SRR6039740  74.8% classified  | 0.0/s  ETA 0.2h
[    186/201] SRR18064502  42.5% classified  | 0.0/s  ETA 0.2h
[    187/201] ERR990472  76.5% classified  | 0.0/s  ETA 0.2h
[    188/201] SRR11067668  47.3% classified  | 0.0/s  ETA 0.2h
[    189/201] SRR6189720  77.8% classified  | 0.0/s  ETA 0.1h
[    190/201] SRR34094677  34.4% classified  | 0.0/s  ETA 0.1h
[    191/201] SRR24115445  84.0% classified  | 0.0/s  ETA 0.1h
[    192/201] SRR10189431  84.2% classified  | 0.0/s  ETA 0.1h
[    193/201] ERR14823240  95.5% classified  | 0.0/s  ETA 0.1h
[    194/201] SRR5387720  76.7% classified  | 0.0/s  ETA 0.1h
[    195/201] SRR16017073  89.5% classified  | 0.0/s  ETA 0.1h
[    196/201] SRR22540860  91.6% classified  | 0.0/s  ETA 0.1h
[    197/201] SRR8416463  75.2% classified  | 0.0/s  ETA 0.0h
[    198/201] SRR3724099  53.6% classified  | 0.0/s  ETA 0.0h
[    199/201] SRR29327393  82.4% classified  | 0.0/s  ETA 0.0h
[    200/201] SRR33510057  58.3% classified  | 0.0/s  ETA 0.0h
[    201/201] SRR1773573  93.4% classified  | 0.0/s  ETA 0.0h

── Summary ────────────────────────────────────────
  Classified: 199
  Errors:     2
  Elapsed:    2.5h
  Cache:      kraken/assign/data/kraken_cache.jsonl
