Reads read from: kraken/select/data/reads
Raw kraken2 reports will be saved to: kraken/assign/data/reports
Loaded 3,225 runs from kraken/select/data/run_list.tsv (filters: none)
Array task 1/16: 202 runs in slice, 0 already done, 202 to do

Total runs: 3,225 | Already done: 0 | Remaining: 202
Settings: confidence=0.15, min_hit_groups=3, workers=4, kraken_threads=8
DB: kraken/build/data/db_v3
Tmp: /scratch/pawsey1168/llenzo/kraken_tmp

[      1/202] ERR3170255  72.7% classified  | 0.0/s  ETA 8.8h
[      2/202] ERR3170188  84.5% classified  | 0.0/s  ETA 4.8h
[      3/202] ERR3188445  77.3% classified  | 0.0/s  ETA 3.3h
[      4/202] ERR3188443  80.7% classified  | 0.0/s  ETA 2.6h
[      5/202] ERR3170257  79.8% classified  | 0.0/s  ETA 3.1h
[      6/202] ERR3170201  78.4% classified  | 0.0/s  ETA 2.7h
[      7/202] ERR3170198  81.1% classified  | 0.0/s  ETA 2.3h
[      8/202] ERR3170222  80.8% classified  | 0.0/s  ETA 2.1h
[      9/202] ERR3188456  82.8% classified  | 0.0/s  ETA 2.7h
[     10/202] ERR3170184  78.2% classified  | 0.0/s  ETA 2.5h
[     11/202] ERR1607838  71.3% classified  | 0.0/s  ETA 2.3h
[     12/202] ERR1607819  69.8% classified  | 0.0/s  ETA 2.1h
[     13/202] ERR1607862  54.9% classified  | 0.0/s  ETA 2.3h
[     14/202] ERR1607765  76.2% classified  | 0.0/s  ETA 2.1h
[     15/202] ERR1607842  80.1% classified  | 0.0/s  ETA 2.0h
[     16/202] ERR1607733  82.3% classified  | 0.0/s  ETA 2.0h
[     17/202] ERR15005466  64.7% classified  | 0.0/s  ETA 2.2h
[     18/202] ERR15005505  52.3% classified  | 0.0/s  ETA 2.0h
[     19/202] ERR15005501  72.7% classified  | 0.0/s  ETA 1.9h
[     20/202] ERR1607775  79.1% classified  | 0.0/s  ETA 1.9h
[     21/202] ERR15005460  70.5% classified  | 0.0/s  ETA 2.0h
[     22/202] ERR15005454  43.0% classified  | 0.0/s  ETA 1.9h
[     23/202] ERR15005480  37.1% classified  | 0.0/s  ETA 1.9h
[     24/202] ERR15005498  69.2% classified  | 0.0/s  ETA 1.9h
[     25/202] ERR12013036  84.4% classified  | 0.0/s  ETA 1.8h
[     26/202] ERR6847887  83.1% classified  | 0.0/s  ETA 2.0h
[     27/202] ERR12013067  76.5% classified  | 0.0/s  ETA 2.1h
[     28/202] SRR29077177  74.1% classified  | 0.0/s  ETA 2.0h
[     29/202] ERR6847873  59.6% classified  | 0.0/s  ETA 2.0h
[     30/202] ERR4315363  80.7% classified  | 0.0/s  ETA 2.0h
[     31/202] ERR4315660  70.3% classified  | 0.0/s  ETA 2.0h
[     32/202] ERR4315244  59.3% classified  | 0.0/s  ETA 1.9h
[     33/202] ERR4315433  75.8% classified  | 0.0/s  ETA 1.9h
[     34/202] ERR4315592  80.1% classified  | 0.0/s  ETA 1.9h
[     35/202] ERR4315619  77.2% classified  | 0.0/s  ETA 1.9h
[     36/202] ERR4315361  81.3% classified  | 0.0/s  ETA 1.8h
[     37/202] ERR4315502  85.9% classified  | 0.0/s  ETA 1.9h
[     38/202] ERR4315625  82.6% classified  | 0.0/s  ETA 1.9h
[     39/202] ERR4315474  80.4% classified  | 0.0/s  ETA 1.8h
[     40/202] ERR4315622  80.0% classified  | 0.0/s  ETA 1.8h
[     41/202] ERR4315677  80.5% classified  | 0.0/s  ETA 1.8h
[     42/202] ERR4315248  78.4% classified  | 0.0/s  ETA 1.8h
[     43/202] ERR4315626  83.8% classified  | 0.0/s  ETA 1.7h
[     44/202] ERR4315367  78.7% classified  | 0.0/s  ETA 1.7h
[     45/202] ERR4315405  74.3% classified  | 0.0/s  ETA 1.7h
[     46/202] ERR4315208  82.5% classified  | 0.0/s  ETA 1.7h
[     47/202] ERR4315508  79.0% classified  | 0.0/s  ETA 1.7h
[     48/202] ERR4315343  78.7% classified  | 0.0/s  ETA 1.7h
[     49/202] ERR4315269  82.9% classified  | 0.0/s  ETA 1.7h
[     50/202] ERR4315580  86.2% classified  | 0.0/s  ETA 1.6h
[     51/202] ERR4315533  78.7% classified  | 0.0/s  ETA 1.6h
[     52/202] ERR4315516  82.2% classified  | 0.0/s  ETA 1.6h
[     53/202] ERR4315670  83.4% classified  | 0.0/s  ETA 1.6h
[     54/202] ERR4315554  81.1% classified  | 0.0/s  ETA 1.6h
[     55/202] ERR4315286  67.7% classified  | 0.0/s  ETA 1.5h
[     56/202] ERR4315373  88.5% classified  | 0.0/s  ETA 1.6h
[     57/202] ERR4315606  83.5% classified  | 0.0/s  ETA 1.5h
[     58/202] ERR4315553  80.2% classified  | 0.0/s  ETA 1.5h
[     59/202] ERR4315442  84.0% classified  | 0.0/s  ETA 1.5h
[     60/202] ERR4315558  82.5% classified  | 0.0/s  ETA 1.5h
[     61/202] ERR4315221  75.3% classified  | 0.0/s  ETA 1.5h
[     62/202] ERR4315547  82.5% classified  | 0.0/s  ETA 1.5h
[     63/202] ERR4315509  80.6% classified  | 0.0/s  ETA 1.4h
[     64/202] SRR9185094  72.9% classified  | 0.0/s  ETA 1.4h
[     65/202] ERR3383642  82.6% classified  | 0.0/s  ETA 1.4h
[     66/202] SRR24010243  74.4% classified  | 0.0/s  ETA 1.4h
[     67/202] SRR12329597  84.1% classified  | 0.0/s  ETA 1.4h
[     68/202] ERR3856854  78.4% classified  | 0.0/s  ETA 1.4h
[     69/202] SRR24010233  79.4% classified  | 0.0/s  ETA 1.4h
[     70/202] ERR3500544  83.5% classified  | 0.0/s  ETA 1.4h
[     71/202] SRR14386297  90.2% classified  | 0.0/s  ETA 1.3h
[     72/202] ERR3856846  69.0% classified  | 0.0/s  ETA 1.3h
[     73/202] ERR3500511  84.7% classified  | 0.0/s  ETA 1.4h
[[     74/202] ERR3500503  81.5% classified  | 0.0/s  ETA 1.4h[[     75/202] ERR3500537  83.8% classified  | 0.0/s  ETA 1.4h
[     76/202] SRR1576668  78.2% classified  | 0.0/s  ETA 1.4h
[     77/202] SRR2185181  98.5% classified  | 0.0/s  ETA 1.3h
[     78/202] SRR22139844  11.1% classified  | 0.0/s  ETA 1.3h
[     79/202] SRR1557213  81.0% classified  | 0.0/s  ETA 1.3h
[     80/202] SRR391830  70.2% classified  | 0.0/s  ETA 1.3h
[     81/202] SRR1576785  79.0% classified  | 0.0/s  ETA 1.3h
[     82/202] SRR6242035  66.5% classified  | 0.0/s  ETA 1.2h
[     83/202] SRR32620578  82.9% classified  | 0.0/s  ETA 1.2[ [     84/202] ERR789379  66.5% classified  | 0.0/s  ETA 1.2h[     85/202] SRR6242047  72.4% classified  | 0.0/s  ETA 1.2h
[     86/202] SRR12149183  87.5% classified  | 0.0/s  ETA 1.2h
[[     87/202] SRR8718826  98.1% classified  | 0.0/s  ETA 1.2h[     88/202] SRR8718837  89.6% classified  | 0.0/s  ETA 1.2h
[     89/202] SRR8718809  90.0% classified  | 0.0/s  ETA 1.2h
[[     90/202] SRR8718808  97.8% classified  | 0.0/s  ETA 1.1h[[     91/202] ERR13166132  73.5% classified  | 0.0/s  ETA 1.1[ [     92/202] ERR13149129  76.2% classified  | 0.0/s  ETA 1.1h
[     93/202] ERR13070694  68.8% classified  | 0.0/s  ETA 1.1h
[     94/202] SRR34026581  75.3% classified  | 0.0/s  ETA 1.1h
[     95/202] SRR3750709  87.0% classified  | 0.0/s  ETA 1.1h
[     96/202] SRR20695274  74.9% classified  | 0.0/s  ETA 1.1h
[     97/202] SRR9684540  62.3% classified  | 0.0/s  ETA 1.1h
[     98/202] SRR3750730  91.5% classified  | 0.0/s  ETA 1.1h
[     99/202] SRR3750732  87.1% classified  | 0.0/s  ETA 1.1h
[    100/202] ERR5928169  74.2% classified  | 0.0/s  ETA 1.0h
[    101/202] SRR2873755  83.1% classified  | 0.0/s  ETA 1.0h
[    102/202] SRR21195572  85.1% classified  | 0.0/s  ETA 1.0[    103/202] ERR5928197  82.3% classified  | 0.0/s  ETA 1.0h
[    104/202] ERR5928206  75.9% classified  | 0.0/s  ETA 1.0h
[    105/202] SRR21195578  83.3% classified  | 0.0/s  ETA 1.0h
[    106/202] SRR9127599  74.1% classified  | 0.0/s  ETA 1.0h
[    107/202] SRR31200168  89.4% classified  | 0.0/s  ETA 1.0h
[    108/202] SRR14871476  86.4% classified  | 0.0/s  ETA 1.0h
[    109/202] ERR5696222  93.8% classified  | 0.0/s  ETA 1.0h
[    110/202] SRR14871474  87.8% classified  | 0.0/s  ETA 1.0h
[    111/202] ERR6548379  91.3% classified  | 0.0/s  ETA 1.0h
[    112/202] ERR5696289  91.4% classified  | 0.0/s  ETA 1.0h
[    113/202] ERR5696250  91.6% classified  | 0.0/s  ETA 0.9h
[    114/202] ERR5696240  91.7% classified  | 0.0/s  ETA 0.9h
[    115/202] ERR5696265  91.6% classified  | 0.0/s  ETA 0.9h
[    116/202] SRR4296241  72.0% classified  | 0.0/s  ETA 0.9h
[    117/202] ERR6548350  91.2% classified  | 0.0/s  ETA 0.9h
[    118/202] ERR5696225  91.5% classified  | 0.0/s  ETA 0.9h
[    119/202] SRR12888329  68.0% classified  | 0.0/s  ETA 0.8h
[    120/202] SRR2922402  4.6% classified  | 0.0/s  ETA 0.8h
[    121/202] SRR11216295  11.5% classified  | 0.0/s  ETA 0.8h
[    122/202] SRR20324138  86.2% classified  | 0.0/s  ETA 0.8h
[[    123/202] ERR4421882  42.5% classified  | 0.0/s  ETA 0.8h
[    124/202] SRR8733379  58.5% classified  | 0.0/s  ETA 0.8h[[    125/202] SRR31514628  50.5% classified  | 0.0/s  ETA 0.8h
[    126/202] SRR31850422  86.5% classified  | 0.0/s  ETA 0.8[ [    127/202] SRR2518217  40.0% classified  | 0.0/s  ETA 0.9h
[    128/202] SRR18840566  62.8% classified  | 0.0/s  ETA 0.8h
[    129/202] SRR11928840  17.3% classified  | 0.0/s  ETA 0.8h
[    130/202] SRR33696069  84.3% classified  | 0.0/s  ETA 0.8h
[    131/202] SRR28475125  62.7% classified  | 0.0/s  ETA 0.8h
[    132/202] SRR18070414  77.1% classified  | 0.0/s  ETA 0.8h
[    133/202] SRR9062614  91.7% classified  | 0.0/s  ETA 0.8h
[    134/202] SRR8668529  93.5% classified  | 0.0/s  ETA 0.8h
[    135/202] SRR15357733  90.8% classified  | 0.0/s  ETA 0.8h
[    136/202] SRR15141284  58.7% classified  | 0.0/s  ETA 0.7h
[    137/202] SRR8204150  80.3% classified  | 0.0/s  ETA 0.7h
[    138/202] SRR15141101  74.9% classified  | 0.0/s  ETA 0.7h
[    139/202] SRR8204123  65.3% classified  | 0.0/s  ETA 0.7h
[    140/202] SRR10175971  10.1% classified  | 0.0/s  ETA 0.7h
[    141/202] SRR10291739  85.2% classified  | 0.0/s  ETA 0.7h
[    142/202] ERR10886968  83.7% classified  | 0.0/s  ETA 0.7h
[    143/202] ERR10886953  87.5% classified  | 0.0/s  ETA 0.7h
[    144/202] ERR10886940  85.2% classified  | 0.0/s  ETA 0.7h
[    145/202] ERR10886963  86.4% classified  | 0.0/s  ETA 0.7h
[    146/202] ERR10886960  90.7% classified  | 0.0/s  ETA 0.7h
[    147/202] ERR1360193  74.0% classified  | 0.0/s  ETA 0.7h
[    148/202] SRR8418321  61.2% classified  | 0.0/s  ETA 0.7h
[    149/202] SRR8418290  70.6% classified  | 0.0/s  ETA 0.7h
[    150/202] SRR36950010  48.6% classified  | 0.0/s  ETA 0.6h
[    151/202] SRR8418313  61.2% classified  | 0.0/s  ETA 0.6h
[    152/202] SRR31278120  73.3% classified  | 0.0/s  ETA 0.6h
[    153/202] SRR8418262  47.7% classified  | 0.0/s  ETA 0.6h
[    154/202] SRR9276716  83.9% classified  | 0.0/s  ETA 0.6h
[    155/202] SRR33846329  88.5% classified  | 0.0/s  ETA 0.6h
[    156/202] SRR6218744  82.7% classified  | 0.0/s  ETA 0.6h
[    157/202] ERR7421539  60.2% classified  | 0.0/s  ETA 0.5h
[    158/202] SRR32959947  83.0% classified  | 0.0/s  ETA 0.5h
[    159/202] SRR34300166  25.6% classified  | 0.0/s  ETA 0.5h
[    160/202] SRR36367300  56.8% classified  | 0.0/s  ETA 0.5h
[    161/202] ERR10926673  88.2% classified  | 0.0/s  ETA 0.5h
[    162/202] SRR34300130  29.6% classified  | 0.0/s  ETA 0.5h
[    163/202] SRR34300156  29.0% classified  | 0.0/s  ETA 0.5h
[    164/202] SRR34300140  25.3% classified  | 0.0/s  ETA 0.5h
[    165/202] SRR36292477  68.2% classified  | 0.0/s  ETA 0.5h
[    166/202] SRR36367317  68.6% classified  | 0.0/s  ETA 0.4h
[    167/202] SRR36910244  29.4% classified  | 0.0/s  ETA 0.4h
[    168/202] SRR36367276  68.3% classified  | 0.0/s  ETA 0.4h
[    169/202] SRR36910259  27.0% classified  | 0.0/s  ETA 0.4h
[    170/202] SRR36910251  22.8% classified  | 0.0/s  ETA 0.4h
[    171/202] SRR36367286  59.2% classified  | 0.0/s  ETA 0.4h
[    172/202] SRR36367335  64.8% classified  | 0.0/s  ETA 0.4h
[    173/202] SRR25969005  88.5% classified  | 0.0/s  ETA 0.4h
[    174/202] SRR36292467  48.6% classified  | 0.0/s  ETA 0.3h
[    175/202] SRR26214567  90.5% classified  | 0.0/s  ETA 0.3h
[    176/202] SRR25968993  87.8% classified  | 0.0/s  ETA 0.3h
[    177/202] SRR8984123  77.7% classified  | 0.0/s  ETA 0.3h
[    178/202] SRR30126666  79.8% classified  | 0.0/s  ETA 0.3h
[    179/202] SRR11497364  64.8% classified  | 0.0/s  ETA 0.3h
[    180/202] SRR26511472  85.9% classified  | 0.0/s  ETA 0.3h
[    181/202] SRR1975196  60.2% classified  | 0.0/s  ETA 0.3h
[    182/202] SRR8568984  84.9% classified  | 0.0/s  ETA 0.3h
[    183/202] SRR6039744  75.3% classified  | 0.0/s  ETA 0.2h
[    184/202] SRR6039734  71.3% classified  | 0.0/s  ETA 0.2h
[    185/202] SRR37491908  18.0% classified  | 0.0/s  ETA 0.2h
[    186/202] SRR21796868  88.1% classified  | 0.0/s  ETA 0.2h
[    187/202] SRR19891820  86.0% classified  | 0.0/s  ETA 0.2h
[    188/202] SRR32467361  82.2% classified  | 0.0/s  ETA 0.2h
[    189/202] SRR7526698  77.5% classified  | 0.0/s  ETA 0.2h
[    190/202] SRR12998703  83.0% classified  | 0.0/s  ETA 0.1h
[    191/202] SRR14224154  89.2% classified  | 0.0/s  ETA 0.1h
[    192/202] SRR4044955  77.8% classified  | 0.0/s  ETA 0.1h
[    193/202] SRR36993194  89.3% classified  | 0.0/s  ETA 0.1h
[    194/202] SRR31204182  88.2% classified  | 0.0/s  ETA 0.1h
[    195/202] SRR36610577  91.0% classified  | 0.0/s  ETA 0.1h
[    196/202] SRR30427633  85.2% classified  | 0.0/s  ETA 0.1h
[    197/202] SRR8416461  73.8% classified  | 0.0/s  ETA 0.1h
[    198/202] SRR24305217  56.3% classified  | 0.0/s  ETA 0.0h
[    199/202] SRR3724164  66.5% classified  | 0.0/s  ETA 0.0h
[    200/202] ERR986116  72.2% classified  | 0.0/s  ETA 0.0h
[    201/202] SRR3724142  69.7% classified  | 0.0/s  ETA 0.0h
[    202/202] SRR1777450  72.3% classified  | 0.0/s  ETA 0.0h

── Summary ────────────────────────────────────────
  Classified: 202
  Errors:     0
  Elapsed:    2.5h
  Cache:      kraken/assign/data/kraken_cache.jsonl
