host        : nid002817
job         : 49446082
genomes dir : /scratch/pawsey1168/llenzo/crypt/kraken/output/db/search/data/cds/pathogen
python      : 3.11.7 numpy 1.24.4

[07:39:52] k=31 scaled=200 stage=all
[07:39:52] 1052 selected assemblies across 309 taxa
[07:39:53] sketch: 1021 to do, 0 cached, 31 missing CDS
  missing: GCA_002812785.1, GCA_026120055.1, GCA_001457955.1, GCA_055472655.1, GCA_003386485.1, GCA_019059555.1, GCA_020827535.1, GCA_058382225.1, GCA_002099245.1, GCA_013363175.1
[07:39:57]   25/1021  GCA_000219625.1  69,942 hashes  3.3s
[07:39:58]   50/1021  GCA_003316995.2  97,109 hashes  4.5s
[07:40:00]   75/1021  GCA_907166805.1  85,950 hashes  3.5s
[07:40:01]  100/1021  GCA_030867305.1  92,517 hashes  4.0s
[07:40:03]  125/1021  GCA_003947005.1  113,708 hashes  4.6s
[07:40:05]  150/1021  GCA_020569685.1  99,046 hashes  4.4s
[07:40:06]  175/1021  GCA_020569495.1  100,201 hashes  4.4s
[07:40:08]  200/1021  GCA_020578105.1  99,108 hashes  4.3s
[07:40:10]  225/1021  GCA_020572075.1  98,989 hashes  4.3s
[07:40:12]  250/1021  GCA_020573595.1  98,716 hashes  4.3s
[07:40:13]  275/1021  GCA_020578515.1  99,178 hashes  4.4s
[07:40:14]  300/1021  GCA_016801405.1  98,297 hashes  4.1s
[07:40:16]  325/1021  GCA_020800215.2  101,316 hashes  4.2s
[07:40:17]  350/1021  GCA_003268335.2  77,816 hashes  2.9s
[07:40:19]  375/1021  GCF_000143105.1  66,123 hashes  2.2s
[07:40:20]  400/1021  GCA_052569925.1  70,782 hashes  2.6s
[07:40:21]  425/1021  GCA_011066465.2  64,637 hashes  2.6s
[07:40:23]  450/1021  GCA_021901695.1  83,782 hashes  4.2s
[07:40:24]  475/1021  GCA_020647635.1  84,451 hashes  3.0s
[07:40:26]  500/1021  GCA_902827195.2  129,486 hashes  5.5s
[07:40:27]  525/1021  GCA_024703975.1  82,268 hashes  3.2s
[07:40:28]  550/1021  GCA_001707905.2  67,049 hashes  2.5s
[07:40:30]  575/1021  GCA_044063575.1  82,568 hashes  3.9s
[07:40:31]  600/1021  GCA_057673865.1  113,456 hashes  4.1s
[07:40:32]  625/1021  GCF_000338995.1  79,533 hashes  3.0s
[07:40:33]  650/1021  GCA_015341985.1  80,008 hashes  2.6s
[07:40:34]  675/1021  GCA_000334115.1  62,396 hashes  2.5s
[07:40:37]  700/1021  GCF_000354255.1  81,142 hashes  3.1s
[07:40:37]  725/1021  GCA_027924005.1  85,110 hashes  3.0s
[07:40:39]  750/1021  GCA_000509485.1  122,984 hashes  6.3s
[07:40:40]  775/1021  GCA_023134515.1  80,914 hashes  2.8s
[07:40:41]  800/1021  GCA_000150825.1  65,140 hashes  2.6s
[07:40:43]  825/1021  GCA_004367215.1  83,617 hashes  3.1s
[07:40:46]  850/1021  GCA_013085055.1  114,453 hashes  4.1s
[07:40:47]  875/1021  GCA_009733025.1  147,127 hashes  7.5s
[07:40:49]  900/1021  GCA_052570705.1  81,313 hashes  2.9s
[07:40:50]  925/1021  GCA_026229875.1  145,896 hashes  7.1s
[07:40:51]  950/1021  GCA_004154755.1  92,131 hashes  3.4s
[07:40:53]  975/1021  GCF_000187405.1  70,576 hashes  2.5s
[07:40:54] 1000/1021  GCA_012932015.1  103,475 hashes  3.6s
[07:40:55] 1021/1021  GCF_000149755.1  129,853 hashes  6.0s
[07:40:55] sketch done: 1021 written, 0 failed
[07:40:56] wrote kraken/output/db/saturation/data/sketch_index.tsv
[07:40:56] curve: 52 taxa with >= 4 assemblies
[07:41:21] Parastagonospora nodorum                     n=156  pan/single=1.56x  95% at n=68  shared 0.0% -> 0.0%
[07:44:52] Fusarium oxysporum                           n= 55  pan/single=5.11x  95% at n=47  shared 76.5% -> 39.0%
[07:45:10] Pyricularia oryzae                           n= 45  pan/single=1.55x  95% at n=26  shared 90.6% -> 68.1%
[07:45:28] Aspergillus niger                            n= 42  pan/single=3.45x  95% at n=38  shared 1.0% -> 0.4%
[07:45:37] Rhizoctonia solani                           n= 25  pan/single=14.37x  95% at n=23  shared 0.0% -> 0.0%
[07:45:43] Pyrenophora tritici-repentis                 n= 24  pan/single=1.38x  95% at n=16  shared 12.1% -> 10.2%
[07:46:47] Fusarium fujikuroi                           n= 18  pan/single=1.54x  95% at n=13  shared 77.4% -> 65.2%
[07:47:11] Phytophthora cactorum                        n= 18  pan/single=1.45x  95% at n=13  shared 71.6% -> 56.0%
[07:47:16] Verticillium nonalfalfae                     n= 17  pan/single=1.14x  95% at n=6  shared 70.3% -> 68.2%
[07:48:12] Fusarium graminearum                         n= 16  pan/single=1.47x  95% at n=12  shared 76.6% -> 59.8%
[07:49:07] Fusarium lateritium                          n= 15  pan/single=6.81x  95% at n=14  shared 39.6% -> 36.3%
[07:49:59] Fusarium cf. solani                          n= 14  pan/single=3.23x  95% at n=12  shared 88.5% -> 67.5%
[07:50:04] Aspergillus flavus                           n= 13  pan/single=1.48x  95% at n=9  shared 0.2% -> 0.2%
[07:50:09] Botrytis cinerea                             n= 12  pan/single=1.59x  95% at n=10  shared 20.0% -> 14.7%
[07:50:13] Verticillium dahliae                         n= 11  pan/single=1.46x  95% at n=8  shared 91.5% -> 76.7%
[07:50:47] Fusarium proliferatum                        n=  9  pan/single=2.33x  95% at n=8  shared 84.7% -> 68.1%
[07:50:59] Phytophthora fragariae                       n=  9  pan/single=1.28x  95% at n=6  shared 72.0% -> 63.9%
[07:51:26] Fusarium culmorum                            n=  8  pan/single=1.25x  95% at n=5  shared 70.9% -> 64.8%
[07:51:36] Phytophthora nicotianae                      n=  8  pan/single=1.46x  95% at n=6  shared 5.4% -> 4.4%
[07:51:39] [Neocosmospora] sp. B6999-1                  n=  7  pan/single=1.09x  95% at n=2  shared 86.9% -> 85.4%
[07:51:41] [Neocosmospora] sp. B6999-4                  n=  7  pan/single=1.06x  95% at n=2  shared 84.4% -> 82.6%
[07:51:43] Bipolaris maydis                             n=  7  pan/single=1.12x  95% at n=3  shared 25.9% -> 24.5%
[07:51:46] Puccinia striiformis                         n=  7  pan/single=1.77x  95% at n=6  shared 0.3% -> 0.2%
[07:51:49] Puccinia triticina                           n=  7  pan/single=1.73x  95% at n=6  shared 0.7% -> 0.5%
[07:51:50] Ustilago hordei                              n=  7  pan/single=1.09x  95% at n=3  shared 52.9% -> 49.5%
[07:51:59] Phytophthora ramorum                         n=  7  pan/single=1.45x  95% at n=6  shared 4.1% -> 3.3%
[07:52:00] Fulvia fulva                                 n=  6  pan/single=1.02x  95% at n=1  shared 0.0% -> 0.0%
[07:52:01] Penicillium digitatum                        n=  6  pan/single=1.12x  95% at n=3  shared 7.2% -> 6.7%
[07:52:02] Pyrenophora teres                            n=  6  pan/single=1.33x  95% at n=5  shared 11.9% -> 10.4%
[07:52:03] Zymoseptoria tritici                         n=  6  pan/single=1.67x  95% at n=5  shared 0.0% -> 0.0%
[07:52:10] Phytophthora kernoviae                       n=  6  pan/single=1.48x  95% at n=4  shared 84.0% -> 66.7%
[07:52:14] Alternaria tenuissima                        n=  5  pan/single=1.52x  95% at n=4  shared 91.4% -> 83.2%
[07:52:32] Fusarium ambrosium                           n=  5  pan/single=1.44x  95% at n=4  shared 88.5% -> 83.7%
[07:52:50] Fusarium falciforme                          n=  5  pan/single=1.51x  95% at n=4  shared 62.6% -> 53.6%
[07:53:08] Fusarium floridanum                          n=  5  pan/single=1.15x  95% at n=3  shared 94.3% -> 92.4%
[07:53:08] Beauveria bassiana                           n=  5  pan/single=1.72x  95% at n=4  shared 0.0% -> 0.0%
[07:53:10] Cercospora beticola                          n=  5  pan/single=1.13x  95% at n=3  shared 12.9% -> 12.0%
[07:53:27] Fusarium pseudograminearum                   n=  5  pan/single=1.63x  95% at n=5  shared 48.3% -> 40.1%
[07:53:28] Metarhizium acridum                          n=  5  pan/single=1.23x  95% at n=3  shared 14.2% -> 12.7%
[07:53:30] Verticillium longisporum                     n=  5  pan/single=1.47x  95% at n=4  shared 63.9% -> 58.5%
[07:53:33] Alternaria arborescens                       n=  4  pan/single=1.20x  95% at n=3  shared 70.9% -> 65.9%
[07:53:48] Fusarium euwallaceae                         n=  4  pan/single=1.06x  95% at n=2  shared 93.9% -> 92.7%
[07:54:02] Fusarium poae                                n=  4  pan/single=1.21x  95% at n=4  shared 28.3% -> 26.5%
[07:54:04] Pyricularia grisea                           n=  4  pan/single=2.05x  95% at n=4  shared 21.4% -> 53.4%
[07:54:07] Alternaria alternata                         n=  4  pan/single=1.74x  95% at n=4  shared 84.4% -> 71.9%
[07:54:15] Colletotrichum fructicola                    n=  4  pan/single=1.12x  95% at n=2  shared 92.5% -> 89.0%
[07:54:23] Colletotrichum siamense                      n=  4  pan/single=1.72x  95% at n=4  shared 81.9% -> 73.4%
[07:54:37] Fusarium odoratissimum                       n=  4  pan/single=1.28x  95% at n=3  shared 97.9% -> 93.1%
[07:54:51] Fusarium verticillioides                     n=  4  pan/single=1.26x  95% at n=3  shared 79.2% -> 71.6%
[07:54:52] Plenodomus lingam                            n=  4  pan/single=1.10x  95% at n=2  shared 0.6% -> 0.6%
[07:54:53] Trichoderma virens                           n=  4  pan/single=1.36x  95% at n=4  shared 0.0% -> 0.0%
[07:54:57] Phytophthora infestans                       n=  4  pan/single=1.45x  95% at n=4  shared 4.4% -> 3.6%
[07:54:57] wrote kraken/output/db/saturation/data/saturation_curve.tsv (687 rows)
[07:54:57] wrote kraken/output/db/saturation/data/saturation_summary.tsv (52 rows)

done: Fri Sep 18 07:54:57 AM AWST 2026
