host=nid001130 job=49402279 task=4 cpus=112
Kraken version 2.1.2
Reads read from: kraken/output/run/select/data/reads
Raw kraken2 reports will be saved to: kraken/output/run/assign/data/reports
Loaded 3,225 runs from kraken/output/run/select/data/run_list.tsv (filters: none)
Array task 4/16: 202 runs assigned

Total runs: 3,225 | Already done: 0 | Remaining: 202
Settings: confidence=0.15, min_hit_groups=3, workers=8, kraken_threads=4
DB: kraken/output/db/build/data/db_v2
Tmp: /scratch/fl3/llenzo/kraken_tmp

[      1/202] ERR3170277  51.2% classified  | 0.0/s  ETA 8.5h
[      2/202] ERR3170256  56.3% classified  | 0.0/s  ETA 4.4h
[      3/202] ERR3170213  48.1% classified  | 0.0/s  ETA 3.0h
[      4/202] ERR3170199  69.1% classified  | 0.0/s  ETA 2.4h
[      5/202] ERR3170232  75.2% classified  | 0.0/s  ETA 1.9h
[      6/202] ERR3170185  52.7% classified  | 0.0/s  ETA 1.6h
[      7/202] ERR3188457  14.8% classified  | 0.0/s  ETA 1.5h
[      8/202] ERR3188469  48.9% classified  | 0.0/s  ETA 1.3h
[      9/202] ERR3170250  11.5% classified  | 0.0/s  ETA 1.4h
[     10/202] ERR1607844  29.9% classified  | 0.0/s  ETA 1.3h
[     11/202] ERR1607750  53.6% classified  | 0.0/s  ETA 1.2h
[     12/202] ERR1607799  44.5% classified  | 0.0/s  ETA 1.1h
[     13/202] ERR1607790  57.1% classified  | 0.0/s  ETA 1.1h
[     14/202] ERR3170216  32.3% classified  | 0.1/s  ETA 1.0h
[     15/202] ERR1607785  36.4% classified  | 0.0/s  ETA 1.1h
[     16/202] ERR1607737  25.7% classified  | 0.1/s  ETA 1.0h
[     17/202] ERR1607773  30.2% classified  | 0.1/s  ETA 1.0h
[     18/202] ERR15005516  15.1% classified  | 0.0/s  ETA 1.1h
[     19/202] ERR12013028  59.1% classified  | 0.0/s  ETA 1.0h
[     20/202] ERR15005510  10.6% classified  | 0.1/s  ETA 1.0h
[     21/202] ERR15005470  24.8% classified  | 0.1/s  ETA 1.0h
[     22/202] ERR12013073  41.9% classified  | 0.1/s  ETA 1.0h
[     23/202] ERR15005538  10.8% classified  | 0.1/s  ETA 0.9h
[     24/202] ERR15005528  20.8% classified  | 0.1/s  ETA 0.9h
[     25/202] ERR15005534  17.0% classified  | 0.1/s  ETA 0.9h
[     26/202] ERR6847881  68.6% classified  | 0.1/s  ETA 1.0h
[     27/202] ERR4315309  47.0% classified  | 0.1/s  ETA 0.9h
[     28/202] ERR4315191  36.3% classified  | 0.1/s  ETA 0.9h
[     29/202] ERR4315524  32.1% classified  | 0.1/s  ETA 0.9h
[     30/202] ERR4315583  61.6% classified  | 0.1/s  ETA 0.8h
[     31/202] ERR12013055  58.0% classified  | 0.1/s  ETA 0.9h
[     32/202] ERR6847872  29.7% classified  | 0.1/s  ETA 0.8h
[     33/202] ERR4315316  53.6% classified  | 0.1/s  ETA 0.8h
[     34/202] ERR4315349  55.6% classified  | 0.1/s  ETA 0.8h
[     35/202] SRR29077173  32.6% classified  | 0.1/s  ETA 0.8h
[     36/202] ERR4315470  60.5% classified  | 0.1/s  ETA 0.8h
[     37/202] ERR4315591  34.6% classified  | 0.1/s  ETA 0.8h
[     38/202] ERR4315353  76.5% classified  | 0.1/s  ETA 0.8h
[     39/202] ERR4315255  44.2% classified  | 0.1/s  ETA 0.8h
[     40/202] ERR4315250  40.4% classified  | 0.1/s  ETA 0.8h
[     41/202] ERR4315556  46.4% classified  | 0.1/s  ETA 0.7h
[     42/202] ERR4315653  33.6% classified  | 0.1/s  ETA 0.7h
[     43/202] ERR4315514  67.8% classified  | 0.1/s  ETA 0.7h
[     44/202] ERR4315160  44.8% classified  | 0.1/s  ETA 0.7h
[     45/202] ERR4315631  28.0% classified  | 0.1/s  ETA 0.7h
[     46/202] ERR4315396  61.2% classified  | 0.1/s  ETA 0.7h
[     47/202] ERR4315589  20.1% classified  | 0.1/s  ETA 0.7h
[     48/202] ERR4315229  52.7% classified  | 0.1/s  ETA 0.7h
[     49/202] ERR4315161  63.9% classified  | 0.1/s  ETA 0.7h
[     50/202] ERR4315448  65.1% classified  | 0.1/s  ETA 0.7h
[     51/202] ERR4315180  37.1% classified  | 0.1/s  ETA 0.7h
[     52/202] ERR4315601  47.3% classified  | 0.1/s  ETA 0.7h
[     53/202] ERR4315171  24.6% classified  | 0.1/s  ETA 0.6h
[     54/202] ERR4315538  55.3% classified  | 0.1/s  ETA 0.6h
[     55/202] ERR4315630  18.6% classified  | 0.1/s  ETA 0.7h
[     56/202] ERR4315602  40.3% classified  | 0.1/s  ETA 0.6h
[     57/202] ERR4315235  43.5% classified  | 0.1/s  ETA 0.6h
[     58/202] ERR4315544  36.5% classified  | 0.1/s  ETA 0.6h
[     59/202] ERR4315572  15.9% classified  | 0.1/s  ETA 0.6h
[     60/202] ERR4315312  67.9% classified  | 0.1/s  ETA 0.6h
[     61/202] SRR9185093  0.6% classified  | 0.1/s  ETA 0.6h
[     62/202] ERR4315595  41.0% classified  | 0.1/s  ETA 0.6h
[     63/202] ERR4315348  38.4% classified  | 0.1/s  ETA 0.6h
[     64/202] ERR3856830  16.6% classified  | 0.1/s  ETA 0.6h
[     65/202] ERR4315267  59.8% classified  | 0.1/s  ETA 0.6h
[     66/202] SRR24010218  62.2% classified  | 0.1/s  ETA 0.6h
[     67/202] ERR3500553  3.3% classified  | 0.1/s  ETA 0.6h
[     68/202] ERR3856841  47.3% classified  | 0.1/s  ETA 0.6h
[     69/202] SRR24010247  42.5% classified  | 0.1/s  ETA 0.6h
[     70/202] ERR3383638  63.7% classified  | 0.1/s  ETA 0.6h
[     71/202] SRR12329596  80.1% classified  | 0.1/s  ETA 0.6h
[     72/202] SRR14386301  44.5% classified  | 0.1/s  ETA 0.6h
[     73/202] SRR2185186  80.0% classified  | 0.1/s  ETA 0.6h
[     74/202] SRR22139839  2.2% classified  | 0.1/s  ETA 0.6h
[     75/202] SRR391827  2.1% classified  | 0.1/s  ETA 0.6h
[     76/202] SRR1555738  47.2% classified  | 0.1/s  ETA 0.6h
[     77/202] ERR3500512  0.9% classified  | 0.1/s  ETA 0.6h
[     78/202] SRR1576813  63.2% classified  | 0.1/s  ETA 0.5h
[     79/202] ERR3500516  1.6% classified  | 0.1/s  ETA 0.5h
[     80/202] SRR32620582  33.1% classified  | 0.1/s  ETA 0.5h
[     81/202] SRR6242045  20.8% classified  | 0.1/s  ETA 0.5h
[     82/202] SRR1562049  36.8% classified  | 0.1/s  ETA 0.5h
[     83/202] ERR3500522  1.6% classified  | 0.1/s  ETA 0.5h
[     84/202] ERR789374  3.5% classified  | 0.1/s  ETA 0.5h
[     85/202] SRR8718850  1.1% classified  | 0.1/s  ETA 0.5h
[     86/202] SRR8718836  6.0% classified  | 0.1/s  ETA 0.5h
[     87/202] SRR8718811  7.0% classified  | 0.1/s  ETA 0.5h
[     88/202] SRR1284047  7.5% classified  | 0.1/s  ETA 0.5h
[     89/202] SRR6242050  1.0% classified  | 0.1/s  ETA 0.5h
[     90/202] ERR2099121  54.3% classified  | 0.1/s  ETA 0.5h
[     91/202] SRR8718803  9.3% classified  | 0.1/s  ETA 0.5h
[     92/202] SRR34026569  4.3% classified  | 0.1/s  ETA 0.5h
[     93/202] SRR12149187  19.0% classified  | 0.1/s  ETA 0.5h
[     94/202] ERR13148713  21.4% classified  | 0.1/s  ETA 0.5h
[     95/202] SRR3750719  6.0% classified  | 0.1/s  ETA 0.5h
[     96/202] ERR13159104  1.5% classified  | 0.1/s  ETA 0.5h
[     97/202] ERR13150779  40.7% classified  | 0.1/s  ETA 0.5h
[     98/202] SRR3750706  4.8% classified  | 0.1/s  ETA 0.5h
[     99/202] SRR3750734  3.6% classified  | 0.1/s  ETA 0.4h
[    100/202] ERR5928186  1.1% classified  | 0.1/s  ETA 0.4h
[    101/202] ERR5928213  1.4% classified  | 0.1/s  ETA 0.4h
[    102/202] ERR5928184  1.1% classified  | 0.1/s  ETA 0.4h
[    103/202] ERR5928170  7.0% classified  | 0.1/s  ETA 0.4h
[    104/202] ERR5696214  2.5% classified  | 0.1/s  ETA 0.4h
[    105/202] SRR12488739  1.4% classified  | 0.1/s  ETA 0.4h
[    106/202] SRR1171035  0.8% classified  | 0.1/s  ETA 0.4h
[    107/202] SRR21195573  8.0% classified  | 0.1/s  ETA 0.4h
[    108/202] ERR5696221  2.7% classified  | 0.1/s  ETA 0.4h
[    109/202] ERR6548344  2.8% classified  | 0.1/s  ETA 0.4h
[    110/202] SRR14871475  1.4% classified  | 0.1/s  ETA 0.4h
[    111/202] SRR4296240  2.4% classified  | 0.1/s  ETA 0.4h
[    112/202] ERR5696299  2.8% classified  | 0.1/s  ETA 0.4h
[    113/202] ERR5696264  2.3% classified  | 0.1/s  ETA 0.4h
[    114/202] ERR5696238  6.0% classified  | 0.1/s  ETA 0.4h
[    115/202] ERR5696233  5.0% classified  | 0.1/s  ETA 0.4h
[    116/202] ERR5696251  23.1% classified  | 0.1/s  ETA 0.4h
[    117/202] SRR31200165  3.3% classified  | 0.1/s  ETA 0.4h
[    118/202] SRR25015528  2.0% classified  | 0.1/s  ETA 0.4h
[    119/202] SRR2922401  1.2% classified  | 0.1/s  ETA 0.4h
[    120/202] SRR11216315  0.6% classified  | 0.1/s  ETA 0.4h
[    121/202] SRR11216300  0.6% classified  | 0.1/s  ETA 0.3h
[    122/202] SRR21195577  0.7% classified  | 0.1/s  ETA 0.3h
[    123/202] SRR20324146  0.9% classified  | 0.1/s  ETA 0.3h
[    124/202] SRR20324131  10.9% classified  | 0.1/s  ETA 0.3h
[    125/202] SRR2922434  15.9% classified  | 0.1/s  ETA 0.3h
[    126/202] SRR33583439  0.2% classified  | 0.1/s  ETA 0.3h
[    127/202] SRR28544686  15.2% classified  | 0.1/s  ETA 0.3h
[    128/202] SRR16930848  10.2% classified  | 0.1/s  ETA 0.3h
[    129/202] SRR7873464  1.2% classified  | 0.1/s  ETA 0.3h
[    130/202] SRR27326401  46.5% classified  | 0.1/s  ETA 0.3h
[    131/202] SRR2517437  4.4% classified  | 0.1/s  ETA 0.3h
[    132/202] SRR11928839  0.2% classified  | 0.1/s  ETA 0.3h
[    133/202] SRR15141375  15.9% classified  | 0.1/s  ETA 0.3h
[    134/202] SRR15141158  16.1% classified  | 0.1/s  ETA 0.3h
[    135/202] SRR38293579  34.0% classified  | 0.1/s  ETA 0.3h
[    136/202] SRR8204122  31.5% classified  | 0.1/s  ETA 0.3h
[    137/202] SRR8204127  30.7% classified  | 0.1/s  ETA 0.3h
[    138/202] SRR24737265  57.8% classified  | 0.1/s  ETA 0.3h
[    139/202] SRR10291782  47.1% classified  | 0.1/s  ETA 0.3h
[    140/202] SRR33696080  41.9% classified  | 0.1/s  ETA 0.3h
[    141/202] SRR31514626  10.1% classified  | 0.1/s  ETA 0.3h
[    142/202] ERR10886998  25.1% classified  | 0.1/s  ETA 0.3h
[    143/202] SRR8418260  12.0% classified  | 0.1/s  ETA 0.3h
[    144/202] SRR8418322  6.4% classified  | 0.1/s  ETA 0.3h
[    145/202] SRR8418371  6.0% classified  | 0.1/s  ETA 0.3h
[    146/202] SRR8418303  15.4% classified  | 0.1/s  ETA 0.3h
[    147/202] ERR10886909  5.9% classified  | 0.1/s  ETA 0.3h
[    148/202] SRR36950012  3.6% classified  | 0.1/s  ETA 0.3h
[    149/202] ERR10886921  13.2% classified  | 0.1/s  ETA 0.3h
[    150/202] SRR30673023  3.1% classified  | 0.1/s  ETA 0.2h
[    151/202] ERR10886982  4.3% classified  | 0.1/s  ETA 0.2h
[    152/202] ERR7421530  36.4% classified  | 0.1/s  ETA 0.2h
[    153/202] ERR7421537  55.7% classified  | 0.1/s  ETA 0.2h
[    154/202] SRR31278110  10.4% classified  | 0.1/s  ETA 0.2h
[    155/202] ERR10886986  11.3% classified  | 0.1/s  ETA 0.2h
[    156/202] SRR32959953  8.8% classified  | 0.1/s  ETA 0.2h
[    157/202] SRR20999596  7.7% classified  | 0.1/s  ETA 0.2h
[    158/202] SRR36367319  11.7% classified  | 0.1/s  ETA 0.2h
[    159/202] SRR36292458  6.9% classified  | 0.1/s  ETA 0.2h
[    160/202] SRR36292481  10.3% classified  | 0.1/s  ETA 0.2h
[    161/202] ERR10926635  4.9% classified  | 0.1/s  ETA 0.2h
[    162/202] SRR34300108  3.3% classified  | 0.1/s  ETA 0.2h
[    163/202] SRR36910214  3.2% classified  | 0.1/s  ETA 0.2h
[    164/202] SRR36292473  9.1% classified  | 0.1/s  ETA 0.2h
[    165/202] SRR36910268  3.7% classified  | 0.1/s  ETA 0.2h
[    166/202] SRR34300172  3.4% classified  | 0.1/s  ETA 0.2h
[    167/202] SRR34300119  4.6% classified  | 0.1/s  ETA 0.2h
[    168/202] SRR3537158  16.6% classified  | 0.1/s  ETA 0.2h
[    169/202] SRR34300117  3.7% classified  | 0.1/s  ETA 0.2h
[    170/202] SRR25969033  9.2% classified  | 0.1/s  ETA 0.2h
[    171/202] SRR36910224  4.2% classified  | 0.1/s  ETA 0.2h
[    172/202] SRR10053818  2.1% classified  | 0.1/s  ETA 0.2h
[    173/202] SRR11497260  4.6% classified  | 0.1/s  ETA 0.1h
[    174/202] SRR6279324  44.1% classified  | 0.1/s  ETA 0.1h
[    175/202] SRR36292488  13.9% classified  | 0.1/s  ETA 0.1h
[    176/202] SRR36367284  10.7% classified  | 0.1/s  ETA 0.1h
[    177/202] SRR8984108  41.9% classified  | 0.1/s  ETA 0.1h
[    178/202] SRR30126660  2.4% classified  | 0.1/s  ETA 0.1h
[    179/202] SRR22142944  38.3% classified  | 0.1/s  ETA 0.1h
[    180/202] SRR8984110  47.1% classified  | 0.1/s  ETA 0.1h
[    181/202] SRR6039733  5.7% classified  | 0.1/s  ETA 0.1h
[    182/202] SRR25662789  1.8% classified  | 0.1/s  ETA 0.1h
[    183/202] SRR15833440  7.5% classified  | 0.1/s  ETA 0.1h
[    184/202] SRR6039732  3.5% classified  | 0.1/s  ETA 0.1h
[    185/202] SRR21796867  15.9% classified  | 0.1/s  ETA 0.1h
[    186/202] SRR13386512  19.0% classified  | 0.1/s  ETA 0.1h
[    187/202] SRR12772431  3.7% classified  | 0.1/s  ETA 0.1h
[    188/202] SRR8568982  23.3% classified  | 0.1/s  ETA 0.1h
[    189/202] SRR7526695  2.9% classified  | 0.1/s  ETA 0.1h
[    190/202] SRR14224163  12.2% classified  | 0.1/s  ETA 0.1h
[    191/202] SRR10189449  50.0% classified  | 0.1/s  ETA 0.1h
[    192/202] SRR12998707  58.7% classified  | 0.1/s  ETA 0.1h
[    193/202] SRR3724108  76.5% classified  | 0.1/s  ETA 0.0h
[    194/202] SRR36610582  5.2% classified  | 0.1/s  ETA 0.0h
[    195/202] SRR1284053  15.0% classified  | 0.1/s  ETA 0.0h
[    196/202] SRR15901536  25.4% classified  | 0.1/s  ETA 0.0h
[    197/202] SRR3724079  77.3% classified  | 0.1/s  ETA 0.0h
[    198/202] SRR31204180  5.9% classified  | 0.1/s  ETA 0.0h
[    199/202] SRR31851391  21.7% classified  | 0.1/s  ETA 0.0h
[    200/202] SRR32467363  45.6% classified  | 0.1/s  ETA 0.0h
[    201/202] SRR1774244  33.8% classified  | 0.1/s  ETA 0.0h
[    202/202] ERR2027121  43.1% classified  | 0.0/s  ETA 0.0h

── Summary ────────────────────────────────────────
  Classified: 202
  Errors:     0
  Elapsed:    1.1h
  Cache:      kraken/output/run/assign/data/kraken_cache.jsonl
