host=nid001661 job=49402280 task=5 cpus=112
Kraken version 2.1.2
Reads read from: kraken/output/run/select/data/reads
Raw kraken2 reports will be saved to: kraken/output/run/assign/data/reports
Loaded 3,225 runs from kraken/output/run/select/data/run_list.tsv (filters: none)
Array task 5/16: 202 runs assigned

Total runs: 3,225 | Already done: 0 | Remaining: 202
Settings: confidence=0.15, min_hit_groups=3, workers=8, kraken_threads=4
DB: kraken/output/db/build/data/db_v2
Tmp: /scratch/fl3/llenzo/kraken_tmp

[      1/202] ERR3170243  37.6% classified  | 0.0/s  ETA 4.5h
[      2/202] ERR3170231  53.7% classified  | 0.0/s  ETA 3.1h
[      3/202] ERR3170180  56.6% classified  | 0.0/s  ETA 2.5h
[      4/202] ERR3188470  53.3% classified  | 0.0/s  ETA 1.9h
[      5/202] ERR3188480  48.6% classified  | 0.0/s  ETA 1.5h
[      6/202] ERR3170249  21.0% classified  | 0.0/s  ETA 1.3h
[      7/202] ERR3188473  51.6% classified  | 0.0/s  ETA 1.1h
[      8/202] ERR3170196  62.0% classified  | 0.1/s  ETA 1.0h
[      9/202] ERR3170278  61.1% classified  | 0.1/s  ETA 1.0h
[     10/202] ERR1607802  51.2% classified  | 0.0/s  ETA 1.1h
[     11/202] ERR1607843  56.7% classified  | 0.1/s  ETA 1.0h
[     12/202] ERR1607849  57.9% classified  | 0.1/s  ETA 1.0h
[     13/202] ERR1607754  14.9% classified  | 0.1/s  ETA 0.9h
[     14/202] ERR1607861  37.8% classified  | 0.1/s  ETA 0.8h
[     15/202] ERR3170218  52.7% classified  | 0.1/s  ETA 0.8h
[     16/202] ERR1607815  52.1% classified  | 0.1/s  ETA 0.8h
[     17/202] ERR1607854  31.1% classified  | 0.1/s  ETA 0.8h
[     18/202] ERR12013040  65.4% classified  | 0.1/s  ETA 0.9h
[     19/202] ERR15005541  6.6% classified  | 0.1/s  ETA 0.8h
[     20/202] ERR15005486  21.2% classified  | 0.1/s  ETA 0.8h
[     21/202] ERR15005476  9.8% classified  | 0.1/s  ETA 0.8h
[     22/202] ERR15005467  9.9% classified  | 0.1/s  ETA 0.7h
[     23/202] ERR15005521  11.0% classified  | 0.1/s  ETA 0.7h
[     24/202] ERR15005452  15.9% classified  | 0.1/s  ETA 0.7h
[     25/202] ERR12013054  49.6% classified  | 0.1/s  ETA 0.7h
[     26/202] ERR4315615  43.4% classified  | 0.1/s  ETA 0.8h
[     27/202] ERR6847889  61.3% classified  | 0.1/s  ETA 0.8h
[     28/202] ERR6847893  41.6% classified  | 0.1/s  ETA 0.8h
[     29/202] ERR4315440  38.0% classified  | 0.1/s  ETA 0.7h
[     30/202] ERR4315325  60.2% classified  | 0.1/s  ETA 0.8h
[     31/202] ERR12013066  52.5% classified  | 0.1/s  ETA 0.8h
[     32/202] ERR4315515  47.6% classified  | 0.1/s  ETA 0.8h
[     33/202] ERR4315332  47.9% classified  | 0.1/s  ETA 0.7h
[     34/202] ERR4315475  20.7% classified  | 0.1/s  ETA 0.7h
[     35/202] SRR29076510  6.5% classified  | 0.1/s  ETA 0.7h
[     36/202] ERR4315390  59.4% classified  | 0.1/s  ETA 0.7h
[     37/202] ERR4315328  63.7% classified  | 0.1/s  ETA 0.7h
[     38/202] ERR4315225  61.6% classified  | 0.1/s  ETA 0.7h
[     39/202] ERR4315507  45.4% classified  | 0.1/s  ETA 0.7h
[     40/202] ERR4315253  56.9% classified  | 0.1/s  ETA 0.7h
[     41/202] ERR4315429  57.8% classified  | 0.1/s  ETA 0.7h
[     42/202] ERR4315181  69.0% classified  | 0.1/s  ETA 0.7h
[     43/202] ERR4315295  22.9% classified  | 0.1/s  ETA 0.7h
[     44/202] ERR4315403  29.0% classified  | 0.1/s  ETA 0.7h
[     45/202] ERR4315382  65.8% classified  | 0.1/s  ETA 0.7h
[     46/202] ERR4315636  44.7% classified  | 0.1/s  ETA 0.7h
[     47/202] ERR4315148  65.8% classified  | 0.1/s  ETA 0.7h
[     48/202] ERR4315167  57.4% classified  | 0.1/s  ETA 0.6h
[     49/202] ERR4315483  65.5% classified  | 0.1/s  ETA 0.6h
[     50/202] ERR4315159  37.7% classified  | 0.1/s  ETA 0.6h
[     51/202] ERR4315372  28.0% classified  | 0.1/s  ETA 0.6h
[     52/202] ERR4315236  47.8% classified  | 0.1/s  ETA 0.6h
[     53/202] ERR4315472  46.9% classified  | 0.1/s  ETA 0.6h
[     54/202] ERR4315578  25.4% classified  | 0.1/s  ETA 0.6h
[     55/202] ERR4315259  21.7% classified  | 0.1/s  ETA 0.6h
[     56/202] ERR4315639  31.3% classified  | 0.1/s  ETA 0.6h
[     57/202] ERR4315435  27.5% classified  | 0.1/s  ETA 0.6h
[     58/202] ERR4315238  33.8% classified  | 0.1/s  ETA 0.6h
[     59/202] ERR4315189  7.6% classified  | 0.1/s  ETA 0.6h
[     60/202] ERR4315596  15.6% classified  | 0.1/s  ETA 0.6h
[     61/202] ERR4315218  61.6% classified  | 0.1/s  ETA 0.6h
[     62/202] ERR4315196  15.3% classified  | 0.1/s  ETA 0.6h
[     63/202] ERR4315416  29.2% classified  | 0.1/s  ETA 0.6h
[     64/202] SRR24010223  47.2% classified  | 0.1/s  ETA 0.6h
[     65/202] SRR24010222  31.2% classified  | 0.1/s  ETA 0.6h
[     66/202] ERR3383637  69.2% classified  | 0.1/s  ETA 0.6h
[     67/202] ERR3856848  52.9% classified  | 0.1/s  ETA 0.5h
[     68/202] ERR3856837  40.7% classified  | 0.1/s  ETA 0.6h
[     69/202] SRR12329595  79.7% classified  | 0.1/s  ETA 0.5h
[     70/202] ERR3500547  5.7% classified  | 0.1/s  ETA 0.6h
[     71/202] SRR24010246  51.3% classified  | 0.1/s  ETA 0.6h
[     72/202] SRR14386300  58.5% classified  | 0.1/s  ETA 0.5h
[     73/202] SRR8208850  62.0% classified  | 0.1/s  ETA 0.6h
[     74/202] SRR2185187  92.6% classified  | 0.1/s  ETA 0.6h
[     75/202] SRR391823  2.4% classified  | 0.1/s  ETA 0.6h
[     76/202] SRR22139842  0.9% classified  | 0.1/s  ETA 0.6h
[     77/202] SRR1583666  37.6% classified  | 0.1/s  ETA 0.6h
[     78/202] ERR3500528  2.5% classified  | 0.1/s  ETA 0.6h
[     79/202] SRR6242038  39.5% classified  | 0.1/s  ETA 0.5h
[     80/202] ERR3500510  1.7% classified  | 0.1/s  ETA 0.5h
[     81/202] SRR32620577  59.9% classified  | 0.1/s  ETA 0.5h
[     82/202] SRR1562247  32.4% classified  | 0.1/s  ETA 0.5h
[     83/202] SRR1575608  21.4% classified  | 0.1/s  ETA 0.5h
[     84/202] ERR789371  1.6% classified  | 0.1/s  ETA 0.5h
[     85/202] SRR8718847  7.4% classified  | 0.1/s  ETA 0.5h
[     86/202] ERR2099123  57.4% classified  | 0.1/s  ETA 0.5h
[     87/202] SRR8718825  4.9% classified  | 0.1/s  ETA 0.5h
[     88/202] SRR6242049  2.4% classified  | 0.1/s  ETA 0.5h
[     89/202] ERR13150701  32.1% classified  | 0.1/s  ETA 0.5h
[     90/202] SRR8718841  4.2% classified  | 0.1/s  ETA 0.5h
[     91/202] SRR1284049  16.5% classified  | 0.1/s  ETA 0.5h
[     92/202] SRR8718848  7.8% classified  | 0.1/s  ETA 0.5h
[     93/202] SRR12149185  22.0% classified  | 0.1/s  ETA 0.5h
[     94/202] SRR34026590  4.3% classified  | 0.1/s  ETA 0.5h
[     95/202] SRR3750701  4.6% classified  | 0.1/s  ETA 0.5h
[     96/202] SRR3750696  1.6% classified  | 0.1/s  ETA 0.5h
[     97/202] ERR13153961  0.9% classified  | 0.1/s  ETA 0.5h
[     98/202] ERR13107178  1.1% classified  | 0.1/s  ETA 0.5h
[     99/202] ERR5928179  4.3% classified  | 0.1/s  ETA 0.4h
[    100/202] ERR5928168  12.5% classified  | 0.1/s  ETA 0.4h
[    101/202] SRR2874066  61.2% classified  | 0.1/s  ETA 0.4h
[    102/202] ERR5928200  1.3% classified  | 0.1/s  ETA 0.4h
[    103/202] ERR5928221  2.7% classified  | 0.1/s  ETA 0.4h
[    104/202] ERR5696216  2.5% classified  | 0.1/s  ETA 0.4h
[    105/202] SRR12488738  1.6% classified  | 0.1/s  ETA 0.4h
[    106/202] SRR1171040  3.6% classified  | 0.1/s  ETA 0.4h
[    107/202] SRR21195574  4.1% classified  | 0.1/s  ETA 0.4h
[    108/202] ERR5696223  2.8% classified  | 0.1/s  ETA 0.4h
[    109/202] ERR5696242  5.9% classified  | 0.1/s  ETA 0.4h
[    110/202] ERR5696298  2.9% classified  | 0.1/s  ETA 0.4h
[    111/202] SRR4296236  9.2% classified  | 0.1/s  ETA 0.4h
[    112/202] ERR5696253  23.1% classified  | 0.1/s  ETA 0.4h
[    113/202] ERR5696262  2.4% classified  | 0.1/s  ETA 0.4h
[    114/202] ERR5696236  5.1% classified  | 0.1/s  ETA 0.4h
[    115/202] SRR14871468  18.8% classified  | 0.1/s  ETA 0.4h
[    116/202] ERR6548352  7.7% classified  | 0.1/s  ETA 0.4h
[    117/202] SRR31200167  3.1% classified  | 0.1/s  ETA 0.4h
[    118/202] SRR11216263  0.4% classified  | 0.1/s  ETA 0.4h
[    119/202] SRR2922399  1.4% classified  | 0.1/s  ETA 0.4h
[    120/202] SRR25015529  2.1% classified  | 0.1/s  ETA 0.4h
[    121/202] SRR21195576  0.5% classified  | 0.1/s  ETA 0.4h
[    122/202] SRR20324132  11.2% classified  | 0.1/s  ETA 0.4h
[    123/202] SRR11216301  0.2% classified  | 0.1/s  ETA 0.3h
[    124/202] SRR20324145  1.1% classified  | 0.1/s  ETA 0.3h
[    125/202] SRR11928842  0.1% classified  | 0.1/s  ETA 0.3h
[    126/202] SRR28475137  21.0% classified  | 0.1/s  ETA 0.3h
[    127/202] SRR16930846  79.8% classified  | 0.1/s  ETA 0.3h
[    128/202] SRR9673812  0.9% classified  | 0.1/s  ETA 0.3h
[    129/202] SRR33583435  0.3% classified  | 0.1/s  ETA 0.3h
[    130/202] SRR27326329  46.9% classified  | 0.1/s  ETA 0.3h
[    131/202] SRR2922435  7.8% classified  | 0.1/s  ETA 0.3h
[    132/202] SRR15141447  25.1% classified  | 0.1/s  ETA 0.3h
[    133/202] SRR15141435  2.7% classified  | 0.1/s  ETA 0.3h
[    134/202] SRR38293580  39.7% classified  | 0.1/s  ETA 0.3h
[    135/202] SRR2517428  5.0% classified  | 0.1/s  ETA 0.3h
[    136/202] SRR8204151  6.6% classified  | 0.1/s  ETA 0.3h
[    137/202] SRR31514632  0.5% classified  | 0.1/s  ETA 0.3h
[    138/202] SRR8204126  38.5% classified  | 0.1/s  ETA 0.3h
[    139/202] SRR24737259  9.3% classified  | 0.1/s  ETA 0.3h
[    140/202] SRR33696075  53.0% classified  | 0.1/s  ETA 0.3h
[    141/202] SRR36950019  2.6% classified  | 0.1/s  ETA 0.3h
[    142/202] ERR10886999  35.2% classified  | 0.1/s  ETA 0.3h
[    143/202] SRR8418306  17.1% classified  | 0.1/s  ETA 0.3h
[    144/202] SRR8418272  10.2% classified  | 0.1/s  ETA 0.3h
[    145/202] SRR8418329  13.1% classified  | 0.1/s  ETA 0.3h
[    146/202] SRR10291783  44.5% classified  | 0.1/s  ETA 0.3h
[    147/202] SRR8418304  13.3% classified  | 0.1/s  ETA 0.3h
[    148/202] ERR10886911  5.9% classified  | 0.1/s  ETA 0.3h
[    149/202] ERR10886923  13.2% classified  | 0.1/s  ETA 0.2h
[    150/202] ERR10886955  12.4% classified  | 0.1/s  ETA 0.2h
[    151/202] ERR7421544  22.1% classified  | 0.1/s  ETA 0.2h
[    152/202] ERR7421535  63.4% classified  | 0.1/s  ETA 0.2h
[    153/202] ERR10886984  11.3% classified  | 0.1/s  ETA 0.2h
[    154/202] SRR22142976  16.6% classified  | 0.1/s  ETA 0.2h
[    155/202] SRR20999595  13.9% classified  | 0.1/s  ETA 0.2h
[    156/202] SRR30673031  8.6% classified  | 0.1/s  ETA 0.2h
[    157/202] SRR31278119  12.4% classified  | 0.1/s  ETA 0.2h
[    158/202] SRR32959949  11.6% classified  | 0.1/s  ETA 0.2h
[    159/202] SRR36910221  4.3% classified  | 0.1/s  ETA 0.2h
[    160/202] SRR36292440  5.8% classified  | 0.1/s  ETA 0.2h
[    161/202] SRR34300143  8.7% classified  | 0.1/s  ETA 0.2h
[    162/202] SRR36292457  6.7% classified  | 0.1/s  ETA 0.2h
[    163/202] SRR36910255  3.5% classified  | 0.1/s  ETA 0.2h
[    164/202] SRR36367311  7.5% classified  | 0.1/s  ETA 0.2h
[    165/202] SRR36292495  9.7% classified  | 0.1/s  ETA 0.2h
[    166/202] SRR3537156  17.1% classified  | 0.1/s  ETA 0.2h
[    167/202] ERR10926639  2.2% classified  | 0.1/s  ETA 0.2h
[    168/202] SRR36292451  3.4% classified  | 0.1/s  ETA 0.2h
[    169/202] SRR36367277  12.5% classified  | 0.1/s  ETA 0.2h
[    170/202] SRR36292509  13.0% classified  | 0.1/s  ETA 0.2h
[    171/202] SRR36367297  10.6% classified  | 0.1/s  ETA 0.2h
[    172/202] SRR36910237  14.7% classified  | 0.1/s  ETA 0.1h
[    173/202] SRR10053817  1.8% classified  | 0.1/s  ETA 0.1h
[    174/202] SRR11229310  25.0% classified  | 0.1/s  ETA 0.1h
[    175/202] SRR11497316  15.0% classified  | 0.1/s  ETA 0.1h
[    176/202] SRR25969020  9.3% classified  | 0.1/s  ETA 0.1h
[    177/202] SRR36292499  5.3% classified  | 0.1/s  ETA 0.1h
[    178/202] SRR8984116  42.1% classified  | 0.1/s  ETA 0.1h
[    179/202] SRR1793908  4.5% classified  | 0.1/s  ETA 0.1h
[    180/202] SRR36015662  55.6% classified  | 0.1/s  ETA 0.1h
[    181/202] SRR8984109  44.2% classified  | 0.1/s  ETA 0.1h
[    182/202] SRR15833442  16.5% classified  | 0.1/s  ETA 0.1h
[    183/202] SRR6039735  3.1% classified  | 0.1/s  ETA 0.1h
[    184/202] SRR25662795  6.8% classified  | 0.1/s  ETA 0.1h
[    185/202] SRR8569389  10.6% classified  | 0.1/s  ETA 0.1h
[    186/202] SRR21796861  26.4% classified  | 0.1/s  ETA 0.1h
[    187/202] SRR12772440  8.7% classified  | 0.1/s  ETA 0.1h
[    188/202] SRR17207994  11.3% classified  | 0.1/s  ETA 0.1h
[    189/202] SRR10189437  65.0% classified  | 0.1/s  ETA 0.1h
[    190/202] SRR23704262  39.2% classified  | 0.1/s  ETA 0.1h
[    191/202] SRR18064509  4.8% classified  | 0.1/s  ETA 0.1h
[    192/202] SRR3724093  5.5% classified  | 0.1/s  ETA 0.1h
[    193/202] SRR31204181  5.7% classified  | 0.1/s  ETA 0.0h
[    194/202] SRR1284051  4.4% classified  | 0.1/s  ETA 0.0h
[    195/202] SRR36610579  5.3% classified  | 0.1/s  ETA 0.0h
[    196/202] SRR31851394  62.1% classified  | 0.1/s  ETA 0.0h
[    197/202] ERR4352134  4.0% classified  | 0.1/s  ETA 0.0h
[    198/202] SRR14615481  9.7% classified  | 0.1/s  ETA 0.0h
[    199/202] SRR12998696  60.6% classified  | 0.1/s  ETA 0.0h
[    200/202] SRR1774241  19.0% classified  | 0.1/s  ETA 0.0h
[    201/202] SRR35779160  13.4% classified  | 0.1/s  ETA 0.0h
[    202/202] SRR5712016  5.5% classified  | 0.1/s  ETA 0.0h

── Summary ────────────────────────────────────────
  Classified: 202
  Errors:     0
  Elapsed:    1.1h
  Cache:      kraken/output/run/assign/data/kraken_cache.jsonl
