host=nid001202 job=49976464 task=2 cpus=112
Kraken version 2.1.2
Reads read from: kraken/select/data/reads
Raw kraken2 reports will be saved to: kraken/assign/data/reports
Loaded 3,225 runs from kraken/select/data/run_list.tsv (filters: none)
Array task 2/16: 202 runs assigned

Total runs: 3,225 | Already done: 0 | Remaining: 202
Settings: confidence=0.15, min_hit_groups=3, workers=4, kraken_threads=8
DB: kraken/build/data/db_v3
Tmp: /scratch/fl3/llenzo/kraken_tmp

[      1/202] ERR3170209  82.2% classified  | 0.0/s  ETA 6.1h
[      2/202] ERR3170229  82.3% classified  | 0.0/s  ETA 3.7h
[      3/202] ERR3188432  82.4% classified  | 0.0/s  ETA 2.8h
[      4/202] ERR3170265  80.1% classified  | 0.0/s  ETA 2.2h
[      5/202] ERR3170219  82.7% classified  | 0.0/s  ETA 2.4h
[      6/202] ERR3170226  77.1% classified  | 0.0/s  ETA 2.3h
[      7/202] ERR3188483  81.3% classified  | 0.0/s  ETA 2.1h
[      8/202] ERR3188466  75.8% classified  | 0.0/s  ETA 1.9h
[      9/202] ERR1607845  78.3% classified  | 0.0/s  ETA 2.2h
[     10/202] ERR3170260  73.0% classified  | 0.0/s  ETA 2.0h
[     11/202] ERR3170200  75.2% classified  | 0.0/s  ETA 1.8h
[     12/202] ERR1607852  58.8% classified  | 0.0/s  ETA 1.9h
[     13/202] ERR1607803  80.2% classified  | 0.0/s  ETA 1.8h
[     14/202] ERR1607732  81.4% classified  | 0.0/s  ETA 1.9h
[     15/202] ERR1607742  83.9% classified  | 0.0/s  ETA 1.8h
[     16/202] ERR1607839  77.4% classified  | 0.0/s  ETA 1.7h
[     17/202] ERR1607809  79.3% classified  | 0.0/s  ETA 1.6h
[     18/202] ERR15005444  82.3% classified  | 0.0/s  ETA 1.8h
[     19/202] ERR15005451  67.0% classified  | 0.0/s  ETA 1.7h
[     20/202] ERR15005488  45.5% classified  | 0.0/s  ETA 1.6h
[     21/202] ERR15005481  41.4% classified  | 0.0/s  ETA 1.7h
[     22/202] ERR15005446  81.7% classified  | 0.0/s  ETA 1.7h
[     23/202] ERR15005539  44.5% classified  | 0.0/s  ETA 1.7h
[     24/202] ERR12013059  72.0% classified  | 0.0/s  ETA 1.6h
[     25/202] ERR12013065  83.6% classified  | 0.0/s  ETA 1.6h
[     26/202] ERR12013056  84.3% classified  | 0.0/s  ETA 1.6h
[     27/202] ERR6847871  68.2% classified  | 0.0/s  ETA 1.6h
[     28/202] ERR6847888  80.4% classified  | 0.0/s  ETA 1.6h
[     29/202] SRR29077174  80.4% classified  | 0.0/s  ETA 1.6h
[     30/202] SRR7797543  74.3% classified  | 0.0/s  ETA 1.7h
[     31/202] ERR4315522  72.9% classified  | 0.0/s  ETA 1.6h
[     32/202] ERR4315356  83.1% classified  | 0.0/s  ETA 1.6h
[     33/202] ERR4315401  79.0% classified  | 0.0/s  ETA 1.7h
[     34/202] ERR4761821  78.7% classified  | 0.0/s  ETA 1.6h
[     35/202] ERR4315582  79.0% classified  | 0.0/s  ETA 1.6h
[     36/202] ERR4315526  81.7% classified  | 0.0/s  ETA 1.6h
[     37/202] ERR4315164  85.1% classified  | 0.0/s  ETA 1.6h
[     38/202] ERR4315279  79.3% classified  | 0.0/s  ETA 1.6h
[     39/202] ERR4315217  39.4% classified  | 0.0/s  ETA 1.5h
[     40/202] ERR4315600  74.4% classified  | 0.0/s  ETA 1.5h
[     41/202] ERR4315254  75.7% classified  | 0.0/s  ETA 1.5h
[     42/202] ERR4315632  82.1% classified  | 0.0/s  ETA 1.5h
[     43/202] ERR4315545  83.8% classified  | 0.0/s  ETA 1.5h
[     44/202] ERR4315434  75.7% classified  | 0.0/s  ETA 1.4h
[     45/202] ERR4315455  80.7% classified  | 0.0/s  ETA 1.4h
[     46/202] ERR4315561  82.6% classified  | 0.0/s  ETA 1.4h
[     47/202] ERR4315598  76.3% classified  | 0.0/s  ETA 1.4h
[     48/202] ERR4315519  86.6% classified  | 0.0/s  ETA 1.4h
[     49/202] ERR4315249  81.9% classified  | 0.0/s  ETA 1.4h
[     50/202] ERR4315381  82.2% classified  | 0.0/s  ETA 1.4h
[     51/202] ERR4315232  83.1% classified  | 0.0/s  ETA 1.3h
[     52/202] ERR4315487  87.7% classified  | 0.0/s  ETA 1.3h
[     53/202] ERR4315456  84.5% classified  | 0.0/s  ETA 1.3h
[     54/202] ERR4315314  81.7% classified  | 0.0/s  ETA 1.3h
[     55/202] ERR4315623  60.1% classified  | 0.0/s  ETA 1.3h
[     56/202] ERR4315188  78.1% classified  | 0.0/s  ETA 1.3h
[     57/202] ERR4315648  69.1% classified  | 0.0/s  ETA 1.3h
[     58/202] ERR4315237  73.8% classified  | 0.0/s  ETA 1.3h
[     59/202] ERR4315344  73.3% classified  | 0.0/s  ETA 1.3h
[     60/202] ERR4315646  77.0% classified  | 0.0/s  ETA 1.2h
[     61/202] ERR4315282  76.2% classified  | 0.0/s  ETA 1.3h
[     62/202] ERR4315528  85.5% classified  | 0.0/s  ETA 1.2h
[     63/202] ERR4315311  76.5% classified  | 0.0/s  ETA 1.2h
[     64/202] ERR3383636  80.0% classified  | 0.0/s  ETA 1.2h
[     65/202] SRR24010216  79.5% classified  | 0.0/s  ETA 1.2h
[     66/202] ERR3856843  41.4% classified  | 0.0/s  ETA 1.3h
[     67/202] SRR24010234  77.2% classified  | 0.0/s  ETA 1.3h
[     68/202] SRR12329589  81.6% classified  | 0.0/s  ETA 1.3h
[     69/202] ERR3856852  78.8% classified  | 0.0/s  ETA 1.3h
[     70/202] SRR23706867  84.6% classified  | 0.0/s  ETA 1.3h
[     71/202] SRR28704969  78.1% classified  | 0.0/s  ETA 1.2h
[     72/202] ERR3500545  84.0% classified  | 0.0/s  ETA 1.2h
[     73/202] ERR3500520  84.3% classified  | 0.0/s  ETA 1.3h
[     74/202] ERR3500513  84.8% classified  | 0.0/s  ETA 1.2h
[     75/202] ERR3500517  82.9% classified  | 0.0/s  ETA 1.2h
[     76/202] SRR1556067  79.5% classified  | 0.0/s  ETA 1.2h
[     77/202] SRR2185183  94.9% classified  | 0.0/s  ETA 1.2h
[     78/202] SRR22139838  8.8% classified  | 0.0/s  ETA 1.2h
[     79/202] SRR391829  65.2% classified  | 0.0/s  ETA 1.2h
[     80/202] SRR6242063  71.9% classified  | 0.0/s  ETA 1.2h
[     81/202] SRR1562079  83.9% classified  | 0.0/s  ETA 1.1h
[     82/202] SRR1562080  82.2% classified  | 0.0/s  ETA 1.1h
[     83/202] SRR32620563  84.9% classified  | 0.0/s  ETA 1.2h
[     84/202] ERR789372  75.8% classified  | 0.0/s  ETA 1.1h
[     85/202] SRR12149188  85.2% classified  | 0.0/s  ETA 1.1h
[     86/202] SRR8718834  91.6% classified  | 0.0/s  ETA 1.1h
[     87/202] SRR8718802  93.8% classified  | 0.0/s  ETA 1.1h
[     88/202] SRR8718794  96.6% classified  | 0.0/s  ETA 1.1h
[     89/202] SRR8718820  92.8% classified  | 0.0/s  ETA 1.1h
[     90/202] ERR13105569  80.9% classified  | 0.0/s  ETA 1.2h
[     91/202] ERR13150773  84.6% classified  | 0.0/s  ETA 1.2h
[     92/202] ERR13159077  81.0% classified  | 0.0/s  ETA 1.2h
[     93/202] SRR34026579  75.9% classified  | 0.0/s  ETA 1.2h
[     94/202] SRR3750715  86.8% classified  | 0.0/s  ETA 1.2h
[     95/202] SRR9684530  60.2% classified  | 0.0/s  ETA 1.2h
[     96/202] SRR6242036  82.3% classified  | 0.0/s  ETA 1.1h
[     97/202] SRR1561422  82.7% classified  | 0.0/s  ETA 1.1h
[     98/202] SRR3750726  77.1% classified  | 0.0/s  ETA 1.1h
[     99/202] SRR3750700  88.2% classified  | 0.0/s  ETA 1.1h
[    100/202] ERR5928182  82.6% classified  | 0.0/s  ETA 1.1h
[    101/202] ERR5928176  81.0% classified  | 0.0/s  ETA 1.1h
[    102/202] SRR21195570  85.0% classified  | 0.0/s  ETA 1.1h
[    103/202] SRR21195563  84.5% classified  | 0.0/s  ETA 1.1h
[    104/202] ERR5928180  83.8% classified  | 0.0/s  ETA 1.0h
[    105/202] ERR5928209  82.4% classified  | 0.0/s  ETA 1.0h
[    106/202] SRR9127601  71.2% classified  | 0.0/s  ETA 1.0h
[    107/202] SRR14871461  86.9% classified  | 0.0/s  ETA 1.0h
[    108/202] SRR14871478  83.1% classified  | 0.0/s  ETA 1.0h
[    109/202] ERR5696224  93.7% classified  | 0.0/s  ETA 1.0h
[    110/202] SRR31200153  90.6% classified  | 0.0/s  ETA 1.0h
[    111/202] ERR5696239  91.6% classified  | 0.0/s  ETA 1.0h
[    112/202] ERR6548347  91.8% classified  | 0.0/s  ETA 1.0h
[    113/202] ERR6548343  91.2% classified  | 0.0/s  ETA 1.0h
[    114/202] ERR5696290  91.5% classified  | 0.0/s  ETA 0.9h
[    115/202] ERR5696261  91.1% classified  | 0.0/s  ETA 0.9h
[    116/202] ERR5696229  92.0% classified  | 0.0/s  ETA 0.9h
[    117/202] ERR5696249  91.7% classified  | 0.0/s  ETA 0.9h
[    118/202] SRR4296238  72.6% classified  | 0.0/s  ETA 0.9h
[    119/202] SRR12888335  61.9% classified  | 0.0/s  ETA 0.9h
[    120/202] SRR11216262  23.2% classified  | 0.0/s  ETA 0.9h
[    121/202] SRR20324149  87.5% classified  | 0.0/s  ETA 0.8h
[    122/202] SRR11216265  9.4% classified  | 0.0/s  ETA 0.8h
[    123/202] ERR4421878  55.8% classified  | 0.0/s  ETA 0.8h
[    124/202] SRR8733381  64.3% classified  | 0.0/s  ETA 0.8h
[    125/202] SRR2517436  77.0% classified  | 0.0/s  ETA 0.8h
[    126/202] SRR33696076  82.1% classified  | 0.0/s  ETA 0.8h
[    127/202] SRR2518230  44.7% classified  | 0.0/s  ETA 0.8h
[    128/202] SRR10221950  86.1% classified  | 0.0/s  ETA 0.8h
[    129/202] SRR31514625  87.2% classified  | 0.0/s  ETA 0.8h
[    130/202] SRR15357734  92.1% classified  | 0.0/s  ETA 0.8h
[    131/202] SRR28147553  15.6% classified  | 0.0/s  ETA 0.8h
[    132/202] SRR28475112  96.2% classified  | 0.0/s  ETA 0.8h
[    133/202] SRR8640195  93.1% classified  | 0.0/s  ETA 0.8h
[    134/202] SRR7873467  59.8% classified  | 0.0/s  ETA 0.7h
[    135/202] SRR11928940  35.5% classified  | 0.0/s  ETA 0.7h
[    136/202] SRR8204133  85.5% classified  | 0.0/s  ETA 0.7h
[    137/202] SRR15141411  73.7% classified  | 0.0/s  ETA 0.7h
[    138/202] SRR8204128  59.6% classified  | 0.0/s  ETA 0.7h
[    139/202] SRR15141292  75.0% classified  | 0.0/s  ETA 0.7h
[    140/202] SRR24737260  78.5% classified  | 0.0/s  ETA 0.7h
[    141/202] SRR10291786  76.0% classified  | 0.0/s  ETA 0.7h
[    142/202] ERR10886996  83.2% classified  | 0.0/s  ETA 0.7h
[    143/202] ERR10886967  83.8% classified  | 0.0/s  ETA 0.7h
[    144/202] ERR10886941  85.1% classified  | 0.0/s  ETA 0.7h
[    145/202] ERR10886981  82.8% classified  | 0.0/s  ETA 0.7h
[    146/202] ERR10886961  90.8% classified  | 0.0/s  ETA 0.7h
[    147/202] SRR30673024  86.4% classified  | 0.0/s  ETA 0.7h
[    148/202] SRR8418276  65.8% classified  | 0.0/s  ETA 0.6h
[    149/202] SRR31278123  79.2% classified  | 0.0/s  ETA 0.6h
[    150/202] SRR8418333  58.2% classified  | 0.0/s  ETA 0.6h
[    151/202] SRR8418271  54.0% classified  | 0.0/s  ETA 0.6h
[    152/202] SRR8418379  63.8% classified  | 0.0/s  ETA 0.6h
[    153/202] SRR33846332  85.8% classified  | 0.0/s  ETA 0.6h
[    154/202] SRR9276710  84.1% classified  | 0.0/s  ETA 0.6h
[    155/202] ERR7421543  70.3% classified  | 0.0/s  ETA 0.6h
[    156/202] SRR36950017  39.6% classified  | 0.0/s  ETA 0.6h
[    157/202] SRR32959948  83.4% classified  | 0.0/s  ETA 0.5h
[    158/202] SRR6218748  83.6% classified  | 0.0/s  ETA 0.5h
[    159/202] SRR36292470  61.1% classified  | 0.0/s  ETA 0.5h
[    160/202] ERR10926707  89.6% classified  | 0.0/s  ETA 0.5h
[    161/202] SRR36910254  26.0% classified  | 0.0/s  ETA 0.5h
[    162/202] SRR36367314  63.6% classified  | 0.0/s  ETA 0.5h
[    163/202] SRR34300159  26.9% classified  | 0.0/s  ETA 0.5h
[    164/202] SRR36292502  55.5% classified  | 0.0/s  ETA 0.5h
[    165/202] SRR36292493  58.4% classified  | 0.0/s  ETA 0.5h
[    166/202] SRR36910239  25.5% classified  | 0.0/s  ETA 0.4h
[    167/202] SRR36367321  65.6% classified  | 0.0/s  ETA 0.4h
[    168/202] SRR36367295  55.5% classified  | 0.0/s  ETA 0.4h
[    169/202] SRR36367273  67.2% classified  | 0.0/s  ETA 0.4h
[    170/202] SRR36367282  64.5% classified  | 0.0/s  ETA 0.4h
[    171/202] SRR10053813  75.6% classified  | 0.0/s  ETA 0.4h
[    172/202] SRR36910196  38.9% classified  | 0.0/s  ETA 0.4h
[    173/202] SRR36292456  59.5% classified  | 0.0/s  ETA 0.4h
[    174/202] SRR34300129  29.1% classified  | 0.0/s  ETA 0.4h
[    175/202] SRR25969011  89.6% classified  | 0.0/s  ETA 0.3h
[    176/202] SRR25968991  87.1% classified  | 0.0/s  ETA 0.3h
[    177/202] SRR30126662  81.7% classified  | 0.0/s  ETA 0.3h
[    178/202] SRR11497317  72.8% classified  | 0.0/s  ETA 0.3h
[    179/202] SRR8984112  80.2% classified  | 0.0/s  ETA 0.3h
[    180/202] SRR26511466  85.8% classified  | 0.0/s  ETA 0.3h
[    181/202] SRR32660886  78.9% classified  | 0.0/s  ETA 0.3h
[    182/202] SRR8568983  85.5% classified  | 0.0/s  ETA 0.2h
[    183/202] SRR6039731  79.3% classified  | 0.0/s  ETA 0.2h
[    184/202] SRR6039726  78.6% classified  | 0.0/s  ETA 0.2h
[    185/202] SRR21796865  88.1% classified  | 0.0/s  ETA 0.2h
[    186/202] SRR37491898  21.4% classified  | 0.0/s  ETA 0.2h
[    187/202] SRR32467368  84.9% classified  | 0.0/s  ETA 0.2h
[    188/202] SRR19891823  86.0% classified  | 0.0/s  ETA 0.2h
[    189/202] SRR7526694  74.8% classified  | 0.0/s  ETA 0.2h
[    190/202] SRR14224153  89.9% classified  | 0.0/s  ETA 0.2h
[    191/202] SRR12998704  82.8% classified  | 0.0/s  ETA 0.1h
[    192/202] SRR36993192  90.8% classified  | 0.0/s  ETA 0.1h
[    193/202] SRR31776302  92.9% classified  | 0.0/s  ETA 0.1h
[    194/202] SRR10189447  60.8% classified  | 0.0/s  ETA 0.1h
[    195/202] SRR36610578  91.0% classified  | 0.0/s  ETA 0.1h
[    196/202] SRR31204179  89.7% classified  | 0.0/s  ETA 0.1h
[    197/202] DRR342061  68.4% classified  | 0.0/s  ETA 0.1h
[    198/202] SRR8416458  75.0% classified  | 0.0/s  ETA 0.0h
[    199/202] SRR3724076  80.2% classified  | 0.0/s  ETA 0.0h
[    200/202] SRR3724153  76.1% classified  | 0.0/s  ETA 0.0h
[    201/202] ERR986115  72.2% classified  | 0.0/s  ETA 0.0h
[    202/202] SRR1777451  72.0% classified  | 0.0/s  ETA 0.0h

── Summary ────────────────────────────────────────
  Classified: 202
  Errors:     0
  Elapsed:    2.5h
  Cache:      kraken/assign/data/kraken_cache.jsonl
