host=nid001519 job=49402294 task=14 cpus=112
Kraken version 2.1.2
Reads read from: kraken/output/run/select/data/reads
Raw kraken2 reports will be saved to: kraken/output/run/assign/data/reports
Loaded 3,225 runs from kraken/output/run/select/data/run_list.tsv (filters: none)
Array task 14/16: 201 runs assigned

Total runs: 3,225 | Already done: 0 | Remaining: 201
Settings: confidence=0.15, min_hit_groups=3, workers=8, kraken_threads=4
DB: kraken/output/db/build/data/db_v2
Tmp: /scratch/fl3/llenzo/kraken_tmp

[      1/201] ERR3188482  57.4% classified  | 0.0/s  ETA 6.9h
[      2/201] ERR3170251  60.0% classified  | 0.0/s  ETA 4.3h
[      3/201] ERR3170205  60.9% classified  | 0.0/s  ETA 3.0h
[      4/201] ERR3188453  52.2% classified  | 0.0/s  ETA 2.3h
[      5/201] ERR3188447  51.8% classified  | 0.0/s  ETA 1.9h
[      6/201] ERR3170230  63.3% classified  | 0.0/s  ETA 1.6h
[      7/201] ERR3188444  34.9% classified  | 0.0/s  ETA 1.4h
[      8/201] ERR3170207  65.1% classified  | 0.0/s  ETA 1.3h
[      9/201] ERR3170247  14.7% classified  | 0.0/s  ETA 1.2h
[     10/201] ERR1607813  54.4% classified  | 0.0/s  ETA 1.1h
[     11/201] ERR1607756  21.0% classified  | 0.0/s  ETA 1.1h
[     12/201] ERR1607735  27.1% classified  | 0.0/s  ETA 1.1h
[     13/201] ERR1607795  55.7% classified  | 0.1/s  ETA 1.0h
[     14/201] ERR1607856  43.2% classified  | 0.1/s  ETA 1.0h
[     15/201] ERR15005484  25.2% classified  | 0.0/s  ETA 1.1h
[     16/201] ERR1607798  22.5% classified  | 0.0/s  ETA 1.0h
[     17/201] ERR1607729  33.9% classified  | 0.1/s  ETA 1.0h
[     18/201] ERR15005468  16.7% classified  | 0.1/s  ETA 1.0h
[     19/201] ERR15005471  22.7% classified  | 0.1/s  ETA 0.9h
[     20/201] ERR12013034  65.6% classified  | 0.1/s  ETA 1.0h
[     21/201] ERR15005527  23.2% classified  | 0.1/s  ETA 0.9h
[     22/201] ERR15005453  27.4% classified  | 0.1/s  ETA 0.9h
[     23/201] ERR12013039  26.1% classified  | 0.1/s  ETA 0.9h
[     24/201] ERR12013070  26.4% classified  | 0.1/s  ETA 0.8h
[     25/201] ERR15005477  28.3% classified  | 0.1/s  ETA 0.8h
[     26/201] ERR4315676  65.4% classified  | 0.1/s  ETA 0.9h
[     27/201] ERR4315297  47.8% classified  | 0.1/s  ETA 0.8h
[     28/201] ERR4315540  57.7% classified  | 0.1/s  ETA 0.8h
[     29/201] ERR15005489  29.9% classified  | 0.1/s  ETA 0.8h
[     30/201] SRR7797544  65.9% classified  | 0.1/s  ETA 0.8h
[     31/201] ERR6847880  63.5% classified  | 0.1/s  ETA 0.8h
[     32/201] ERR4315605  68.5% classified  | 0.1/s  ETA 0.8h
[     33/201] ERR4315565  53.0% classified  | 0.1/s  ETA 0.8h
[     34/201] ERR4315334  44.3% classified  | 0.1/s  ETA 0.8h
[     35/201] ERR4315224  48.4% classified  | 0.1/s  ETA 0.8h
[     36/201] SRR29077178  43.5% classified  | 0.1/s  ETA 0.7h
[     37/201] ERR4315362  46.0% classified  | 0.1/s  ETA 0.7h
[     38/201] ERR4315347  49.7% classified  | 0.1/s  ETA 0.7h
[     39/201] ERR4315593  34.7% classified  | 0.1/s  ETA 0.7h
[     40/201] ERR4315446  17.8% classified  | 0.1/s  ETA 0.7h
[     41/201] ERR4315644  25.7% classified  | 0.1/s  ETA 0.7h
[     42/201] ERR4315566  27.1% classified  | 0.1/s  ETA 0.7h
[     43/201] ERR4315337  63.4% classified  | 0.1/s  ETA 0.7h
[     44/201] ERR4315454  17.4% classified  | 0.1/s  ETA 0.7h
[     45/201] ERR4315243  59.5% classified  | 0.1/s  ETA 0.7h
[     46/201] ERR4315176  39.8% classified  | 0.1/s  ETA 0.7h
[     47/201] ERR4315437  55.4% classified  | 0.1/s  ETA 0.7h
[     48/201] ERR4315418  39.8% classified  | 0.1/s  ETA 0.7h
[     49/201] ERR4315628  23.5% classified  | 0.1/s  ETA 0.7h
[     50/201] ERR4315597  48.5% classified  | 0.1/s  ETA 0.6h
[     51/201] ERR4315169  23.9% classified  | 0.1/s  ETA 0.6h
[     52/201] ERR4315393  49.5% classified  | 0.1/s  ETA 0.6h
[     53/201] ERR4315411  55.4% classified  | 0.1/s  ETA 0.6h
[     54/201] ERR4315488  48.3% classified  | 0.1/s  ETA 0.6h
[     55/201] ERR4315275  54.6% classified  | 0.1/s  ETA 0.6h
[     56/201] ERR4315166  53.4% classified  | 0.1/s  ETA 0.6h
[     57/201] ERR4315216  36.9% classified  | 0.1/s  ETA 0.6h
[     58/201] ERR4315654  37.3% classified  | 0.1/s  ETA 0.6h
[     59/201] ERR4315213  42.1% classified  | 0.1/s  ETA 0.6h
[     60/201] ERR4315584  58.6% classified  | 0.1/s  ETA 0.6h
[     61/201] ERR4315484  60.9% classified  | 0.1/s  ETA 0.5h
[     62/201] ERR4315634  49.6% classified  | 0.1/s  ETA 0.6h
[     63/201] SRR24010225  65.2% classified  | 0.1/s  ETA 0.6h
[     64/201] ERR3856823  43.3% classified  | 0.1/s  ETA 0.6h
[     65/201] ERR3856819  30.4% classified  | 0.1/s  ETA 0.6h
[     66/201] SRR24010250  28.1% classified  | 0.1/s  ETA 0.6h
[     67/201] ERR3383639  64.9% classified  | 0.1/s  ETA 0.6h
[     68/201] SRR7753255  5.5% classified  | 0.1/s  ETA 0.6h
[     69/201] SRR28704971  41.8% classified  | 0.1/s  ETA 0.6h
[     70/201] SRR1576784  20.9% classified  | 0.1/s  ETA 0.6h
[     71/201] SRR1576651  30.9% classified  | 0.1/s  ETA 0.6h
[     72/201] ERR3500535  2.2% classified  | 0.1/s  ETA 0.6h
[     73/201] ERR3500541  4.4% classified  | 0.1/s  ETA 0.6h
[     74/201] SRR1575605  26.8% classified  | 0.1/s  ETA 0.6h
[     75/201] SRR23706861  2.9% classified  | 0.1/s  ETA 0.6h
[     76/201] ERR3500505  1.5% classified  | 0.1/s  ETA 0.6h
[     77/201] SRR391837  15.7% classified  | 0.1/s  ETA 0.6h
[     78/201] ERR13340220  27.9% classified  | 0.1/s  ETA 0.6h
[     79/201] SRR5904040  4.0% classified  | 0.1/s  ETA 0.6h
[     80/201] ERR3500557  5.8% classified  | 0.1/s  ETA 0.6h
[     81/201] SRR6242046  0.9% classified  | 0.1/s  ETA 0.6h
[     82/201] SRR32620573  54.9% classified  | 0.1/s  ETA 0.5h
[     83/201] SRR32620565  43.7% classified  | 0.1/s  ETA 0.5h
[     84/201] ERR789380  75.8% classified  | 0.1/s  ETA 0.5h
[     85/201] ERR2099153  40.5% classified  | 0.1/s  ETA 0.5h
[     86/201] SRR8718824  11.2% classified  | 0.1/s  ETA 0.5h
[     87/201] ERR13107174  5.5% classified  | 0.1/s  ETA 0.5h
[     88/201] SRR8718807  8.0% classified  | 0.1/s  ETA 0.5h
[     89/201] ERR13108582  1.2% classified  | 0.1/s  ETA 0.5h
[     90/201] SRR6242027  13.9% classified  | 0.1/s  ETA 0.5h
[     91/201] SRR8718845  0.8% classified  | 0.1/s  ETA 0.5h
[     92/201] SRR8718831  0.4% classified  | 0.1/s  ETA 0.5h
[     93/201] SRR34026589  3.4% classified  | 0.1/s  ETA 0.5h
[     94/201] SRR3750723  12.8% classified  | 0.1/s  ETA 0.5h
[     95/201] SRR3750693  2.9% classified  | 0.1/s  ETA 0.5h
[     96/201] SRR3750710  3.8% classified  | 0.1/s  ETA 0.5h
[     97/201] ERR5928220  1.2% classified  | 0.1/s  ETA 0.5h
[     98/201] SRR2874389  10.1% classified  | 0.1/s  ETA 0.5h
[     99/201] ERR5928164  1.2% classified  | 0.1/s  ETA 0.5h
[    100/201] SRR20695272  20.9% classified  | 0.1/s  ETA 0.5h
[    101/201] ERR5928201  3.0% classified  | 0.1/s  ETA 0.5h
[    102/201] ERR5928159  15.2% classified  | 0.1/s  ETA 0.5h
[    103/201] ERR5928216  1.1% classified  | 0.1/s  ETA 0.4h
[    104/201] ERR5696205  1.1% classified  | 0.1/s  ETA 0.4h
[    105/201] SRR21195566  0.7% classified  | 0.1/s  ETA 0.4h
[    106/201] ERR5696285  1.4% classified  | 0.1/s  ETA 0.4h
[    107/201] ERR5696304  4.3% classified  | 0.1/s  ETA 0.4h
[    108/201] SRR14871467  72.5% classified  | 0.1/s  ETA 0.4h
[    109/201] SRR9684524  7.5% classified  | 0.1/s  ETA 0.4h
[    110/201] SRR14871471  1.0% classified  | 0.1/s  ETA 0.4h
[    111/201] ERR5696227  1.7% classified  | 0.1/s  ETA 0.4h
[    112/201] ERR5696294  3.1% classified  | 0.1/s  ETA 0.4h
[    113/201] ERR5696284  1.8% classified  | 0.1/s  ETA 0.4h
[    114/201] ERR5696207  1.2% classified  | 0.1/s  ETA 0.4h
[    115/201] SRR11216276  0.6% classified  | 0.1/s  ETA 0.4h
[    116/201] SRR2920794  7.5% classified  | 0.1/s  ETA 0.4h
[    117/201] ERR6548386  5.5% classified  | 0.1/s  ETA 0.4h
[    118/201] SRR12888333  0.3% classified  | 0.1/s  ETA 0.4h
[    119/201] ERR6548346  1.7% classified  | 0.1/s  ETA 0.4h
[    120/201] ERR4421879  34.1% classified  | 0.1/s  ETA 0.4h
[    121/201] SRR11216311  0.6% classified  | 0.1/s  ETA 0.4h
[    122/201] SRR20324128  4.2% classified  | 0.1/s  ETA 0.4h
[    123/201] SRR31200155  14.2% classified  | 0.1/s  ETA 0.4h
[    124/201] SRR2922443  5.4% classified  | 0.1/s  ETA 0.4h
[    125/201] SRR38293577  17.4% classified  | 0.1/s  ETA 0.4h
[    126/201] SRR8733385  20.9% classified  | 0.1/s  ETA 0.4h
[    127/201] SRR28475145  18.6% classified  | 0.1/s  ETA 0.3h
[    128/201] SRR18070413  6.8% classified  | 0.1/s  ETA 0.3h
[    129/201] SRR6041851  2.4% classified  | 0.1/s  ETA 0.3h
[    130/201] SRR17609703  20.2% classified  | 0.1/s  ETA 0.3h
[    131/201] SRR27326462  44.0% classified  | 0.1/s  ETA 0.3h
[    132/201] SRR7500374  0.8% classified  | 0.1/s  ETA 0.3h
[    133/201] SRR15141080  17.1% classified  | 0.1/s  ETA 0.3h
[    134/201] SRR15141141  24.6% classified  | 0.1/s  ETA 0.3h
[    135/201] SRR15141159  28.5% classified  | 0.1/s  ETA 0.3h
[    136/201] SRR11928841  0.2% classified  | 0.1/s  ETA 0.3h
[    137/201] SRR24283998  0.2% classified  | 0.1/s  ETA 0.3h
[    138/201] SRR32920599  53.0% classified  | 0.1/s  ETA 0.3h
[    139/201] SRR8204124  33.0% classified  | 0.1/s  ETA 0.3h
[    140/201] SRR33696088  59.8% classified  | 0.1/s  ETA 0.3h
[    141/201] ERR10886930  19.0% classified  | 0.1/s  ETA 0.3h
[    142/201] SRR8418247  7.0% classified  | 0.1/s  ETA 0.3h
[    143/201] ERR1360186  11.5% classified  | 0.1/s  ETA 0.3h
[    144/201] SRR8418340  30.3% classified  | 0.1/s  ETA 0.3h
[    145/201] SRR8418245  12.8% classified  | 0.1/s  ETA 0.3h
[    146/201] SRR10291766  40.4% classified  | 0.1/s  ETA 0.3h
[    147/201] SRR8418331  4.5% classified  | 0.1/s  ETA 0.3h
[    148/201] SRR3498313  6.9% classified  | 0.1/s  ETA 0.3h
[    149/201] ERR10886995  15.1% classified  | 0.1/s  ETA 0.3h
[    150/201] SRR31850421  0.4% classified  | 0.1/s  ETA 0.2h
[    151/201] ERR7421526  54.4% classified  | 0.1/s  ETA 0.2h
[    152/201] ERR10886906  6.7% classified  | 0.1/s  ETA 0.2h
[    153/201] ERR10886942  7.2% classified  | 0.1/s  ETA 0.2h
[    154/201] SRR33846324  8.0% classified  | 0.1/s  ETA 0.2h
[    155/201] SRR32959946  13.3% classified  | 0.1/s  ETA 0.2h
[    156/201] SRR32959939  11.2% classified  | 0.1/s  ETA 0.2h
[    157/201] ERR10887004  24.5% classified  | 0.1/s  ETA 0.2h
[    158/201] SRR6218756  20.8% classified  | 0.1/s  ETA 0.2h
[    159/201] SRR34300133  4.6% classified  | 0.1/s  ETA 0.2h
[    160/201] SRR34300145  7.4% classified  | 0.1/s  ETA 0.2h
[    161/201] SRR36910197  7.5% classified  | 0.1/s  ETA 0.2h
[    162/201] SRR36910227  6.4% classified  | 0.1/s  ETA 0.2h
[    163/201] SRR36367316  15.9% classified  | 0.1/s  ETA 0.2h
[    164/201] SRR34300149  7.3% classified  | 0.1/s  ETA 0.2h
[    165/201] ERR10926698  2.8% classified  | 0.1/s  ETA 0.2h
[    166/201] SRR36367312  7.6% classified  | 0.1/s  ETA 0.2h
[    167/201] SRR26081708  11.2% classified  | 0.1/s  ETA 0.2h
[    168/201] SRR36910207  5.8% classified  | 0.1/s  ETA 0.2h
[    169/201] SRR36910203  3.1% classified  | 0.1/s  ETA 0.2h
[    170/201] SRR36910206  3.1% classified  | 0.1/s  ETA 0.2h
[    171/201] SRR25969019  11.7% classified  | 0.1/s  ETA 0.2h
[    172/201] SRR11497315  10.9% classified  | 0.1/s  ETA 0.1h
[    173/201] SRR36910232  6.0% classified  | 0.1/s  ETA 0.1h
[    174/201] SRR1975197  48.1% classified  | 0.1/s  ETA 0.1h
[    175/201] SRR30126654  5.1% classified  | 0.1/s  ETA 0.1h
[    176/201] SRR26214568  24.1% classified  | 0.1/s  ETA 0.1h
[    177/201] SRR8984105  46.3% classified  | 0.1/s  ETA 0.1h
[    178/201] SRR36910201  5.3% classified  | 0.1/s  ETA 0.1h
[    179/201] SRR36292505  9.1% classified  | 0.1/s  ETA 0.1h
[    180/201] SRR37491910  7.7% classified  | 0.1/s  ETA 0.1h
[    181/201] SRR1793909  2.6% classified  | 0.1/s  ETA 0.1h
[    182/201] SRR28718299  57.7% classified  | 0.1/s  ETA 0.1h
[    183/201] SRR26511474  4.4% classified  | 0.1/s  ETA 0.1h
[    184/201] SRR30977603  2.2% classified  | 0.1/s  ETA 0.1h
[    185/201] SRR3571662  4.2% classified  | 0.1/s  ETA 0.1h
[    186/201] SRR6039724  2.8% classified  | 0.1/s  ETA 0.1h
[    187/201] SRR24956700  7.2% classified  | 0.1/s  ETA 0.1h
[    188/201] SRR26387392  9.0% classified  | 0.1/s  ETA 0.1h
[    189/201] SRR14224164  6.2% classified  | 0.1/s  ETA 0.1h
[    190/201] SRR18428225  10.7% classified  | 0.1/s  ETA 0.1h
[    191/201] SRR9129829  3.9% classified  | 0.1/s  ETA 0.1h
[    192/201] ERR990489  6.7% classified  | 0.1/s  ETA 0.0h
[    193/201] SRR6292066  43.4% classified  | 0.1/s  ETA 0.0h
[    194/201] SRR12998698  63.5% classified  | 0.1/s  ETA 0.0h
[    195/201] SRR8416456  7.4% classified  | 0.1/s  ETA 0.0h
[    196/201] SRR36993193  9.2% classified  | 0.1/s  ETA 0.0h
[    197/201] SRR3724158  3.2% classified  | 0.1/s  ETA 0.0h
[    198/201] SRR3724136  23.7% classified  | 0.1/s  ETA 0.0h
[    199/201] SRR14843613  4.0% classified  | 0.1/s  ETA 0.0h
[    200/201] SRR919335  2.5% classified  | 0.1/s  ETA 0.0h
[    201/201] SRR27846622  15.6% classified  | 0.1/s  ETA 0.0h

── Summary ────────────────────────────────────────
  Classified: 201
  Errors:     0
  Elapsed:    1.1h
  Cache:      kraken/output/run/assign/data/kraken_cache.jsonl
