host=nid002316 job=49402275 task=0 cpus=112
Kraken version 2.1.2
Reads read from: kraken/output/run/select/data/reads
Raw kraken2 reports will be saved to: kraken/output/run/assign/data/reports
Loaded 3,225 runs from kraken/output/run/select/data/run_list.tsv (filters: none)
Array task 0/16: 202 runs assigned

Total runs: 3,225 | Already done: 0 | Remaining: 202
Settings: confidence=0.15, min_hit_groups=3, workers=8, kraken_threads=4
DB: kraken/output/db/build/data/db_v2
Tmp: /scratch/fl3/llenzo/kraken_tmp

[      1/202] ERR3170197  60.8% classified  | 0.0/s  ETA 9.8h
[      2/202] ERR3188478  42.3% classified  | 0.0/s  ETA 5.1h
[      3/202] ERR3188440  54.7% classified  | 0.0/s  ETA 3.7h
[      4/202] ERR3170220  34.4% classified  | 0.0/s  ETA 2.8h
[      5/202] ERR3188479  35.0% classified  | 0.0/s  ETA 2.3h
[      6/202] ERR3188446  34.9% classified  | 0.0/s  ETA 1.9h
[      7/202] ERR3188450  46.5% classified  | 0.0/s  ETA 1.7h
[      8/202] ERR3170234  59.4% classified  | 0.0/s  ETA 1.4h
[      9/202] ERR1607862  42.0% classified  | 0.0/s  ETA 1.6h
[     10/202] ERR1607838  54.6% classified  | 0.0/s  ETA 1.5h
[     11/202] ERR1607842  44.2% classified  | 0.0/s  ETA 1.4h
[     12/202] ERR3188456  28.5% classified  | 0.0/s  ETA 1.3h
[     13/202] ERR1607765  43.8% classified  | 0.0/s  ETA 1.2h
[     14/202] ERR3170184  51.5% classified  | 0.0/s  ETA 1.1h
[     15/202] ERR1607819  46.7% classified  | 0.0/s  ETA 1.1h
[     16/202] ERR1607733  31.8% classified  | 0.0/s  ETA 1.1h
[     17/202] ERR15005505  16.8% classified  | 0.0/s  ETA 1.1h
[     18/202] ERR15005460  6.3% classified  | 0.0/s  ETA 1.1h
[     19/202] ERR15005466  19.0% classified  | 0.0/s  ETA 1.1h
[     20/202] ERR15005501  26.2% classified  | 0.0/s  ETA 1.1h
[     21/202] ERR1607775  15.5% classified  | 0.0/s  ETA 1.0h
[     22/202] ERR15005497  23.0% classified  | 0.1/s  ETA 1.0h
[     23/202] ERR15005530  13.8% classified  | 0.1/s  ETA 1.0h
[     24/202] ERR12013047  32.2% classified  | 0.1/s  ETA 1.0h
[     25/202] ERR15005535  17.7% classified  | 0.1/s  ETA 0.9h
[     26/202] ERR6847882  51.4% classified  | 0.1/s  ETA 1.0h
[     27/202] ERR4315300  59.8% classified  | 0.1/s  ETA 0.9h
[     28/202] ERR6847892  57.3% classified  | 0.1/s  ETA 0.9h
[     29/202] ERR4315658  33.3% classified  | 0.1/s  ETA 0.9h
[     30/202] SRR7797534  59.7% classified  | 0.1/s  ETA 0.9h
[     31/202] ERR4315576  39.9% classified  | 0.1/s  ETA 0.9h
[     32/202] ERR4315477  51.8% classified  | 0.1/s  ETA 0.9h
[     33/202] ERR4315168  25.9% classified  | 0.1/s  ETA 0.8h
[     34/202] ERR12013060  46.7% classified  | 0.1/s  ETA 0.8h
[     35/202] ERR4761830  64.0% classified  | 0.1/s  ETA 0.8h
[     36/202] SRR29077176  44.1% classified  | 0.1/s  ETA 0.8h
[     37/202] ERR4315542  50.5% classified  | 0.1/s  ETA 0.8h
[     38/202] ERR4761820  55.7% classified  | 0.1/s  ETA 0.8h
[     39/202] ERR4315409  49.2% classified  | 0.1/s  ETA 0.8h
[     40/202] ERR4315588  8.8% classified  | 0.1/s  ETA 0.8h
[     41/202] ERR4315585  56.2% classified  | 0.1/s  ETA 0.8h
[     42/202] ERR4315252  51.8% classified  | 0.1/s  ETA 0.8h
[     43/202] ERR4315652  30.8% classified  | 0.1/s  ETA 0.8h
[     44/202] ERR4315407  54.7% classified  | 0.1/s  ETA 0.8h
[     45/202] ERR4315330  60.4% classified  | 0.1/s  ETA 0.7h
[     46/202] ERR4315341  64.3% classified  | 0.1/s  ETA 0.7h
[     47/202] ERR4315301  19.2% classified  | 0.1/s  ETA 0.7h
[     48/202] ERR4315265  70.3% classified  | 0.1/s  ETA 0.7h
[     49/202] ERR4315550  54.1% classified  | 0.1/s  ETA 0.7h
[     50/202] ERR4315532  39.4% classified  | 0.1/s  ETA 0.7h
[     51/202] ERR4315650  10.8% classified  | 0.1/s  ETA 0.7h
[     52/202] ERR4315351  32.6% classified  | 0.1/s  ETA 0.7h
[     53/202] ERR4315642  40.9% classified  | 0.1/s  ETA 0.7h
[     54/202] ERR4315581  13.8% classified  | 0.1/s  ETA 0.7h
[     55/202] ERR4315198  53.9% classified  | 0.1/s  ETA 0.7h
[     56/202] ERR4315604  56.9% classified  | 0.1/s  ETA 0.7h
[     57/202] ERR4315460  61.5% classified  | 0.1/s  ETA 0.7h
[     58/202] ERR4315273  53.8% classified  | 0.1/s  ETA 0.6h
[     59/202] ERR4315559  53.4% classified  | 0.1/s  ETA 0.6h
[     60/202] ERR4315147  34.4% classified  | 0.1/s  ETA 0.6h
[     61/202] ERR4315439  49.8% classified  | 0.1/s  ETA 0.6h
[     62/202] ERR4315480  35.0% classified  | 0.1/s  ETA 0.6h
[     63/202] ERR4315564  59.7% classified  | 0.1/s  ETA 0.6h
[     64/202] ERR3856824  42.1% classified  | 0.1/s  ETA 0.6h
[     65/202] ERR3856817  29.2% classified  | 0.1/s  ETA 0.6h
[     66/202] ERR3383640  71.4% classified  | 0.1/s  ETA 0.6h
[     67/202] SRR24010231  31.1% classified  | 0.1/s  ETA 0.6h
[     68/202] SRR24010241  37.2% classified  | 0.1/s  ETA 0.6h
[     69/202] SRR28704972  39.8% classified  | 0.1/s  ETA 0.6h
[     70/202] SRR12329590  36.4% classified  | 0.1/s  ETA 0.6h
[     71/202] ERR3500542  4.4% classified  | 0.1/s  ETA 0.7h
[     72/202] SRR1576668  27.1% classified  | 0.1/s  ETA 0.6h
[     73/202] ERR3500556  5.8% classified  | 0.1/s  ETA 0.6h
[     74/202] SRR1576785  43.5% classified  | 0.1/s  ETA 0.6h
[     75/202] ERR3500503  1.5% classified  | 0.1/s  ETA 0.6h
[     76/202] SRR1557213  33.7% classified  | 0.1/s  ETA 0.6h
[     77/202] SRR2185181  94.2% classified  | 0.1/s  ETA 0.6h
[     78/202] SRR22139844  5.4% classified  | 0.1/s  ETA 0.6h
[     79/202] SRR391830  40.6% classified  | 0.1/s  ETA 0.6h
[     80/202] SRR6242035  11.2% classified  | 0.1/s  ETA 0.6h
[     81/202] ERR3500537  2.2% classified  | 0.1/s  ETA 0.6h
[     82/202] ERR789379  45.1% classified  | 0.1/s  ETA 0.6h
[     83/202] SRR32620578  13.2% classified  | 0.1/s  ETA 0.6h
[     84/202] SRR32620560  18.1% classified  | 0.1/s  ETA 0.6h
[     85/202] SRR8718797  8.3% classified  | 0.1/s  ETA 0.6h
[     86/202] SRR23706863  34.3% classified  | 0.1/s  ETA 0.6h
[     87/202] SRR8718826  11.8% classified  | 0.1/s  ETA 0.6h
[     88/202] SRR8718808  11.8% classified  | 0.1/s  ETA 0.6h
[     89/202] SRR8718840  8.4% classified  | 0.1/s  ETA 0.5h
[     90/202] SRR6242061  2.5% classified  | 0.1/s  ETA 0.5h
[     91/202] SRR3750730  14.6% classified  | 0.1/s  ETA 0.5h
[     92/202] SRR34026581  6.2% classified  | 0.1/s  ETA 0.5h
[     93/202] ERR13166132  44.1% classified  | 0.1/s  ETA 0.5h
[     94/202] ERR13149129  7.2% classified  | 0.1/s  ETA 0.5h
[     95/202] SRR3750709  3.7% classified  | 0.1/s  ETA 0.5h
[     96/202] ERR13070694  46.3% classified  | 0.1/s  ETA 0.5h
[     97/202] SRR3750732  1.7% classified  | 0.1/s  ETA 0.5h
[     98/202] ERR5928195  1.3% classified  | 0.1/s  ETA 0.5h
[     99/202] ERR5928177  0.7% classified  | 0.1/s  ETA 0.5h
[    100/202] ERR5928169  10.2% classified  | 0.1/s  ETA 0.5h
[    101/202] SRR2873755  0.8% classified  | 0.1/s  ETA 0.5h
[    102/202] SRR20695274  24.4% classified  | 0.1/s  ETA 0.5h
[    103/202] ERR5928207  0.7% classified  | 0.1/s  ETA 0.5h
[    104/202] ERR5928214  0.9% classified  | 0.1/s  ETA 0.5h
[    105/202] ERR5696219  2.6% classified  | 0.1/s  ETA 0.5h
[    106/202] SRR21195572  23.4% classified  | 0.1/s  ETA 0.5h
[    107/202] ERR5696306  4.4% classified  | 0.1/s  ETA 0.5h
[    108/202] SRR14871460  1.9% classified  | 0.1/s  ETA 0.5h
[    109/202] ERR5696288  1.4% classified  | 0.1/s  ETA 0.5h
[    110/202] SRR9684540  16.6% classified  | 0.1/s  ETA 0.4h
[    111/202] SRR4296239  3.5% classified  | 0.1/s  ETA 0.4h
[    112/202] SRR14871465  3.4% classified  | 0.1/s  ETA 0.4h
[    113/202] ERR5696226  1.6% classified  | 0.1/s  ETA 0.4h
[    114/202] ERR5696254  23.0% classified  | 0.1/s  ETA 0.4h
[    115/202] ERR5696292  3.2% classified  | 0.1/s  ETA 0.4h
[    116/202] ERR6548378  2.0% classified  | 0.1/s  ETA 0.4h
[    117/202] SRR12888337  0.3% classified  | 0.1/s  ETA 0.4h
[    118/202] ERR6548349  2.0% classified  | 0.1/s  ETA 0.4h
[    119/202] ERR4421880  47.4% classified  | 0.1/s  ETA 0.4h
[    120/202] SRR11216309  1.1% classified  | 0.1/s  ETA 0.4h
[    121/202] SRR11216284  0.2% classified  | 0.1/s  ETA 0.4h
[    122/202] SRR20324129  4.8% classified  | 0.1/s  ETA 0.4h
[    123/202] SRR2558706  34.6% classified  | 0.1/s  ETA 0.4h
[    124/202] SRR31200169  6.2% classified  | 0.1/s  ETA 0.4h
[    125/202] SRR10765499  0.5% classified  | 0.1/s  ETA 0.4h
[    126/202] SRR23869857  13.3% classified  | 0.1/s  ETA 0.4h
[    127/202] SRR11928835  0.2% classified  | 0.1/s  ETA 0.4h
[    128/202] SRR8733380  5.2% classified  | 0.1/s  ETA 0.4h
[    129/202] SRR8168844  31.5% classified  | 0.1/s  ETA 0.4h
[    130/202] SRR18070416  1.8% classified  | 0.1/s  ETA 0.3h
[    131/202] SRR27326545  45.6% classified  | 0.1/s  ETA 0.3h
[    132/202] SRR15141031  17.6% classified  | 0.1/s  ETA 0.3h
[    133/202] SRR6041852  1.7% classified  | 0.1/s  ETA 0.3h
[    134/202] SRR15141440  28.8% classified  | 0.1/s  ETA 0.3h
[    135/202] SRR15141410  28.4% classified  | 0.1/s  ETA 0.3h
[    136/202] SRR38293583  27.8% classified  | 0.1/s  ETA 0.3h
[    137/202] SRR8204136  10.9% classified  | 0.1/s  ETA 0.3h
[    138/202] SRR32764820  35.3% classified  | 0.1/s  ETA 0.3h
[    139/202] SRR31850424  0.4% classified  | 0.1/s  ETA 0.3h
[    140/202] SRR33696068  35.0% classified  | 0.1/s  ETA 0.3h
[    141/202] SRR10291728  36.5% classified  | 0.1/s  ETA 0.3h
[    142/202] ERR10886939  6.8% classified  | 0.1/s  ETA 0.3h
[    143/202] ERR10886952  14.6% classified  | 0.1/s  ETA 0.3h
[    144/202] SRR8418334  17.3% classified  | 0.1/s  ETA 0.3h
[    145/202] ERR10887002  24.5% classified  | 0.1/s  ETA 0.3h
[    146/202] SRR8418250  6.5% classified  | 0.1/s  ETA 0.3h
[    147/202] SRR8418343  10.2% classified  | 0.1/s  ETA 0.3h
[    148/202] SRR8418257  12.9% classified  | 0.1/s  ETA 0.3h
[    149/202] ERR1360192  41.0% classified  | 0.1/s  ETA 0.3h
[    150/202] SRR33846326  4.2% classified  | 0.1/s  ETA 0.3h
[    151/202] SRR9276717  5.3% classified  | 0.1/s  ETA 0.3h
[    152/202] SRR6218752  2.1% classified  | 0.1/s  ETA 0.3h
[    153/202] ERR7421533  59.4% classified  | 0.1/s  ETA 0.3h
[    154/202] ERR10886965  24.1% classified  | 0.1/s  ETA 0.3h
[    155/202] SRR31278118  29.3% classified  | 0.1/s  ETA 0.3h
[    156/202] SRR32959933  9.2% classified  | 0.1/s  ETA 0.3h
[    157/202] SRR36910261  3.5% classified  | 0.1/s  ETA 0.2h
[    158/202] ERR10926643  9.9% classified  | 0.1/s  ETA 0.2h
[    159/202] ERR10886962  47.9% classified  | 0.1/s  ETA 0.2h
[    160/202] SRR34300138  3.0% classified  | 0.1/s  ETA 0.2h
[    161/202] SRR34300168  4.7% classified  | 0.1/s  ETA 0.2h
[    162/202] SRR36910250  3.1% classified  | 0.0/s  ETA 0.2h
[    163/202] SRR36910260  7.1% classified  | 0.0/s  ETA 0.2h
[    164/202] SRR36910231  4.8% classified  | 0.0/s  ETA 0.2h
[    165/202] SRR36367272  12.9% classified  | 0.0/s  ETA 0.2h
[    166/202] SRR36292478  5.5% classified  | 0.0/s  ETA 0.2h
[    167/202] SRR36367283  4.8% classified  | 0.0/s  ETA 0.2h
[    168/202] SRR36292468  3.3% classified  | 0.0/s  ETA 0.2h
[    169/202] SRR36292498  5.4% classified  | 0.0/s  ETA 0.2h
[    170/202] SRR36910243  5.9% classified  | 0.0/s  ETA 0.2h
[    171/202] SRR31514633  14.1% classified  | 0.0/s  ETA 0.2h
[    172/202] SRR34300164  5.0% classified  | 0.0/s  ETA 0.2h
[    173/202] SRR11497261  12.2% classified  | 0.0/s  ETA 0.2h
[    174/202] SRR1975193  20.5% classified  | 0.0/s  ETA 0.2h
[    175/202] SRR8984106  44.3% classified  | 0.0/s  ETA 0.2h
[    176/202] SRR36367310  17.7% classified  | 0.0/s  ETA 0.2h
[    177/202] SRR25969013  10.6% classified  | 0.0/s  ETA 0.1h
[    178/202] SRR25968999  11.2% classified  | 0.0/s  ETA 0.1h
[    179/202] SRR30126656  3.2% classified  | 0.0/s  ETA 0.1h
[    180/202] SRR26214566  16.5% classified  | 0.0/s  ETA 0.1h
[    181/202] SRR26511470  3.0% classified  | 0.0/s  ETA 0.1h
[    182/202] SRR31830259  2.0% classified  | 0.0/s  ETA 0.1h
[    183/202] SRR37491909  3.9% classified  | 0.0/s  ETA 0.1h
[    184/202] SRR1793833  3.1% classified  | 0.0/s  ETA 0.1h
[    185/202] SRR7526699  4.7% classified  | 0.0/s  ETA 0.1h
[    186/202] SRR6039729  2.7% classified  | 0.0/s  ETA 0.1h
[    187/202] ERR3850354  59.3% classified  | 0.0/s  ETA 0.1h
[    188/202] SRR4044953  25.1% classified  | 0.0/s  ETA 0.1h
[    189/202] SRR28718298  13.3% classified  | 0.0/s  ETA 0.1h
[    190/202] SRR14224166  7.6% classified  | 0.0/s  ETA 0.1h
[    191/202] SRR8569394  10.5% classified  | 0.0/s  ETA 0.1h
[    192/202] SRR36993186  34.3% classified  | 0.0/s  ETA 0.1h
[    193/202] SRR8416457  7.6% classified  | 0.0/s  ETA 0.1h
[    194/202] SRR36610581  4.6% classified  | 0.0/s  ETA 0.0h
[    195/202] ERR986091  4.3% classified  | 0.0/s  ETA 0.0h
[    196/202] SRR3724140  72.4% classified  | 0.0/s  ETA 0.0h
[    197/202] SRR6292051  19.1% classified  | 0.0/s  ETA 0.0h
[    198/202] SRR12998709  45.3% classified  | 0.0/s  ETA 0.0h
[    199/202] SRR31204183  2.7% classified  | 0.0/s  ETA 0.0h
[    200/202] SRR30427804  4.3% classified  | 0.0/s  ETA 0.0h
[    201/202] SRR3724171  73.2% classified  | 0.0/s  ETA 0.0h
[    202/202] SRR27846623  25.6% classified  | 0.0/s  ETA 0.0h

── Summary ────────────────────────────────────────
  Classified: 202
  Errors:     0
  Elapsed:    1.2h
  Cache:      kraken/output/run/assign/data/kraken_cache.jsonl
