host=nid002287 job=49983535 task=13 cpus=112
Kraken version 2.1.2
Reads read from: kraken/select/data/reads
Raw kraken2 reports will be saved to: kraken/assign/data/reports
Loaded 3,225 runs from kraken/select/data/run_list.tsv (filters: none)
Array task 13/16: 201 runs in slice, 0 already done, 201 to do

Total runs: 3,225 | Already done: 1 | Remaining: 201
Settings: confidence=0.15, min_hit_groups=3, workers=4, kraken_threads=8
DB: kraken/build/data/db_v3
Tmp: /scratch/pawsey1168/llenzo/kraken_tmp

[      1/201] ERR3170179  79.2% classified  | 0.0/s  ETA 11.2h
[      2/201] ERR3188464  79.3% classified  | 0.0/s  ETA 5.7h
[      3/201] ERR3188481  75.9% classified  | 0.0/s  ETA 3.9h
[      4/201] ERR3170239  76.2% classified  | 0.0/s  ETA 3.2h
[      5/201] ERR3170235  85.4% classified  | 0.0/s  ETA 3.5h
[      6/201] ERR3170193  78.0% classified  | 0.0/s  ETA 2.9h
[      7/201] ERR3170181  79.3% classified  | 0.0/s  ETA 2.6h
[      8/201] ERR3188459  82.6% classified  | 0.0/s  ETA 2.6h
[      9/201] ERR1607841  72.1% classified  | 0.0/s  ETA 2.4h
[     10/201] ERR1607766  69.4% classified  | 0.0/s  ETA 2.2h
[     11/201] ERR3170182  84.9% classified  | 0.0/s  ETA 2.2h
[     12/201] ERR1607851  58.0% classified  | 0.0/s  ETA 2.2h
[     13/201] ERR1607833  74.0% classified  | 0.0/s  ETA 2.2h
[     14/201] ERR1607739  79.1% classified  | 0.0/s  ETA 2.1h
[     15/201] ERR1607804  67.7% classified  | 0.0/s  ETA 2.0h
[     16/201] ERR15005508  49.9% classified  | 0.0/s  ETA 2.3h
[     17/201] ERR15005478  46.8% classified  | 0.0/s  ETA 2.1h
[     18/201] ERR1607759  85.7% classified  | 0.0/s  ETA 2.0h
[     19/201] ERR1607797  91.7% classified  | 0.0/s  ETA 2.0h
[     20/201] ERR15005514  41.3% classified  | 0.0/s  ETA 2.1h
[     21/201] ERR15005520  56.3% classified  | 0.0/s  ETA 2.0h
[     22/201] ERR15005479  59.4% classified  | 0.0/s  ETA 1.9h
[     23/201] ERR15005507  50.7% classified  | 0.0/s  ETA 1.8h
[     24/201] ERR12013062  73.2% classified  | 0.0/s  ETA 1.9h
[     25/201] ERR12013077  82.9% classified  | 0.0/s  ETA 1.8h
[     26/201] ERR12013078  72.5% classified  | 0.0/s  ETA 1.8h
[     27/201] ERR6847884  84.0% classified  | 0.0/s  ETA 1.9h
[     28/201] SRR7797535  81.5% classified  | 0.0/s  ETA 1.8h
[     29/201] ERR4315360  77.0% classified  | 0.0/s  ETA 1.8h
[     30/201] SRR29076542  74.2% classified  | 0.0/s  ETA 1.8h
[     31/201] ERR4761829  79.8% classified  | 0.0/s  ETA 1.9h
[     32/201] ERR4315395  78.5% classified  | 0.0/s  ETA 1.8h
[     33/201] ERR4315313  73.5% classified  | 0.0/s  ETA 1.8h
[     34/201] ERR4315277  36.6% classified  | 0.0/s  ETA 1.7h
[     35/201] ERR4315247  79.7% classified  | 0.0/s  ETA 1.8h
[     36/201] ERR4315149  76.9% classified  | 0.0/s  ETA 1.7h
[     37/201] ERR4315339  86.1% classified  | 0.0/s  ETA 1.7h
[     38/201] ERR4761828  78.6% classified  | 0.0/s  ETA 1.6h
[     39/201] ERR4315207  79.9% classified  | 0.0/s  ETA 1.6h
[     40/201] ERR4315635  84.7% classified  | 0.0/s  ETA 1.6h
[     41/201] ERR4315388  79.9% classified  | 0.0/s  ETA 1.6h
[     42/201] ERR4315322  75.3% classified  | 0.0/s  ETA 1.5h
[     43/201] ERR4315495  65.8% classified  | 0.0/s  ETA 1.6h
[     44/201] ERR4315428  80.1% classified  | 0.0/s  ETA 1.5h
[     45/201] ERR4315215  78.9% classified  | 0.0/s  ETA 1.5h
[     46/201] ERR4315413  73.7% classified  | 0.0/s  ETA 1.5h
[     47/201] ERR4315145  85.8% classified  | 0.0/s  ETA 1.5h
[     48/201] ERR4315233  81.6% classified  | 0.0/s  ETA 1.5h
[     49/201] ERR4315465  79.3% classified  | 0.0/s  ETA 1.5h
[     50/201] ERR4315239  83.8% classified  | 0.0/s  ETA 1.5h
[     51/201] ERR4315210  78.7% classified  | 0.0/s  ETA 1.4h
[     52/201] ERR4315451  81.1% classified  | 0.0/s  ETA 1.4h
[     53/201] ERR4315302  80.5% classified  | 0.0/s  ETA 1.5h
[     54/201] ERR4315447  79.8% classified  | 0.0/s  ETA 1.4h
[     55/201] ERR4315404  74.2% classified  | 0.0/s  ETA 1.4h
[     56/201] ERR4315203  77.2% classified  | 0.0/s  ETA 1.4h
[     57/201] ERR4315199  81.2% classified  | 0.0/s  ETA 1.4h
[     58/201] ERR4315457  73.7% classified  | 0.0/s  ETA 1.4h
[     59/201] ERR4315256  85.7% classified  | 0.0/s  ETA 1.3h
[     60/201] ERR4761816  75.0% classified  | 0.0/s  ETA 1.3h
[     61/201] ERR4315568  85.6% classified  | 0.0/s  ETA 1.3h
[     62/201] ERR4315296  78.2% classified  | 0.0/s  ETA 1.3h
[     63/201] ERR4315303  85.5% classified  | 0.0/s  ETA 1.3h
[     64/201] SRR24010226  79.9% classified  | 0.0/s  ETA 1.3h
[     65/201] SRR24010235  78.3% classified  | 0.0/s  ETA 1.3h
[     66/201] SRR7753254  84.3% classified  | 0.0/s  ETA 1.3h
[     67/201] SRR23706866  92.6% classified  | 0.0/s  ETA 1.3h
[     68/201] ERR3856813  83.4% classified  | 0.0/s  ETA 1.3h
[     69/201] ERR3856847  58.6% classified  | 0.0/s  ETA 1.3h
[     70/201] SRR28704973  81.6% classified  | 0.0/s  ETA 1.3h
[     71/201] ERR3500558  83.0% classified  | 0.0/s  ETA 1.4h
[     72/201] ERR3500539  84.1% classified  | 0.0/s  ETA 1.4h
[     73/201] ERR3500536  83.4% classified  | 0.0/s  ETA 1.4h
[     74/201] ERR3500506  81.6% classified  | 0.0/s  ETA 1.3h
[     75/201] SRR11440844  84.3% classified  | 0.0/s  ETA 1.3h
[     76/201] SRR1555740  81.1% classified  | 0.0/s  ETA 1.3h
[     77/201] SRR1583660  85.8% classified  | 0.0/s  ETA 1.3h
[     78/201] ERR13340221  81.5% classified  | 0.0/s  ETA 1.3h
[     79/201] SRR391833  66.8% classified  | 0.0/s  ETA 1.3h
[     80/201] SRR391834  71.2% classified  | 0.0/s  ETA 1.3h
[     81/201] SRR32620574  83.6% classified  | 0.0/s  ETA 1.2h
[     82/201] SRR31839227  85.8% classified  | 0.0/s  ETA 1.2h
[     83/201] SRR6242041  70.2% classified  | 0.0/s  ETA 1.2h
[     84/201] SRR32620572  83.6% classified  | 0.0/s  ETA 1.2h
[     85/201] ERR789375  73.7% classified  | 0.0/s  ETA 1.2h
[     86/201] SRR8718851  93.2% classified  | 0.0/s  ETA 1.2h
[     87/201] SRR8718805  93.8% classified  | 0.0/s  ETA 1.1h
[     88/201] SRR8718796  91.0% classified  | 0.0/s  ETA 1.1h
[     89/201] SRR8718822  97.4% classified  | 0.0/s  ETA 1.1h
[     90/201] ERR2099120  78.3% classified  | 0.0/s  ETA 1.1h
[     91/201] ERR13150768  82.8% classified  | 0.0/s  ETA 1.1h
[     92/201] SRR4240593  82.0% classified  | 0.0/s  ETA 1.1h
[     93/201] ERR13107164  83.7% classified  | 0.0/s  ETA 1.1h
[     94/201] SRR34026588  76.3% classified  | 0.0/s  ETA 1.1h
[     95/201] SRR34026585  75.7% classified  | 0.0/s  ETA 1.1h
[     96/201] SRR3750720  83.4% classified  | 0.0/s  ETA 1.0h
[     97/201] SRR3750697  88.4% classified  | 0.0/s  ETA 1.0h
[     98/201] SRR2873757  81.6% classified  | 0.0/s  ETA 1.0h
[     99/201] ERR5928175  85.1% classified  | 0.0/s  ETA 1.0h
[    100/201] ERR5928190  84.6% classified  | 0.0/s  ETA 1.0h
[    101/201] SRR21195568  81.5% classified  | 0.0/s  ETA 1.0h
[    102/201] ERR5928162  83.9% classified  | 0.0/s  ETA 1.0h
[    103/201] ERR5928223  83.9% classified  | 0.0/s  ETA 1.0h
[    104/201] ERR5928203  84.4% classified  | 0.0/s  ETA 1.0h
[    105/201] SRR350927  91.8% classified  | 0.0/s  ETA 1.0h
[    106/201] ERR6548387  92.1% classified  | 0.0/s  ETA 1.0h
[    107/201] SRR14871481  86.1% classified  | 0.0/s  ETA 1.0h
[    108/201] SRR31200152  91.7% classified  | 0.0/s  ETA 1.0h
[    109/201] ERR5696201  91.0% classified  | 0.0/s  ETA 1.0h
[    110/201] ERR5696308  93.1% classified  | 0.0/s  ETA 1.0h
[    111/201] ERR5696243  90.3% classified  | 0.0/s  ETA 0.9h
[    112/201] ERR5696280  92.3% classified  | 0.0/s  ETA 0.9h
[    113/201] SRR9684517  59.4% classified  | 0.0/s  ETA 0.9h
[    114/201] ERR6548380  91.3% classified  | 0.0/s  ETA 0.9h
[    115/201] ERR5696291  93.9% classified  | 0.0/s  ETA 0.9h
[    116/201] ERR5696260  92.3% classified  | 0.0/s  ETA 0.9h
[    117/201] ERR5696208  90.2% classified  | 0.0/s  ETA 0.9h
[    118/201] SRR12888330  66.5% classified  | 0.0/s  ETA 0.9h
[    119/201] SRR20324137  85.9% classified  | 0.0/s  ETA 0.9h
[    120/201] SRR2920608  31.1% classified  | 0.0/s  ETA 0.8h
[    121/201] SRR11216282  6.9% classified  | 0.0/s  ETA 0.8h
[    122/201] SRR8733386  59.6% classified  | 0.0/s  ETA 0.8h
[    123/201] SRR11216266  8.4% classified  | 0.0/s  ETA 0.8h
[    124/201] ERR4421883  59.6% classified  | 0.0/s  ETA 0.8h
[    125/201] SRR38293584  89.5% classified  | 0.0/s  ETA 0.8h
[    126/201] SRR2517433  79.3% classified  | 0.0/s  ETA 0.8h
[    127/201] SRR31850420  83.2% classified  | 0.0/s  ETA 0.8h
[    128/201] SRR11928832  17.9% classified  | 0.0/s  ETA 0.8h
[    129/201] SRR2922444  27.3% classified  | 0.0/s  ETA 0.8h
[    130/201] SRR18070415  55.2% classified  | 0.0/s  ETA 0.8h
[    131/201] SRR28475119  91.2% classified  | 0.0/s  ETA 0.8h
[    132/201] SRR33696067  82.8% classified  | 0.0/s  ETA 0.8h
[    133/201] SRR13197436  37.2% classified  | 0.0/s  ETA 0.7h
[    134/201] SRR27326386  55.8% classified  | 0.0/s  ETA 0.7h
[    135/201] SRR17609709  91.3% classified  | 0.0/s  ETA 0.7h
[    136/201] SRR7500371  82.9% classified  | 0.0/s  ETA 0.7h
[    137/201] SRR15141232  58.3% classified  | 0.0/s  ETA 0.7h
[    138/201] SRR15141228  56.7% classified  | 0.0/s  ETA 0.7h
[    139/201] SRR15141328  73.7% classified  | 0.0/s  ETA 0.7h
[    140/201] SRR8204137  80.9% classified  | 0.0/s  ETA 0.7h
[    141/201] SRR32920566  59.1% classified  | 0.0/s  ETA 0.6h
[    142/201] SRR10291738  84.7% classified  | 0.0/s  ETA 0.6h
[    143/201] ERR10886971  83.3% classified  | 0.0/s  ETA 0.6h
[    144/201] ERR10886932  80.6% classified  | 0.0/s  ETA 0.6h
[    145/201] ERR10886993  83.4% classified  | 0.0/s  ETA 0.6h
[    146/201] SRR24901492  75.8% classified  | 0.0/s  ETA 0.6h
[    147/201] SRR21997284  27.0% classified  | 0.0/s  ETA 0.6h
[    148/201] SRR8418381  51.7% classified  | 0.0/s  ETA 0.6h
[    149/201] ERR10886908  85.9% classified  | 0.0/s  ETA 0.6h
[    150/201] SRR8418323  49.7% classified  | 0.0/s  ETA 0.6h
[    151/201] SRR8418261  51.7% classified  | 0.0/s  ETA 0.5h
[    152/201] ERR10886944  84.3% classified  | 0.0/s  ETA 0.5h
[    153/201] SRR3498311  74.6% classified  | 0.0/s  ETA 0.5h
[    154/201] SRR33846325  86.1% classified  | 0.0/s  ETA 0.5h
[    155/201] ERR7421524  71.3% classified  | 0.0/s  ETA 0.5h
[    156/201] SRR8475379  90.8% classified  | 0.0/s  ETA 0.5h
[    157/201] ERR7421541  70.1% classified  | 0.0/s  ETA 0.5h
[    158/201] SRR32959945  83.8% classified  | 0.0/s  ETA 0.5h
[    159/201] SRR36292474  64.1% classified  | 0.0/s  ETA 0.5h
[    160/201] ERR10926671  89.1% classified  | 0.0/s  ETA 0.4h
[    161/201] SRR36292465  61.2% classified  | 0.0/s  ETA 0.4h
[    162/201] SRR34300100  27.9% classified  | 0.0/s  ETA 0.4h
[    163/201] SRR36910262  29.0% classified  | 0.0/s  ETA 0.4h
[    164/201] SRR36292466  58.0% classified  | 0.0/s  ETA 0.4h
[    165/201] SRR36292448  58.7% classified  | 0.0/s  ETA 0.4h
[    166/201] SRR34300121  34.7% classified  | 0.0/s  ETA 0.4h
[    167/201] SRR36292475  59.3% classified  | 0.0/s  ETA 0.4h
[    168/201] SRR34300165  24.3% classified  | 0.0/s  ETA 0.4h
[    169/201] SRR34300169  28.3% classified  | 0.0/s  ETA 0.4h
[    170/201] SRR34300163  25.5% classified  | 0.0/s  ETA 0.4h
[    171/201] SRR36367308  62.2% classified  | 0.0/s  ETA 0.3h
[    172/201] SRR25969025  89.5% classified  | 0.0/s  ETA 0.3h
[    173/201] SRR25969054  88.4% classified  | 0.0/s  ETA 0.3h
[    174/201] SRR26214572  91.4% classified  | 0.0/s  ETA 0.3h
[    175/201] SRR34300162  29.6% classified  | 0.0/s  ETA 0.3h
[    176/201] SRR30126665  86.0% classified  | 0.0/s  ETA 0.3h
[    177/201] SRR8984107  77.5% classified  | 0.0/s  ETA 0.3h
[    178/201] SRR1975202  64.0% classified  | 0.0/s  ETA 0.3h
[    179/201] SRR35321448  3.0% classified  | 0.0/s  ETA 0.2h
[    180/201] SRR7403503  83.1% classified  | 0.0/s  ETA 0.2h
[    181/201] SRR26511475  85.5% classified  | 0.0/s  ETA 0.2h
[    182/201] SRR28718300  80.4% classified  | 0.0/s  ETA 0.2h
[    183/201] SRR6039741  74.3% classified  | 0.0/s  ETA 0.2h
[    184/201] SRR37491897  21.9% classified  | 0.0/s  ETA 0.2h
[    185/201] SRR1793826  90.0% classified  | 0.0/s  ETA 0.2h
[    186/201] SRR3571672  89.9% classified  | 0.0/s  ETA 0.2h
[    187/201] ERR990468  78.1% classified  | 0.0/s  ETA 0.2h
[    188/201] SRR14224169  81.9% classified  | 0.0/s  ETA 0.1h
[    189/201] SRR9129869  86.0% classified  | 0.0/s  ETA 0.1h
[    190/201] SRR12998697  81.6% classified  | 0.0/s  ETA 0.1h
[    191/201] SRR36993187  90.2% classified  | 0.0/s  ETA 0.1h
[    192/201] SRR24911515  79.4% classified  | 0.0/s  ETA 0.1h
[    193/201] SRR18428226  87.3% classified  | 0.0/s  ETA 0.1h
[    194/201] SRR14614683  90.1% classified  | 0.0/s  ETA 0.1h
[    195/201] ERR1314967  78.0% classified  | 0.0/s  ETA 0.1h
[    196/201] DRR342059  83.2% classified  | 0.0/s  ETA 0.1h
[    197/201] SRR8416453  74.4% classified  | 0.0/s  ETA 0.0h
[    198/201] ERR4349059  73.8% classified  | 0.0/s  ETA 0.0h
[    199/201] SRR6292067  77.0% classified  | 0.0/s  ETA 0.0h
[    200/201] SRR14843604  88.2% classified  | 0.0/s  ETA 0.0h
[    201/201] SRR3724084  72.5% classified  | 0.0/s  ETA 0.0h

── Summary ────────────────────────────────────────
  Classified: 201
  Errors:     0
  Elapsed:    2.3h
  Cache:      kraken/assign/data/kraken_cache.jsonl
