host=nid001665 job=49402281 task=6 cpus=112
Kraken version 2.1.2
Reads read from: kraken/output/run/select/data/reads
Raw kraken2 reports will be saved to: kraken/output/run/assign/data/reports
Loaded 3,225 runs from kraken/output/run/select/data/run_list.tsv (filters: none)
Array task 6/16: 202 runs assigned

Total runs: 3,225 | Already done: 0 | Remaining: 202
Settings: confidence=0.15, min_hit_groups=3, workers=8, kraken_threads=4
DB: kraken/output/db/build/data/db_v2
Tmp: /scratch/fl3/llenzo/kraken_tmp

[      1/202] ERR3170267  39.0% classified  | 0.0/s  ETA 8.0h
[      2/202] ERR3170244  48.0% classified  | 0.0/s  ETA 4.5h
[      3/202] ERR4315679  71.1% classified  | 0.0/s  ETA 3.2h
[      4/202] ERR3188475  52.6% classified  | 0.0/s  ETA 2.6h
[      5/202] ERR3188435  48.7% classified  | 0.0/s  ETA 2.1h
[      6/202] ERR3170225  63.2% classified  | 0.0/s  ETA 1.8h
[      7/202] ERR3188439  59.1% classified  | 0.0/s  ETA 1.5h
[      8/202] ERR3170211  48.6% classified  | 0.0/s  ETA 1.4h
[      9/202] ERR3188451  51.3% classified  | 0.0/s  ETA 1.3h
[     10/202] ERR1607808  35.7% classified  | 0.0/s  ETA 1.4h
[     11/202] ERR1607755  31.9% classified  | 0.0/s  ETA 1.3h
[     12/202] ERR1607810  58.3% classified  | 0.0/s  ETA 1.2h
[     13/202] ERR3170186  48.1% classified  | 0.0/s  ETA 1.1h
[     14/202] ERR1607748  27.4% classified  | 0.0/s  ETA 1.1h
[     15/202] ERR1607782  30.6% classified  | 0.1/s  ETA 1.0h
[     16/202] ERR1607738  41.1% classified  | 0.1/s  ETA 0.9h
[     17/202] ERR1607734  26.7% classified  | 0.0/s  ETA 1.0h
[     18/202] ERR12013050  65.1% classified  | 0.1/s  ETA 1.0h
[     19/202] ERR15005509  16.1% classified  | 0.1/s  ETA 1.0h
[     20/202] ERR15005502  14.2% classified  | 0.1/s  ETA 0.9h
[     21/202] ERR15005492  25.8% classified  | 0.1/s  ETA 0.9h
[     22/202] ERR12013027  62.2% classified  | 0.1/s  ETA 0.9h
[     23/202] ERR15005524  17.5% classified  | 0.1/s  ETA 0.9h
[     24/202] ERR15005531  46.5% classified  | 0.1/s  ETA 0.9h
[     25/202] ERR15005532  51.0% classified  | 0.1/s  ETA 0.8h
[     26/202] ERR4315231  42.4% classified  | 0.1/s  ETA 0.9h
[     27/202] ERR4315280  56.6% classified  | 0.1/s  ETA 0.9h
[     28/202] ERR6847874  59.0% classified  | 0.1/s  ETA 0.8h
[     29/202] ERR4315575  32.4% classified  | 0.1/s  ETA 0.8h
[     30/202] ERR6847891  72.6% classified  | 0.1/s  ETA 0.8h
[     31/202] SRR29076488  4.8% classified  | 0.1/s  ETA 0.8h
[     32/202] ERR4315242  39.1% classified  | 0.1/s  ETA 0.8h
[     33/202] ERR4315549  57.7% classified  | 0.1/s  ETA 0.8h
[     34/202] ERR12013057  28.6% classified  | 0.1/s  ETA 0.8h
[     35/202] ERR4315329  54.0% classified  | 0.1/s  ETA 0.8h
[     36/202] ERR4761819  63.6% classified  | 0.1/s  ETA 0.8h
[     37/202] ERR4315665  18.4% classified  | 0.1/s  ETA 0.8h
[     38/202] ERR4761827  69.7% classified  | 0.1/s  ETA 0.8h
[     39/202] ERR4315494  42.7% classified  | 0.1/s  ETA 0.8h
[     40/202] ERR4315599  29.7% classified  | 0.1/s  ETA 0.8h
[     41/202] ERR4315220  28.3% classified  | 0.1/s  ETA 0.8h
[     42/202] ERR4315571  28.5% classified  | 0.1/s  ETA 0.8h
[     43/202] ERR4761822  43.8% classified  | 0.1/s  ETA 0.8h
[     44/202] ERR4315486  65.5% classified  | 0.1/s  ETA 0.7h
[     45/202] ERR4315365  69.6% classified  | 0.1/s  ETA 0.8h
[     46/202] ERR4315496  46.3% classified  | 0.1/s  ETA 0.7h
[     47/202] ERR4315422  24.1% classified  | 0.1/s  ETA 0.7h
[     48/202] ERR4315614  54.6% classified  | 0.1/s  ETA 0.7h
[     49/202] ERR4315228  64.2% classified  | 0.1/s  ETA 0.7h
[     50/202] ERR4315562  62.2% classified  | 0.1/s  ETA 0.7h
[     51/202] ERR4315368  50.0% classified  | 0.1/s  ETA 0.7h
[     52/202] ERR4315200  22.1% classified  | 0.1/s  ETA 0.7h
[     53/202] ERR4315659  47.2% classified  | 0.1/s  ETA 0.7h
[     54/202] ERR4315384  55.4% classified  | 0.1/s  ETA 0.7h
[     55/202] ERR4315270  26.7% classified  | 0.1/s  ETA 0.7h
[     56/202] ERR4315350  43.6% classified  | 0.1/s  ETA 0.7h
[     57/202] ERR4315656  46.5% classified  | 0.1/s  ETA 0.7h
[     58/202] ERR4315211  19.6% classified  | 0.1/s  ETA 0.7h
[     59/202] ERR4315299  43.9% classified  | 0.1/s  ETA 0.6h
[     60/202] ERR4315262  64.3% classified  | 0.1/s  ETA 0.6h
[     61/202] ERR4315478  37.3% classified  | 0.1/s  ETA 0.6h
[     62/202] ERR4315183  27.0% classified  | 0.1/s  ETA 0.6h
[     63/202] ERR4315543  37.4% classified  | 0.1/s  ETA 0.6h
[     64/202] ERR3856818  18.5% classified  | 0.1/s  ETA 0.6h
[     65/202] ERR3856816  24.0% classified  | 0.1/s  ETA 0.6h
[     66/202] SRR24010249  31.3% classified  | 0.1/s  ETA 0.6h
[     67/202] SRR24010242  48.1% classified  | 0.1/s  ETA 0.6h
[     68/202] ERR3500543  4.2% classified  | 0.1/s  ETA 0.6h
[     69/202] SRR24010236  47.2% classified  | 0.1/s  ETA 0.6h
[     70/202] ERR3383635  72.3% classified  | 0.1/s  ETA 0.6h
[     71/202] SRR14386302  53.7% classified  | 0.1/s  ETA 0.6h
[     72/202] ERR3856832  39.1% classified  | 0.1/s  ETA 0.6h
[     73/202] SRR2185185  81.3% classified  | 0.1/s  ETA 0.6h
[     74/202] SRR22139847  11.2% classified  | 0.1/s  ETA 0.6h
[     75/202] SRR391824  2.6% classified  | 0.1/s  ETA 0.6h
[     76/202] SRR8208851  60.2% classified  | 0.1/s  ETA 0.6h
[     77/202] ERR3500529  2.5% classified  | 0.1/s  ETA 0.6h
[     78/202] SRR1583659  52.0% classified  | 0.1/s  ETA 0.6h
[     79/202] SRR32620581  59.1% classified  | 0.1/s  ETA 0.6h
[     80/202] SRR6242039  27.2% classified  | 0.1/s  ETA 0.6h
[     81/202] SRR1557259  33.6% classified  | 0.1/s  ETA 0.6h
[     82/202] SRR1562262  41.8% classified  | 0.1/s  ETA 0.6h
[     83/202] ERR3500509  1.7% classified  | 0.1/s  ETA 0.6h
[     84/202] ERR2099149  76.7% classified  | 0.1/s  ETA 0.6h
[     85/202] ERR789109  2.1% classified  | 0.1/s  ETA 0.6h
[     86/202] SRR8718821  7.3% classified  | 0.1/s  ETA 0.6h
[     87/202] SRR12149180  85.4% classified  | 0.1/s  ETA 0.6h
[     88/202] SRR6242051  2.5% classified  | 0.1/s  ETA 0.5h
[     89/202] SRR8718795  9.5% classified  | 0.1/s  ETA 0.5h
[     90/202] SRR8718819  8.4% classified  | 0.1/s  ETA 0.5h
[     91/202] SRR8718816  8.9% classified  | 0.1/s  ETA 0.5h
[     92/202] SRR34026584  18.8% classified  | 0.1/s  ETA 0.5h
[     93/202] SRR34026568  63.1% classified  | 0.1/s  ETA 0.5h
[     94/202] ERR13107171  3.7% classified  | 0.1/s  ETA 0.5h
[     95/202] SRR3750704  1.9% classified  | 0.1/s  ETA 0.5h
[     96/202] ERR13107216  1.3% classified  | 0.1/s  ETA 0.5h
[     97/202] SRR3750718  2.2% classified  | 0.1/s  ETA 0.5h
[     98/202] ERR13107141  52.8% classified  | 0.1/s  ETA 0.5h
[     99/202] ERR5928188  2.0% classified  | 0.1/s  ETA 0.5h
[    100/202] ERR5928157  12.7% classified  | 0.1/s  ETA 0.5h
[    101/202] ERR5928191  0.9% classified  | 0.1/s  ETA 0.5h
[    102/202] ERR5928212  0.9% classified  | 0.1/s  ETA 0.5h
[    103/202] SRR20067739  1.0% classified  | 0.1/s  ETA 0.5h
[    104/202] SRR2873917  60.5% classified  | 0.1/s  ETA 0.5h
[    105/202] SRR21195575  4.3% classified  | 0.1/s  ETA 0.5h
[    106/202] ERR5696274  3.3% classified  | 0.1/s  ETA 0.5h
[    107/202] ERR5696217  2.5% classified  | 0.1/s  ETA 0.5h
[    108/202] SRR14871466  1.7% classified  | 0.1/s  ETA 0.4h
[    109/202] SRR1171043  14.2% classified  | 0.1/s  ETA 0.4h
[    110/202] ERR5696266  2.4% classified  | 0.1/s  ETA 0.4h
[    111/202] ERR5696302  2.9% classified  | 0.1/s  ETA 0.4h
[    112/202] ERR5696241  6.0% classified  | 0.1/s  ETA 0.4h
[    113/202] SRR21195557  16.4% classified  | 0.1/s  ETA 0.4h
[    114/202] ERR5696271  2.7% classified  | 0.1/s  ETA 0.4h
[    115/202] ERR5696235  5.1% classified  | 0.1/s  ETA 0.4h
[    116/202] SRR31200164  3.5% classified  | 0.1/s  ETA 0.4h
[    117/202] SRR2922400  1.4% classified  | 0.1/s  ETA 0.4h
[    118/202] SRR11216293  0.6% classified  | 0.1/s  ETA 0.4h
[    119/202] ERR6548364  84.1% classified  | 0.1/s  ETA 0.4h
[    120/202] SRR20324127  4.3% classified  | 0.1/s  ETA 0.4h
[    121/202] SRR11216303  0.6% classified  | 0.1/s  ETA 0.4h
[    122/202] SRR20324144  1.1% classified  | 0.1/s  ETA 0.4h
[    123/202] SRR6221904  0.7% classified  | 0.1/s  ETA 0.4h
[    124/202] SRR36634281  0.2% classified  | 0.1/s  ETA 0.4h
[    125/202] SRR28475120  14.6% classified  | 0.1/s  ETA 0.4h
[    126/202] SRR2922436  7.8% classified  | 0.1/s  ETA 0.4h
[    127/202] SRR23870004  6.4% classified  | 0.1/s  ETA 0.3h
[    128/202] SRR16930839  5.4% classified  | 0.1/s  ETA 0.3h
[    129/202] SRR7873468  0.7% classified  | 0.1/s  ETA 0.3h
[    130/202] SRR27326806  48.4% classified  | 0.1/s  ETA 0.3h
[    131/202] SRR7500373  0.6% classified  | 0.1/s  ETA 0.3h
[    132/202] SRR15141432  28.1% classified  | 0.1/s  ETA 0.3h
[    133/202] SRR2517427  4.7% classified  | 0.1/s  ETA 0.3h
[    134/202] SRR15141241  15.8% classified  | 0.1/s  ETA 0.3h
[    135/202] SRR15141405  2.6% classified  | 0.1/s  ETA 0.3h
[    136/202] SRR8204116  50.9% classified  | 0.1/s  ETA 0.3h
[    137/202] SRR24737262  20.8% classified  | 0.1/s  ETA 0.3h
[    138/202] SRR31850432  0.6% classified  | 0.1/s  ETA 0.3h
[    139/202] SRR10291751  57.6% classified  | 0.1/s  ETA 0.3h
[    140/202] SRR36950013  5.7% classified  | 0.1/s  ETA 0.3h
[    141/202] ERR10887000  35.2% classified  | 0.1/s  ETA 0.3h
[    142/202] ERR10886910  6.0% classified  | 0.1/s  ETA 0.3h
[    143/202] SRR8418305  7.9% classified  | 0.1/s  ETA 0.3h
[    144/202] SRR8418244  7.9% classified  | 0.1/s  ETA 0.3h
[    145/202] ERR10886956  12.3% classified  | 0.1/s  ETA 0.3h
[    146/202] SRR8418258  11.2% classified  | 0.1/s  ETA 0.3h
[    147/202] ERR10886918  7.6% classified  | 0.1/s  ETA 0.3h
[    148/202] SRR8418320  7.7% classified  | 0.1/s  ETA 0.3h
[    149/202] SRR30673025  3.9% classified  | 0.1/s  ETA 0.3h
[    150/202] ERR7421532  62.6% classified  | 0.1/s  ETA 0.3h
[    151/202] SRR33696078  48.2% classified  | 0.1/s  ETA 0.3h
[    152/202] ERR7421546  54.8% classified  | 0.1/s  ETA 0.3h
[    153/202] SRR31278112  24.9% classified  | 0.1/s  ETA 0.3h
[    154/202] SRR20999593  7.4% classified  | 0.1/s  ETA 0.2h
[    155/202] ERR10886976  4.2% classified  | 0.1/s  ETA 0.2h
[    156/202] SRR32959934  11.3% classified  | 0.1/s  ETA 0.2h
[    157/202] SRR36292492  11.2% classified  | 0.1/s  ETA 0.2h
[    158/202] SRR34300137  5.3% classified  | 0.1/s  ETA 0.2h
[    159/202] SRR34300154  2.9% classified  | 0.1/s  ETA 0.2h
[    160/202] SRR36910220  2.5% classified  | 0.1/s  ETA 0.2h
[    161/202] SRR36292447  6.2% classified  | 0.1/s  ETA 0.2h
[    162/202] SRR34300122  7.3% classified  | 0.1/s  ETA 0.2h
[    163/202] SRR36367309  21.4% classified  | 0.0/s  ETA 0.2h
[    164/202] SRR36910200  3.5% classified  | 0.0/s  ETA 0.2h
[    165/202] SRR36910266  3.0% classified  | 0.0/s  ETA 0.2h
[    166/202] ERR10926663  2.4% classified  | 0.0/s  ETA 0.2h
[    167/202] SRR22142977  12.3% classified  | 0.0/s  ETA 0.2h
[    168/202] SRR36292445  8.5% classified  | 0.0/s  ETA 0.2h
[    169/202] SRR36292462  4.3% classified  | 0.0/s  ETA 0.2h
[    170/202] SRR36292444  3.1% classified  | 0.0/s  ETA 0.2h
[    171/202] SRR11229312  19.6% classified  | 0.0/s  ETA 0.2h
[    172/202] SRR3537151  18.0% classified  | 0.0/s  ETA 0.2h
[    173/202] SRR36367281  11.1% classified  | 0.0/s  ETA 0.2h
[    174/202] SRR36015661  34.2% classified  | 0.0/s  ETA 0.2h
[    175/202] SRR25969007  8.7% classified  | 0.0/s  ETA 0.2h
[    176/202] SRR1975199  54.5% classified  | 0.0/s  ETA 0.1h
[    177/202] SRR10053819  1.8% classified  | 0.0/s  ETA 0.1h
[    178/202] SRR1793834  3.0% classified  | 0.0/s  ETA 0.1h
[    179/202] SRR8984119  30.6% classified  | 0.0/s  ETA 0.1h
[    180/202] SRR8984104  42.8% classified  | 0.0/s  ETA 0.1h
[    181/202] SRR8569393  2.4% classified  | 0.0/s  ETA 0.1h
[    182/202] SRR6039736  3.1% classified  | 0.0/s  ETA 0.1h
[    183/202] SRR25662792  6.6% classified  | 0.0/s  ETA 0.1h
[    184/202] SRR5225796  7.1% classified  | 0.0/s  ETA 0.1h
[    185/202] SRR21796869  58.6% classified  | 0.0/s  ETA 0.1h
[    186/202] SRR31514631  15.0% classified  | 0.0/s  ETA 0.1h
[    187/202] SRR18064506  3.4% classified  | 0.0/s  ETA 0.1h
[    188/202] SRR23704274  5.0% classified  | 0.0/s  ETA 0.1h
[    189/202] SRR10189429  56.8% classified  | 0.0/s  ETA 0.1h
[    190/202] SRR17207991  4.5% classified  | 0.0/s  ETA 0.1h
[    191/202] SRR15222190  2.7% classified  | 0.0/s  ETA 0.1h
[    192/202] ERR990488  12.8% classified  | 0.0/s  ETA 0.1h
[    193/202] SRR31851395  72.6% classified  | 0.0/s  ETA 0.1h
[    194/202] SRR1284052  12.3% classified  | 0.0/s  ETA 0.0h
[    195/202] ERR4352131  10.2% classified  | 0.0/s  ETA 0.0h
[    196/202] SRR22540858  2.9% classified  | 0.0/s  ETA 0.0h
[    197/202] SRR14338852  5.8% classified  | 0.0/s  ETA 0.0h
[    198/202] ERR14823239  34.6% classified  | 0.0/s  ETA 0.0h
[    199/202] SRR23450840  5.8% classified  | 0.0/s  ETA 0.0h
[    200/202] SRR1776521  19.1% classified  | 0.0/s  ETA 0.0h
[    201/202] SRR35779161  31.4% classified  | 0.0/s  ETA 0.0h
[    202/202] SRR3724086  2.2% classified  | 0.0/s  ETA 0.0h

── Summary ────────────────────────────────────────
  Classified: 202
  Errors:     0
  Elapsed:    1.2h
  Cache:      kraken/output/run/assign/data/kraken_cache.jsonl
