host=nid001522 job=49402267 task=15 cpus=112
Kraken version 2.1.2
Reads read from: kraken/output/run/select/data/reads
Raw kraken2 reports will be saved to: kraken/output/run/assign/data/reports
Loaded 3,225 runs from kraken/output/run/select/data/run_list.tsv (filters: none)
Array task 15/16: 201 runs assigned

Total runs: 3,225 | Already done: 0 | Remaining: 201
Settings: confidence=0.15, min_hit_groups=3, workers=8, kraken_threads=4
DB: kraken/output/db/build/data/db_v2
Tmp: /scratch/fl3/llenzo/kraken_tmp

[      1/201] ERR3170266  50.9% classified  | 0.0/s  ETA 4.4h
[      2/201] ERR3170241  55.4% classified  | 0.0/s  ETA 2.3h
[      3/201] ERR3170202  59.8% classified  | 0.0/s  ETA 1.8h
[      4/201] ERR3170214  55.6% classified  | 0.0/s  ETA 1.6h
[      5/201] ERR3170223  73.3% classified  | 0.0/s  ETA 1.4h
[      6/201] ERR3170195  59.9% classified  | 0.0/s  ETA 1.2h
[      7/201] ERR3170183  47.6% classified  | 0.0/s  ETA 1.2h
[      8/201] ERR1607768  31.3% classified  | 0.1/s  ETA 1.1h
[      9/201] ERR3188468  53.5% classified  | 0.1/s  ETA 1.0h
[     10/201] ERR3170245  16.2% classified  | 0.1/s  ETA 0.9h
[     11/201] ERR1607812  52.3% classified  | 0.1/s  ETA 0.9h
[     12/201] ERR1607826  32.6% classified  | 0.1/s  ETA 0.9h
[     13/201] ERR1607796  32.1% classified  | 0.1/s  ETA 0.9h
[     14/201] ERR1607771  20.0% classified  | 0.1/s  ETA 0.8h
[     15/201] ERR1607811  59.5% classified  | 0.1/s  ETA 0.8h
[     16/201] ERR1607774  51.5% classified  | 0.1/s  ETA 0.8h
[     17/201] ERR15005445  45.7% classified  | 0.1/s  ETA 0.8h
[     18/201] ERR15005496  37.5% classified  | 0.1/s  ETA 0.8h
[     19/201] ERR12013032  72.2% classified  | 0.1/s  ETA 0.8h
[     20/201] ERR15005512  11.1% classified  | 0.1/s  ETA 0.8h
[     21/201] ERR15005482  17.4% classified  | 0.1/s  ETA 0.8h
[     22/201] ERR12013029  52.5% classified  | 0.1/s  ETA 0.7h
[     23/201] ERR15005493  32.8% classified  | 0.1/s  ETA 0.7h
[     24/201] ERR15005449  42.7% classified  | 0.1/s  ETA 0.8h
[     25/201] ERR15005448  18.6% classified  | 0.1/s  ETA 0.8h
[     26/201] ERR4315664  50.9% classified  | 0.1/s  ETA 0.8h
[     27/201] ERR4315333  40.7% classified  | 0.1/s  ETA 0.8h
[     28/201] ERR6847886  55.4% classified  | 0.1/s  ETA 0.7h
[     29/201] ERR6847878  63.6% classified  | 0.1/s  ETA 0.7h
[     30/201] ERR4761818  54.8% classified  | 0.1/s  ETA 0.7h
[     31/201] ERR4315672  46.9% classified  | 0.1/s  ETA 0.7h
[     32/201] SRR7797542  38.0% classified  | 0.1/s  ETA 0.7h
[     33/201] SRR29077175  32.6% classified  | 0.1/s  ETA 0.7h
[     34/201] ERR4315245  55.6% classified  | 0.1/s  ETA 0.7h
[     35/201] ERR4315266  69.3% classified  | 0.1/s  ETA 0.7h
[     36/201] ERR4315557  35.9% classified  | 0.1/s  ETA 0.6h
[     37/201] ERR4315489  50.6% classified  | 0.1/s  ETA 0.6h
[     38/201] ERR4315378  53.9% classified  | 0.1/s  ETA 0.7h
[     39/201] ERR4315531  26.4% classified  | 0.1/s  ETA 0.7h
[     40/201] ERR4315146  59.7% classified  | 0.1/s  ETA 0.6h
[     41/201] ERR4315335  42.9% classified  | 0.1/s  ETA 0.6h
[     42/201] ERR4315641  25.7% classified  | 0.1/s  ETA 0.6h
[     43/201] ERR4315336  61.6% classified  | 0.1/s  ETA 0.6h
[     44/201] ERR4315197  63.1% classified  | 0.1/s  ETA 0.6h
[     45/201] ERR4315386  53.4% classified  | 0.1/s  ETA 0.6h
[     46/201] ERR4315504  20.2% classified  | 0.1/s  ETA 0.6h
[     47/201] ERR4315506  27.3% classified  | 0.1/s  ETA 0.6h
[     48/201] ERR4315206  66.3% classified  | 0.1/s  ETA 0.6h
[     49/201] ERR4315345  56.0% classified  | 0.1/s  ETA 0.6h
[     50/201] ERR4315624  48.8% classified  | 0.1/s  ETA 0.6h
[     51/201] ERR4315459  59.2% classified  | 0.1/s  ETA 0.6h
[     52/201] ERR4761824  39.8% classified  | 0.1/s  ETA 0.6h
[     53/201] ERR4315285  65.7% classified  | 0.1/s  ETA 0.6h
[     54/201] ERR4315534  48.0% classified  | 0.1/s  ETA 0.6h
[     55/201] ERR4315678  55.8% classified  | 0.1/s  ETA 0.6h
[     56/201] ERR4315359  75.3% classified  | 0.1/s  ETA 0.6h
[     57/201] ERR4315346  58.7% classified  | 0.1/s  ETA 0.6h
[     58/201] ERR4315473  48.4% classified  | 0.1/s  ETA 0.5h
[     59/201] ERR4315391  61.4% classified  | 0.1/s  ETA 0.5h
[     60/201] ERR4315310  62.6% classified  | 0.1/s  ETA 0.5h
[     61/201] ERR4315324  63.5% classified  | 0.1/s  ETA 0.5h
[     62/201] ERR4315298  31.3% classified  | 0.1/s  ETA 0.5h
[     63/201] ERR3856820  30.2% classified  | 0.1/s  ETA 0.5h
[     64/201] ERR3856853  47.7% classified  | 0.1/s  ETA 0.5h
[     65/201] ERR3383634  71.1% classified  | 0.1/s  ETA 0.5h
[     66/201] SRR24010230  35.8% classified  | 0.1/s  ETA 0.6h
[     67/201] SRR28704970  43.5% classified  | 0.1/s  ETA 0.6h
[     68/201] SRR24010245  37.7% classified  | 0.1/s  ETA 0.5h
[     69/201] SRR7753253  14.6% classified  | 0.1/s  ETA 0.6h
[     70/201] ERR3500540  4.4% classified  | 0.1/s  ETA 0.6h
[     71/201] ERR3500555  5.8% classified  | 0.1/s  ETA 0.6h
[     72/201] SRR2185182  88.8% classified  | 0.1/s  ETA 0.6h
[     73/201] SRR10420664  11.7% classified  | 0.1/s  ETA 0.6h
[     74/201] SRR391835  3.2% classified  | 0.1/s  ETA 0.6h
[     75/201] SRR1557190  37.6% classified  | 0.1/s  ETA 0.6h
[     76/201] SRR1555102  42.7% classified  | 0.1/s  ETA 0.6h
[     77/201] SRR6242040  0.9% classified  | 0.1/s  ETA 0.6h
[     78/201] ERR3500504  1.5% classified  | 0.1/s  ETA 0.5h
[     79/201] SRR32620575  57.1% classified  | 0.1/s  ETA 0.5h
[     80/201] SRR32620571  43.9% classified  | 0.1/s  ETA 0.5h
[     81/201] ERR3500538  2.2% classified  | 0.1/s  ETA 0.5h
[     82/201] ERR789376  10.3% classified  | 0.1/s  ETA 0.5h
[     83/201] SRR23706860  1.3% classified  | 0.1/s  ETA 0.5h
[     84/201] SRR1555123  46.0% classified  | 0.1/s  ETA 0.5h
[     85/201] SRR6242058  2.8% classified  | 0.1/s  ETA 0.5h
[     86/201] SRR8718823  7.1% classified  | 0.1/s  ETA 0.5h
[     87/201] ERR13105519  31.5% classified  | 0.1/s  ETA 0.5h
[     88/201] SRR8718800  9.0% classified  | 0.1/s  ETA 0.5h
[     89/201] SRR8718833  5.6% classified  | 0.1/s  ETA 0.5h
[     90/201] SRR8718838  6.7% classified  | 0.1/s  ETA 0.5h
[     91/201] SRR3750724  12.4% classified  | 0.1/s  ETA 0.5h
[     92/201] SRR34026586  15.8% classified  | 0.1/s  ETA 0.5h
[     93/201] ERR13149105  20.7% classified  | 0.1/s  ETA 0.5h
[     94/201] ERR13159045  12.2% classified  | 0.1/s  ETA 0.5h
[     95/201] SRR3750716  1.3% classified  | 0.1/s  ETA 0.5h
[     96/201] SRR3750735  3.1% classified  | 0.1/s  ETA 0.5h
[     97/201] ERR5928163  3.4% classified  | 0.1/s  ETA 0.4h
[     98/201] ERR5928198  1.3% classified  | 0.1/s  ETA 0.4h
[     99/201] ERR5928161  0.8% classified  | 0.1/s  ETA 0.4h
[    100/201] SRR2874388  10.9% classified  | 0.1/s  ETA 0.4h
[    101/201] SRR20695271  20.0% classified  | 0.1/s  ETA 0.4h
[    102/201] ERR5928208  1.1% classified  | 0.1/s  ETA 0.4h
[    103/201] SRR21195567  5.5% classified  | 0.1/s  ETA 0.4h
[    104/201] ERR5928210  0.8% classified  | 0.1/s  ETA 0.4h
[    105/201] SRR9684529  7.5% classified  | 0.1/s  ETA 0.4h
[    106/201] ERR5696206  1.1% classified  | 0.1/s  ETA 0.4h
[    107/201] ERR5696287  1.4% classified  | 0.1/s  ETA 0.4h
[    108/201] ERR5696305  4.4% classified  | 0.1/s  ETA 0.4h
[    109/201] SRR14871482  3.0% classified  | 0.1/s  ETA 0.4h
[    110/201] SRR14871477  1.8% classified  | 0.1/s  ETA 0.4h
[    111/201] ERR5696279  1.8% classified  | 0.1/s  ETA 0.4h
[    112/201] ERR5696295  3.2% classified  | 0.1/s  ETA 0.4h
[    113/201] ERR5696230  1.8% classified  | 0.1/s  ETA 0.4h
[    114/201] ERR5696212  1.1% classified  | 0.1/s  ETA 0.4h
[    115/201] SRR12888332  0.3% classified  | 0.1/s  ETA 0.4h
[    116/201] SRR11216277  0.4% classified  | 0.1/s  ETA 0.4h
[    117/201] ERR6548383  3.7% classified  | 0.1/s  ETA 0.4h
[    118/201] SRR20324148  0.9% classified  | 0.1/s  ETA 0.4h
[    119/201] SRR11216314  0.4% classified  | 0.1/s  ETA 0.4h
[    120/201] ERR4421881  48.5% classified  | 0.1/s  ETA 0.4h
[    121/201] ERR6548377  2.3% classified  | 0.1/s  ETA 0.4h
[    122/201] SRR31200154  9.6% classified  | 0.1/s  ETA 0.4h
[    123/201] SRR2518226  33.1% classified  | 0.1/s  ETA 0.3h
[    124/201] SRR8733382  4.6% classified  | 0.1/s  ETA 0.4h
[    125/201] SRR28544654  10.6% classified  | 0.1/s  ETA 0.3h
[    126/201] SRR18070412  5.6% classified  | 0.1/s  ETA 0.3h
[    127/201] SRR38293576  43.7% classified  | 0.1/s  ETA 0.3h
[    128/201] SRR17609705  15.0% classified  | 0.1/s  ETA 0.3h
[    129/201] SRR36616580  11.9% classified  | 0.1/s  ETA 0.3h
[    130/201] SRR27326408  47.9% classified  | 0.1/s  ETA 0.3h
[    131/201] SRR6041850  1.5% classified  | 0.1/s  ETA 0.3h
[    132/201] SRR11973035  2.2% classified  | 0.1/s  ETA 0.3h
[    133/201] SRR15141365  17.2% classified  | 0.1/s  ETA 0.3h
[    134/201] SRR15141333  24.8% classified  | 0.1/s  ETA 0.3h
[    135/201] SRR15141417  24.8% classified  | 0.1/s  ETA 0.3h
[    136/201] SRR33696089  58.4% classified  | 0.1/s  ETA 0.3h
[    137/201] SRR8204153  28.5% classified  | 0.1/s  ETA 0.3h
[    138/201] SRR31850431  0.6% classified  | 0.1/s  ETA 0.3h
[    139/201] ERR583963  2.6% classified  | 0.1/s  ETA 0.3h
[    140/201] SRR10291760  29.9% classified  | 0.1/s  ETA 0.3h
[    141/201] ERR10886951  14.6% classified  | 0.1/s  ETA 0.3h
[    142/201] SRR8418307  8.9% classified  | 0.1/s  ETA 0.3h
[    143/201] SRR8418301  9.2% classified  | 0.1/s  ETA 0.3h
[    144/201] ERR1360187  11.5% classified  | 0.1/s  ETA 0.3h
[    145/201] SRR8418267  10.5% classified  | 0.1/s  ETA 0.3h
[    146/201] SRR8418310  8.3% classified  | 0.1/s  ETA 0.3h
[    147/201] ERR10886994  15.1% classified  | 0.1/s  ETA 0.3h
[    148/201] ERR10887003  24.6% classified  | 0.1/s  ETA 0.3h
[    149/201] ERR10886964  24.2% classified  | 0.1/s  ETA 0.2h
[    150/201] ERR7421550  39.4% classified  | 0.1/s  ETA 0.2h
[    151/201] SRR3498315  7.2% classified  | 0.1/s  ETA 0.2h
[    152/201] SRR6218770  4.0% classified  | 0.1/s  ETA 0.2h
[    153/201] SRR33846330  4.0% classified  | 0.1/s  ETA 0.2h
[    154/201] SRR31278113  5.4% classified  | 0.1/s  ETA 0.2h
[    155/201] ERR10886907  6.8% classified  | 0.1/s  ETA 0.2h
[    156/201] SRR32959940  9.4% classified  | 0.1/s  ETA 0.2h
[    157/201] SRR32959954  9.0% classified  | 0.1/s  ETA 0.2h
[    158/201] SRR34300112  5.1% classified  | 0.1/s  ETA 0.2h
[    159/201] SRR36910212  4.0% classified  | 0.1/s  ETA 0.2h
[    160/201] SRR36292459  8.6% classified  | 0.1/s  ETA 0.2h
[    161/201] SRR34300167  3.8% classified  | 0.1/s  ETA 0.2h
[    162/201] SRR34300114  7.8% classified  | 0.1/s  ETA 0.2h
[    163/201] SRR34300150  6.6% classified  | 0.1/s  ETA 0.2h
[    164/201] ERR10926705  4.6% classified  | 0.1/s  ETA 0.2h
[    165/201] SRR36910264  5.3% classified  | 0.1/s  ETA 0.2h
[    166/201] SRR36367313  23.2% classified  | 0.1/s  ETA 0.2h
[    167/201] SRR36910246  3.6% classified  | 0.1/s  ETA 0.2h
[    168/201] SRR36910248  7.0% classified  | 0.1/s  ETA 0.2h
[    169/201] SRR34300127  10.8% classified  | 0.1/s  ETA 0.2h
[    170/201] SRR26214563  10.2% classified  | 0.1/s  ETA 0.2h
[    171/201] SRR25969067  2.9% classified  | 0.1/s  ETA 0.2h
[    172/201] SRR25969032  11.1% classified  | 0.1/s  ETA 0.1h
[    173/201] SRR11497318  11.8% classified  | 0.1/s  ETA 0.1h
[    174/201] SRR1975198  46.5% classified  | 0.1/s  ETA 0.1h
[    175/201] SRR36910209  3.5% classified  | 0.1/s  ETA 0.1h
[    176/201] SRR36367292  13.2% classified  | 0.1/s  ETA 0.1h
[    177/201] SRR30126657  5.1% classified  | 0.1/s  ETA 0.1h
[    178/201] SRR3571660  10.0% classified  | 0.1/s  ETA 0.1h
[    179/201] SRR31830260  3.7% classified  | 0.1/s  ETA 0.1h
[    180/201] SRR8984122  57.4% classified  | 0.1/s  ETA 0.1h
[    181/201] SRR1793857  11.0% classified  | 0.1/s  ETA 0.1h
[    182/201] SRR37491901  9.8% classified  | 0.1/s  ETA 0.1h
[    183/201] SRR26511471  2.7% classified  | 0.1/s  ETA 0.1h
[    184/201] SRR6039728  2.8% classified  | 0.1/s  ETA 0.1h
[    185/201] SRR28718302  37.1% classified  | 0.1/s  ETA 0.1h
[    186/201] SRR7526716  4.8% classified  | 0.1/s  ETA 0.1h
[    187/201] ERR3850361  53.8% classified  | 0.1/s  ETA 0.1h
[    188/201] SRR24956689  13.3% classified  | 0.1/s  ETA 0.1h
[    189/201] SRR4044954  43.4% classified  | 0.1/s  ETA 0.1h
[    190/201] SRR36993195  3.7% classified  | 0.1/s  ETA 0.1h
[    191/201] SRR8416454  7.0% classified  | 0.1/s  ETA 0.1h
[    192/201] SRR17681697  5.2% classified  | 0.1/s  ETA 0.0h
[    193/201] SRR14224152  4.9% classified  | 0.1/s  ETA 0.0h
[    194/201] SRR12998705  50.3% classified  | 0.1/s  ETA 0.0h
[    195/201] ERR986092  4.3% classified  | 0.1/s  ETA 0.0h
[    196/201] SRR31514622  13.3% classified  | 0.1/s  ETA 0.0h
[    197/201] SRR6292047  18.5% classified  | 0.1/s  ETA 0.0h
[    198/201] SRR3724145  79.9% classified  | 0.1/s  ETA 0.0h
[    199/201] SRR3724169  73.8% classified  | 0.1/s  ETA 0.0h
[    200/201] SRR27846618  15.7% classified  | 0.1/s  ETA 0.0h
[    201/201] SRR14934750  5.5% classified  | 0.0/s  ETA 0.0h

── Summary ────────────────────────────────────────
  Classified: 201
  Errors:     0
  Elapsed:    1.5h
  Cache:      kraken/output/run/assign/data/kraken_cache.jsonl
