host=nid001183 job=49976462 task=0 cpus=112
Kraken version 2.1.2
Reads read from: kraken/select/data/reads
Raw kraken2 reports will be saved to: kraken/assign/data/reports
Loaded 3,225 runs from kraken/select/data/run_list.tsv (filters: none)
Array task 0/16: 202 runs assigned

Total runs: 3,225 | Already done: 0 | Remaining: 202
Settings: confidence=0.15, min_hit_groups=3, workers=4, kraken_threads=8
DB: kraken/build/data/db_v3
Tmp: /scratch/fl3/llenzo/kraken_tmp

[      1/202] ERR3170197  79.7% classified  | 0.0/s  ETA 6.0h
[      2/202] ERR3188440  81.1% classified  | 0.0/s  ETA 3.4h
[      3/202] ERR3170234  70.8% classified  | 0.0/s  ETA 2.3h
[      4/202] ERR3188479  78.8% classified  | 0.0/s  ETA 1.8h
[      5/202] ERR3188478  78.4% classified  | 0.0/s  ETA 2.6h
[      6/202] ERR3170220  84.3% classified  | 0.0/s  ETA 2.2h
[      7/202] ERR3188450  78.5% classified  | 0.0/s  ETA 2.0h
[      8/202] ERR3188446  84.6% classified  | 0.0/s  ETA 1.8h
[      9/202] ERR1607838  71.3% classified  | 0.0/s  ETA 2.2h
[     10/202] ERR3188456  82.8% classified  | 0.0/s  ETA 2.1h
[     11/202] ERR3170184  78.2% classified  | 0.0/s  ETA 2.0h
[     12/202] ERR1607819  69.8% classified  | 0.0/s  ETA 2.0h
[     13/202] ERR1607765  76.2% classified  | 0.0/s  ETA 2.1h
[     14/202] ERR1607842  80.1% classified  | 0.0/s  ETA 2.0h
[     15/202] ERR1607862  54.9% classified  | 0.0/s  ETA 1.8h
[     16/202] ERR1607733  82.3% classified  | 0.0/s  ETA 1.8h
[     17/202] ERR15005466  64.7% classified  | 0.0/s  ETA 2.0h
[     18/202] ERR15005505  52.3% classified  | 0.0/s  ETA 1.9h
[     19/202] ERR15005501  72.7% classified  | 0.0/s  ETA 1.8h
[     20/202] ERR1607775  79.1% classified  | 0.0/s  ETA 1.7h
[     21/202] ERR15005460  70.5% classified  | 0.0/s  ETA 1.9h
[     22/202] ERR15005497  55.8% classified  | 0.0/s  ETA 1.8h
[     23/202] ERR15005530  72.7% classified  | 0.0/s  ETA 1.7h
[     24/202] ERR15005535  78.0% classified  | 0.0/s  ETA 1.7h
[     25/202] ERR12013047  83.9% classified  | 0.0/s  ETA 1.7h
[     26/202] ERR6847892  81.5% classified  | 0.0/s  ETA 1.8h
[     27/202] ERR6847882  73.0% classified  | 0.0/s  ETA 1.7h
[     28/202] ERR12013060  81.6% classified  | 0.0/s  ETA 1.8h
[     29/202] SRR29077176  73.8% classified  | 0.0/s  ETA 1.8h
[     30/202] ERR4315658  82.4% classified  | 0.0/s  ETA 1.7h
[     31/202] SRR7797534  76.6% classified  | 0.0/s  ETA 1.7h
[     32/202] ERR4315300  76.8% classified  | 0.0/s  ETA 1.7h
[     33/202] ERR4315576  82.5% classified  | 0.0/s  ETA 1.7h
[     34/202] ERR4315542  59.5% classified  | 0.0/s  ETA 1.7h
[     35/202] ERR4761830  71.0% classified  | 0.0/s  ETA 1.6h
[     36/202] ERR4315477  79.3% classified  | 0.0/s  ETA 1.6h
[     37/202] ERR4761820  ERR([Errno 2] No such file or directory: '/scratch/fl3/llenzo/kraken_tmp/ERR4761820')  | 0.0/s  ETA 1.7h
[     38/202] ERR4315168  ERR([Errno 2] No such file or directory: '/scratch/fl3/llenzo/kraken_tmp/ERR4315168')  | 0.0/s  ETA 1.6h
[     39/202] ERR4315585  61.1% classified  | 0.0/s  ETA 1.6h
[     40/202] ERR4315588  ERR([Errno 2] No such file or directory: '/scratch/fl3/llenzo/kraken_tmp/ERR4315588')  | 0.0/s  ETA 1.6h
[     41/202] ERR4315409  ERR([Errno 2] No such file or directory: '/scratch/fl3/llenzo/kraken_tmp/ERR4315409')  | 0.0/s  ETA 1.6h
[     42/202] ERR4315407  ERR([Errno 2] No such file or directory: '/scratch/fl3/llenzo/kraken_tmp/ERR4315407')  | 0.0/s  ETA 1.6h
[     43/202] ERR4315341  ERR([Errno 2] No such file or directory: '/scratch/fl3/llenzo/kraken_tmp/ERR4315341')  | 0.0/s  ETA 1.6h
[     44/202] ERR4315252  ERR([Errno 2] No such file or directory: '/scratch/fl3/llenzo/kraken_tmp/ERR4315252')  | 0.0/s  ETA 1.6h
[     45/202] ERR4315330  ERR([Errno 2] No such file or directory: '/scratch/fl3/llenzo/kraken_tmp/ERR4315330')  | 0.0/s  ETA 1.5h
[     46/202] ERR4315265  ERR([Errno 2] No such file or directory: '/scratch/fl3/llenzo/kraken_tmp/ERR4315265')  | 0.0/s  ETA 1.5h
[     47/202] ERR4315652  ERR([Errno 2] No such file or directory: '/scratch/fl3/llenzo/kraken_tmp/ERR4315652')  | 0.0/s  ETA 1.5h
[     48/202] ERR4315301  ERR([Errno 2] No such file or directory: '/scratch/fl3/llenzo/kraken_tmp/ERR4315301')  | 0.0/s  ETA 1.6h
[     49/202] ERR4315550  ERR([Errno 2] No such file or directory: '/scratch/fl3/llenzo/kraken_tmp/ERR4315550')  | 0.0/s  ETA 1.6h
[     50/202] ERR4315650  ERR([Errno 2] No such file or directory: '/scratch/fl3/llenzo/kraken_tmp/ERR4315650')  | 0.0/s  ETA 1.5h
[     51/202] ERR4315532  ERR([Errno 2] No such file or directory: '/scratch/fl3/llenzo/kraken_tmp/ERR4315532')  | 0.0/s  ETA 1.5h
[     52/202] ERR4315642  74.5% classified  | 0.0/s  ETA 1.5h
[     53/202] ERR4315351  ERR([Errno 2] No such file or directory: '/scratch/fl3/llenzo/kraken_tmp/ERR4315351')  | 0.0/s  ETA 1.5h
[     54/202] ERR4315604  ERR([Errno 2] No such file or directory: '/scratch/fl3/llenzo/kraken_tmp/ERR4315604')  | 0.0/s  ETA 1.5h
[     55/202] ERR4315198  80.1% classified  | 0.0/s  ETA 1.4h
[     56/202] ERR4315581  83.2% classified  | 0.0/s  ETA 1.4h
[     57/202] ERR4315460  ERR([Errno 2] No such file or directory: '/scratch/fl3/llenzo/kraken_tmp/ERR4315460')  | 0.0/s  ETA 1.4h
[     58/202] ERR4315559  ERR([Errno 2] No such file or directory: '/scratch/fl3/llenzo/kraken_tmp/ERR4315559')  | 0.0/s  ETA 1.4h
[     59/202] ERR4315439  ERR([Errno 2] No such file or directory: '/scratch/fl3/llenzo/kraken_tmp/ERR4315439')  | 0.0/s  ETA 1.4h
[     60/202] ERR4315273  ERR([Errno 2] No such file or directory: '/scratch/fl3/llenzo/kraken_tmp/ERR4315273')  | 0.0/s  ETA 1.4h
[     61/202] ERR4315147  ERR([Errno 2] No such file or directory: '/scratch/fl3/llenzo/kraken_tmp/ERR4315147')  | 0.0/s  ETA 1.3h
[     62/202] ERR4315480  ERR([Errno 2] No such file or directory: '/scratch/fl3/llenzo/kraken_tmp/ERR4315480')  | 0.0/s  ETA 1.3h
[     63/202] ERR4315564  ERR([Errno 2] No such file or directory: '/scratch/fl3/llenzo/kraken_tmp/ERR4315564')  | 0.0/s  ETA 1.3h
[     64/202] ERR3383640  ERR([Errno 2] No such file or directory: '/scratch/fl3/llenzo/kraken_tmp/ERR3383640')  | 0.0/s  ETA 1.3h
[     65/202] SRR24010231  ERR([Errno 2] No such file or directory: '/scratch/fl3/llenzo/kraken_tmp/SRR24010231')  | 0.0/s  ETA 1.4h
[     66/202] SRR24010241  ERR([Errno 2] No such file or directory: '/scratch/fl3/llenzo/kraken_tmp/SRR24010241')  | 0.0/s  ETA 1.4h
[     67/202] SRR12329590  ERR([Errno 2] No such file or directory: '/scratch/fl3/llenzo/kraken_tmp/SRR12329590')  | 0.0/s  ETA 1.4h
[     68/202] ERR3856824  53.3% classified  | 0.0/s  ETA 1.4h
[     69/202] ERR3856817  ERR([Errno 2] No such file or directory: '/scratch/fl3/llenzo/kraken_tmp/ERR3856817')  | 0.0/s  ETA 1.4h
[     70/202] SRR28704972  ERR([Errno 2] No such file or directory: '/scratch/fl3/llenzo/kraken_tmp/SRR28704972')  | 0.0/s  ETA 1.4h
[     71/202] SRR23706863  ERR([Errno 2] No such file or directory: '/scratch/fl3/llenzo/kraken_tmp/SRR23706863')  | 0.0/s  ETA 1.4h
[     72/202] ERR3500556  ERR([Errno 2] No such file or directory: '/scratch/fl3/llenzo/kraken_tmp/ERR3500556')  | 0.0/s  ETA 1.4h
[     73/202] ERR3500542  ERR([Errno 2] No such file or directory: '/scratch/fl3/llenzo/kraken_tmp/ERR3500542')  | 0.0/s  ETA 1.4h
[     74/202] ERR3500503  ERR([Errno 2] No such file or directory: '/scratch/fl3/llenzo/kraken_tmp/ERR3500503')  | 0.0/s  ETA 1.4h
[     75/202] ERR3500537  ERR([Errno 2] No such file or directory: '/scratch/fl3/llenzo/kraken_tmp/ERR3500537')  | 0.0/s  ETA 1.4h
[     76/202] SRR22139844  11.1% classified  | 0.0/s  ETA 1.4h
[     77/202] SRR1557213  ERR([Errno 2] No such file or directory: '/scratch/fl3/llenzo/kraken_tmp/SRR1557213')  | 0.0/s  ETA 1.4h
[     78/202] SRR1576668  ERR([Errno 2] No such file or directory: '/scratch/fl3/llenzo/kraken_tmp/SRR1576668')  | 0.0/s  ETA 1.3h
[     79/202] SRR2185181  98.5% classified  | 0.0/s  ETA 1.3h
[     80/202] SRR391830  70.2% classified  | 0.0/s  ETA 1.3h
[     81/202] SRR1576785  ERR([Errno 2] No such file or directory: '/scratch/fl3/llenzo/kraken_tmp/SRR1576785')  | 0.0/s  ETA 1.3h
[     82/202] SRR6242035  66.5% classified  | 0.0/s  ETA 1.3h
[     83/202] ERR789379  66.5% classified  | 0.0/s  ETA 1.3h
[     84/202] SRR6242061  73.1% classified  | 0.0/s  ETA 1.2h
[     85/202] SRR32620560  86.0% classified  | 0.0/s  ETA 1.2h
[     86/202] SRR32620578  82.9% classified  | 0.0/s  ETA 1.2h
[     87/202] SRR8718808  97.8% classified  | 0.0/s  ETA 1.2h
[     88/202] SRR8718826  98.1% classified  | 0.0/s  ETA 1.2h
[     89/202] SRR8718840  96.5% classified  | 0.0/s  ETA 1.2h
[     90/202] SRR8718797  93.9% classified  | 0.0/s  ETA 1.1h
[     91/202] ERR13070694  68.8% classified  | 0.0/s  ETA 1.2h
[     92/202] ERR13149129  76.2% classified  | 0.0/s  ETA 1.1h
[     93/202] ERR13166132  73.5% classified  | 0.0/s  ETA 1.1h
[     94/202] SRR34026581  75.3% classified  | 0.0/s  ETA 1.1h
[     95/202] SRR3750709  87.0% classified  | 0.0/s  ETA 1.1h
[     96/202] SRR9684540  ERR([Errno 2] No such file or directory: '/scratch/fl3/llenzo/kraken_tmp/SRR9684540')  | 0.0/s  ETA 1.1h
[     97/202] SRR3750730  91.5% classified  | 0.0/s  ETA 1.1h
[     98/202] SRR20695274  ERR([Errno 2] No such file or directory: '/scratch/fl3/llenzo/kraken_tmp/SRR20695274')  | 0.0/s  ETA 1.1h
[     99/202] SRR3750732  87.1% classified  | 0.0/s  ETA 1.1h
[    100/202] ERR5928169  74.2% classified  | 0.0/s  ETA 1.1h
[    101/202] SRR2873755  83.1% classified  | 0.0/s  ETA 1.1h
[    102/202] ERR5928177  83.7% classified  | 0.0/s  ETA 1.1h
[    103/202] ERR5928195  80.2% classified  | 0.0/s  ETA 1.0h
[    104/202] SRR21195572  85.1% classified  | 0.0/s  ETA 1.0h
[    105/202] ERR5928214  84.8% classified  | 0.0/s  ETA 1.0h
[    106/202] ERR5928207  80.7% classified  | 0.0/s  ETA 1.0h
[    107/202] SRR14871460  87.7% classified  | 0.0/s  ETA 1.0h
[    108/202] SRR14871465  ERR([Errno 2] No such file or directory: '/scratch/fl3/llenzo/kraken_tmp/SRR14871465')  | 0.0/s  ETA 1.0h
[    109/202] ERR5696219  93.2% classified  | 0.0/s  ETA 1.0h
[    110/202] SRR31200169  ERR([Errno 2] No such file or directory: '/scratch/fl3/llenzo/kraken_tmp/SRR31200169')  | 0.0/s  ETA 1.0h
[    111/202] ERR6548378  ERR([Errno 2] No such file or directory: '/scratch/fl3/llenzo/kraken_tmp/ERR6548378')  | 0.0/s  ETA 1.0h
[    112/202] ERR6548349  ERR([Errno 2] No such file or directory: '/scratch/fl3/llenzo/kraken_tmp/ERR6548349')  | 0.0/s  ETA 1.0h
[    113/202] ERR5696306  93.1% classified  | 0.0/s  ETA 0.9h
[    114/202] ERR5696288  91.5% classified  | 0.0/s  ETA 0.9h
[    115/202] ERR5696254  92.2% classified  | 0.0/s  ETA 0.9h
[    116/202] SRR4296239  67.5% classified  | 0.0/s  ETA 0.9h
[    117/202] ERR5696226  91.3% classified  | 0.0/s  ETA 0.9h
[    118/202] ERR5696292  93.7% classified  | 0.0/s  ETA 0.9h
[    119/202] SRR12888337  66.7% classified  | 0.0/s  ETA 0.9h
[    120/202] SRR20324129  87.3% classified  | 0.0/s  ETA 0.9h
[    121/202] SRR11216284  ERR([Errno 2] No such file or directory: '/scratch/fl3/llenzo/kraken_tmp/SRR11216284')  | 0.0/s  ETA 0.8h
[    122/202] SRR8733380  ERR([Errno 2] No such file or directory: '/scratch/fl3/llenzo/kraken_tmp/SRR8733380')  | 0.0/s  ETA 0.8h
[    123/202] SRR11216309  7.5% classified  | 0.0/s  ETA 0.8h
[    124/202] ERR4421880  50.6% classified  | 0.0/s  ETA 0.8h
[    125/202] SRR6041852  ERR([Errno 2] No such file or directory: '/scratch/fl3/llenzo/kraken_tmp/SRR6041852')  | 0.0/s  ETA 0.8h
[    126/202] SRR38293583  ERR([Errno 2] No such file or directory: '/scratch/fl3/llenzo/kraken_tmp/SRR38293583')  | 0.0/s  ETA 0.8h
[    127/202] SRR31850424  ERR([Errno 2] No such file or directory: '/scratch/fl3/llenzo/kraken_tmp/SRR31850424')  | 0.0/s  ETA 0.8h
[    128/202] SRR10765499  ERR([Errno 2] No such file or directory: '/scratch/fl3/llenzo/kraken_tmp/SRR10765499')  | 0.0/s  ETA 0.8h
[    129/202] SRR2558706  ERR([Errno 2] No such file or directory: '/scratch/fl3/llenzo/kraken_tmp/SRR2558706')  | 0.0/s  ETA 0.8h
[    130/202] SRR23869857  96.2% classified  | 0.0/s  ETA 0.8h
[    131/202] SRR11928835  ERR([Errno 2] No such file or directory: '/scratch/fl3/llenzo/kraken_tmp/SRR11928835')  | 0.0/s  ETA 0.8h
[    132/202] SRR18070416  16.9% classified  | 0.0/s  ETA 0.7h
[    133/202] SRR8168844  ERR([Errno 2] No such file or directory: '/scratch/fl3/llenzo/kraken_tmp/SRR8168844')  | 0.0/s  ETA 0.7h
[    134/202] SRR27326545  70.6% classified  | 0.0/s  ETA 0.7h
[    135/202] SRR33696068  ERR([Errno 2] No such file or directory: '/scratch/fl3/llenzo/kraken_tmp/SRR33696068')  | 0.0/s  ETA 0.7h
[    136/202] SRR15141031  ERR([Errno 2] No such file or directory: '/scratch/fl3/llenzo/kraken_tmp/SRR15141031')  | 0.0/s  ETA 0.7h
[    137/202] SRR8204136  ERR([Errno 2] No such file or directory: '/scratch/fl3/llenzo/kraken_tmp/SRR8204136')  | 0.0/s  ETA 0.7h
[    138/202] SRR15141440  ERR([Errno 2] No such file or directory: '/scratch/fl3/llenzo/kraken_tmp/SRR15141440')  | 0.0/s  ETA 0.7h
[    139/202] SRR15141410  64.9% classified  | 0.0/s  ETA 0.7h
[    140/202] SRR32764820  ERR([Errno 2] No such file or directory: '/scratch/fl3/llenzo/kraken_tmp/SRR32764820')  | 0.0/s  ETA 0.7h
[    141/202] SRR10291728  ERR([Errno 2] No such file or directory: '/scratch/fl3/llenzo/kraken_tmp/SRR10291728')  | 0.0/s  ETA 0.7h
[    142/202] ERR10886952  ERR([Errno 2] No such file or directory: '/scratch/fl3/llenzo/kraken_tmp/ERR10886952')  | 0.0/s  ETA 0.7h
[    143/202] ERR10887002  ERR([Errno 2] No such file or directory: '/scratch/fl3/llenzo/kraken_tmp/ERR10887002')  | 0.0/s  ETA 0.7h
[    144/202] ERR10886939  ERR([Errno 2] No such file or directory: '/scratch/fl3/llenzo/kraken_tmp/ERR10886939')  | 0.0/s  ETA 0.7h
[    145/202] ERR10886965  ERR([Errno 2] No such file or directory: '/scratch/fl3/llenzo/kraken_tmp/ERR10886965')  | 0.0/s  ETA 0.7h
[    146/202] SRR31514633  ERR([Errno 2] No such file or directory: '/scratch/fl3/llenzo/kraken_tmp/SRR31514633')  | 0.0/s  ETA 0.7h
[    147/202] SRR8418334  64.2% classified  | 0.0/s  ETA 0.6h
[    148/202] ERR10886962  ERR([Errno 2] No such file or directory: '/scratch/fl3/llenzo/kraken_tmp/ERR10886962')  | 0.0/s  ETA 0.6h
[    149/202] SRR31278118  ERR([Errno 2] No such file or directory: '/scratch/fl3/llenzo/kraken_tmp/SRR31278118')  | 0.0/s  ETA 0.6h
[    150/202] SRR8418257  58.2% classified  | 0.0/s  ETA 0.6h
[    151/202] SRR8418250  56.3% classified  | 0.0/s  ETA 0.6h
[    152/202] ERR1360192  73.9% classified  | 0.0/s  ETA 0.6h
[    153/202] SRR8418343  74.6% classified  | 0.0/s  ETA 0.6h
[    154/202] SRR9276717  83.8% classified  | 0.0/s  ETA 0.6h
[    155/202] SRR33846326  85.3% classified  | 0.0/s  ETA 0.5h
[    156/202] SRR6218752  85.5% classified  | 0.0/s  ETA 0.5h
[    157/202] ERR7421533  65.2% classified  | 0.0/s  ETA 0.5h
[    158/202] SRR32959933  82.5% classified  | 0.0/s  ETA 0.5h
[    159/202] ERR10926643  88.4% classified  | 0.0/s  ETA 0.5h
[    160/202] SRR34300138  28.2% classified  | 0.0/s  ETA 0.5h
[    161/202] SRR36910261  29.5% classified  | 0.0/s  ETA 0.5h
[    162/202] SRR34300168  27.2% classified  | 0.0/s  ETA 0.5h
[    163/202] SRR36910250  25.7% classified  | 0.0/s  ETA 0.5h
[    164/202] SRR36910260  26.3% classified  | 0.0/s  ETA 0.4h
[    165/202] SRR36910231  27.5% classified  | 0.0/s  ETA 0.4h
[    166/202] SRR36367272  71.1% classified  | 0.0/s  ETA 0.4h
[    167/202] SRR36292478  57.6% classified  | 0.0/s  ETA 0.4h
[    168/202] SRR36367283  66.6% classified  | 0.0/s  ETA 0.4h
[    169/202] SRR36292468  55.1% classified  | 0.0/s  ETA 0.4h
[    170/202] SRR36292498  60.0% classified  | 0.0/s  ETA 0.4h
[    171/202] SRR36910243  26.6% classified  | 0.0/s  ETA 0.4h
[    172/202] SRR36367310  69.6% classified  | 0.0/s  ETA 0.4h
[    173/202] SRR34300164  25.1% classified  | 0.0/s  ETA 0.3h
[    174/202] SRR26214566  90.9% classified  | 0.0/s  ETA 0.3h
[    175/202] SRR25968999  87.8% classified  | 0.0/s  ETA 0.3h
[    176/202] SRR25969013  91.5% classified  | 0.0/s  ETA 0.3h
[    177/202] SRR30126656  84.4% classified  | 0.0/s  ETA 0.3h
[    178/202] SRR11497261  70.5% classified  | 0.0/s  ETA 0.3h
[    179/202] SRR1975193  61.1% classified  | 0.0/s  ETA 0.3h
[    180/202] SRR8984106  80.2% classified  | 0.0/s  ETA 0.3h
[    181/202] SRR26511470  86.0% classified  | 0.0/s  ETA 0.2h
[    182/202] SRR31830259  89.7% classified  | 0.0/s  ETA 0.2h
[    183/202] SRR28718298  77.8% classified  | 0.0/s  ETA 0.2h
[    184/202] SRR8569394  79.8% classified  | 0.0/s  ETA 0.2h
[    185/202] SRR1793833  90.8% classified  | 0.0/s  ETA 0.2h
[    186/202] SRR6039729  79.3% classified  | 0.0/s  ETA 0.2h
[    187/202] SRR37491909  22.7% classified  | 0.0/s  ETA 0.2h
[    188/202] ERR3850354  72.0% classified  | 0.0/s  ETA 0.2h
[    189/202] SRR7526699  71.7% classified  | 0.0/s  ETA 0.2h
[    190/202] SRR14224166  85.0% classified  | 0.0/s  ETA 0.1h
[    191/202] SRR12998709  80.6% classified  | 0.0/s  ETA 0.1h
[    192/202] SRR36993186  90.4% classified  | 0.0/s  ETA 0.1h
[    193/202] SRR4044953  77.0% classified  | 0.0/s  ETA 0.1h
[    194/202] SRR30427804  85.1% classified  | 0.0/s  ETA 0.1h
[    195/202] SRR31204183  88.3% classified  | 0.0/s  ETA 0.1h
[    196/202] SRR36610581  88.8% classified  | 0.0/s  ETA 0.1h
[    197/202] SRR8416457  76.0% classified  | 0.0/s  ETA 0.1h
[    198/202] SRR3724140  77.9% classified  | 0.0/s  ETA 0.0h
[    199/202] SRR27846623  91.5% classified  | 0.0/s  ETA 0.0h
[    200/202] SRR3724171  74.8% classified  | 0.0/s  ETA 0.0h
[    201/202] SRR6292051  83.1% classified  | 0.0/s  ETA 0.0h
[    202/202] ERR986091  68.3% classified  | 0.0/s  ETA 0.0h

── Summary ────────────────────────────────────────
  Classified: 137
  Errors:     65
  Elapsed:    2.4h
  Cache:      kraken/assign/data/kraken_cache.jsonl
