host=nid001710 job=49402291 task=12 cpus=112
Kraken version 2.1.2
Reads read from: kraken/output/run/select/data/reads
Raw kraken2 reports will be saved to: kraken/output/run/assign/data/reports
Loaded 3,225 runs from kraken/output/run/select/data/run_list.tsv (filters: none)
Array task 12/16: 201 runs assigned

Total runs: 3,225 | Already done: 0 | Remaining: 201
Settings: confidence=0.15, min_hit_groups=3, workers=8, kraken_threads=4
DB: kraken/output/db/build/data/db_v2
Tmp: /scratch/fl3/llenzo/kraken_tmp

[      1/201] ERR3170276  55.4% classified  | 0.0/s  ETA 5.5h
[      2/201] ERR3170279  64.6% classified  | 0.0/s  ETA 3.2h
[      3/201] ERR3170264  61.3% classified  | 0.0/s  ETA 2.6h
[      4/201] ERR3188460  29.2% classified  | 0.0/s  ETA 2.0h
[      5/201] ERR3170238  58.7% classified  | 0.0/s  ETA 1.6h
[      6/201] ERR3170190  55.1% classified  | 0.0/s  ETA 1.4h
[      7/201] ERR3188462  47.6% classified  | 0.0/s  ETA 1.2h
[      8/201] ERR1607794  60.0% classified  | 0.0/s  ETA 1.2h
[      9/201] ERR3188474  43.6% classified  | 0.1/s  ETA 1.1h
[     10/201] ERR3170215  29.2% classified  | 0.0/s  ETA 1.1h
[     11/201] ERR1607822  50.5% classified  | 0.1/s  ETA 1.0h
[     12/201] ERR1607863  21.6% classified  | 0.1/s  ETA 1.0h
[     13/201] ERR1607824  28.4% classified  | 0.1/s  ETA 0.9h
[     14/201] ERR1607778  11.6% classified  | 0.1/s  ETA 0.9h
[     15/201] ERR1607792  63.5% classified  | 0.1/s  ETA 0.9h
[     16/201] ERR4152485  50.8% classified  | 0.1/s  ETA 0.9h
[     17/201] ERR1607752  51.9% classified  | 0.1/s  ETA 0.9h
[     18/201] ERR15005540  9.3% classified  | 0.1/s  ETA 0.9h
[     19/201] ERR15005500  34.1% classified  | 0.1/s  ETA 0.9h
[     20/201] ERR15005537  18.2% classified  | 0.1/s  ETA 0.8h
[     21/201] ERR12013035  60.0% classified  | 0.1/s  ETA 0.8h
[     22/201] ERR15005499  32.1% classified  | 0.1/s  ETA 0.9h
[     23/201] ERR15005485  15.4% classified  | 0.1/s  ETA 0.8h
[     24/201] ERR12013051  58.9% classified  | 0.1/s  ETA 0.8h
[     25/201] ERR15005490  38.8% classified  | 0.1/s  ETA 0.8h
[     26/201] ERR6847896  69.0% classified  | 0.1/s  ETA 0.8h
[     27/201] ERR4315525  60.0% classified  | 0.1/s  ETA 0.8h
[     28/201] ERR12013063  59.3% classified  | 0.1/s  ETA 0.8h
[     29/201] SRR7797537  77.6% classified  | 0.1/s  ETA 0.8h
[     30/201] ERR4315366  71.8% classified  | 0.1/s  ETA 0.8h
[     31/201] ERR4315355  79.2% classified  | 0.1/s  ETA 0.8h
[     32/201] ERR4315530  52.4% classified  | 0.1/s  ETA 0.8h
[     33/201] SRR29076543  23.9% classified  | 0.1/s  ETA 0.8h
[     34/201] ERR4315662  22.8% classified  | 0.1/s  ETA 0.8h
[     35/201] ERR4315294  53.3% classified  | 0.1/s  ETA 0.8h
[     36/201] ERR4315179  29.7% classified  | 0.1/s  ETA 0.8h
[     37/201] ERR4315666  54.4% classified  | 0.1/s  ETA 0.8h
[     38/201] ERR4315517  22.0% classified  | 0.1/s  ETA 0.7h
[     39/201] ERR4315414  52.0% classified  | 0.1/s  ETA 0.7h
[     40/201] ERR4315645  23.3% classified  | 0.1/s  ETA 0.7h
[     41/201] ERR4315535  42.7% classified  | 0.1/s  ETA 0.7h
[     42/201] ERR4315661  12.4% classified  | 0.1/s  ETA 0.7h
[     43/201] ERR4315663  47.2% classified  | 0.1/s  ETA 0.7h
[     44/201] ERR4315156  48.4% classified  | 0.1/s  ETA 0.7h
[     45/201] ERR4315241  22.7% classified  | 0.1/s  ETA 0.7h
[     46/201] ERR4315499  44.7% classified  | 0.1/s  ETA 0.7h
[     47/201] ERR4315408  44.3% classified  | 0.1/s  ETA 0.7h
[     48/201] ERR4315621  32.9% classified  | 0.1/s  ETA 0.6h
[     49/201] ERR4315638  41.5% classified  | 0.1/s  ETA 0.6h
[     50/201] ERR4315675  47.7% classified  | 0.1/s  ETA 0.7h
[     51/201] ERR4315227  53.3% classified  | 0.1/s  ETA 0.7h
[     52/201] ERR4315306  49.5% classified  | 0.1/s  ETA 0.6h
[     53/201] ERR4315219  39.7% classified  | 0.1/s  ETA 0.6h
[     54/201] ERR4315436  40.9% classified  | 0.1/s  ETA 0.6h
[     55/201] ERR4315358  46.6% classified  | 0.1/s  ETA 0.6h
[     56/201] ERR4315616  50.6% classified  | 0.1/s  ETA 0.6h
[     57/201] ERR4315305  23.4% classified  | 0.1/s  ETA 0.6h
[     58/201] ERR4315505  26.9% classified  | 0.1/s  ETA 0.6h
[     59/201] ERR4315461  57.3% classified  | 0.1/s  ETA 0.6h
[     60/201] ERR4315427  41.3% classified  | 0.1/s  ETA 0.6h
[     61/201] ERR4315594  58.0% classified  | 0.1/s  ETA 0.6h
[     62/201] ERR4315397  59.5% classified  | 0.1/s  ETA 0.6h
[     63/201] ERR3856831  15.2% classified  | 0.1/s  ETA 0.6h
[     64/201] SRR24010220  67.6% classified  | 0.1/s  ETA 0.6h
[     65/201] ERR4315387  44.5% classified  | 0.1/s  ETA 0.6h
[     66/201] ERR3856842  29.3% classified  | 0.1/s  ETA 0.6h
[     67/201] SRR24010244  31.7% classified  | 0.1/s  ETA 0.6h
[     68/201] ERR3856845  50.1% classified  | 0.1/s  ETA 0.6h
[     69/201] SRR579534  36.6% classified  | 0.1/s  ETA 0.6h
[     70/201] SRR7753256  14.6% classified  | 0.1/s  ETA 0.6h
[     71/201] ERR3500549  5.7% classified  | 0.1/s  ETA 0.6h
[     72/201] SRR1583679  58.5% classified  | 0.1/s  ETA 0.6h
[     73/201] ERR13340225  37.7% classified  | 0.1/s  ETA 0.6h
[     74/201] SRR391842  2.0% classified  | 0.1/s  ETA 0.6h
[     75/201] SRR391838  49.6% classified  | 0.1/s  ETA 0.6h
[     76/201] SRR1562085  53.5% classified  | 0.1/s  ETA 0.6h
[     77/201] ERR3500524  1.6% classified  | 0.1/s  ETA 0.6h
[     78/201] SRR1557191  33.1% classified  | 0.1/s  ETA 0.5h
[     79/201] SRR31839226  41.7% classified  | 0.1/s  ETA 0.5h
[     80/201] SRR23706864  9.5% classified  | 0.1/s  ETA 0.5h
[     81/201] SRR32620576  67.2% classified  | 0.1/s  ETA 0.5h
[     82/201] SRR32620579  30.2% classified  | 0.1/s  ETA 0.5h
[     83/201] SRR8718828  10.8% classified  | 0.1/s  ETA 0.5h
[     84/201] ERR789377  15.9% classified  | 0.1/s  ETA 0.5h
[     85/201] ERR3500531  3.1% classified  | 0.1/s  ETA 0.5h
[     86/201] SRR8718801  9.3% classified  | 0.1/s  ETA 0.5h
[     87/201] SRR6242056  1.6% classified  | 0.1/s  ETA 0.5h
[     88/201] SRR8718852  5.5% classified  | 0.1/s  ETA 0.5h
[     89/201] SRR8718849  9.3% classified  | 0.1/s  ETA 0.5h
[     90/201] SRR4240602  56.8% classified  | 0.1/s  ETA 0.5h
[     91/201] SRR34026580  17.4% classified  | 0.1/s  ETA 0.5h
[     92/201] ERR2099114  70.1% classified  | 0.1/s  ETA 0.5h
[     93/201] SRR34026574  2.8% classified  | 0.1/s  ETA 0.5h
[     94/201] ERR13159190  1.1% classified  | 0.1/s  ETA 0.5h
[     95/201] SRR3750707  1.6% classified  | 0.1/s  ETA 0.5h
[     96/201] ERR13107156  20.2% classified  | 0.1/s  ETA 0.5h
[     97/201] SRR3750698  3.8% classified  | 0.1/s  ETA 0.5h
[     98/201] ERR5928196  1.2% classified  | 0.1/s  ETA 0.5h
[     99/201] ERR5928158  13.3% classified  | 0.1/s  ETA 0.4h
[    100/201] ERR5928171  4.2% classified  | 0.1/s  ETA 0.4h
[    101/201] SRR350926  84.5% classified  | 0.1/s  ETA 0.4h
[    102/201] ERR5928226  4.1% classified  | 0.1/s  ETA 0.4h
[    103/201] ERR5928215  1.0% classified  | 0.1/s  ETA 0.4h
[    104/201] ERR5696204  1.1% classified  | 0.1/s  ETA 0.4h
[    105/201] SRR2874370  0.6% classified  | 0.1/s  ETA 0.4h
[    106/201] ERR6548381  2.0% classified  | 0.1/s  ETA 0.4h
[    107/201] ERR5696303  4.3% classified  | 0.1/s  ETA 0.4h
[    108/201] SRR27607207  86.0% classified  | 0.1/s  ETA 0.4h
[    109/201] ERR5696281  1.8% classified  | 0.1/s  ETA 0.4h
[    110/201] ERR5696247  23.7% classified  | 0.1/s  ETA 0.4h
[    111/201] ERR5696296  3.2% classified  | 0.1/s  ETA 0.4h
[    112/201] ERR5696256  4.4% classified  | 0.1/s  ETA 0.4h
[    113/201] ERR5696211  1.1% classified  | 0.1/s  ETA 0.4h
[    114/201] SRR12888334  0.3% classified  | 0.1/s  ETA 0.4h
[    115/201] SRR9684543  17.4% classified  | 0.1/s  ETA 0.4h
[    116/201] SRR11216261  1.0% classified  | 0.1/s  ETA 0.4h
[    117/201] SRR2920086  9.4% classified  | 0.1/s  ETA 0.4h
[    118/201] ERR6548382  1.4% classified  | 0.1/s  ETA 0.4h
[    119/201] SRR14871462  1.4% classified  | 0.1/s  ETA 0.3h
[    120/201] ERR4421877  47.6% classified  | 0.1/s  ETA 0.3h
[    121/201] SRR11216279  0.5% classified  | 0.1/s  ETA 0.3h
[    122/201] SRR21195581  1.7% classified  | 0.1/s  ETA 0.3h
[    123/201] SRR20324141  0.8% classified  | 0.1/s  ETA 0.3h
[    124/201] SRR2922439  8.5% classified  | 0.1/s  ETA 0.3h
[    125/201] SRR33583434  0.4% classified  | 0.1/s  ETA 0.3h
[    126/201] SRR23870012  9.1% classified  | 0.1/s  ETA 0.3h
[    127/201] SRR28544648  14.4% classified  | 0.1/s  ETA 0.3h
[    128/201] SRR8639449  21.3% classified  | 0.1/s  ETA 0.3h
[    129/201] SRR17609704  34.3% classified  | 0.1/s  ETA 0.3h
[    130/201] SRR27326787  48.5% classified  | 0.1/s  ETA 0.3h
[    131/201] SRR15141113  17.7% classified  | 0.1/s  ETA 0.3h
[    132/201] SRR15141136  28.3% classified  | 0.1/s  ETA 0.3h
[    133/201] SRR15141131  2.6% classified  | 0.1/s  ETA 0.3h
[    134/201] SRR38293581  6.5% classified  | 0.1/s  ETA 0.3h
[    135/201] SRR2517434  3.4% classified  | 0.1/s  ETA 0.3h
[    136/201] SRR7500377  1.1% classified  | 0.1/s  ETA 0.3h
[    137/201] SRR8204118  4.7% classified  | 0.1/s  ETA 0.3h
[    138/201] SRR32920596  48.1% classified  | 0.1/s  ETA 0.3h
[    139/201] SRR31850433  0.6% classified  | 0.1/s  ETA 0.3h
[    140/201] SRR10291787  47.4% classified  | 0.1/s  ETA 0.3h
[    141/201] ERR10886931  19.1% classified  | 0.1/s  ETA 0.3h
[    142/201] SRR33696070  41.6% classified  | 0.1/s  ETA 0.3h
[    143/201] ERR10886917  11.9% classified  | 0.1/s  ETA 0.3h
[    144/201] SRR36368719  1.2% classified  | 0.1/s  ETA 0.3h
[    145/201] SRR8418246  6.1% classified  | 0.1/s  ETA 0.3h
[    146/201] SRR8418326  7.1% classified  | 0.1/s  ETA 0.3h
[    147/201] SRR8418269  8.7% classified  | 0.1/s  ETA 0.2h
[    148/201] SRR8418242  10.0% classified  | 0.1/s  ETA 0.2h
[    149/201] SRR27311318  13.0% classified  | 0.1/s  ETA 0.2h
[    150/201] ERR7421538  53.9% classified  | 0.1/s  ETA 0.2h
[    151/201] SRR24901493  19.9% classified  | 0.1/s  ETA 0.2h
[    152/201] ERR10886969  20.1% classified  | 0.1/s  ETA 0.2h
[    153/201] ERR7421540  58.6% classified  | 0.1/s  ETA 0.2h
[    154/201] SRR24116281  18.3% classified  | 0.1/s  ETA 0.2h
[    155/201] SRR21997280  25.1% classified  | 0.1/s  ETA 0.2h
[    156/201] SRR32959943  12.7% classified  | 0.1/s  ETA 0.2h
[    157/201] ERR10886943  7.2% classified  | 0.1/s  ETA 0.2h
[    158/201] SRR36910215  3.4% classified  | 0.1/s  ETA 0.2h
[    159/201] SRR36292503  7.0% classified  | 0.1/s  ETA 0.2h
[    160/201] SRR36910265  3.7% classified  | 0.1/s  ETA 0.2h
[    161/201] ERR10886912  5.2% classified  | 0.1/s  ETA 0.2h
[    162/201] SRR36292480  14.5% classified  | 0.1/s  ETA 0.2h
[    163/201] ERR10926708  7.8% classified  | 0.1/s  ETA 0.2h
[    164/201] SRR36292494  5.8% classified  | 0.1/s  ETA 0.2h
[    165/201] SRR34300173  5.0% classified  | 0.1/s  ETA 0.2h
[    166/201] SRR36292471  6.0% classified  | 0.1/s  ETA 0.2h
[    167/201] SRR36367301  11.2% classified  | 0.1/s  ETA 0.2h
[    168/201] SRR36292446  6.2% classified  | 0.1/s  ETA 0.2h
[    169/201] SRR36910211  3.7% classified  | 0.1/s  ETA 0.2h
[    170/201] SRR36367278  12.3% classified  | 0.1/s  ETA 0.2h
[    171/201] SRR34300148  9.4% classified  | 0.1/s  ETA 0.1h
[    172/201] SRR25969026  6.0% classified  | 0.1/s  ETA 0.1h
[    173/201] SRR25969012  12.0% classified  | 0.1/s  ETA 0.1h
[    174/201] SRR1975201  58.1% classified  | 0.1/s  ETA 0.1h
[    175/201] SRR7403508  7.2% classified  | 0.1/s  ETA 0.1h
[    176/201] SRR12133598  22.6% classified  | 0.1/s  ETA 0.1h
[    177/201] SRR36367336  6.8% classified  | 0.1/s  ETA 0.1h
[    178/201] SRR35321449  4.0% classified  | 0.1/s  ETA 0.1h
[    179/201] SRR26214558  10.4% classified  | 0.1/s  ETA 0.1h
[    180/201] SRR22975696  9.9% classified  | 0.1/s  ETA 0.1h
[    181/201] SRR3571666  5.8% classified  | 0.1/s  ETA 0.1h
[    182/201] SRR8984120  16.4% classified  | 0.1/s  ETA 0.1h
[    183/201] SRR6189706  57.1% classified  | 0.1/s  ETA 0.1h
[    184/201] ERR990467  2.9% classified  | 0.1/s  ETA 0.1h
[    185/201] SRR37491914  6.1% classified  | 0.1/s  ETA 0.1h
[    186/201] SRR6039742  9.4% classified  | 0.1/s  ETA 0.1h
[    187/201] SRR1793856  15.8% classified  | 0.1/s  ETA 0.1h
[    188/201] DRR125469  9.2% classified  | 0.1/s  ETA 0.1h
[    189/201] SRR37049205  4.8% classified  | 0.1/s  ETA 0.1h
[    190/201] SRR10499797  2.2% classified  | 0.1/s  ETA 0.1h
[    191/201] SRR6395471  7.3% classified  | 0.1/s  ETA 0.0h
[    192/201] SRR1182761  58.3% classified  | 0.1/s  ETA 0.0h
[    193/201] SRR8416452  8.6% classified  | 0.1/s  ETA 0.0h
[    194/201] SRR36993190  15.2% classified  | 0.1/s  ETA 0.0h
[    195/201] SRR6292049  45.9% classified  | 0.1/s  ETA 0.0h
[    196/201] ERR4349055  5.4% classified  | 0.1/s  ETA 0.0h
[    197/201] SRR12998706  54.2% classified  | 0.1/s  ETA 0.0h
[    198/201] SRR18428224  10.7% classified  | 0.1/s  ETA 0.0h
[    199/201] SRR23292911  7.2% classified  | 0.1/s  ETA 0.0h
[    200/201] ERR1314945  5.5% classified  | 0.1/s  ETA 0.0h
[    201/201] SRR3724102  51.0% classified  | 0.1/s  ETA 0.0h

── Summary ────────────────────────────────────────
  Classified: 201
  Errors:     0
  Elapsed:    1.0h
  Cache:      kraken/output/run/assign/data/kraken_cache.jsonl
