host=nid002320 job=49402277 task=2 cpus=112
Kraken version 2.1.2
Reads read from: kraken/output/run/select/data/reads
Raw kraken2 reports will be saved to: kraken/output/run/assign/data/reports
Loaded 3,225 runs from kraken/output/run/select/data/run_list.tsv (filters: none)
Array task 2/16: 202 runs assigned

Total runs: 3,225 | Already done: 0 | Remaining: 202
Settings: confidence=0.15, min_hit_groups=3, workers=8, kraken_threads=4
DB: kraken/output/db/build/data/db_v2
Tmp: /scratch/fl3/llenzo/kraken_tmp

[      1/202] ERR3188483  54.8% classified  | 0.0/s  ETA 9.1h
[      2/202] ERR3170219  46.1% classified  | 0.0/s  ETA 4.8h
[      3/202] ERR3170226  66.5% classified  | 0.0/s  ETA 3.2h
[      4/202] ERR3170209  59.8% classified  | 0.0/s  ETA 2.5h
[      5/202] ERR3170229  71.0% classified  | 0.0/s  ETA 2.2h
[      6/202] ERR3188466  33.8% classified  | 0.0/s  ETA 1.9h
[      7/202] ERR3188432  42.9% classified  | 0.0/s  ETA 1.6h
[      8/202] ERR3170265  63.8% classified  | 0.0/s  ETA 1.5h
[      9/202] ERR1607845  32.1% classified  | 0.0/s  ETA 1.5h
[     10/202] ERR3170260  64.7% classified  | 0.0/s  ETA 1.4h
[     11/202] ERR3170200  57.4% classified  | 0.0/s  ETA 1.3h
[     12/202] ERR1607803  24.1% classified  | 0.0/s  ETA 1.2h
[     13/202] ERR1607809  41.0% classified  | 0.0/s  ETA 1.1h
[     14/202] ERR1607852  48.6% classified  | 0.0/s  ETA 1.1h
[     15/202] ERR1607839  41.9% classified  | 0.0/s  ETA 1.0h
[     16/202] ERR1607732  24.8% classified  | 0.0/s  ETA 1.1h
[     17/202] ERR15005451  9.4% classified  | 0.0/s  ETA 1.1h
[     18/202] ERR1607742  55.8% classified  | 0.0/s  ETA 1.0h
[     19/202] ERR15005444  21.1% classified  | 0.1/s  ETA 1.0h
[     20/202] ERR15005488  19.2% classified  | 0.1/s  ETA 1.0h
[     21/202] ERR15005446  30.7% classified  | 0.1/s  ETA 0.9h
[     22/202] ERR12013059  43.5% classified  | 0.1/s  ETA 1.0h
[     23/202] ERR15005481  23.9% classified  | 0.1/s  ETA 0.9h
[     24/202] ERR15005539  23.8% classified  | 0.1/s  ETA 0.9h
[     25/202] ERR6847888  59.2% classified  | 0.1/s  ETA 1.0h
[     26/202] ERR12013065  57.1% classified  | 0.1/s  ETA 0.9h
[     27/202] ERR6847871  35.6% classified  | 0.1/s  ETA 0.9h
[     28/202] ERR12013056  68.7% classified  | 0.1/s  ETA 0.9h
[     29/202] ERR4315522  63.7% classified  | 0.1/s  ETA 0.9h
[     30/202] SRR7797543  41.7% classified  | 0.1/s  ETA 0.9h
[     31/202] ERR4315356  78.3% classified  | 0.1/s  ETA 0.9h
[     32/202] SRR29077174  32.7% classified  | 0.1/s  ETA 0.9h
[     33/202] ERR4315164  35.9% classified  | 0.1/s  ETA 0.9h
[     34/202] ERR4315582  12.5% classified  | 0.1/s  ETA 0.9h
[     35/202] ERR4761821  43.4% classified  | 0.1/s  ETA 0.8h
[     36/202] ERR4315401  59.1% classified  | 0.1/s  ETA 0.8h
[     37/202] ERR4315526  49.2% classified  | 0.1/s  ETA 0.8h
[     38/202] ERR4315254  50.9% classified  | 0.1/s  ETA 0.8h
[     39/202] ERR4315217  22.1% classified  | 0.1/s  ETA 0.8h
[     40/202] ERR4315632  62.9% classified  | 0.1/s  ETA 0.8h
[     41/202] ERR4315279  68.1% classified  | 0.1/s  ETA 0.8h
[     42/202] ERR4315545  52.2% classified  | 0.1/s  ETA 0.8h
[     43/202] ERR4315455  18.4% classified  | 0.1/s  ETA 0.8h
[     44/202] ERR4315600  53.8% classified  | 0.1/s  ETA 0.8h
[     45/202] ERR4315561  64.0% classified  | 0.1/s  ETA 0.8h
[     46/202] ERR4315434  59.0% classified  | 0.1/s  ETA 0.7h
[     47/202] ERR4315487  41.8% classified  | 0.1/s  ETA 0.7h
[     48/202] ERR4315249  58.1% classified  | 0.1/s  ETA 0.7h
[     49/202] ERR4315598  46.3% classified  | 0.1/s  ETA 0.7h
[     50/202] ERR4315232  49.7% classified  | 0.1/s  ETA 0.7h
[     51/202] ERR4315519  13.2% classified  | 0.1/s  ETA 0.7h
[     52/202] ERR4315381  58.0% classified  | 0.1/s  ETA 0.7h
[     53/202] ERR4315314  52.2% classified  | 0.1/s  ETA 0.7h
[     54/202] ERR4315648  51.6% classified  | 0.1/s  ETA 0.7h
[     55/202] ERR4315344  50.5% classified  | 0.1/s  ETA 0.7h
[     56/202] ERR4315456  16.5% classified  | 0.1/s  ETA 0.7h
[     57/202] ERR4315188  43.9% classified  | 0.1/s  ETA 0.7h
[     58/202] ERR4315646  53.6% classified  | 0.1/s  ETA 0.6h
[     59/202] ERR4315237  50.9% classified  | 0.1/s  ETA 0.6h
[     60/202] ERR4315623  39.0% classified  | 0.1/s  ETA 0.6h
[     61/202] ERR4315528  72.3% classified  | 0.1/s  ETA 0.6h
[     62/202] ERR4315282  61.3% classified  | 0.1/s  ETA 0.6h
[     63/202] ERR3383636  66.6% classified  | 0.1/s  ETA 0.6h
[     64/202] SRR24010216  70.3% classified  | 0.1/s  ETA 0.6h
[     65/202] ERR4315311  59.3% classified  | 0.1/s  ETA 0.6h
[     66/202] ERR3856852  48.4% classified  | 0.1/s  ETA 0.6h
[     67/202] ERR3856843  30.7% classified  | 0.1/s  ETA 0.6h
[     68/202] SRR24010234  38.0% classified  | 0.1/s  ETA 0.6h
[     69/202] SRR12329589  32.6% classified  | 0.1/s  ETA 0.6h
[     70/202] ERR3500545  4.3% classified  | 0.1/s  ETA 0.6h
[     71/202] SRR28704969  36.5% classified  | 0.1/s  ETA 0.6h
[     72/202] SRR1556067  56.8% classified  | 0.1/s  ETA 0.6h
[     73/202] SRR2185183  84.0% classified  | 0.1/s  ETA 0.6h
[     74/202] ERR3500520  1.7% classified  | 0.1/s  ETA 0.6h
[     75/202] SRR391829  5.1% classified  | 0.1/s  ETA 0.6h
[     76/202] SRR1562079  44.3% classified  | 0.1/s  ETA 0.6h
[     77/202] SRR1562080  23.9% classified  | 0.1/s  ETA 0.6h
[     78/202] SRR22139838  1.5% classified  | 0.1/s  ETA 0.6h
[     79/202] ERR3500517  1.6% classified  | 0.1/s  ETA 0.6h
[     80/202] ERR3500513  0.9% classified  | 0.1/s  ETA 0.6h
[     81/202] SRR6242063  13.0% classified  | 0.1/s  ETA 0.6h
[     82/202] SRR23706867  1.7% classified  | 0.1/s  ETA 0.6h
[     83/202] SRR32620563  32.1% classified  | 0.1/s  ETA 0.6h
[     84/202] ERR789372  1.7% classified  | 0.1/s  ETA 0.6h
[     85/202] SRR8718802  8.7% classified  | 0.1/s  ETA 0.6h
[     86/202] SRR8718834  0.4% classified  | 0.1/s  ETA 0.6h
[     87/202] SRR8718794  10.8% classified  | 0.1/s  ETA 0.5h
[     88/202] SRR8718820  4.4% classified  | 0.1/s  ETA 0.6h
[     89/202] SRR34026579  14.2% classified  | 0.1/s  ETA 0.6h
[     90/202] ERR13159077  0.9% classified  | 0.1/s  ETA 0.6h
[     91/202] ERR13105569  17.9% classified  | 0.1/s  ETA 0.5h
[     92/202] SRR12149188  11.2% classified  | 0.1/s  ETA 0.5h
[     93/202] ERR13150773  3.5% classified  | 0.1/s  ETA 0.5h
[     94/202] SRR3750715  1.4% classified  | 0.1/s  ETA 0.5h
[     95/202] SRR3750726  1.6% classified  | 0.1/s  ETA 0.5h
[     96/202] SRR1561422  18.8% classified  | 0.1/s  ETA 0.5h
[     97/202] SRR3750700  1.7% classified  | 0.1/s  ETA 0.5h
[     98/202] ERR5928182  1.1% classified  | 0.1/s  ETA 0.5h
[     99/202] ERR5928176  4.5% classified  | 0.1/s  ETA 0.5h
[    100/202] ERR5928180  1.5% classified  | 0.1/s  ETA 0.5h
[    101/202] ERR5928209  0.7% classified  | 0.1/s  ETA 0.5h
[    102/202] SRR21195563  10.5% classified  | 0.1/s  ETA 0.5h
[    103/202] SRR9127601  8.0% classified  | 0.1/s  ETA 0.5h
[    104/202] SRR14871461  2.4% classified  | 0.1/s  ETA 0.5h
[    105/202] SRR21195570  9.0% classified  | 0.1/s  ETA 0.5h
[    106/202] ERR5696224  2.8% classified  | 0.1/s  ETA 0.5h
[    107/202] SRR14871478  3.0% classified  | 0.1/s  ETA 0.5h
[    108/202] ERR5696290  1.4% classified  | 0.1/s  ETA 0.5h
[    109/202] ERR5696239  6.0% classified  | 0.1/s  ETA 0.5h
[    110/202] ERR5696249  22.8% classified  | 0.1/s  ETA 0.5h
[    111/202] SRR4296238  2.5% classified  | 0.1/s  ETA 0.5h
[    112/202] SRR6242036  26.9% classified  | 0.1/s  ETA 0.5h
[    113/202] ERR5696229  1.8% classified  | 0.1/s  ETA 0.5h
[    114/202] ERR5696261  2.4% classified  | 0.1/s  ETA 0.5h
[    115/202] SRR12888335  0.3% classified  | 0.1/s  ETA 0.4h
[    116/202] SRR31200153  4.1% classified  | 0.1/s  ETA 0.4h
[    117/202] SRR11216265  0.4% classified  | 0.1/s  ETA 0.4h
[    118/202] SRR11216262  19.8% classified  | 0.1/s  ETA 0.4h
[    119/202] ERR6548347  3.1% classified  | 0.1/s  ETA 0.4h
[    120/202] ERR6548343  1.8% classified  | 0.1/s  ETA 0.4h
[    121/202] ERR4421878  47.8% classified  | 0.1/s  ETA 0.4h
[    122/202] SRR20324149  1.1% classified  | 0.1/s  ETA 0.4h
[    123/202] SRR2518230  27.8% classified  | 0.1/s  ETA 0.4h
[    124/202] SRR10221950  10.5% classified  | 0.1/s  ETA 0.4h
[    125/202] SRR8733381  4.4% classified  | 0.1/s  ETA 0.4h
[    126/202] SRR9684530  4.0% classified  | 0.1/s  ETA 0.4h
[    127/202] SRR28147553  2.5% classified  | 0.1/s  ETA 0.4h
[    128/202] SRR28475112  12.4% classified  | 0.1/s  ETA 0.4h
[    129/202] SRR7873467  15.6% classified  | 0.1/s  ETA 0.4h
[    130/202] SRR8640195  23.5% classified  | 0.1/s  ETA 0.4h
[    131/202] SRR2517436  3.5% classified  | 0.1/s  ETA 0.4h
[    132/202] SRR11928940  6.1% classified  | 0.1/s  ETA 0.4h
[    133/202] SRR15141411  16.1% classified  | 0.1/s  ETA 0.4h
[    134/202] SRR15141292  15.9% classified  | 0.1/s  ETA 0.3h
[    135/202] SRR8204133  5.8% classified  | 0.1/s  ETA 0.3h
[    136/202] SRR33696076  56.1% classified  | 0.1/s  ETA 0.3h
[    137/202] SRR8204128  50.7% classified  | 0.1/s  ETA 0.3h
[    138/202] SRR24737260  26.6% classified  | 0.1/s  ETA 0.3h
[    139/202] SRR15357734  2.9% classified  | 0.1/s  ETA 0.3h
[    140/202] SRR10291786  39.4% classified  | 0.1/s  ETA 0.3h
[    141/202] SRR31514625  9.9% classified  | 0.0/s  ETA 0.3h
[    142/202] ERR10886941  6.8% classified  | 0.0/s  ETA 0.3h
[    143/202] SRR8418276  7.7% classified  | 0.0/s  ETA 0.3h
[    144/202] SRR8418333  7.4% classified  | 0.0/s  ETA 0.3h
[    145/202] ERR10886996  25.1% classified  | 0.0/s  ETA 0.3h
[    146/202] SRR8418271  9.6% classified  | 0.1/s  ETA 0.3h
[    147/202] SRR8418379  4.1% classified  | 0.1/s  ETA 0.3h
[    148/202] ERR10886981  4.3% classified  | 0.1/s  ETA 0.3h
[    149/202] ERR10886967  23.2% classified  | 0.1/s  ETA 0.3h
[    150/202] ERR10886961  47.9% classified  | 0.0/s  ETA 0.3h
[    151/202] SRR30673024  6.6% classified  | 0.0/s  ETA 0.3h
[    152/202] SRR9276710  5.0% classified  | 0.0/s  ETA 0.3h
[    153/202] ERR7421543  28.5% classified  | 0.0/s  ETA 0.3h
[    154/202] SRR33846332  6.9% classified  | 0.0/s  ETA 0.3h
[    155/202] SRR31278123  8.0% classified  | 0.0/s  ETA 0.3h
[    156/202] SRR32959948  11.9% classified  | 0.0/s  ETA 0.3h
[    157/202] SRR6218748  4.0% classified  | 0.0/s  ETA 0.3h
[    158/202] SRR36367314  10.9% classified  | 0.0/s  ETA 0.3h
[    159/202] SRR36910254  6.5% classified  | 0.0/s  ETA 0.3h
[    160/202] SRR34300159  5.1% classified  | 0.0/s  ETA 0.2h
[    161/202] SRR36292470  10.3% classified  | 0.0/s  ETA 0.2h
[    162/202] SRR36292493  7.0% classified  | 0.0/s  ETA 0.2h
[    163/202] SRR36292502  17.1% classified  | 0.0/s  ETA 0.2h
[    164/202] SRR36910239  11.0% classified  | 0.0/s  ETA 0.2h
[    165/202] ERR10926707  10.2% classified  | 0.0/s  ETA 0.2h
[    166/202] SRR36367273  12.3% classified  | 0.0/s  ETA 0.2h
[    167/202] SRR36367321  13.8% classified  | 0.0/s  ETA 0.2h
[    168/202] SRR36367282  8.1% classified  | 0.0/s  ETA 0.2h
[    169/202] SRR36367295  5.5% classified  | 0.0/s  ETA 0.2h
[    170/202] SRR36910196  10.5% classified  | 0.0/s  ETA 0.2h
[    171/202] SRR36292456  6.2% classified  | 0.0/s  ETA 0.2h
[    172/202] SRR36950017  1.2% classified  | 0.0/s  ETA 0.2h
[    173/202] SRR11497317  12.7% classified  | 0.0/s  ETA 0.2h
[    174/202] SRR25969011  10.5% classified  | 0.0/s  ETA 0.2h
[    175/202] SRR30126662  2.9% classified  | 0.0/s  ETA 0.2h
[    176/202] SRR10053813  3.8% classified  | 0.0/s  ETA 0.2h
[    177/202] SRR25968991  9.8% classified  | 0.0/s  ETA 0.2h
[    178/202] SRR8984112  56.4% classified  | 0.0/s  ETA 0.1h
[    179/202] SRR34300129  6.2% classified  | 0.0/s  ETA 0.1h
[    180/202] SRR26511466  4.4% classified  | 0.0/s  ETA 0.1h
[    181/202] SRR8568983  22.7% classified  | 0.0/s  ETA 0.1h
[    182/202] SRR6039731  2.1% classified  | 0.0/s  ETA 0.1h
[    183/202] SRR6039726  2.9% classified  | 0.0/s  ETA 0.1h
[    184/202] SRR7526694  3.0% classified  | 0.0/s  ETA 0.1h
[    185/202] SRR37491898  4.9% classified  | 0.0/s  ETA 0.1h
[    186/202] SRR32660886  3.6% classified  | 0.0/s  ETA 0.1h
[    187/202] SRR21796865  16.5% classified  | 0.0/s  ETA 0.1h
[    188/202] SRR19891823  2.3% classified  | 0.0/s  ETA 0.1h
[    189/202] SRR14224153  4.8% classified  | 0.0/s  ETA 0.1h
[    190/202] SRR36993192  10.4% classified  | 0.0/s  ETA 0.1h
[    191/202] SRR10189447  49.2% classified  | 0.0/s  ETA 0.1h
[    192/202] SRR31776302  2.2% classified  | 0.0/s  ETA 0.1h
[    193/202] SRR8416458  14.8% classified  | 0.0/s  ETA 0.1h
[    194/202] DRR342061  31.7% classified  | 0.0/s  ETA 0.0h
[    195/202] SRR31204179  5.5% classified  | 0.0/s  ETA 0.0h
[    196/202] SRR12998704  64.3% classified  | 0.0/s  ETA 0.0h
[    197/202] SRR36610578  3.2% classified  | 0.0/s  ETA 0.0h
[    198/202] SRR3724076  77.3% classified  | 0.0/s  ETA 0.0h
[    199/202] ERR986115  6.4% classified  | 0.0/s  ETA 0.0h
[    200/202] SRR32467368  22.6% classified  | 0.0/s  ETA 0.0h
[    201/202] SRR3724153  9.7% classified  | 0.0/s  ETA 0.0h
[    202/202] SRR1777451  11.2% classified  | 0.0/s  ETA 0.0h

── Summary ────────────────────────────────────────
  Classified: 202
  Errors:     0
  Elapsed:    1.3h
  Cache:      kraken/output/run/assign/data/kraken_cache.jsonl
