host=nid001141 job=49976507 task=3 cpus=112
Kraken version 2.1.2
Reads read from: kraken/select/data/reads
Raw kraken2 reports will be saved to: kraken/assign/data/reports
Loaded 3,225 runs from kraken/select/data/run_list.tsv (filters: none)
Array task 3/16: 201 runs assigned

Total runs: 3,225 | Already done: 11 | Remaining: 201
Settings: confidence=0.15, min_hit_groups=3, workers=4, kraken_threads=8
DB: kraken/build/data/db_v3
Tmp: /scratch/fl3/llenzo/kraken_tmp

[      1/201] ERR3170242  82.1% classified  | 0.0/s  ETA 5.4h
[      2/201] ERR3188453  77.2% classified  | 0.0/s  ETA 3.1h
[      3/201] ERR3188475  79.5% classified  | 0.0/s  ETA 2.1h
[      4/201] ERR3188460  78.7% classified  | 0.0/s  ETA 1.7h
[      5/201] ERR3188482  79.1% classified  | 0.0/s  ETA 2.2h
[      6/201] ERR3170230  78.9% classified  | 0.0/s  ETA 2.0h
[      7/201] ERR3188447  76.7% classified  | 0.0/s  ETA 1.8h
[      8/201] ERR3170207  82.6% classified  | 0.0/s  ETA 1.6h
[      9/201] ERR1607813  67.9% classified  | 0.0/s  ETA 1.7h
[     10/201] ERR3170247  83.0% classified  | 0.0/s  ETA 1.7h
[     11/201] ERR1607756  79.3% classified  | 0.0/s  ETA 1.5h
[     12/201] ERR1607795  79.9% classified  | 0.0/s  ETA 1.5h
[     13/201] ERR1607735  89.0% classified  | 0.0/s  ETA 1.5h
[     14/201] ERR1607856  59.0% classified  | 0.0/s  ETA 1.5h
[     15/201] ERR1607729  82.3% classified  | 0.0/s  ETA 1.6h
[     16/201] ERR1607798  83.0% classified  | 0.0/s  ETA 1.7h
[     17/201] ERR15005484  50.0% classified  | 0.0/s  ETA 1.6h
[     18/201] ERR15005468  62.7% classified  | 0.0/s  ETA 1.5h
[     19/201] ERR15005453  35.4% classified  | 0.0/s  ETA 1.7h
[     20/201] ERR15005471  61.4% classified  | 0.0/s  ETA 1.6h
[     21/201] ERR15005527  83.0% classified  | 0.0/s  ETA 1.5h
[     22/201] ERR15005477  55.0% classified  | 0.0/s  ETA 1.5h
[     23/201] ERR12013034  86.2% classified  | 0.0/s  ETA 1.5h
[     24/201] ERR12013070  60.4% classified  | 0.0/s  ETA 1.5h
[     25/201] ERR12013039  79.2% classified  | 0.0/s  ETA 1.4h
[     26/201] ERR15005489  51.7% classified  | 0.0/s  ETA 1.5h
[     27/201] SRR7797544  87.0% classified  | 0.0/s  ETA 1.5h
[     28/201] ERR6847880  83.0% classified  | 0.0/s  ETA 1.4h
[     29/201] SRR29077178  73.7% classified  | 0.0/s  ETA 1.4h
[     30/201] ERR4315540  78.2% classified  | 0.0/s  ETA 1.4h
[     31/201] ERR4315676  78.4% classified  | 0.0/s  ETA 1.4h
[     32/201] ERR4315297  82.9% classified  | 0.0/s  ETA 1.3h
[     33/201] ERR4315605  81.9% classified  | 0.0/s  ETA 1.4h
[     34/201] ERR4315224  80.8% classified  | 0.0/s  ETA 1.4h
[     35/201] ERR4315362  81.0% classified  | 0.0/s  ETA 1.3h
[     36/201] ERR4315593  62.7% classified  | 0.0/s  ETA 1.3h
[     37/201] ERR4315347  76.2% classified  | 0.0/s  ETA 1.4h
[     38/201] ERR4315565  82.0% classified  | 0.0/s  ETA 1.3h
[     39/201] ERR4315334  70.4% classified  | 0.0/s  ETA 1.3h
[     40/201] ERR4315243  65.7% classified  | 0.0/s  ETA 1.3h
[     41/201] ERR4315566  81.8% classified  | 0.0/s  ETA 1.3h
[     42/201] ERR4315446  37.0% classified  | 0.0/s  ETA 1.2h
[     43/201] ERR4315454  80.7% classified  | 0.0/s  ETA 1.2h
[     44/201] ERR4315337  83.4% classified  | 0.0/s  ETA 1.2h
[     45/201] ERR4315644  80.3% classified  | 0.0/s  ETA 1.2h
[     46/201] ERR4315437  77.6% classified  | 0.0/s  ETA 1.2h
[     47/201] ERR4315176  48.4% classified  | 0.0/s  ETA 1.2h
[     48/201] ERR4315418  84.1% classified  | 0.0/s  ETA 1.2h
[     49/201] ERR4315411  77.6% classified  | 0.0/s  ETA 1.2h
[     50/201] ERR4315597  81.3% classified  | 0.0/s  ETA 1.1h
[     51/201] ERR4315628  81.6% classified  | 0.0/s  ETA 1.1h
[     52/201] ERR4315169  84.2% classified  | 0.0/s  ETA 1.1h
[     53/201] ERR4315488  69.3% classified  | 0.0/s  ETA 1.1h
[     54/201] ERR4315275  79.5% classified  | 0.0/s  ETA 1.1h
[     55/201] ERR4315393  76.5% classified  | 0.0/s  ETA 1.1h
[     56/201] ERR4315216  65.7% classified  | 0.0/s  ETA 1.1h
[     57/201] ERR4315166  69.4% classified  | 0.0/s  ETA 1.1h
[     58/201] ERR4315584  62.2% classified  | 0.0/s  ETA 1.0h
[     59/201] ERR4315654  78.7% classified  | 0.0/s  ETA 1.0h
[     60/201] ERR4315484  79.0% classified  | 0.0/s  ETA 1.1h
[     61/201] ERR4315634  80.0% classified  | 0.0/s  ETA 1.0h
[     62/201] ERR4315213  78.3% classified  | 0.0/s  ETA 1.0h
[     63/201] SRR24010225  74.6% classified  | 0.0/s  ETA 1.1h
[     64/201] ERR3383639  82.5% classified  | 0.0/s  ETA 1.1h
[     65/201] SRR24010250  79.6% classified  | 0.0/s  ETA 1.1h
[     66/201] ERR3856823  53.9% classified  | 0.0/s  ETA 1.1h
[     67/201] SRR7753255  87.8% classified  | 0.0/s  ETA 1.1h
[     68/201] ERR3856819  51.8% classified  | 0.0/s  ETA 1.1h
[     69/201] SRR28704971  80.7% classified  | 0.0/s  ETA 1.1h
[     70/201] SRR23706861  87.7% classified  | 0.0/s  ETA 1.1h
[     71/201] ERR3500541  84.4% classified  | 0.0/s  ETA 1.1h
[     72/201] ERR3500535  83.6% classified  | 0.0/s  ETA 1.1h
[     73/201] ERR3500557  83.2% classified  | 0.0/s  ETA 1.1h
[     74/201] ERR3500505  81.7% classified  | 0.0/s  ETA 1.1h
[     75/201] SRR5904040  93.5% classified  | 0.0/s  ETA 1.1h
[     76/201] SRR1576784  76.3% classified  | 0.0/s  ETA 1.1h
[     77/201] SRR1576651  80.8% classified  | 0.0/s  ETA 1.1h
[     78/201] SRR391837  69.0% classified  | 0.0/s  ETA 1.1h
[     79/201] ERR13340220  79.7% classified  | 0.0/s  ETA 1.1h
[     80/201] SRR1575605  79.5% classified  | 0.0/s  ETA 1.0h
[     81/201] SRR32620573  83.8% classified  | 0.0/s  ETA 1.0h
[     82/201] SRR6242046  69.9% classified  | 0.0/s  ETA 1.0h
[     83/201] SRR32620565  79.1% classified  | 0.0/s  ETA 1.0h
[     84/201] SRR6242027  74.8% classified  | 0.0/s  ETA 1.0h
[     85/201] ERR789380  87.2% classified  | 0.0/s  ETA 1.0h
[     86/201] SRR8718807  92.1% classified  | 0.0/s  ETA 1.0h
[     87/201] SRR8718824  93.2% classified  | 0.0/s  ETA 1.0h
[     88/201] SRR8718845  90.9% classified  | 0.0/s  ETA 1.0h
[     89/201] ERR2099153  85.8% classified  | 0.0/s  ETA 1.0h
[     90/201] SRR8718831  91.6% classified  | 0.0/s  ETA 1.0h
[     91/201] ERR13107174  85.1% classified  | 0.0/s  ETA 0.9h
[     92/201] ERR13108582  81.6% classified  | 0.0/s  ETA 0.9h
[     93/201] SRR34026589  75.9% classified  | 0.0/s  ETA 0.9h
[     94/201] SRR3750710  87.5% classified  | 0.0/s  ETA 0.9h
[     95/201] SRR20695272  84.0% classified  | 0.0/s  ETA 0.9h
[     96/201] SRR3750723  84.6% classified  | 0.0/s  ETA 0.9h
[     97/201] SRR9684524  58.0% classified  | 0.0/s  ETA 0.9h
[     98/201] SRR3750693  89.2% classified  | 0.0/s  ETA 0.9h
[     99/201] SRR2874389  77.8% classified  | 0.0/s  ETA 0.9h
[    100/201] ERR5928164  86.4% classified  | 0.0/s  ETA 0.9h
[    101/201] ERR5928159  77.7% classified  | 0.0/s  ETA 0.9h
[    102/201] ERR5928220  85.0% classified  | 0.0/s  ETA 0.9h
[    103/201] ERR5928201  75.0% classified  | 0.0/s  ETA 0.8h
[    104/201] SRR21195566  81.8% classified  | 0.0/s  ETA 0.8h
[    105/201] ERR5928216  80.4% classified  | 0.0/s  ETA 0.8h
[    106/201] SRR14871467  79.9% classified  | 0.0/s  ETA 0.8h
[    107/201] SRR14871471  88.5% classified  | 0.0/s  ETA 0.9h
[    108/201] ERR6548346  91.2% classified  | 0.0/s  ETA 0.8h
[    109/201] ERR5696205  91.7% classified  | 0.0/s  ETA 0.8h
[    110/201] ERR5696304  92.5% classified  | 0.0/s  ETA 0.8h
[    111/201] ERR6548386  92.3% classified  | 0.0/s  ETA 0.8h
[    112/201] SRR31200155  92.3% classified  | 0.0/s  ETA 0.8h
[    113/201] ERR5696285  90.7% classified  | 0.0/s  ETA 0.8h
[    114/201] ERR5696284  93.0% classified  | 0.0/s  ETA 0.8h
[    115/201] ERR5696227  92.0% classified  | 0.0/s  ETA 0.8h
[    116/201] ERR5696294  94.4% classified  | 0.0/s  ETA 0.8h
[    117/201] ERR5696207  90.4% classified  | 0.0/s  ETA 0.8h
[    118/201] SRR12888333  63.7% classified  | 0.0/s  ETA 0.7h
[    119/201] SRR2920794  31.1% classified  | 0.0/s  ETA 0.7h
[    120/201] SRR20324128  87.0% classified  | 0.0/s  ETA 0.7h
[    121/201] SRR11216276  7.2% classified  | 0.0/s  ETA 0.7h
[    122/201] ERR4421879  47.1% classified  | 0.0/s  ETA 0.7h
[    123/201] SRR11216311  8.1% classified  | 0.0/s  ETA 0.7h
[    124/201] SRR8733385  59.1% classified  | 0.0/s  ETA 0.7h
[    125/201] SRR6041851  84.9% classified  | 0.0/s  ETA 0.7h
[    126/201] SRR38293577  90.5% classified  | 0.0/s  ETA 0.7h
[    127/201] SRR33696088  83.4% classified  | 0.0/s  ETA 0.7h
[    128/201] SRR31850421  79.8% classified  | 0.0/s  ETA 0.7h
[    129/201] SRR2922443  27.2% classified  | 0.0/s  ETA 0.7h
[    130/201] SRR7500374  86.7% classified  | 0.0/s  ETA 0.7h
[    131/201] SRR28475145  90.9% classified  | 0.0/s  ETA 0.7h
[    132/201] SRR18070413  44.9% classified  | 0.0/s  ETA 0.7h
[    133/201] SRR27326462  70.0% classified  | 0.0/s  ETA 0.6h
[    134/201] SRR17609703  93.1% classified  | 0.0/s  ETA 0.6h
[    135/201] SRR24283998  14.4% classified  | 0.0/s  ETA 0.6h
[    136/201] SRR11928841  15.3% classified  | 0.0/s  ETA 0.6h
[    137/201] SRR15141080  58.5% classified  | 0.0/s  ETA 0.6h
[    138/201] SRR15141159  65.0% classified  | 0.0/s  ETA 0.6h
[    139/201] SRR15141141  55.4% classified  | 0.0/s  ETA 0.6h
[    140/201] SRR8204124  82.5% classified  | 0.0/s  ETA 0.6h
[    141/201] SRR32920599  63.3% classified  | 0.0/s  ETA 0.6h
[    142/201] SRR10291766  75.6% classified  | 0.0/s  ETA 0.6h
[    143/201] ERR10887004  87.0% classified  | 0.0/s  ETA 0.6h
[    144/201] ERR10886995  83.3% classified  | 0.0/s  ETA 0.6h
[    145/201] ERR10886930  80.7% classified  | 0.0/s  ETA 0.6h
[    146/201] SRR8418247  64.2% classified  | 0.0/s  ETA 0.5h
[    147/201] ERR1360186  77.3% classified  | 0.0/s  ETA 0.5h
[    148/201] SRR8418245  69.8% classified  | 0.0/s  ETA 0.5h
[    149/201] SRR8418340  69.0% classified  | 0.0/s  ETA 0.5h
[    150/201] SRR8418331  61.8% classified  | 0.0/s  ETA 0.5h
[    151/201] ERR10886906  86.0% classified  | 0.0/s  ETA 0.5h
[    152/201] SRR3498313  77.1% classified  | 0.0/s  ETA 0.5h
[    153/201] ERR10886942  84.4% classified  | 0.0/s  ETA 0.5h
[    154/201] ERR7421526  71.8% classified  | 0.0/s  ETA 0.5h
[    155/201] SRR33846324  90.0% classified  | 0.0/s  ETA 0.5h
[    156/201] SRR6218756  85.6% classified  | 0.0/s  ETA 0.4h
[    157/201] SRR32959939  82.8% classified  | 0.0/s  ETA 0.4h
[    158/201] SRR32959946  84.3% classified  | 0.0/s  ETA 0.4h
[    159/201] ERR10926698  88.4% classified  | 0.0/s  ETA 0.4h
[    160/201] SRR34300133  27.8% classified  | 0.0/s  ETA 0.4h
[    161/201] SRR36910197  27.7% classified  | 0.0/s  ETA 0.4h
[    162/201] SRR34300145  30.3% classified  | 0.0/s  ETA 0.4h
[    163/201] SRR36367316  62.8% classified  | 0.0/s  ETA 0.4h
[    164/201] SRR36910227  26.3% classified  | 0.0/s  ETA 0.4h
[    165/201] SRR34300149  25.7% classified  | 0.0/s  ETA 0.4h
[    166/201] SRR36367312  67.5% classified  | 0.0/s  ETA 0.4h
[    167/201] SRR36910203  26.7% classified  | 0.0/s  ETA 0.3h
[    168/201] SRR36910207  28.1% classified  | 0.0/s  ETA 0.3h
[    169/201] SRR36910206  28.4% classified  | 0.0/s  ETA 0.3h
[    170/201] SRR36910232  27.1% classified  | 0.0/s  ETA 0.3h
[    171/201] SRR26081708  89.4% classified  | 0.0/s  ETA 0.3h
[    172/201] SRR36910201  29.0% classified  | 0.0/s  ETA 0.3h
[    173/201] SRR36292505  64.4% classified  | 0.0/s  ETA 0.3h
[    174/201] SRR26214568  91.6% classified  | 0.0/s  ETA 0.3h
[    175/201] SRR25969019  89.6% classified  | 0.0/s  ETA 0.3h
[    176/201] SRR30126654  85.4% classified  | 0.0/s  ETA 0.3h
[    177/201] SRR8984105  77.5% classified  | 0.0/s  ETA 0.2h
[    178/201] SRR11497315  72.3% classified  | 0.0/s  ETA 0.2h
[    179/201] SRR1975197  65.5% classified  | 0.0/s  ETA 0.2h
[    180/201] SRR26511474  85.4% classified  | 0.0/s  ETA 0.2h
[    181/201] SRR28718299  85.7% classified  | 0.0/s  ETA 0.2h
[    182/201] SRR30977603  90.3% classified  | 0.0/s  ETA 0.2h
[    183/201] SRR1793909  92.0% classified  | 0.0/s  ETA 0.2h
[    184/201] SRR3571662  73.5% classified  | 0.0/s  ETA 0.2h
[    185/201] SRR37491910  22.8% classified  | 0.0/s  ETA 0.2h
[    186/201] SRR6039724  75.8% classified  | 0.0/s  ETA 0.2h
[    187/201] SRR14224164  80.1% classified  | 0.0/s  ETA 0.1h
[    188/201] SRR9129829  77.4% classified  | 0.0/s  ETA 0.1h
[    189/201] SRR12998698  81.6% classified  | 0.0/s  ETA 0.1h
[    190/201] SRR24956700  73.7% classified  | 0.0/s  ETA 0.1h
[    191/201] ERR990489  76.4% classified  | 0.0/s  ETA 0.1h
[    192/201] SRR36993193  89.5% classified  | 0.0/s  ETA 0.1h
[    193/201] SRR26387392  27.0% classified  | 0.0/s  ETA 0.1h
[    194/201] SRR18428225  87.4% classified  | 0.0/s  ETA 0.1h
[    195/201] SRR919335  75.0% classified  | 0.0/s  ETA 0.1h
[    196/201] SRR3724158  71.0% classified  | 0.0/s  ETA 0.1h
[    197/201] SRR8416456  75.0% classified  | 0.0/s  ETA 0.0h
[    198/201] SRR6292066  77.3% classified  | 0.0/s  ETA 0.0h
[    199/201] SRR3724136  68.3% classified  | 0.0/s  ETA 0.0h
[    200/201] SRR14843613  87.8% classified  | 0.0/s  ETA 0.0h
[    201/201] SRR27846622  50.2% classified  | 0.0/s  ETA 0.0h

── Summary ────────────────────────────────────────
  Classified: 201
  Errors:     0
  Elapsed:    2.1h
  Cache:      kraken/assign/data/kraken_cache.jsonl
