host=nid001794 job=49983505 task=4 cpus=112
Kraken version 2.1.2
Reads read from: kraken/select/data/reads
Raw kraken2 reports will be saved to: kraken/assign/data/reports
Loaded 3,225 runs from kraken/select/data/run_list.tsv (filters: none)
Array task 4/16: 202 runs in slice, 0 already done, 202 to do

Total runs: 3,225 | Already done: 0 | Remaining: 202
Settings: confidence=0.15, min_hit_groups=3, workers=4, kraken_threads=8
DB: kraken/build/data/db_v3
Tmp: /scratch/pawsey1168/llenzo/kraken_tmp

[      1/202] ERR3170256  76.6% classified  | 0.0/s  ETA 6.4h
[      2/202] ERR3170277  84.0% classified  | 0.0/s  ETA 3.3h
[      3/202] ERR3170199  80.9% classified  | 0.0/s  ETA 2.2h
[      4/202] ERR3188469  80.8% classified  | 0.0/s  ETA 1.7h
[      5/202] ERR3170232  81.1% classified  | 0.0/s  ETA 2.5h
[      6/202] ERR3170213  84.8% classified  | 0.0/s  ETA 2.1h
[      7/202] ERR3170185  82.0% classified  | 0.0/s  ETA 1.9h
[      8/202] ERR3188457  80.0% classified  | 0.0/s  ETA 1.7h
[      9/202] ERR3170250  82.8% classified  | 0.0/s  ETA 2.0h
[     10/202] ERR1607750  81.5% classified  | 0.0/s  ETA 2.0h
[     11/202] ERR3170216  83.9% classified  | 0.0/s  ETA 1.9h
[     12/202] ERR1607799  76.1% classified  | 0.0/s  ETA 1.8h
[     13/202] ERR1607844  78.7% classified  | 0.0/s  ETA 1.9h
[     14/202] ERR1607790  74.6% classified  | 0.0/s  ETA 1.9h
[     15/202] ERR1607773  82.1% classified  | 0.0/s  ETA 1.8h
[     16/202] ERR1607785  76.0% classified  | 0.0/s  ETA 1.6h
[     17/202] ERR1607737  88.4% classified  | 0.0/s  ETA 1.7h
[     18/202] ERR15005516  45.4% classified  | 0.0/s  ETA 1.8h
[     19/202] ERR15005528  77.7% classified  | 0.0/s  ETA 1.8h
[     20/202] ERR15005470  53.6% classified  | 0.0/s  ETA 1.7h
[     21/202] ERR15005538  45.4% classified  | 0.0/s  ETA 1.8h
[     22/202] ERR15005510  48.6% classified  | 0.0/s  ETA 1.8h
[     23/202] ERR15005534  80.0% classified  | 0.0/s  ETA 1.8h
[     24/202] ERR12013028  82.6% classified  | 0.0/s  ETA 1.8h
[     25/202] ERR12013073  78.9% classified  | 0.0/s  ETA 1.7h
[     26/202] ERR12013055  80.3% classified  | 0.0/s  ETA 1.8h
[     27/202] ERR6847881  80.9% classified  | 0.0/s  ETA 1.8h
[     28/202] ERR6847872  58.4% classified  | 0.0/s  ETA 1.8h
[     29/202] SRR29077173  80.8% classified  | 0.0/s  ETA 1.7h
[     30/202] ERR4315309  80.2% classified  | 0.0/s  ETA 1.7h
[     31/202] ERR4315583  65.5% classified  | 0.0/s  ETA 1.7h
[     32/202] ERR4315524  65.4% classified  | 0.0/s  ETA 1.7h
[     33/202] ERR4315316  71.9% classified  | 0.0/s  ETA 1.6h
[     34/202] ERR4315191  76.9% classified  | 0.0/s  ETA 1.6h
[     35/202] ERR4315353  77.8% classified  | 0.0/s  ETA 1.6h
[     36/202] ERR4315349  89.7% classified  | 0.0/s  ETA 1.6h
[     37/202] ERR4315470  82.3% classified  | 0.0/s  ETA 1.5h
[     38/202] ERR4315591  77.6% classified  | 0.0/s  ETA 1.5h
[     39/202] ERR4315255  82.1% classified  | 0.0/s  ETA 1.5h
[     40/202] ERR4315653  84.0% classified  | 0.0/s  ETA 1.5h
[     41/202] ERR4315160  84.0% classified  | 0.0/s  ETA 1.5h
[     42/202] ERR4315589  76.0% classified  | 0.0/s  ETA 1.5h
[     43/202] ERR4315250  74.6% classified  | 0.0/s  ETA 1.5h
[     44/202] ERR4315556  77.9% classified  | 0.0/s  ETA 1.5h
[     45/202] ERR4315514  78.1% classified  | 0.0/s  ETA 1.4h
[     46/202] ERR4315631  78.3% classified  | 0.0/s  ETA 1.4h
[     47/202] ERR4315396  79.8% classified  | 0.0/s  ETA 1.4h
[     48/202] ERR4315448  79.9% classified  | 0.0/s  ETA 1.4h
[     49/202] ERR4315161  78.3% classified  | 0.0/s  ETA 1.4h
[     50/202] ERR4315180  87.4% classified  | 0.0/s  ETA 1.4h
[     51/202] ERR4315171  84.9% classified  | 0.0/s  ETA 1.4h
[     52/202] ERR4315229  77.1% classified  | 0.0/s  ETA 1.4h
[     53/202] ERR4315601  77.7% classified  | 0.0/s  ETA 1.3h
[     54/202] ERR4315544  83.7% classified  | 0.0/s  ETA 1.3h
[     55/202] ERR4315538  83.7% classified  | 0.0/s  ETA 1.3h
[     56/202] ERR4315602  76.6% classified  | 0.0/s  ETA 1.3h
[     57/202] ERR4315572  81.1% classified  | 0.0/s  ETA 1.3h
[     58/202] ERR4315312  81.7% classified  | 0.0/s  ETA 1.3h
[     59/202] ERR4315595  76.0% classified  | 0.0/s  ETA 1.3h
[     60/202] ERR4315630  81.0% classified  | 0.0/s  ETA 1.3h
[     61/202] ERR4315235  77.8% classified  | 0.0/s  ETA 1.2h
[     62/202] SRR9185093  72.5% classified  | 0.0/s  ETA 1.2h
[     63/202] ERR4315267  82.2% classified  | 0.0/s  ETA 1.2h
[     64/202] ERR4315348  76.8% classified  | 0.0/s  ETA 1.2h
[     65/202] SRR24010218  74.0% classified  | 0.0/s  ETA 1.2h
[     66/202] ERR3383638  83.5% classified  | 0.0/s  ETA 1.2h
[     67/202] ERR3856830  50.2% classified  | 0.0/s  ETA 1.2h
[     68/202] SRR12329596  84.3% classified  | 0.0/s  ETA 1.2h
[     69/202] SRR24010247  80.5% classified  | 0.0/s  ETA 1.2h
[     70/202] ERR3856841  53.9% classified  | 0.0/s  ETA 1.2h
[     71/202] ERR3500553  82.4% classified  | 0.0/s  ETA 1.2h
[     72/202] SRR14386301  92.8% classified  | 0.0/s  ETA 1.2h
[     73/202] ERR3500512  84.7% classified  | 0.0/s  ETA 1.3h
[     74/202] SRR1555738  82.5% classified  | 0.0/s  ETA 1.3h
[     75/202] ERR3500522  84.2% classified  | 0.0/s  ETA 1.3h
[     76/202] ERR3500516  82.8% classified  | 0.0/s  ETA 1.2h
[     77/202] SRR2185186  94.6% classified  | 0.0/s  ETA 1.2h
[     78/202] SRR22139839  26.7% classified  | 0.0/s  ETA 1.2h
[     79/202] SRR1576813  78.2% classified  | 0.0/s  ETA 1.2h
[     80/202] SRR391827  68.4% classified  | 0.0/s  ETA 1.2h
[     81/202] SRR1562049  82.6% classified  | 0.0/s  ETA 1.2h
[     82/202] SRR32620582  72.5% classified  | 0.0/s  ETA 1.2h
[     83/202] SRR6242045  55.7% classified  | 0.0/s  ETA 1.1h
[     84/202] ERR789374  72.8% classified  | 0.0/s  ETA 1.2h
[     85/202] SRR8718850  90.9% classified  | 0.0/s  ETA 1.1h
[     86/202] SRR12149187  88.5% classified  | 0.0/s  ETA 1.1h
[     87/202] SRR6242050  68.1% classified  | 0.0/s  ETA 1.1h
[     88/202] SRR8718836  91.0% classified  | 0.0/s  ETA 1.1h
[     89/202] SRR8718811  93.1% classified  | 0.0/s  ETA 1.1h
[     90/202] SRR8718803  93.3% classified  | 0.0/s  ETA 1.1h
[     91/202] ERR2099121  80.9% classified  | 0.0/s  ETA 1.1h
[     92/202] SRR1284047  75.0% classified  | 0.0/s  ETA 1.1h
[     93/202] ERR13150779  68.9% classified  | 0.0/s  ETA 1.1h
[     94/202] ERR13159104  83.3% classified  | 0.0/s  ETA 1.0h
[     95/202] ERR13148713  79.9% classified  | 0.0/s  ETA 1.0h
[     96/202] SRR34026569  75.4% classified  | 0.0/s  ETA 1.0h
[     97/202] SRR3750719  89.5% classified  | 0.0/s  ETA 1.0h
[     98/202] SRR3750734  89.6% classified  | 0.0/s  ETA 1.0h
[     99/202] SRR3750706  83.2% classified  | 0.0/s  ETA 1.0h
[    100/202] ERR5928184  84.2% classified  | 0.0/s  ETA 1.0h
[    101/202] ERR5928170  83.1% classified  | 0.0/s  ETA 1.0h
[    102/202] ERR5928186  84.4% classified  | 0.0/s  ETA 1.0h
[    103/202] ERR5928213  78.0% classified  | 0.0/s  ETA 0.9h
[    104/202] SRR21195573  84.7% classified  | 0.0/s  ETA 0.9h
[    105/202] SRR12488739  88.5% classified  | 0.0/s  ETA 0.9h
[    106/202] SRR21195577  82.5% classified  | 0.0/s  ETA 0.9h
[    107/202] SRR31200165  89.8% classified  | 0.0/s  ETA 0.9h
[    108/202] ERR5696214  92.4% classified  | 0.0/s  ETA 0.9h
[    109/202] SRR1171035  85.2% classified  | 0.0/s  ETA 0.9h
[    110/202] ERR6548344  90.6% classified  | 0.0/s  ETA 0.9h
[    111/202] SRR14871475  88.9% classified  | 0.0/s  ETA 0.9h
[    112/202] ERR5696299  92.4% classified  | 0.0/s  ETA 0.9h
[    113/202] ERR5696221  93.7% classified  | 0.0/s  ETA 0.8h
[    114/202] ERR5696251  92.2% classified  | 0.0/s  ETA 0.8h
[    115/202] ERR5696238  91.2% classified  | 0.0/s  ETA 0.8h
[    116/202] SRR4296240  72.6% classified  | 0.0/s  ETA 0.8h
[    117/202] ERR5696264  91.7% classified  | 0.0/s  ETA 0.8h
[    118/202] ERR5696233  93.5% classified  | 0.0/s  ETA 0.8h
[    119/202] SRR20324131  86.5% classified  | 0.0/s  ETA 0.8h
[    120/202] SRR2922401  4.6% classified  | 0.0/s  ETA 0.8h
[    121/202] SRR20324146  87.2% classified  | 0.0/s  ETA 0.8h
[    122/202] SRR25015528  68.6% classified  | 0.0/s  ETA 0.8h
[    123/202] SRR11216315  7.3% classified  | 0.0/s  ETA 0.8h
[    124/202] SRR11216300  7.0% classified  | 0.0/s  ETA 0.8h
[    125/202] SRR2517437  77.0% classified  | 0.0/s  ETA 0.8h
[    126/202] SRR38293579  88.4% classified  | 0.0/s  ETA 0.8h
[    127/202] SRR2922434  63.5% classified  | 0.0/s  ETA 0.8h
[    128/202] SRR33696080  83.2% classified  | 0.0/s  ETA 0.8h
[    129/202] SRR31514626  85.6% classified  | 0.0/s  ETA 0.8h
[    130/202] SRR28544686  95.8% classified  | 0.0/s  ETA 0.7h
[    131/202] SRR33583439  78.0% classified  | 0.0/s  ETA 0.7h
[    132/202] SRR7873464  37.2% classified  | 0.0/s  ETA 0.7h
[    133/202] SRR16930848  48.8% classified  | 0.0/s  ETA 0.7h
[    134/202] SRR11928839  16.3% classified  | 0.0/s  ETA 0.7h
[    135/202] SRR27326401  54.3% classified  | 0.0/s  ETA 0.7h
[    136/202] SRR36950012  68.3% classified  | 0.0/s  ETA 0.7h
[    137/202] SRR15141375  75.1% classified  | 0.0/s  ETA 0.7h
[    138/202] SRR15141158  73.7% classified  | 0.0/s  ETA 0.7h
[    139/202] SRR8204122  80.2% classified  | 0.0/s  ETA 0.6h
[    140/202] SRR8204127  76.3% classified  | 0.0/s  ETA 0.6h
[    141/202] SRR24737265  76.4% classified  | 0.0/s  ETA 0.6h
[    142/202] SRR10291782  76.1% classified  | 0.0/s  ETA 0.6h
[    143/202] ERR10886998  83.1% classified  | 0.0/s  ETA 0.6h
[    144/202] ERR10886909  84.5% classified  | 0.0/s  ETA 0.6h
[    145/202] ERR10886921  84.0% classified  | 0.0/s  ETA 0.6h
[    146/202] ERR10886982  82.8% classified  | 0.0/s  ETA 0.6h
[    147/202] ERR10886986  86.7% classified  | 0.0/s  ETA 0.6h
[    148/202] SRR30673023  86.2% classified  | 0.0/s  ETA 0.6h
[    149/202] SRR8418260  43.7% classified  | 0.0/s  ETA 0.6h
[    150/202] SRR8418322  44.4% classified  | 0.0/s  ETA 0.5h
[    151/202] SRR31278110  77.4% classified  | 0.0/s  ETA 0.5h
[    152/202] SRR8418371  62.5% classified  | 0.0/s  ETA 0.5h
[    153/202] SRR8418303  65.4% classified  | 0.0/s  ETA 0.5h
[    154/202] ERR7421537  62.0% classified  | 0.0/s  ETA 0.5h
[    155/202] ERR7421530  70.0% classified  | 0.0/s  ETA 0.5h
[    156/202] SRR20999596  72.2% classified  | 0.0/s  ETA 0.5h
[    157/202] SRR32959953  82.0% classified  | 0.0/s  ETA 0.5h
[    158/202] ERR10926635  87.8% classified  | 0.0/s  ETA 0.5h
[    159/202] SRR36367319  62.9% classified  | 0.0/s  ETA 0.5h
[    160/202] SRR36292458  59.5% classified  | 0.0/s  ETA 0.5h
[    161/202] SRR36292481  59.6% classified  | 0.0/s  ETA 0.5h
[    162/202] SRR22142944  61.0% classified  | 0.0/s  ETA 0.4h
[    163/202] SRR36292473  61.9% classified  | 0.0/s  ETA 0.4h
[    164/202] SRR36910214  26.4% classified  | 0.0/s  ETA 0.4h
[    165/202] SRR34300119  28.1% classified  | 0.0/s  ETA 0.4h
[    166/202] SRR34300172  27.8% classified  | 0.0/s  ETA 0.4h
[    167/202] SRR34300108  29.2% classified  | 0.0/s  ETA 0.4h
[    168/202] SRR36910268  28.2% classified  | 0.0/s  ETA 0.4h
[    169/202] SRR34300117  29.4% classified  | 0.0/s  ETA 0.4h
[    170/202] SRR36910224  24.8% classified  | 0.0/s  ETA 0.4h
[    171/202] SRR3537158  83.6% classified  | 0.0/s  ETA 0.3h
[    172/202] SRR36367284  56.3% classified  | 0.0/s  ETA 0.3h
[    173/202] SRR36292488  64.5% classified  | 0.0/s  ETA 0.3h
[    174/202] SRR10053818  79.7% classified  | 0.0/s  ETA 0.3h
[    175/202] SRR6279324  87.5% classified  | 0.0/s  ETA 0.3h
[    176/202] SRR25969033  90.4% classified  | 0.0/s  ETA 0.3h
[    177/202] SRR30126660  86.6% classified  | 0.0/s  ETA 0.3h
[    178/202] SRR11497260  78.7% classified  | 0.0/s  ETA 0.3h
[    179/202] SRR8984110  78.5% classified  | 0.0/s  ETA 0.3h
[    180/202] SRR8984108  80.2% classified  | 0.0/s  ETA 0.2h
[    181/202] SRR25662789  85.4% classified  | 0.0/s  ETA 0.2h
[    182/202] SRR8568982  84.3% classified  | 0.0/s  ETA 0.2h
[    183/202] SRR6039732  75.7% classified  | 0.0/s  ETA 0.2h
[    184/202] SRR6039733  90.7% classified  | 0.0/s  ETA 0.2h
[    185/202] SRR21796867  88.0% classified  | 0.0/s  ETA 0.2h
[    186/202] SRR15833440  75.0% classified  | 0.0/s  ETA 0.2h
[    187/202] SRR32467363  86.7% classified  | 0.0/s  ETA 0.2h
[    188/202] SRR13386512  72.0% classified  | 0.0/s  ETA 0.2h
[    189/202] SRR7526695  73.8% classified  | 0.0/s  ETA 0.1h
[    190/202] SRR12772431  83.3% classified  | 0.0/s  ETA 0.1h
[    191/202] SRR14224163  82.3% classified  | 0.0/s  ETA 0.1h
[    192/202] SRR12998707  83.1% classified  | 0.0/s  ETA 0.1h
[    193/202] SRR10189449  63.2% classified  | 0.0/s  ETA 0.1h
[    194/202] SRR31204180  88.6% classified  | 0.0/s  ETA 0.1h
[    195/202] SRR36610582  88.3% classified  | 0.0/s  ETA 0.1h
[    196/202] SRR31851391  81.1% classified  | 0.0/s  ETA 0.1h
[    197/202] SRR15901536  48.8% classified  | 0.0/s  ETA 0.1h
[    198/202] SRR3724079  80.2% classified  | 0.0/s  ETA 0.0h
[    199/202] SRR1284053  60.2% classified  | 0.0/s  ETA 0.0h
[    200/202] SRR3724108  77.3% classified  | 0.0/s  ETA 0.0h
[    201/202] SRR1774244  79.4% classified  | 0.0/s  ETA 0.0h
[    202/202] ERR2027121  69.0% classified  | 0.0/s  ETA 0.0h

── Summary ────────────────────────────────────────
  Classified: 202
  Errors:     0
  Elapsed:    2.3h
  Cache:      kraken/assign/data/kraken_cache.jsonl
