host=nid001696 job=49976458 task=15 cpus=112
Kraken version 2.1.2
Reads read from: kraken/select/data/reads
Raw kraken2 reports will be saved to: kraken/assign/data/reports
Loaded 3,225 runs from kraken/select/data/run_list.tsv (filters: none)
Array task 15/16: 200 runs assigned

Total runs: 3,225 | Already done: 22 | Remaining: 200
Settings: confidence=0.15, min_hit_groups=3, workers=4, kraken_threads=8
DB: kraken/build/data/db_v3
Tmp: /scratch/fl3/llenzo/kraken_tmp

[      1/200] ERR3170180  77.6% classified  | 0.0/s  ETA 7.0h
[      2/200] ERR3170190  83.0% classified  | 0.0/s  ETA 3.5h
[      3/200] ERR3188465  75.8% classified  | 0.0/s  ETA 2.4h
[      4/200] ERR3170183  81.3% classified  | 0.0/s  ETA 1.9h
[      5/200] ERR3170243  85.1% classified  | 0.0/s  ETA 2.3h
[      6/200] ERR3170249  85.5% classified  | 0.0/s  ETA 2.0h
[      7/200] ERR3170232  81.1% classified  | 0.0/s  ETA 1.8h
[      8/200] ERR3170218  81.5% classified  | 0.0/s  ETA 1.7h
[      9/200] ERR1607843  69.9% classified  | 0.0/s  ETA 2.0h
[     10/200] ERR1607802  79.7% classified  | 0.0/s  ETA 1.9h
[     11/200] ERR1607754  74.9% classified  | 0.0/s  ETA 1.7h
[     12/200] ERR1607849  80.2% classified  | 0.0/s  ETA 1.6h
[     13/200] ERR1607815  82.2% classified  | 0.0/s  ETA 1.8h
[     14/200] ERR1607861  87.6% classified  | 0.0/s  ETA 1.7h
[     15/200] ERR1607854  58.7% classified  | 0.0/s  ETA 1.6h
[     16/200] ERR15005467  66.8% classified  | 0.0/s  ETA 1.5h
[     17/200] ERR15005476  53.7% classified  | 0.0/s  ETA 1.6h
[     18/200] ERR15005521  68.4% classified  | 0.0/s  ETA 1.5h
[     19/200] ERR15005486  52.5% classified  | 0.0/s  ETA 1.5h
[     20/200] ERR15005541  58.7% classified  | 0.0/s  ETA 1.4h
[     21/200] ERR12013040  81.3% classified  | 0.0/s  ETA 1.4h
[     22/200] ERR12013054  76.3% classified  | 0.0/s  ETA 1.4h
[     23/200] ERR15005452  41.7% classified  | 0.0/s  ETA 1.4h
[     24/200] ERR6847889  79.9% classified  | 0.0/s  ETA 1.5h
[     25/200] ERR12013066  77.6% classified  | 0.0/s  ETA 1.4h
[     26/200] ERR6847893  79.9% classified  | 0.0/s  ETA 1.4h
[     27/200] SRR29076510  85.4% classified  | 0.0/s  ETA 1.5h
[     28/200] ERR4315440  79.5% classified  | 0.0/s  ETA 1.5h
[     29/200] ERR4315615  83.7% classified  | 0.0/s  ETA 1.4h
[     30/200] ERR4315325  77.7% classified  | 0.0/s  ETA 1.4h
[     31/200] ERR4315475  74.0% classified  | 0.0/s  ETA 1.4h
[     32/200] ERR4315332  77.7% classified  | 0.0/s  ETA 1.4h
[     33/200] ERR4315515  74.2% classified  | 0.0/s  ETA 1.4h
[     34/200] ERR4315390  76.3% classified  | 0.0/s  ETA 1.3h
[     35/200] ERR4315225  78.5% classified  | 0.0/s  ETA 1.4h
[     36/200] ERR4315253  79.7% classified  | 0.0/s  ETA 1.4h
[     37/200] ERR4315328  78.9% classified  | 0.0/s  ETA 1.3h
[     38/200] ERR4315382  77.0% classified  | 0.0/s  ETA 1.3h
[     39/200] ERR4315429  79.5% classified  | 0.0/s  ETA 1.4h
[     40/200] ERR4315507  71.9% classified  | 0.0/s  ETA 1.4h
[     41/200] ERR4315181  81.0% classified  | 0.0/s  ETA 1.3h
[     42/200] ERR4315295  83.0% classified  | 0.0/s  ETA 1.4h
[     43/200] ERR4315167  79.1% classified  | 0.0/s  ETA 1.4h
[     44/200] ERR4315403  82.2% classified  | 0.0/s  ETA 1.4h
[     45/200] ERR4315148  83.2% classified  | 0.0/s  ETA 1.3h
[     46/200] ERR4315636  82.2% classified  | 0.0/s  ETA 1.4h
[     47/200] ERR4315483  78.2% classified  | 0.0/s  ETA 1.3h
[     48/200] ERR4315159  78.6% classified  | 0.0/s  ETA 1.3h
[     49/200] ERR4315372  85.3% classified  | 0.0/s  ETA 1.3h
[     50/200] ERR4315236  69.2% classified  | 0.0/s  ETA 1.3h
[     51/200] ERR4315639  82.5% classified  | 0.0/s  ETA 1.3h
[     52/200] ERR4315578  83.3% classified  | 0.0/s  ETA 1.3h
[     53/200] ERR4315259  79.0% classified  | 0.0/s  ETA 1.2h
[     54/200] ERR4315472  81.2% classified  | 0.0/s  ETA 1.2h
[     55/200] ERR4315435  80.3% classified  | 0.0/s  ETA 1.3h
[     56/200] ERR4315238  59.5% classified  | 0.0/s  ETA 1.2h
[     57/200] ERR4315189  82.8% classified  | 0.0/s  ETA 1.2h
[     58/200] ERR4315596  79.2% classified  | 0.0/s  ETA 1.2h
[     59/200] ERR4315218  82.8% classified  | 0.0/s  ETA 1.2h
[     60/200] ERR4315416  85.2% classified  | 0.0/s  ETA 1.2h
[     61/200] ERR4315196  89.8% classified  | 0.0/s  ETA 1.2h
[     62/200] SRR24010223  49.9% classified  | 0.0/s  ETA 1.2h
[     63/200] SRR24010222  74.8% classified  | 0.0/s  ETA 1.2h
[     64/200] ERR3383637  82.7% classified  | 0.0/s  ETA 1.1h
[     65/200] ERR3856848  83.4% classified  | 0.0/s  ETA 1.2h
[     66/200] SRR12329595  83.5% classified  | 0.0/s  ETA 1.2h
[     67/200] ERR3856837  53.2% classified  | 0.0/s  ETA 1.2h
[     68/200] SRR24010246  81.8% classified  | 0.0/s  ETA 1.2h
[     69/200] ERR3500547  82.3% classified  | 0.0/s  ETA 1.1h
[     70/200] SRR14386300  91.7% classified  | 0.0/s  ETA 1.1h
[     71/200] SRR8208850  85.0% classified  | 0.0/s  ETA 1.2h
[     72/200] ERR3500528  83.5% classified  | 0.0/s  ETA 1.1h
[     73/200] SRR1583666  84.2% classified  | 0.0/s  ETA 1.1h
[     74/200] ERR3500510  83.8% classified  | 0.0/s  ETA 1.1h
[     75/200] SRR2185187  95.9% classified  | 0.0/s  ETA 1.1h
[     76/200] SRR22139842  55.1% classified  | 0.0/s  ETA 1.1h
[     77/200] SRR391823  68.0% classified  | 0.0/s  ETA 1.1h
[     78/200] SRR1562247  83.1% classified  | 0.0/s  ETA 1.1h
[     79/200] SRR1575608  82.1% classified  | 0.0/s  ETA 1.1h
[     80/200] SRR32620577  83.6% classified  | 0.0/s  ETA 1.1h
[     81/200] SRR6242038  64.6% classified  | 0.0/s  ETA 1.1h
[     82/200] SRR6242049  83.0% classified  | 0.0/s  ETA 1.1h
[     83/200] SRR12149185  86.4% classified  | 0.0/s  ETA 1.1h
[     84/200] ERR789371  74.5% classified  | 0.0/s  ETA 1.1h
[     85/200] SRR8718847  91.5% classified  | 0.0/s  ETA 1.1h
[     86/200] SRR8718841  92.9% classified  | 0.0/s  ETA 1.1h
[     87/200] SRR8718825  90.1% classified  | 0.0/s  ETA 1.1h
[     88/200] SRR8718848  93.1% classified  | 0.0/s  ETA 1.1h
[     89/200] ERR13150701  72.8% classified  | 0.0/s  ETA 1.1h
[     90/200] ERR13107178  82.2% classified  | 0.0/s  ETA 1.0h
[     91/200] ERR2099123  74.3% classified  | 0.0/s  ETA 1.0h
[     92/200] SRR1284049  76.0% classified  | 0.0/s  ETA 1.0h
[     93/200] ERR13153961  81.0% classified  | 0.0/s  ETA 1.0h
[     94/200] SRR34026590  76.3% classified  | 0.0/s  ETA 1.0h
[     95/200] SRR3750696  88.5% classified  | 0.0/s  ETA 1.0h
[     96/200] SRR3750701  89.5% classified  | 0.0/s  ETA 1.0h
[     97/200] SRR2874066  85.1% classified  | 0.0/s  ETA 1.0h
[     98/200] SRR21195574  86.2% classified  | 0.0/s  ETA 1.0h
[     99/200] ERR5928168  72.1% classified  | 0.0/s  ETA 1.0h
[    100/200] ERR5928179  86.9% classified  | 0.0/s  ETA 0.9h
[    101/200] ERR5928200  83.0% classified  | 0.0/s  ETA 0.9h
[    102/200] SRR21195576  85.1% classified  | 0.0/s  ETA 0.9h
[    103/200] ERR5928221  70.4% classified  | 0.0/s  ETA 0.9h
[    104/200] SRR12488738  88.0% classified  | 0.0/s  ETA 0.9h
[    105/200] SRR31200167  89.6% classified  | 0.0/s  ETA 0.9h
[    106/200] ERR5696216  93.0% classified  | 0.0/s  ETA 0.9h
[    107/200] SRR1171040  83.2% classified  | 0.0/s  ETA 0.9h
[    108/200] ERR5696223  93.8% classified  | 0.0/s  ETA 0.9h
[    109/200] SRR14871468  86.0% classified  | 0.0/s  ETA 0.9h
[    110/200] ERR6548352  90.7% classified  | 0.0/s  ETA 0.9h
[    111/200] ERR5696242  91.7% classified  | 0.0/s  ETA 0.9h
[    112/200] ERR5696253  92.2% classified  | 0.0/s  ETA 0.9h
[    113/200] ERR5696262  90.9% classified  | 0.0/s  ETA 0.8h
[    114/200] ERR5696298  91.7% classified  | 0.0/s  ETA 0.8h
[    115/200] SRR4296236  68.9% classified  | 0.0/s  ETA 0.8h
[    116/200] ERR5696236  93.7% classified  | 0.0/s  ETA 0.8h
[    117/200] SRR2922399  4.8% classified  | 0.0/s  ETA 0.8h
[    118/200] SRR20324132  87.3% classified  | 0.0/s  ETA 0.8h
[    119/200] SRR20324145  84.6% classified  | 0.0/s  ETA 0.8h
[    120/200] SRR11216263  8.8% classified  | 0.0/s  ETA 0.8h
[    121/200] SRR25015529  72.7% classified  | 0.0/s  ETA 0.7h
[    122/200] SRR11216301  6.8% classified  | 0.0/s  ETA 0.7h
[    123/200] SRR31514632  43.3% classified  | 0.0/s  ETA 0.7h
[    124/200] SRR2517428  77.1% classified  | 0.0/s  ETA 0.7h
[    125/200] SRR2922435  31.5% classified  | 0.0/s  ETA 0.7h
[    126/200] SRR38293580  88.4% classified  | 0.0/s  ETA 0.7h
[    127/200] SRR33583435  34.1% classified  | 0.0/s  ETA 0.7h
[    128/200] SRR11928842  18.1% classified  | 0.0/s  ETA 0.7h
[    129/200] SRR28475137  85.5% classified  | 0.0/s  ETA 0.7h
[    130/200] SRR16930846  96.2% classified  | 0.0/s  ETA 0.7h
[    131/200] SRR33696075  82.3% classified  | 0.0/s  ETA 0.7h
[    132/200] SRR9673812  13.5% classified  | 0.0/s  ETA 0.6h
[    133/200] SRR27326329  52.0% classified  | 0.0/s  ETA 0.6h
[    134/200] SRR15141447  56.5% classified  | 0.0/s  ETA 0.6h
[    135/200] SRR15141435  76.3% classified  | 0.0/s  ETA 0.6h
[    136/200] SRR8204151  83.8% classified  | 0.0/s  ETA 0.6h
[    137/200] SRR36950019  9.5% classified  | 0.0/s  ETA 0.6h
[    138/200] SRR8204126  46.6% classified  | 0.0/s  ETA 0.6h
[    139/200] SRR24737259  78.5% classified  | 0.0/s  ETA 0.6h
[    140/200] ERR10886999  86.1% classified  | 0.0/s  ETA 0.6h
[    141/200] ERR10886911  84.5% classified  | 0.0/s  ETA 0.6h
[    142/200] SRR10291783  77.5% classified  | 0.0/s  ETA 0.6h
[    143/200] ERR10886923  83.9% classified  | 0.0/s  ETA 0.6h
[    144/200] ERR10886955  80.3% classified  | 0.0/s  ETA 0.6h
[    145/200] SRR31278119  74.4% classified  | 0.0/s  ETA 0.6h
[    146/200] ERR10886984  86.7% classified  | 0.0/s  ETA 0.5h
[    147/200] SRR8418272  48.4% classified  | 0.0/s  ETA 0.5h
[    148/200] SRR30673031  87.3% classified  | 0.0/s  ETA 0.5h
[    149/200] SRR8418306  62.0% classified  | 0.0/s  ETA 0.5h
[    150/200] SRR8418329  45.8% classified  | 0.0/s  ETA 0.5h
[    151/200] SRR8418304  57.8% classified  | 0.0/s  ETA 0.5h
[    152/200] ERR7421544  68.3% classified  | 0.0/s  ETA 0.5h
[    153/200] SRR20999595  58.3% classified  | 0.0/s  ETA 0.5h
[    154/200] SRR22142976  77.3% classified  | 0.0/s  ETA 0.5h
[    155/200] ERR7421535  69.6% classified  | 0.0/s  ETA 0.4h
[    156/200] SRR32959949  83.4% classified  | 0.0/s  ETA 0.4h
[    157/200] SRR36910221  23.9% classified  | 0.0/s  ETA 0.4h
[    158/200] SRR36292457  62.5% classified  | 0.0/s  ETA 0.4h
[    159/200] SRR36292440  58.7% classified  | 0.0/s  ETA 0.4h
[    160/200] ERR10926639  87.1% classified  | 0.0/s  ETA 0.4h
[    161/200] SRR34300143  25.2% classified  | 0.0/s  ETA 0.4h
[    162/200] SRR36910255  26.1% classified  | 0.0/s  ETA 0.4h
[    163/200] SRR36292495  55.9% classified  | 0.0/s  ETA 0.4h
[    164/200] SRR36367311  62.1% classified  | 0.0/s  ETA 0.4h
[    165/200] SRR36292509  57.6% classified  | 0.0/s  ETA 0.4h
[    166/200] SRR36367297  67.1% classified  | 0.0/s  ETA 0.4h
[    167/200] SRR36910237  30.6% classified  | 0.0/s  ETA 0.3h
[    168/200] SRR36367277  66.5% classified  | 0.0/s  ETA 0.3h
[    169/200] SRR36292499  69.3% classified  | 0.0/s  ETA 0.3h
[    170/200] SRR3537156  79.5% classified  | 0.0/s  ETA 0.3h
[    171/200] SRR36292451  62.9% classified  | 0.0/s  ETA 0.3h
[    172/200] SRR10053817  85.3% classified  | 0.0/s  ETA 0.3h
[    173/200] SRR25969020  90.7% classified  | 0.0/s  ETA 0.3h
[    174/200] SRR36015662  91.6% classified  | 0.0/s  ETA 0.3h
[    175/200] SRR11229310  44.3% classified  | 0.0/s  ETA 0.3h
[    176/200] SRR11497316  74.5% classified  | 0.0/s  ETA 0.3h
[    177/200] SRR8984109  78.9% classified  | 0.0/s  ETA 0.2h
[    178/200] SRR8984116  76.9% classified  | 0.0/s  ETA 0.2h
[    179/200] SRR25662795  86.3% classified  | 0.0/s  ETA 0.2h
[    180/200] SRR8569389  80.6% classified  | 0.0/s  ETA 0.2h
[    181/200] SRR18064509  20.6% classified  | 0.0/s  ETA 0.2h
[    182/200] SRR1793908  91.3% classified  | 0.0/s  ETA 0.2h
[    183/200] SRR6039735  74.8% classified  | 0.0/s  ETA 0.2h
[    184/200] SRR21796861  89.7% classified  | 0.0/s  ETA 0.2h
[    185/200] SRR15833442  76.0% classified  | 0.0/s  ETA 0.2h
[    186/200] SRR23704262  91.7% classified  | 0.0/s  ETA 0.2h
[    187/200] SRR17207994  83.4% classified  | 0.0/s  ETA 0.1h
[    188/200] SRR12772440  84.0% classified  | 0.0/s  ETA 0.1h
[    189/200] SRR12998696  82.7% classified  | 0.0/s  ETA 0.1h
[    190/200] ERR4352134  89.9% classified  | 0.0/s  ETA 0.1h
[    191/200] SRR31851394  83.8% classified  | 0.0/s  ETA 0.1h
[    192/200] SRR31204181  90.0% classified  | 0.0/s  ETA 0.1h
[    193/200] SRR3724093  69.9% classified  | 0.0/s  ETA 0.1h
[    194/200] SRR10189437  66.9% classified  | 0.0/s  ETA 0.1h
[    195/200] SRR36610579  89.5% classified  | 0.0/s  ETA 0.1h
[    196/200] SRR1284051  60.4% classified  | 0.0/s  ETA 0.0h
[    197/200] SRR14615481  88.7% classified  | 0.0/s  ETA 0.0h
[    198/200] SRR1774241  67.9% classified  | 0.0/s  ETA 0.0h
[    199/200] SRR35779160  88.6% classified  | 0.0/s  ETA 0.0h
[    200/200] SRR5712016  69.3% classified  | 0.0/s  ETA 0.0h

── Summary ────────────────────────────────────────
  Classified: 200
  Errors:     0
  Elapsed:    2.2h
  Cache:      kraken/assign/data/kraken_cache.jsonl
