host=nid002281 job=49983533 task=11 cpus=112
Kraken version 2.1.2
Reads read from: kraken/select/data/reads
Raw kraken2 reports will be saved to: kraken/assign/data/reports
Loaded 3,225 runs from kraken/select/data/run_list.tsv (filters: none)
Array task 11/16: 201 runs in slice, 0 already done, 201 to do

Total runs: 3,225 | Already done: 1 | Remaining: 201
Settings: confidence=0.15, min_hit_groups=3, workers=4, kraken_threads=8
DB: kraken/build/data/db_v3
Tmp: /scratch/pawsey1168/llenzo/kraken_tmp

[      1/201] ERR3170274  79.2% classified  | 0.0/s  ETA 6.7h
[      2/201] ERR3170203  82.3% classified  | 0.0/s  ETA 3.5h
[      3/201] ERR3188461  79.1% classified  | 0.0/s  ETA 2.6h
[      4/201] ERR3188463  80.1% classified  | 0.0/s  ETA 2.0h
[      5/201] ERR3170269  79.9% classified  | 0.0/s  ETA 2.5h
[      6/201] ERR3188471  79.9% classified  | 0.0/s  ETA 2.2h
[      7/201] ERR3170204  80.0% classified  | 0.0/s  ETA 2.0h
[      8/201] ERR3188472  82.6% classified  | 0.0/s  ETA 1.7h
[      9/201] ERR1607770  53.9% classified  | 0.0/s  ETA 1.9h
[     10/201] ERR1607783  77.8% classified  | 0.0/s  ETA 1.8h
[     11/201] ERR1607825  75.1% classified  | 0.0/s  ETA 1.7h
[     12/201] ERR3170221  78.3% classified  | 0.0/s  ETA 1.6h
[     13/201] ERR1607818  75.4% classified  | 0.0/s  ETA 1.8h
[     14/201] ERR1607864  63.3% classified  | 0.0/s  ETA 1.7h
[     15/201] ERR1607736  87.1% classified  | 0.0/s  ETA 1.6h
[     16/201] ERR1607828  78.7% classified  | 0.0/s  ETA 1.5h
[     17/201] ERR15005495  56.4% classified  | 0.0/s  ETA 1.7h
[     18/201] ERR1607758  69.6% classified  | 0.0/s  ETA 1.6h
[     19/201] ERR15005483  45.7% classified  | 0.0/s  ETA 1.6h
[     20/201] ERR15005450  78.7% classified  | 0.0/s  ETA 1.7h
[     21/201] ERR15005491  62.3% classified  | 0.0/s  ETA 1.7h
[     22/201] ERR12013031  83.3% classified  | 0.0/s  ETA 1.7h
[     23/201] ERR15005511  52.2% classified  | 0.0/s  ETA 1.6h
[     24/201] ERR12013053  80.2% classified  | 0.0/s  ETA 1.6h
[     25/201] ERR15005459  25.3% classified  | 0.0/s  ETA 1.6h
[     26/201] ERR12013076  73.3% classified  | 0.0/s  ETA 1.5h
[     27/201] ERR6847897  82.8% classified  | 0.0/s  ETA 1.5h
[     28/201] ERR4315264  77.4% classified  | 0.0/s  ETA 1.6h
[     29/201] ERR4315357  79.7% classified  | 0.0/s  ETA 1.6h
[     30/201] SRR29076533  73.9% classified  | 0.0/s  ETA 1.5h
[     31/201] SRR29077171  86.8% classified  | 0.0/s  ETA 1.5h
[     32/201] ERR4315162  69.6% classified  | 0.0/s  ETA 1.5h
[     33/201] ERR4315400  79.5% classified  | 0.0/s  ETA 1.5h
[     34/201] ERR4315320  81.5% classified  | 0.0/s  ETA 1.5h
[     35/201] ERR4315319  80.0% classified  | 0.0/s  ETA 1.4h
[     36/201] ERR4315464  73.6% classified  | 0.0/s  ETA 1.4h
[     37/201] ERR4315452  81.5% classified  | 0.0/s  ETA 1.5h
[     38/201] ERR4315230  79.0% classified  | 0.0/s  ETA 1.5h
[     39/201] ERR4315389  79.6% classified  | 0.0/s  ETA 1.5h
[     40/201] ERR4315570  83.7% classified  | 0.0/s  ETA 1.5h
[     41/201] ERR4315402  16.8% classified  | 0.0/s  ETA 1.4h
[     42/201] ERR4315518  83.9% classified  | 0.0/s  ETA 1.4h
[     43/201] ERR4315258  78.2% classified  | 0.0/s  ETA 1.4h
[     44/201] ERR4315417  73.4% classified  | 0.0/s  ETA 1.4h
[     45/201] ERR4315284  78.4% classified  | 0.0/s  ETA 1.4h
[     46/201] ERR4315152  83.9% classified  | 0.0/s  ETA 1.3h
[     47/201] ERR4315560  82.7% classified  | 0.0/s  ETA 1.3h
[     48/201] ERR4315476  80.6% classified  | 0.0/s  ETA 1.3h
[     49/201] ERR4315175  35.6% classified  | 0.0/s  ETA 1.3h
[     50/201] ERR4315406  72.9% classified  | 0.0/s  ETA 1.3h
[     51/201] ERR4315287  82.9% classified  | 0.0/s  ETA 1.2h
[     52/201] ERR4315331  64.6% classified  | 0.0/s  ETA 1.3h
[     53/201] ERR4315410  75.7% classified  | 0.0/s  ETA 1.3h
[     54/201] ERR4315174  61.2% classified  | 0.0/s  ETA 1.2h
[     55/201] ERR4315205  79.9% classified  | 0.0/s  ETA 1.2h
[     56/201] ERR4315425  81.5% classified  | 0.0/s  ETA 1.2h
[     57/201] ERR4315463  85.2% classified  | 0.0/s  ETA 1.2h
[     58/201] ERR4315627  85.2% classified  | 0.0/s  ETA 1.2h
[     59/201] ERR4315369  81.2% classified  | 0.0/s  ETA 1.2h
[     60/201] ERR4315375  80.9% classified  | 0.0/s  ETA 1.2h
[     61/201] ERR4315567  80.8% classified  | 0.0/s  ETA 1.1h
[     62/201] ERR4315163  77.7% classified  | 0.0/s  ETA 1.1h
[     63/201] ERR4315577  78.1% classified  | 0.0/s  ETA 1.1h
[     64/201] SRR1425602  ERR(no_local_reads)  | 0.0/s  ETA 1.1h
[     65/201] SRR24010214  82.8% classified  | 0.0/s  ETA 1.1h
[     66/201] SRR24010229  85.4% classified  | 0.0/s  ETA 1.1h
[     67/201] ERR3856855  80.5% classified  | 0.0/s  ETA 1.1h
[     68/201] ERR3856814  51.5% classified  | 0.0/s  ETA 1.1h
[     69/201] ERR3500550  82.3% classified  | 0.0/s  ETA 1.1h
[     70/201] ERR3856834  82.6% classified  | 0.0/s  ETA 1.1h
[     71/201] SRR579533  56.3% classified  | 0.0/s  ETA 1.1h
[     72/201] SRR23706857  60.9% classified  | 0.0/s  ETA 1.1h
[     73/201] ERR3500534  80.0% classified  | 0.0/s  ETA 1.2h
[     74/201] ERR3500525  84.5% classified  | 0.0/s  ETA 1.2h
[     75/201] SRR1562081  84.0% classified  | 0.0/s  ETA 1.2h
[     76/201] SRR11440843  82.8% classified  | 0.0/s  ETA 1.2h
[     77/201] SRR26175768  83.4% classified  | 0.0/s  ETA 1.2h
[     78/201] SRR391840  69.5% classified  | 0.0/s  ETA 1.2h
[     79/201] SRR391841  68.8% classified  | 0.0/s  ETA 1.1h
[     80/201] SRR31839224  83.2% classified  | 0.0/s  ETA 1.1h
[     81/201] ERR13340224  84.6% classified  | 0.0/s  ETA 1.1h
[     82/201] SRR6242059  74.6% classified  | 0.0/s  ETA 1.1h
[     83/201] SRR32620570  73.5% classified  | 0.0/s  ETA 1.1h
[     84/201] ERR789369  74.9% classified  | 0.0/s  ETA 1.1h
[     85/201] ERR789112  61.2% classified  | 0.0/s  ETA 1.1h
[     86/201] SRR6242053  69.7% classified  | 0.0/s  ETA 1.1h
[     87/201] SRR8718818  97.3% classified  | 0.0/s  ETA 1.1h
[     88/201] SRR8718815  97.9% classified  | 0.0/s  ETA 1.1h
[     89/201] SRR8718839  91.3% classified  | 0.0/s  ETA 1.0h
[     90/201] ERR2099115  73.7% classified  | 0.0/s  ETA 1.0h
[     91/201] ERR13105496  82.9% classified  | 0.0/s  ETA 1.0h
[     92/201] ERR13149232  77.2% classified  | 0.0/s  ETA 1.0h
[     93/201] SRR4240603  85.3% classified  | 0.0/s  ETA 1.0h
[     94/201] SRR34026570  76.5% classified  | 0.0/s  ETA 1.0h
[     95/201] SRR34026591  76.5% classified  | 0.0/s  ETA 1.0h
[     96/201] SRR3750721  82.2% classified  | 0.0/s  ETA 1.0h
[     97/201] SRR3750727  87.4% classified  | 0.0/s  ETA 1.0h
[     98/201] ERR5928172  85.5% classified  | 0.0/s  ETA 1.0h
[     99/201] SRR2873756  82.5% classified  | 0.0/s  ETA 0.9h
[    100/201] SRR9684539  61.1% classified  | 0.0/s  ETA 0.9h
[    101/201] ERR5928187  84.9% classified  | 0.0/s  ETA 0.9h
[    102/201] ERR5928154  81.1% classified  | 0.0/s  ETA 0.9h
[    103/201] ERR5928225  77.6% classified  | 0.0/s  ETA 0.9h
[    104/201] ERR5928211  80.2% classified  | 0.0/s  ETA 0.9h
[    105/201] SRR21195582  82.7% classified  | 0.0/s  ETA 0.9h
[    106/201] SRR2170110  66.5% classified  | 0.0/s  ETA 0.9h
[    107/201] SRR20067742  85.9% classified  | 0.0/s  ETA 0.9h
[    108/201] SRR14871479  88.2% classified  | 0.0/s  ETA 0.9h
[    109/201] ERR5696203  91.6% classified  | 0.0/s  ETA 0.8h
[    110/201] ERR5696273  91.4% classified  | 0.0/s  ETA 0.8h
[    111/201] ERR5696244  90.2% classified  | 0.0/s  ETA 0.8h
[    112/201] ERR6548362  83.8% classified  | 0.0/s  ETA 0.8h
[    113/201] ERR5696283  93.0% classified  | 0.0/s  ETA 0.8h
[    114/201] ERR5696270  92.6% classified  | 0.0/s  ETA 0.8h
[    115/201] ERR5696255  91.8% classified  | 0.0/s  ETA 0.8h
[    116/201] ERR6548351  91.6% classified  | 0.0/s  ETA 0.8h
[    117/201] ERR5696210  90.9% classified  | 0.0/s  ETA 0.8h
[    118/201] SRR12888336  66.2% classified  | 0.0/s  ETA 0.7h
[    119/201] SRR2920074  40.2% classified  | 0.0/s  ETA 0.7h
[    120/201] SRR20324143  85.2% classified  | 0.0/s  ETA 0.7h
[    121/201] SRR11216283  7.3% classified  | 0.0/s  ETA 0.7h
[    122/201] SRR11216296  9.1% classified  | 0.0/s  ETA 0.7h
[    123/201] SRR11216281  10.5% classified  | 0.0/s  ETA 0.7h
[    124/201] SRR2517432  78.3% classified  | 0.0/s  ETA 0.7h
[    125/201] SRR36368721  83.8% classified  | 0.0/s  ETA 0.7h
[    126/201] SRR31850419  82.6% classified  | 0.0/s  ETA 0.7h
[    127/201] SRR10386365  61.2% classified  | 0.0/s  ETA 0.7h
[    128/201] SRR2922440  40.1% classified  | 0.0/s  ETA 0.7h
[    129/201] SRR33583438  36.0% classified  | 0.0/s  ETA 0.7h
[    130/201] SRR23869864  88.2% classified  | 0.0/s  ETA 0.7h
[    131/201] SRR16930845  29.2% classified  | 0.0/s  ETA 0.7h
[    132/201] SRR28544667  50.6% classified  | 0.0/s  ETA 0.6h
[    133/201] SRR7500370  81.4% classified  | 0.0/s  ETA 0.6h
[    134/201] SRR8639448  95.7% classified  | 0.0/s  ETA 0.6h
[    135/201] SRR27326702  51.6% classified  | 0.0/s  ETA 0.6h
[    136/201] SRR15141038  68.9% classified  | 0.0/s  ETA 0.6h
[    137/201] SRR15141215  58.6% classified  | 0.0/s  ETA 0.6h
[    138/201] SRR8204152  66.1% classified  | 0.0/s  ETA 0.6h
[    139/201] SRR15141218  76.5% classified  | 0.0/s  ETA 0.6h
[    140/201] SRR32920595  53.9% classified  | 0.0/s  ETA 0.6h
[    141/201] SRR10291747  84.8% classified  | 0.0/s  ETA 0.6h
[    142/201] ERR10886970  83.4% classified  | 0.0/s  ETA 0.6h
[    143/201] ERR10886916  84.5% classified  | 0.0/s  ETA 0.6h
[    144/201] ERR10886957  84.6% classified  | 0.0/s  ETA 0.6h
[    145/201] SRR36950016  27.2% classified  | 0.0/s  ETA 0.6h
[    146/201] ERR10886990  80.2% classified  | 0.0/s  ETA 0.6h
[    147/201] ERR10886913  82.8% classified  | 0.0/s  ETA 0.5h
[    148/201] SRR24901494  76.9% classified  | 0.0/s  ETA 0.5h
[    149/201] SRR8418319  55.6% classified  | 0.0/s  ETA 0.5h
[    150/201] SRR8418363  66.0% classified  | 0.0/s  ETA 0.5h
[    151/201] SRR8418332  60.9% classified  | 0.0/s  ETA 0.5h
[    152/201] SRR8418264  50.8% classified  | 0.0/s  ETA 0.5h
[    153/201] SRR27311745  40.9% classified  | 0.0/s  ETA 0.5h
[    154/201] SRR10095075  75.4% classified  | 0.0/s  ETA 0.5h
[    155/201] ERR7421522  66.4% classified  | 0.0/s  ETA 0.5h
[    156/201] ERR7421534  69.5% classified  | 0.0/s  ETA 0.4h
[    157/201] SRR15274850  79.9% classified  | 0.0/s  ETA 0.4h
[    158/201] SRR32959936  81.6% classified  | 0.0/s  ETA 0.4h
[    159/201] SRR34300116  28.8% classified  | 0.0/s  ETA 0.4h
[    160/201] SRR34300123  26.5% classified  | 0.0/s  ETA 0.4h
[    161/201] ERR10926702  88.1% classified  | 0.0/s  ETA 0.4h
[    162/201] SRR36367296  61.8% classified  | 0.0/s  ETA 0.4h
[    163/201] SRR36910233  28.3% classified  | 0.0/s  ETA 0.4h
[    164/201] SRR36367285  61.9% classified  | 0.0/s  ETA 0.4h
[    165/201] SRR36910235  43.5% classified  | 0.0/s  ETA 0.4h
[    166/201] SRR36910202  26.1% classified  | 0.0/s  ETA 0.4h
[    167/201] SRR34300125  26.0% classified  | 0.0/s  ETA 0.4h
[    168/201] SRR36910241  29.4% classified  | 0.0/s  ETA 0.4h
[    169/201] SRR36292476  62.1% classified  | 0.0/s  ETA 0.3h
[    170/201] SRR34300120  32.1% classified  | 0.0/s  ETA 0.3h
[    171/201] SRR34300170  28.9% classified  | 0.0/s  ETA 0.3h
[    172/201] SRR36367287  63.8% classified  | 0.0/s  ETA 0.3h
[    173/201] SRR26214564  90.7% classified  | 0.0/s  ETA 0.3h
[    174/201] SRR25969024  89.3% classified  | 0.0/s  ETA 0.3h
[    175/201] SRR25969068  87.4% classified  | 0.0/s  ETA 0.3h
[    176/201] SRR22975704  91.1% classified  | 0.0/s  ETA 0.3h
[    177/201] SRR1975204  68.8% classified  | 0.0/s  ETA 0.3h
[    178/201] SRR8984114  75.7% classified  | 0.0/s  ETA 0.2h
[    179/201] SRR11066777  84.4% classified  | 0.0/s  ETA 0.2h
[    180/201] SRR7403500  83.4% classified  | 0.0/s  ETA 0.2h
[    181/201] SRR12133606  28.2% classified  | 0.0/s  ETA 0.2h
[    182/201] SRR6395491  80.6% classified  | 0.0/s  ETA 0.2h
[    183/201] SRR37491895  38.1% classified  | 0.0/s  ETA 0.2h
[    184/201] SRR3571661  69.7% classified  | 0.0/s  ETA 0.2h
[    185/201] SRR6039743  76.7% classified  | 0.0/s  ETA 0.2h
[    186/201] SRR6189709  79.6% classified  | 0.0/s  ETA 0.2h
[    187/201] ERR990471  76.4% classified  | 0.0/s  ETA 0.2h
[    188/201] SRR1793876  89.5% classified  | 0.0/s  ETA 0.1h
[    189/201] SRR34094678  33.2% classified  | 0.0/s  ETA 0.1h
[    190/201] SRR36993188  90.3% classified  | 0.0/s  ETA 0.1h
[    191/201] SRR37049209  85.3% classified  | 0.0/s  ETA 0.1h
[    192/201] ERR14823246  93.3% classified  | 0.0/s  ETA 0.1h
[    193/201] SRR10499796  86.2% classified  | 0.0/s  ETA 0.1h
[    194/201] DRR125458  85.1% classified  | 0.0/s  ETA 0.1h
[    195/201] SRR35031040  80.6% classified  | 0.0/s  ETA 0.1h
[    196/201] SRR8416455  74.8% classified  | 0.0/s  ETA 0.1h
[    197/201] SRR22540862  92.0% classified  | 0.0/s  ETA 0.0h
[    198/201] SRR3724095  77.1% classified  | 0.0/s  ETA 0.0h
[    199/201] SRR15539004  73.7% classified  | 0.0/s  ETA 0.0h
[    200/201] SRR35248609  34.4% classified  | 0.0/s  ETA 0.0h
[    201/201] SRR6292089  82.4% classified  | 0.0/s  ETA 0.0h

── Summary ────────────────────────────────────────
  Classified: 200
  Errors:     1
  Elapsed:    2.1h
  Cache:      kraken/assign/data/kraken_cache.jsonl
