host=nid001662 job=49402284 task=8 cpus=112
Kraken version 2.1.2
Reads read from: kraken/output/run/select/data/reads
Raw kraken2 reports will be saved to: kraken/output/run/assign/data/reports
Loaded 3,225 runs from kraken/output/run/select/data/run_list.tsv (filters: none)
Array task 8/16: 202 runs assigned

Total runs: 3,225 | Already done: 0 | Remaining: 202
Settings: confidence=0.15, min_hit_groups=3, workers=8, kraken_threads=4
DB: kraken/output/db/build/data/db_v2
Tmp: /scratch/fl3/llenzo/kraken_tmp

[      1/202] ERR3170233  56.6% classified  | 0.0/s  ETA 7.3h
[      2/202] ERR3188434  36.1% classified  | 0.0/s  ETA 3.7h
[      3/202] ERR3188452  52.6% classified  | 0.0/s  ETA 2.4h
[      4/202] ERR3188431  39.2% classified  | 0.0/s  ETA 1.8h
[      5/202] ERR3170227  70.0% classified  | 0.0/s  ETA 1.5h
[      6/202] ERR3188467  55.2% classified  | 0.0/s  ETA 1.3h
[      7/202] ERR3188477  33.4% classified  | 0.0/s  ETA 1.2h
[      8/202] ERR3188438  65.8% classified  | 0.0/s  ETA 1.2h
[      9/202] ERR3170253  18.2% classified  | 0.0/s  ETA 1.1h
[     10/202] ERR1607816  46.8% classified  | 0.0/s  ETA 1.1h
[     11/202] ERR3170206  59.8% classified  | 0.0/s  ETA 1.1h
[     12/202] ERR1607764  27.7% classified  | 0.1/s  ETA 1.0h
[     13/202] ERR1607769  69.7% classified  | 0.1/s  ETA 0.9h
[     14/202] ERR1607793  59.1% classified  | 0.1/s  ETA 0.9h
[     15/202] ERR1607779  11.4% classified  | 0.1/s  ETA 0.8h
[     16/202] ERR1607776  14.9% classified  | 0.1/s  ETA 0.8h
[     17/202] ERR1607834  45.0% classified  | 0.1/s  ETA 0.9h
[     18/202] ERR15005456  28.9% classified  | 0.1/s  ETA 0.9h
[     19/202] ERR15005463  20.7% classified  | 0.1/s  ETA 0.9h
[     20/202] ERR15005469  36.0% classified  | 0.1/s  ETA 0.9h
[     21/202] ERR15005525  9.1% classified  | 0.1/s  ETA 0.9h
[     22/202] ERR15005533  48.6% classified  | 0.1/s  ETA 0.8h
[     23/202] ERR15005526  23.4% classified  | 0.1/s  ETA 0.8h
[     24/202] ERR4315685  65.6% classified  | 0.1/s  ETA 0.9h
[     25/202] ERR6847890  46.6% classified  | 0.1/s  ETA 0.9h
[     26/202] ERR6847879  49.2% classified  | 0.1/s  ETA 0.9h
[     27/202] ERR12013079  40.7% classified  | 0.1/s  ETA 0.9h
[     28/202] ERR4315613  33.8% classified  | 0.1/s  ETA 0.9h
[     29/202] SRR29076501  5.9% classified  | 0.1/s  ETA 0.9h
[     30/202] ERR12013061  48.1% classified  | 0.1/s  ETA 0.8h
[     31/202] ERR12013069  68.3% classified  | 0.1/s  ETA 0.8h
[     32/202] ERR4761817  70.3% classified  | 0.1/s  ETA 0.8h
[     33/202] ERR4315443  53.4% classified  | 0.1/s  ETA 0.8h
[     34/202] ERR4315573  15.9% classified  | 0.1/s  ETA 0.8h
[     35/202] ERR4315226  48.9% classified  | 0.1/s  ETA 0.8h
[     36/202] ERR4315364  62.8% classified  | 0.1/s  ETA 0.8h
[     37/202] ERR4315412  58.0% classified  | 0.1/s  ETA 0.8h
[     38/202] ERR4315637  51.0% classified  | 0.1/s  ETA 0.7h
[     39/202] ERR4315246  57.0% classified  | 0.1/s  ETA 0.7h
[     40/202] ERR4315190  28.0% classified  | 0.1/s  ETA 0.7h
[     41/202] ERR4315669  38.3% classified  | 0.1/s  ETA 0.7h
[     42/202] ERR4315155  49.0% classified  | 0.1/s  ETA 0.7h
[     43/202] ERR4315423  63.9% classified  | 0.1/s  ETA 0.7h
[     44/202] ERR4315223  66.7% classified  | 0.1/s  ETA 0.7h
[     45/202] ERR4315342  42.6% classified  | 0.1/s  ETA 0.7h
[     46/202] ERR4315398  4.6% classified  | 0.1/s  ETA 0.7h
[     47/202] ERR4315283  59.1% classified  | 0.1/s  ETA 0.7h
[     48/202] ERR4315492  29.0% classified  | 0.1/s  ETA 0.7h
[     49/202] ERR4315546  42.9% classified  | 0.1/s  ETA 0.7h
[     50/202] ERR4315471  51.9% classified  | 0.1/s  ETA 0.7h
[     51/202] ERR4315569  33.7% classified  | 0.1/s  ETA 0.7h
[     52/202] ERR4315667  50.1% classified  | 0.1/s  ETA 0.7h
[     53/202] ERR4315150  51.7% classified  | 0.1/s  ETA 0.7h
[     54/202] ERR4315240  46.6% classified  | 0.1/s  ETA 0.7h
[     55/202] ERR4315441  37.8% classified  | 0.1/s  ETA 0.6h
[     56/202] ERR4315257  36.2% classified  | 0.1/s  ETA 0.6h
[     57/202] ERR4315563  59.1% classified  | 0.1/s  ETA 0.6h
[     58/202] ERR4315321  58.1% classified  | 0.1/s  ETA 0.6h
[     59/202] ERR4315399  22.5% classified  | 0.1/s  ETA 0.6h
[     60/202] SRR1425535  ERR(no_local_reads)  | 0.1/s  ETA 0.6h
[     61/202] ERR4315415  29.0% classified  | 0.1/s  ETA 0.6h
[     62/202] ERR4315340  55.0% classified  | 0.1/s  ETA 0.6h
[     63/202] ERR4315479  39.2% classified  | 0.1/s  ETA 0.6h
[     64/202] ERR4315617  62.9% classified  | 0.1/s  ETA 0.6h
[     65/202] SRR24010219  70.9% classified  | 0.1/s  ETA 0.6h
[     66/202] SRR24010213  21.4% classified  | 0.1/s  ETA 0.6h
[     67/202] ERR3383633  47.9% classified  | 0.1/s  ETA 0.6h
[     68/202] ERR3856825  42.2% classified  | 0.1/s  ETA 0.6h
[     69/202] ERR3856838  48.8% classified  | 0.1/s  ETA 0.5h
[     70/202] ERR3500551  3.3% classified  | 0.1/s  ETA 0.6h
[     71/202] ERR3856844  54.4% classified  | 0.1/s  ETA 0.6h
[     72/202] SRR1562077  37.4% classified  | 0.1/s  ETA 0.6h
[     73/202] SRR14386296  40.7% classified  | 0.1/s  ETA 0.5h
[     74/202] SRR22139841  0.6% classified  | 0.1/s  ETA 0.5h
[     75/202] SRR391832  1.9% classified  | 0.1/s  ETA 0.5h
[     76/202] SRR391836  3.3% classified  | 0.1/s  ETA 0.5h
[     77/202] SRR32620569  60.8% classified  | 0.1/s  ETA 0.5h
[     78/202] SRR1562078  42.0% classified  | 0.1/s  ETA 0.5h
[     79/202] SRR1562050  46.0% classified  | 0.1/s  ETA 0.5h
[     80/202] ERR789113  13.2% classified  | 0.1/s  ETA 0.5h
[     81/202] ERR3500527  2.5% classified  | 0.1/s  ETA 0.5h
[     82/202] ERR3500507  1.7% classified  | 0.1/s  ETA 0.5h
[     83/202] SRR26175767  0.8% classified  | 0.1/s  ETA 0.5h
[     84/202] ERR789378  34.1% classified  | 0.1/s  ETA 0.5h
[     85/202] SRR8718793  8.2% classified  | 0.1/s  ETA 0.5h
[     86/202] SRR8718843  9.8% classified  | 0.1/s  ETA 0.5h
[     87/202] SRR6242054  1.7% classified  | 0.1/s  ETA 0.5h
[     88/202] SRR8718813  7.5% classified  | 0.1/s  ETA 0.5h
[     89/202] ERR2099116  66.1% classified  | 0.1/s  ETA 0.5h
[     90/202] ERR13107161  21.5% classified  | 0.1/s  ETA 0.5h
[     91/202] SRR4240604  52.1% classified  | 0.1/s  ETA 0.5h
[     92/202] SRR34026593  2.2% classified  | 0.1/s  ETA 0.5h
[     93/202] SRR34026575  3.2% classified  | 0.1/s  ETA 0.5h
[     94/202] SRR3750733  1.9% classified  | 0.1/s  ETA 0.5h
[     95/202] ERR13159060  1.0% classified  | 0.1/s  ETA 0.5h
[     96/202] ERR5928167  13.0% classified  | 0.1/s  ETA 0.5h
[     97/202] SRR3750729  1.6% classified  | 0.1/s  ETA 0.5h
[     98/202] ERR5928202  1.3% classified  | 0.1/s  ETA 0.5h
[     99/202] ERR5928181  1.0% classified  | 0.1/s  ETA 0.5h
[    100/202] ERR5928218  1.1% classified  | 0.1/s  ETA 0.4h
[    101/202] SRR2874385  15.3% classified  | 0.1/s  ETA 0.5h
[    102/202] SRR20067738  1.0% classified  | 0.1/s  ETA 0.5h
[    103/202] SRR21195559  22.2% classified  | 0.1/s  ETA 0.5h
[    104/202] SRR21195561  7.3% classified  | 0.1/s  ETA 0.5h
[    105/202] ERR5696213  2.5% classified  | 0.1/s  ETA 0.5h
[    106/202] ERR5696278  3.4% classified  | 0.1/s  ETA 0.5h
[    107/202] ERR5696248  23.7% classified  | 0.1/s  ETA 0.5h
[    108/202] SRR9684522  18.9% classified  | 0.1/s  ETA 0.4h
[    109/202] SRR6242034  19.9% classified  | 0.1/s  ETA 0.4h
[    110/202] ERR6548384  2.6% classified  | 0.1/s  ETA 0.4h
[    111/202] ERR5696300  2.8% classified  | 0.1/s  ETA 0.4h
[    112/202] ERR5696258  4.7% classified  | 0.1/s  ETA 0.4h
[    113/202] ERR5696268  2.6% classified  | 0.1/s  ETA 0.4h
[    114/202] SRR31200163  4.3% classified  | 0.1/s  ETA 0.4h
[    115/202] SRR14871473  2.2% classified  | 0.1/s  ETA 0.4h
[    116/202] ERR5696234  5.0% classified  | 0.1/s  ETA 0.4h
[    117/202] SRR11216278  0.5% classified  | 0.1/s  ETA 0.4h
[    118/202] ERR6548358  78.5% classified  | 0.1/s  ETA 0.4h
[    119/202] SRR2922404  1.5% classified  | 0.1/s  ETA 0.4h
[    120/202] SRR11216292  0.8% classified  | 0.1/s  ETA 0.4h
[    121/202] SRR11216298  0.4% classified  | 0.1/s  ETA 0.4h
[    122/202] SRR20324142  0.9% classified  | 0.1/s  ETA 0.4h
[    123/202] SRR6221905  0.9% classified  | 0.1/s  ETA 0.4h
[    124/202] SRR10386364  0.4% classified  | 0.1/s  ETA 0.4h
[    125/202] SRR20324135  4.8% classified  | 0.1/s  ETA 0.4h
[    126/202] SRR23870001  7.9% classified  | 0.1/s  ETA 0.3h
[    127/202] SRR16930843  2.8% classified  | 0.1/s  ETA 0.3h
[    128/202] SRR33583436  0.2% classified  | 0.1/s  ETA 0.3h
[    129/202] SRR28475135  28.7% classified  | 0.1/s  ETA 0.3h
[    130/202] SRR7873465  0.8% classified  | 0.1/s  ETA 0.3h
[    131/202] SRR2922437  8.3% classified  | 0.1/s  ETA 0.3h
[    132/202] SRR27326679  41.2% classified  | 0.1/s  ETA 0.3h
[    133/202] SRR7500375  0.6% classified  | 0.1/s  ETA 0.3h
[    134/202] SRR15141441  16.2% classified  | 0.1/s  ETA 0.3h
[    135/202] SRR15141165  24.8% classified  | 0.1/s  ETA 0.3h
[    136/202] SRR15141150  27.8% classified  | 0.1/s  ETA 0.3h
[    137/202] SRR2517430  3.5% classified  | 0.1/s  ETA 0.3h
[    138/202] SRR24737257  8.4% classified  | 0.1/s  ETA 0.3h
[    139/202] SRR8204140  34.1% classified  | 0.1/s  ETA 0.3h
[    140/202] SRR36950020  3.2% classified  | 0.1/s  ETA 0.3h
[    141/202] SRR31850423  0.4% classified  | 0.1/s  ETA 0.3h
[    142/202] SRR10291752  39.5% classified  | 0.1/s  ETA 0.3h
[    143/202] ERR10887007  25.6% classified  | 0.1/s  ETA 0.3h
[    144/202] SRR8418342  8.0% classified  | 0.1/s  ETA 0.3h
[    145/202] SRR8418318  9.6% classified  | 0.1/s  ETA 0.3h
[    146/202] ERR10886919  7.7% classified  | 0.1/s  ETA 0.3h
[    147/202] SRR8418317  8.6% classified  | 0.1/s  ETA 0.3h
[    148/202] ERR10886989  7.1% classified  | 0.1/s  ETA 0.3h
[    149/202] SRR8418224  5.6% classified  | 0.1/s  ETA 0.3h
[    150/202] SRR14212084  7.0% classified  | 0.1/s  ETA 0.2h
[    151/202] ERR10886946  6.8% classified  | 0.1/s  ETA 0.2h
[    152/202] ERR7421528  57.1% classified  | 0.1/s  ETA 0.2h
[    153/202] ERR10886975  4.2% classified  | 0.1/s  ETA 0.2h
[    154/202] ERR7421531  62.6% classified  | 0.1/s  ETA 0.2h
[    155/202] SRR32959937  10.7% classified  | 0.1/s  ETA 0.2h
[    156/202] SRR36292449  5.0% classified  | 0.1/s  ETA 0.2h
[    157/202] SRR34300136  4.1% classified  | 0.1/s  ETA 0.2h
[    158/202] SRR36910240  6.8% classified  | 0.1/s  ETA 0.2h
[    159/202] SRR31278121  3.9% classified  | 0.1/s  ETA 0.2h
[    160/202] ERR10926661  2.6% classified  | 0.1/s  ETA 0.2h
[    161/202] ERR10926629  2.2% classified  | 0.1/s  ETA 0.2h
[    162/202] SRR34300115  5.1% classified  | 0.1/s  ETA 0.2h
[    163/202] SRR36910229  6.4% classified  | 0.1/s  ETA 0.2h
[    164/202] SRR36292437  8.6% classified  | 0.1/s  ETA 0.2h
[    165/202] SRR36292460  4.4% classified  | 0.1/s  ETA 0.2h
[    166/202] SRR34300118  4.4% classified  | 0.1/s  ETA 0.2h
[    167/202] SRR25969038  5.0% classified  | 0.1/s  ETA 0.2h
[    168/202] SRR22142917  30.9% classified  | 0.1/s  ETA 0.2h
[    169/202] SRR3537150  19.1% classified  | 0.1/s  ETA 0.2h
[    170/202] SRR25969047  8.3% classified  | 0.1/s  ETA 0.2h
[    171/202] SRR36910204  3.5% classified  | 0.1/s  ETA 0.2h
[    172/202] SRR34300139  7.8% classified  | 0.1/s  ETA 0.2h
[    173/202] SRR36292508  6.7% classified  | 0.1/s  ETA 0.1h
[    174/202] SRR36367331  8.9% classified  | 0.1/s  ETA 0.1h
[    175/202] SRR36292501  6.5% classified  | 0.1/s  ETA 0.1h
[    176/202] SRR1975194  4.4% classified  | 0.1/s  ETA 0.1h
[    177/202] SRR22975698  10.5% classified  | 0.1/s  ETA 0.1h
[    178/202] SRR12133603  23.6% classified  | 0.1/s  ETA 0.1h
[    179/202] SRR37491913  5.4% classified  | 0.1/s  ETA 0.1h
[    180/202] SRR8984124  35.5% classified  | 0.1/s  ETA 0.1h
[    181/202] SRR1793865  2.0% classified  | 0.1/s  ETA 0.1h
[    182/202] SRR8984121  56.7% classified  | 0.1/s  ETA 0.1h
[    183/202] SRR11067669  8.7% classified  | 0.1/s  ETA 0.1h
[    184/202] SRR5225794  7.9% classified  | 0.1/s  ETA 0.1h
[    185/202] ERR990470  75.4% classified  | 0.1/s  ETA 0.1h
[    186/202] SRR6395482  3.0% classified  | 0.1/s  ETA 0.1h
[    187/202] SRR6039738  3.1% classified  | 0.1/s  ETA 0.1h
[    188/202] SRR32660884  2.7% classified  | 0.1/s  ETA 0.1h
[    189/202] SRR18064501  22.0% classified  | 0.1/s  ETA 0.1h
[    190/202] SRR10189435  58.7% classified  | 0.1/s  ETA 0.1h
[    191/202] SRR17207990  5.6% classified  | 0.1/s  ETA 0.1h
[    192/202] SRR22540857  3.2% classified  | 0.1/s  ETA 0.1h
[    193/202] SRR8416462  27.4% classified  | 0.1/s  ETA 0.0h
[    194/202] SRR16017072  4.4% classified  | 0.1/s  ETA 0.0h
[    195/202] SRR31851388  1.8% classified  | 0.1/s  ETA 0.0h
[    196/202] ERR14823249  76.7% classified  | 0.1/s  ETA 0.0h
[    197/202] SRR3724104  64.7% classified  | 0.1/s  ETA 0.0h
[    198/202] SRR10717614  12.2% classified  | 0.1/s  ETA 0.0h
[    199/202] ERR4352130  4.7% classified  | 0.1/s  ETA 0.0h
[    200/202] SRR1776535  33.8% classified  | 0.1/s  ETA 0.0h
[    201/202] ERR9452524  4.1% classified  | 0.1/s  ETA 0.0h
[    202/202] SRR1773570  4.3% classified  | 0.1/s  ETA 0.0h

── Summary ────────────────────────────────────────
  Classified: 201
  Errors:     1
  Elapsed:    1.1h
  Cache:      kraken/output/run/assign/data/kraken_cache.jsonl
