host=nid001653 job=49402283 task=7 cpus=112
Kraken version 2.1.2
Reads read from: kraken/output/run/select/data/reads
Raw kraken2 reports will be saved to: kraken/output/run/assign/data/reports
Loaded 3,225 runs from kraken/output/run/select/data/run_list.tsv (filters: none)
Array task 7/16: 202 runs assigned

Total runs: 3,225 | Already done: 0 | Remaining: 202
Settings: confidence=0.15, min_hit_groups=3, workers=8, kraken_threads=4
DB: kraken/output/db/build/data/db_v2
Tmp: /scratch/fl3/llenzo/kraken_tmp

[      1/202] ERR3170246  56.6% classified  | 0.0/s  ETA 7.3h
[      2/202] ERR3170236  58.4% classified  | 0.0/s  ETA 4.7h
[      3/202] ERR3188437  57.7% classified  | 0.0/s  ETA 3.1h
[      4/202] ERR3188433  49.4% classified  | 0.0/s  ETA 2.5h
[      5/202] ERR3170210  39.6% classified  | 0.0/s  ETA 2.0h
[      6/202] ERR3170224  58.3% classified  | 0.0/s  ETA 1.7h
[      7/202] ERR3188455  55.7% classified  | 0.0/s  ETA 1.5h
[      8/202] ERR3170194  69.2% classified  | 0.0/s  ETA 1.3h
[      9/202] ERR3170191  58.2% classified  | 0.0/s  ETA 1.5h
[     10/202] ERR1607801  44.3% classified  | 0.0/s  ETA 1.3h
[     11/202] ERR1607859  37.7% classified  | 0.0/s  ETA 1.2h
[     12/202] ERR1607762  22.0% classified  | 0.0/s  ETA 1.1h
[     13/202] ERR1607749  38.0% classified  | 0.0/s  ETA 1.1h
[     14/202] ERR1607784  60.1% classified  | 0.0/s  ETA 1.1h
[     15/202] ERR3170208  27.2% classified  | 0.1/s  ETA 1.0h
[     16/202] ERR1607772  23.0% classified  | 0.1/s  ETA 1.0h
[     17/202] ERR1607829  44.0% classified  | 0.1/s  ETA 1.0h
[     18/202] ERR15005519  5.1% classified  | 0.0/s  ETA 1.0h
[     19/202] ERR12013049  64.6% classified  | 0.1/s  ETA 1.0h
[     20/202] ERR15005517  17.6% classified  | 0.1/s  ETA 0.9h
[     21/202] ERR15005522  10.8% classified  | 0.1/s  ETA 0.9h
[     22/202] ERR15005518  7.6% classified  | 0.1/s  ETA 0.9h
[     23/202] ERR12013052  48.6% classified  | 0.1/s  ETA 0.8h
[     24/202] ERR15005487  30.4% classified  | 0.1/s  ETA 0.8h
[     25/202] ERR12013075  27.1% classified  | 0.1/s  ETA 0.9h
[     26/202] ERR15005455  19.1% classified  | 0.1/s  ETA 0.8h
[     27/202] ERR6847876  8.8% classified  | 0.1/s  ETA 0.8h
[     28/202] ERR4315491  50.3% classified  | 0.1/s  ETA 0.8h
[     29/202] ERR4315182  26.5% classified  | 0.1/s  ETA 0.8h
[     30/202] ERR4315291  41.8% classified  | 0.1/s  ETA 0.8h
[     31/202] ERR4315587  50.4% classified  | 0.1/s  ETA 0.8h
[     32/202] ERR6847895  66.9% classified  | 0.1/s  ETA 0.8h
[     33/202] ERR4315444  45.1% classified  | 0.1/s  ETA 0.8h
[     34/202] SRR29076502  6.5% classified  | 0.1/s  ETA 0.8h
[     35/202] ERR4315537  55.5% classified  | 0.1/s  ETA 0.8h
[     36/202] ERR4315482  52.5% classified  | 0.1/s  ETA 0.8h
[     37/202] ERR4315419  39.4% classified  | 0.1/s  ETA 0.8h
[     38/202] ERR4315430  55.9% classified  | 0.1/s  ETA 0.7h
[     39/202] ERR4315609  24.8% classified  | 0.1/s  ETA 0.7h
[     40/202] ERR4315668  55.3% classified  | 0.1/s  ETA 0.7h
[     41/202] ERR4315555  15.0% classified  | 0.1/s  ETA 0.7h
[     42/202] ERR4315529  74.3% classified  | 0.1/s  ETA 0.7h
[     43/202] ERR4315173  45.6% classified  | 0.1/s  ETA 0.7h
[     44/202] ERR4315187  33.7% classified  | 0.1/s  ETA 0.7h
[     45/202] ERR4315272  59.6% classified  | 0.1/s  ETA 0.7h
[     46/202] ERR4315318  12.3% classified  | 0.1/s  ETA 0.7h
[     47/202] ERR4315276  58.8% classified  | 0.1/s  ETA 0.7h
[     48/202] ERR4315468  12.3% classified  | 0.1/s  ETA 0.6h
[     49/202] ERR4315603  49.6% classified  | 0.1/s  ETA 0.6h
[     50/202] ERR4315154  56.6% classified  | 0.1/s  ETA 0.6h
[     51/202] ERR4315481  45.1% classified  | 0.1/s  ETA 0.6h
[     52/202] ERR4315574  20.3% classified  | 0.1/s  ETA 0.6h
[     53/202] ERR4315462  51.2% classified  | 0.1/s  ETA 0.6h
[     54/202] ERR4761825  66.1% classified  | 0.1/s  ETA 0.6h
[     55/202] ERR4315643  23.0% classified  | 0.1/s  ETA 0.6h
[     56/202] ERR4761826  55.3% classified  | 0.1/s  ETA 0.6h
[     57/202] ERR4315292  44.2% classified  | 0.1/s  ETA 0.6h
[     58/202] ERR4315278  57.3% classified  | 0.1/s  ETA 0.6h
[     59/202] ERR4315370  48.9% classified  | 0.1/s  ETA 0.6h
[     60/202] ERR4315450  42.3% classified  | 0.1/s  ETA 0.6h
[     61/202] ERR4315612  57.6% classified  | 0.1/s  ETA 0.6h
[     62/202] ERR4315317  6.8% classified  | 0.1/s  ETA 0.6h
[     63/202] ERR4315536  50.4% classified  | 0.1/s  ETA 0.6h
[     64/202] SRR24010215  74.2% classified  | 0.1/s  ETA 0.6h
[     65/202] SRR24010232  65.7% classified  | 0.1/s  ETA 0.5h
[     66/202] ERR3383632  53.8% classified  | 0.1/s  ETA 0.5h
[     67/202] ERR3856822  44.6% classified  | 0.1/s  ETA 0.5h
[     68/202] ERR3856849  54.1% classified  | 0.1/s  ETA 0.5h
[     69/202] ERR3856840  38.4% classified  | 0.1/s  ETA 0.5h
[     70/202] SRR24010239  41.8% classified  | 0.1/s  ETA 0.5h
[     71/202] SRR14386303  60.5% classified  | 0.1/s  ETA 0.5h
[     72/202] ERR3500552  3.2% classified  | 0.1/s  ETA 0.6h
[     73/202] SRR2185191  88.9% classified  | 0.1/s  ETA 0.6h
[     74/202] SRR22139843  3.4% classified  | 0.1/s  ETA 0.5h
[     75/202] SRR1576786  54.8% classified  | 0.1/s  ETA 0.6h
[     76/202] ERR3500530  2.5% classified  | 0.1/s  ETA 0.6h
[     77/202] SRR391825  14.1% classified  | 0.1/s  ETA 0.5h
[     78/202] SRR32620580  20.0% classified  | 0.1/s  ETA 0.6h
[     79/202] ERR3500508  1.7% classified  | 0.1/s  ETA 0.5h
[     80/202] ERR789116  20.2% classified  | 0.1/s  ETA 0.5h
[     81/202] SRR26175771  4.6% classified  | 0.1/s  ETA 0.5h
[     82/202] SRR1576647  12.9% classified  | 0.1/s  ETA 0.5h
[     83/202] SRR1575607  48.8% classified  | 0.1/s  ETA 0.5h
[     84/202] SRR6242030  24.9% classified  | 0.1/s  ETA 0.5h
[     85/202] ERR2099152  72.0% classified  | 0.1/s  ETA 0.5h
[     86/202] SRR8718812  10.1% classified  | 0.1/s  ETA 0.5h
[     87/202] SRR8718846  7.7% classified  | 0.1/s  ETA 0.5h
[     88/202] SRR8718798  9.9% classified  | 0.1/s  ETA 0.5h
[     89/202] SRR8718832  8.6% classified  | 0.1/s  ETA 0.5h
[     90/202] SRR12149184  43.6% classified  | 0.1/s  ETA 0.5h
[     91/202] ERR13107145  21.9% classified  | 0.1/s  ETA 0.5h
[     92/202] ERR13108602  1.1% classified  | 0.1/s  ETA 0.5h
[     93/202] SRR34026571  52.9% classified  | 0.1/s  ETA 0.5h
[     94/202] ERR13107472  1.0% classified  | 0.1/s  ETA 0.5h
[     95/202] SRR6242052  1.1% classified  | 0.1/s  ETA 0.5h
[     96/202] SRR34026573  2.1% classified  | 0.1/s  ETA 0.5h
[     97/202] ERR5928194  0.7% classified  | 0.1/s  ETA 0.5h
[     98/202] SRR3750705  2.3% classified  | 0.1/s  ETA 0.5h
[     99/202] SRR3750694  1.5% classified  | 0.1/s  ETA 0.5h
[    100/202] ERR5928166  10.5% classified  | 0.1/s  ETA 0.4h
[    101/202] ERR5928199  1.2% classified  | 0.1/s  ETA 0.4h
[    102/202] SRR2873842  5.4% classified  | 0.1/s  ETA 0.4h
[    103/202] SRR1171047  2.0% classified  | 0.1/s  ETA 0.5h
[    104/202] SRR20067740  1.0% classified  | 0.1/s  ETA 0.4h
[    105/202] SRR21195562  5.9% classified  | 0.1/s  ETA 0.4h
[    106/202] ERR5928205  0.9% classified  | 0.1/s  ETA 0.4h
[    107/202] ERR5696215  2.5% classified  | 0.1/s  ETA 0.4h
[    108/202] SRR21195556  11.7% classified  | 0.1/s  ETA 0.4h
[    109/202] SRR14871463  1.6% classified  | 0.1/s  ETA 0.4h
[    110/202] ERR5696297  2.9% classified  | 0.1/s  ETA 0.4h
[    111/202] ERR5696275  3.3% classified  | 0.1/s  ETA 0.4h
[    112/202] SRR31200166  2.9% classified  | 0.1/s  ETA 0.4h
[    113/202] ERR5696267  2.6% classified  | 0.1/s  ETA 0.4h
[    114/202] ERR5696237  6.0% classified  | 0.1/s  ETA 0.4h
[    115/202] ERR5696263  2.3% classified  | 0.1/s  ETA 0.4h
[    116/202] ERR5696231  5.0% classified  | 0.1/s  ETA 0.4h
[    117/202] SRR11216268  0.2% classified  | 0.1/s  ETA 0.4h
[    118/202] SRR2922403  1.4% classified  | 0.1/s  ETA 0.4h
[    119/202] SRR11216297  0.3% classified  | 0.1/s  ETA 0.4h
[    120/202] SRR6221906  0.9% classified  | 0.1/s  ETA 0.4h
[    121/202] SRR20324133  4.7% classified  | 0.1/s  ETA 0.4h
[    122/202] SRR20324130  11.3% classified  | 0.1/s  ETA 0.4h
[    123/202] SRR2922438  8.3% classified  | 0.1/s  ETA 0.4h
[    124/202] ERR6548348  2.6% classified  | 0.1/s  ETA 0.4h
[    125/202] SRR28544664  11.4% classified  | 0.1/s  ETA 0.3h
[    126/202] SRR33583433  0.2% classified  | 0.1/s  ETA 0.3h
[    127/202] SRR28475114  24.1% classified  | 0.1/s  ETA 0.3h
[    128/202] SRR7873466  1.9% classified  | 0.1/s  ETA 0.3h
[    129/202] SRR16930840  1.9% classified  | 0.1/s  ETA 0.3h
[    130/202] SRR27326517  47.6% classified  | 0.1/s  ETA 0.3h
[    131/202] SRR15141319  27.8% classified  | 0.1/s  ETA 0.3h
[    132/202] SRR2517426  6.1% classified  | 0.1/s  ETA 0.3h
[    133/202] SRR15141223  28.9% classified  | 0.1/s  ETA 0.3h
[    134/202] SRR15141258  16.4% classified  | 0.1/s  ETA 0.3h
[    135/202] SRR7500376  0.8% classified  | 0.1/s  ETA 0.3h
[    136/202] SRR8204154  59.6% classified  | 0.1/s  ETA 0.3h
[    137/202] SRR31850434  0.6% classified  | 0.1/s  ETA 0.3h
[    138/202] SRR24737261  14.6% classified  | 0.1/s  ETA 0.3h
[    139/202] SRR33696081  49.7% classified  | 0.1/s  ETA 0.3h
[    140/202] SRR10291757  47.0% classified  | 0.1/s  ETA 0.3h
[    141/202] ERR10887001  35.2% classified  | 0.1/s  ETA 0.3h
[    142/202] SRR36950014  2.4% classified  | 0.1/s  ETA 0.3h
[    143/202] SRR8418335  11.5% classified  | 0.1/s  ETA 0.3h
[    144/202] SRR8418221  3.5% classified  | 0.1/s  ETA 0.3h
[    145/202] ERR10886920  7.6% classified  | 0.1/s  ETA 0.3h
[    146/202] SRR8418252  8.6% classified  | 0.1/s  ETA 0.3h
[    147/202] SRR8418338  17.4% classified  | 0.1/s  ETA 0.3h
[    148/202] SRR31514627  0.6% classified  | 0.1/s  ETA 0.3h
[    149/202] ERR10886954  12.3% classified  | 0.1/s  ETA 0.3h
[    150/202] SRR14212082  4.0% classified  | 0.1/s  ETA 0.3h
[    151/202] ERR10886987  7.1% classified  | 0.1/s  ETA 0.2h
[    152/202] ERR7421525  53.8% classified  | 0.1/s  ETA 0.2h
[    153/202] ERR10886977  4.2% classified  | 0.1/s  ETA 0.2h
[    154/202] ERR7421542  33.7% classified  | 0.1/s  ETA 0.2h
[    155/202] SRR22142978  9.2% classified  | 0.1/s  ETA 0.2h
[    156/202] SRR32959938  10.9% classified  | 0.1/s  ETA 0.2h
[    157/202] SRR31278114  3.2% classified  | 0.1/s  ETA 0.2h
[    158/202] SRR36910216  3.6% classified  | 0.1/s  ETA 0.2h
[    159/202] SRR36910263  2.6% classified  | 0.1/s  ETA 0.2h
[    160/202] SRR34300131  4.3% classified  | 0.1/s  ETA 0.2h
[    161/202] SRR36910238  6.1% classified  | 0.1/s  ETA 0.2h
[    162/202] ERR10926641  15.1% classified  | 0.1/s  ETA 0.2h
[    163/202] SRR36367290  7.0% classified  | 0.1/s  ETA 0.2h
[    164/202] SRR34300144  4.7% classified  | 0.1/s  ETA 0.2h
[    165/202] ERR10926700  4.3% classified  | 0.1/s  ETA 0.2h
[    166/202] SRR36910226  3.9% classified  | 0.1/s  ETA 0.2h
[    167/202] SRR36292497  12.7% classified  | 0.1/s  ETA 0.2h
[    168/202] SRR36367294  28.0% classified  | 0.1/s  ETA 0.2h
[    169/202] SRR34300155  4.2% classified  | 0.1/s  ETA 0.2h
[    170/202] SRR36910269  3.9% classified  | 0.1/s  ETA 0.2h
[    171/202] SRR36367306  15.8% classified  | 0.1/s  ETA 0.2h
[    172/202] SRR11229311  23.4% classified  | 0.1/s  ETA 0.2h
[    173/202] SRR3537157  22.2% classified  | 0.1/s  ETA 0.2h
[    174/202] SRR1975200  51.4% classified  | 0.1/s  ETA 0.1h
[    175/202] SRR36292469  6.9% classified  | 0.1/s  ETA 0.1h
[    176/202] SRR25968992  9.0% classified  | 0.1/s  ETA 0.1h
[    177/202] SRR10053822  2.0% classified  | 0.1/s  ETA 0.1h
[    178/202] SRR12133602  23.4% classified  | 0.1/s  ETA 0.1h
[    179/202] SRR22975697  9.7% classified  | 0.1/s  ETA 0.1h
[    180/202] SRR1793847  16.4% classified  | 0.1/s  ETA 0.1h
[    181/202] SRR6039737  3.2% classified  | 0.1/s  ETA 0.1h
[    182/202] SRR18064507  5.5% classified  | 0.1/s  ETA 0.1h
[    183/202] SRR21796863  17.9% classified  | 0.1/s  ETA 0.1h
[    184/202] SRR32660893  2.0% classified  | 0.1/s  ETA 0.1h
[    185/202] ERR990507  1.7% classified  | 0.1/s  ETA 0.1h
[    186/202] SRR5225798  7.4% classified  | 0.1/s  ETA 0.1h
[    187/202] SRR8984115  50.7% classified  | 0.1/s  ETA 0.1h
[    188/202] SRR8984111  39.3% classified  | 0.1/s  ETA 0.1h
[    189/202] SRR10189427  57.2% classified  | 0.1/s  ETA 0.1h
[    190/202] SRR23704263  16.0% classified  | 0.1/s  ETA 0.1h
[    191/202] SRR15222189  2.4% classified  | 0.1/s  ETA 0.1h
[    192/202] SRR5909661  9.3% classified  | 0.1/s  ETA 0.1h
[    193/202] SRR17207993  8.0% classified  | 0.1/s  ETA 0.0h
[    194/202] SRR22540861  14.7% classified  | 0.1/s  ETA 0.0h
[    195/202] SRR10717615  14.3% classified  | 0.1/s  ETA 0.0h
[    196/202] SRR31851396  69.5% classified  | 0.1/s  ETA 0.0h
[    197/202] SRR8492260  2.9% classified  | 0.1/s  ETA 0.0h
[    198/202] SRR3724106  73.9% classified  | 0.1/s  ETA 0.0h
[    199/202] ERR14823250  75.5% classified  | 0.1/s  ETA 0.0h
[    200/202] SRR1776573  19.1% classified  | 0.1/s  ETA 0.0h
[    201/202] SRR14812913  33.2% classified  | 0.1/s  ETA 0.0h
[    202/202] ERR4352135  8.4% classified  | 0.0/s  ETA 0.0h

── Summary ────────────────────────────────────────
  Classified: 202
  Errors:     0
  Elapsed:    1.1h
  Cache:      kraken/output/run/assign/data/kraken_cache.jsonl
