host=nid001680 job=49976535 task=13 cpus=112
Kraken version 2.1.2
Reads read from: kraken/select/data/reads
Raw kraken2 reports will be saved to: kraken/assign/data/reports
Loaded 3,225 runs from kraken/select/data/run_list.tsv (filters: none)
Array task 13/16: 200 runs assigned

Total runs: 3,225 | Already done: 18 | Remaining: 200
Settings: confidence=0.15, min_hit_groups=3, workers=4, kraken_threads=8
DB: kraken/build/data/db_v3
Tmp: /scratch/fl3/llenzo/kraken_tmp

[      1/200] ERR3170255  72.7% classified  | 0.0/s  ETA 6.0h
[      2/200] ERR3188441  78.7% classified  | 0.0/s  ETA 3.4h
[      3/200] ERR3170204  80.0% classified  | 0.0/s  ETA 2.4h
[      4/200] ERR3188451  77.4% classified  | 0.0/s  ETA 1.8h
[      5/200] ERR3170235  85.4% classified  | 0.0/s  ETA 2.4h
[      6/200] ERR3170223  78.9% classified  | 0.0/s  ETA 2.1h
[      7/200] ERR3188447  ERR([Errno 2] No such file or directory: '/scratch/fl3/llenzo/kraken_tmp/ERR3188447')  | 0.0/s  ETA 1.8h
[      8/200] ERR3170245  81.1% classified  | 0.0/s  ETA 1.6h
[      9/200] ERR1607768  73.1% classified  | 0.0/s  ETA 1.8h
[     10/200] ERR1607812  69.3% classified  | 0.0/s  ETA 1.8h
[     11/200] ERR1607771  80.8% classified  | 0.0/s  ETA 1.6h
[     12/200] ERR1607774  81.7% classified  | 0.0/s  ETA 1.5h
[     13/200] ERR1607826  80.0% classified  | 0.0/s  ETA 1.5h
[     14/200] ERR1607796  75.3% classified  | 0.0/s  ETA 1.5h
[     15/200] ERR1607811  79.4% classified  | 0.0/s  ETA 1.5h
[     16/200] ERR15005445  82.4% classified  | 0.0/s  ETA 1.4h
[     17/200] ERR15005496  48.1% classified  | 0.0/s  ETA 1.5h
[     18/200] ERR15005482  47.9% classified  | 0.0/s  ETA 1.5h
[     19/200] ERR15005512  41.5% classified  | 0.0/s  ETA 1.5h
[     20/200] ERR12013032  82.1% classified  | 0.0/s  ETA 1.5h
[     21/200] ERR15005448  70.2% classified  | 0.0/s  ETA 1.5h
[     22/200] ERR15005493  66.5% classified  | 0.0/s  ETA 1.4h
[     23/200] ERR15005449  76.7% classified  | 0.0/s  ETA 1.5h
[     24/200] ERR12013029  83.5% classified  | 0.0/s  ETA 1.4h
[     25/200] ERR6847886  81.0% classified  | 0.0/s  ETA 1.5h
[     26/200] ERR6847878  84.1% classified  | 0.0/s  ETA 1.5h
[     27/200] SRR7797542  68.0% classified  | 0.0/s  ETA 1.5h
[     28/200] ERR4315664  75.2% classified  | 0.0/s  ETA 1.5h
[     29/200] SRR29077175  80.4% classified  | 0.0/s  ETA 1.5h
[     30/200] ERR4315333  80.1% classified  | 0.0/s  ETA 1.4h
[     31/200] ERR4315672  86.4% classified  | 0.0/s  ETA 1.5h
[     32/200] ERR4761818  76.2% classified  | 0.0/s  ETA 1.4h
[     33/200] ERR4315266  77.3% classified  | 0.0/s  ETA 1.4h
[     34/200] ERR4315557  82.5% classified  | 0.0/s  ETA 1.3h
[     35/200] ERR4315245  75.4% classified  | 0.0/s  ETA 1.4h
[     36/200] ERR4315531  83.2% classified  | 0.0/s  ETA 1.4h
[     37/200] ERR4315378  80.2% classified  | 0.0/s  ETA 1.3h
[     38/200] ERR4315489  84.7% classified  | 0.0/s  ETA 1.3h
[     39/200] ERR4315641  81.5% classified  | 0.0/s  ETA 1.3h
[     40/200] ERR4315146  84.2% classified  | 0.0/s  ETA 1.3h
[     41/200] ERR4315335  74.2% classified  | 0.0/s  ETA 1.3h
[     42/200] ERR4315336  85.0% classified  | 0.0/s  ETA 1.2h
[     43/200] ERR4315386  79.5% classified  | 0.0/s  ETA 1.3h
[     44/200] ERR4315504  90.3% classified  | 0.0/s  ETA 1.3h
[     45/200] ERR4315197  82.6% classified  | 0.0/s  ETA 1.2h
[     46/200] ERR4315206  80.7% classified  | 0.0/s  ETA 1.2h
[     47/200] ERR4315506  89.8% classified  | 0.0/s  ETA 1.2h
[     48/200] ERR4315345  70.3% classified  | 0.0/s  ETA 1.2h
[     49/200] ERR4315624  82.3% classified  | 0.0/s  ETA 1.2h
[     50/200] ERR4315459  81.2% classified  | 0.0/s  ETA 1.2h
[     51/200] ERR4761824  80.2% classified  | 0.0/s  ETA 1.2h
[     52/200] ERR4315285  78.8% classified  | 0.0/s  ETA 1.2h
[     53/200] ERR4315534  74.3% classified  | 0.0/s  ETA 1.2h
[     54/200] ERR4315359  78.7% classified  | 0.0/s  ETA 1.1h
[     55/200] ERR4315310  72.9% classified  | 0.0/s  ETA 1.2h
[     56/200] ERR4315346  76.6% classified  | 0.0/s  ETA 1.1h
[     57/200] ERR4315391  77.2% classified  | 0.0/s  ETA 1.1h
[     58/200] ERR4315324  78.2% classified  | 0.0/s  ETA 1.1h
[     59/200] ERR4315473  81.9% classified  | 0.0/s  ETA 1.1h
[     60/200] ERR4315678  76.8% classified  | 0.0/s  ETA 1.1h
[     61/200] ERR4315298  88.6% classified  | 0.0/s  ETA 1.1h
[     62/200] ERR3383634  83.1% classified  | 0.0/s  ETA 1.1h
[     63/200] SRR24010245  85.7% classified  | 0.0/s  ETA 1.1h
[     64/200] SRR24010230  83.8% classified  | 0.0/s  ETA 1.1h
[     65/200] ERR3856820  43.0% classified  | 0.0/s  ETA 1.1h
[     66/200] ERR3856853  58.8% classified  | 0.0/s  ETA 1.1h
[     67/200] SRR7753253  85.4% classified  | 0.0/s  ETA 1.1h
[     68/200] SRR23706860  85.0% classified  | 0.0/s  ETA 1.1h
[     69/200] SRR28704970  77.0% classified  | 0.0/s  ETA 1.1h
[     70/200] ERR3500540  84.2% classified  | 0.0/s  ETA 1.2h
[     71/200] ERR3500555  83.1% classified  | 0.0/s  ETA 1.2h
[     72/200] ERR3500504  81.6% classified  | 0.0/s  ETA 1.2h
[     73/200] ERR3500538  83.6% classified  | 0.0/s  ETA 1.2h
[     74/200] SRR1555102  83.0% classified  | 0.0/s  ETA 1.2h
[     75/200] SRR10420664  22.0% classified  | 0.0/s  ETA 1.2h
[     76/200] SRR1557190  79.8% classified  | 0.0/s  ETA 1.2h
[     77/200] SRR2185182  95.5% classified  | 0.0/s  ETA 1.2h
[     78/200] SRR391835  71.3% classified  | 0.0/s  ETA 1.1h
[     79/200] SRR1555123  82.5% classified  | 0.0/s  ETA 1.1h
[     80/200] SRR32620575  84.1% classified  | 0.0/s  ETA 1.1h
[     81/200] SRR6242040  69.6% classified  | 0.0/s  ETA 1.1h
[     82/200] SRR32620571  78.9% classified  | 0.0/s  ETA 1.1h
[     83/200] ERR789376  67.7% classified  | 0.0/s  ETA 1.1h
[     84/200] SRR6242058  67.4% classified  | 0.0/s  ETA 1.1h
[     85/200] SRR8718823  91.9% classified  | 0.0/s  ETA 1.1h
[     86/200] SRR8718833  92.4% classified  | 0.0/s  ETA 1.1h
[     87/200] SRR8718800  92.9% classified  | 0.0/s  ETA 1.0h
[     88/200] SRR8718838  92.7% classified  | 0.0/s  ETA 1.0h
[     89/200] ERR13159045  83.8% classified  | 0.0/s  ETA 1.0h
[     90/200] ERR13105519  79.9% classified  | 0.0/s  ETA 1.0h
[     91/200] ERR13149105  84.3% classified  | 0.0/s  ETA 1.0h
[     92/200] SRR3750724  84.2% classified  | 0.0/s  ETA 1.0h
[     93/200] SRR34026586  76.8% classified  | 0.0/s  ETA 1.0h
[     94/200] SRR9684529  59.4% classified  | 0.0/s  ETA 1.0h
[     95/200] SRR3750716  86.9% classified  | 0.0/s  ETA 1.0h
[     96/200] SRR3750735  88.6% classified  | 0.0/s  ETA 1.0h
[     97/200] SRR20695271  84.0% classified  | 0.0/s  ETA 0.9h
[     98/200] ERR5928163  81.1% classified  | 0.0/s  ETA 0.9h
[     99/200] ERR5928161  83.4% classified  | 0.0/s  ETA 0.9h
[    100/200] SRR2874388  80.9% classified  | 0.0/s  ETA 0.9h
[    101/200] SRR21195567  83.4% classified  | 0.0/s  ETA 0.9h
[    102/200] ERR5928198  79.5% classified  | 0.0/s  ETA 0.9h
[    103/200] ERR5928208  75.1% classified  | 0.0/s  ETA 0.9h
[    104/200] ERR5928210  78.8% classified  | 0.0/s  ETA 0.9h
[    105/200] SRR14871482  85.2% classified  | 0.0/s  ETA 0.9h
[    106/200] SRR14871477  84.7% classified  | 0.0/s  ETA 0.9h
[    107/200] ERR6548377  90.4% classified  | 0.0/s  ETA 0.9h
[    108/200] SRR31200154  91.9% classified  | 0.0/s  ETA 0.9h
[    109/200] ERR5696206  91.7% classified  | 0.0/s  ETA 0.9h
[    110/200] ERR5696305  93.1% classified  | 0.0/s  ETA 0.9h
[    111/200] ERR5696287  91.4% classified  | 0.0/s  ETA 0.9h
[    112/200] ERR5696279  92.5% classified  | 0.0/s  ETA 0.8h
[    113/200] ERR5696295  94.4% classified  | 0.0/s  ETA 0.8h
[    114/200] ERR6548383  92.1% classified  | 0.0/s  ETA 0.8h
[    115/200] ERR5696212  90.8% classified  | 0.0/s  ETA 0.8h
[    116/200] ERR5696230  91.9% classified  | 0.0/s  ETA 0.8h
[    117/200] SRR12888332  65.0% classified  | 0.0/s  ETA 0.8h
[    118/200] SRR20324148  86.9% classified  | 0.0/s  ETA 0.8h
[    119/200] SRR11216277  7.0% classified  | 0.0/s  ETA 0.8h
[    120/200] ERR4421881  54.8% classified  | 0.0/s  ETA 0.8h
[    121/200] SRR11216314  7.2% classified  | 0.0/s  ETA 0.8h
[    122/200] SRR8733382  65.8% classified  | 0.0/s  ETA 0.7h
[    123/200] SRR6041850  84.1% classified  | 0.0/s  ETA 0.8h
[    124/200] SRR31850431  82.6% classified  | 0.0/s  ETA 0.8h
[    125/200] SRR38293576  87.4% classified  | 0.0/s  ETA 0.8h
[    126/200] SRR2518226  42.2% classified  | 0.0/s  ETA 0.8h
[    127/200] SRR33696089  83.4% classified  | 0.0/s  ETA 0.7h
[    128/200] SRR28544654  74.3% classified  | 0.0/s  ETA 0.7h
[    129/200] SRR18070412  39.7% classified  | 0.0/s  ETA 0.7h
[    130/200] SRR11973035  16.5% classified  | 0.0/s  ETA 0.7h
[    131/200] SRR17609705  95.4% classified  | 0.0/s  ETA 0.7h
[    132/200] SRR36616580  20.5% classified  | 0.0/s  ETA 0.7h
[    133/200] SRR27326408  52.6% classified  | 0.0/s  ETA 0.7h
[    134/200] SRR15141365  58.7% classified  | 0.0/s  ETA 0.7h
[    135/200] SRR15141333  55.8% classified  | 0.0/s  ETA 0.7h
[    136/200] ERR583963  70.5% classified  | 0.0/s  ETA 0.7h
[    137/200] SRR8204153  36.8% classified  | 0.0/s  ETA 0.7h
[    138/200] SRR15141417  55.6% classified  | 0.0/s  ETA 0.7h
[    139/200] SRR10291760  77.2% classified  | 0.0/s  ETA 0.7h
[    140/200] ERR10886951  87.6% classified  | 0.0/s  ETA 0.7h
[    141/200] ERR10887003  87.1% classified  | 0.0/s  ETA 0.7h
[    142/200] ERR10886994  83.5% classified  | 0.0/s  ETA 0.7h
[    143/200] ERR10886964  86.5% classified  | 0.0/s  ETA 0.6h
[    144/200] ERR1360187  77.4% classified  | 0.0/s  ETA 0.6h
[    145/200] ERR10886907  86.0% classified  | 0.0/s  ETA 0.6h
[    146/200] SRR8418307  64.0% classified  | 0.0/s  ETA 0.6h
[    147/200] SRR8418301  60.9% classified  | 0.0/s  ETA 0.6h
[    148/200] SRR8418267  49.6% classified  | 0.0/s  ETA 0.6h
[    149/200] SRR8418310  59.5% classified  | 0.0/s  ETA 0.6h
[    150/200] SRR31278113  71.1% classified  | 0.0/s  ETA 0.6h
[    151/200] SRR3498315  73.4% classified  | 0.0/s  ETA 0.5h
[    152/200] SRR33846330  88.8% classified  | 0.0/s  ETA 0.5h
[    153/200] SRR6218770  85.8% classified  | 0.0/s  ETA 0.5h
[    154/200] ERR7421550  72.6% classified  | 0.0/s  ETA 0.5h
[    155/200] SRR32959954  82.3% classified  | 0.0/s  ETA 0.5h
[    156/200] SRR32959940  81.8% classified  | 0.0/s  ETA 0.5h
[    157/200] ERR10926705  88.0% classified  | 0.0/s  ETA 0.5h
[    158/200] SRR31514622  94.1% classified  | 0.0/s  ETA 0.5h
[    159/200] SRR36910212  25.3% classified  | 0.0/s  ETA 0.5h
[    160/200] SRR34300150  26.6% classified  | 0.0/s  ETA 0.5h
[    161/200] SRR34300112  23.2% classified  | 0.0/s  ETA 0.5h
[    162/200] SRR36292459  54.7% classified  | 0.0/s  ETA 0.4h
[    163/200] SRR34300114  28.1% classified  | 0.0/s  ETA 0.4h
[    164/200] SRR34300167  25.9% classified  | 0.0/s  ETA 0.4h
[    165/200] SRR36910264  28.8% classified  | 0.0/s  ETA 0.4h
[    166/200] SRR36367313  65.2% classified  | 0.0/s  ETA 0.4h
[    167/200] SRR36910248  27.6% classified  | 0.0/s  ETA 0.4h
[    168/200] SRR36910246  27.5% classified  | 0.0/s  ETA 0.4h
[    169/200] SRR36367292  58.4% classified  | 0.0/s  ETA 0.4h
[    170/200] SRR34300127  27.0% classified  | 0.0/s  ETA 0.4h
[    171/200] SRR36910209  27.8% classified  | 0.0/s  ETA 0.4h
[    172/200] SRR26214563  90.9% classified  | 0.0/s  ETA 0.3h
[    173/200] SRR25969067  87.2% classified  | 0.0/s  ETA 0.3h
[    174/200] SRR25969032  88.7% classified  | 0.0/s  ETA 0.3h
[    175/200] SRR30126657  83.8% classified  | 0.0/s  ETA 0.3h
[    176/200] SRR8984122  79.1% classified  | 0.0/s  ETA 0.3h
[    177/200] SRR11497318  72.3% classified  | 0.0/s  ETA 0.3h
[    178/200] SRR1975198  59.4% classified  | 0.0/s  ETA 0.3h
[    179/200] SRR26511471  86.1% classified  | 0.0/s  ETA 0.3h
[    180/200] SRR31830260  90.7% classified  | 0.0/s  ETA 0.2h
[    181/200] SRR3571660  71.8% classified  | 0.0/s  ETA 0.2h
[    182/200] SRR28718302  84.0% classified  | 0.0/s  ETA 0.2h
[    183/200] SRR1793857  89.1% classified  | 0.0/s  ETA 0.2h
[    184/200] SRR37491901  23.8% classified  | 0.0/s  ETA 0.2h
[    185/200] SRR6039728  79.5% classified  | 0.0/s  ETA 0.2h
[    186/200] ERR3850361  83.1% classified  | 0.0/s  ETA 0.2h
[    187/200] SRR7526716  75.0% classified  | 0.0/s  ETA 0.2h
[    188/200] SRR12998705  85.6% classified  | 0.0/s  ETA 0.1h
[    189/200] SRR14224152  89.3% classified  | 0.0/s  ETA 0.1h
[    190/200] SRR36993195  90.5% classified  | 0.0/s  ETA 0.1h
[    191/200] SRR4044954  77.3% classified  | 0.0/s  ETA 0.1h
[    192/200] SRR24956689  72.5% classified  | 0.0/s  ETA 0.1h
[    193/200] SRR17681697  76.2% classified  | 0.0/s  ETA 0.1h
[    194/200] SRR3724145  81.2% classified  | 0.0/s  ETA 0.1h
[    195/200] SRR8416454  74.3% classified  | 0.0/s  ETA 0.1h
[    196/200] SRR3724169  75.3% classified  | 0.0/s  ETA 0.0h
[    197/200] SRR6292047  81.1% classified  | 0.0/s  ETA 0.0h
[    198/200] ERR986092  68.4% classified  | 0.0/s  ETA 0.0h
[    199/200] SRR27846618  90.5% classified  | 0.0/s  ETA 0.0h
[    200/200] SRR14934750  7.1% classified  | 0.0/s  ETA 0.0h

── Summary ────────────────────────────────────────
  Classified: 199
  Errors:     1
  Elapsed:    2.7h
  Cache:      kraken/assign/data/kraken_cache.jsonl
