host=nid002321 job=49402278 task=3 cpus=112
Kraken version 2.1.2
Reads read from: kraken/output/run/select/data/reads
Raw kraken2 reports will be saved to: kraken/output/run/assign/data/reports
Loaded 3,225 runs from kraken/output/run/select/data/run_list.tsv (filters: none)
Array task 3/16: 202 runs assigned

Total runs: 3,225 | Already done: 0 | Remaining: 202
Settings: confidence=0.15, min_hit_groups=3, workers=8, kraken_threads=4
DB: kraken/output/db/build/data/db_v2
Tmp: /scratch/fl3/llenzo/kraken_tmp

[      1/202] ERR3170257  57.5% classified  | 0.0/s  ETA 6.9h
[      2/202] ERR3170255  60.8% classified  | 0.0/s  ETA 3.9h
[      3/202] ERR3170188  47.1% classified  | 0.0/s  ETA 3.3h
[      4/202] ERR3170201  62.8% classified  | 0.0/s  ETA 2.5h
[      5/202] ERR3188445  52.1% classified  | 0.0/s  ETA 2.0h
[      6/202] ERR3188443  43.9% classified  | 0.0/s  ETA 1.8h
[      7/202] ERR3170198  63.6% classified  | 0.0/s  ETA 1.5h
[      8/202] ERR3170222  68.0% classified  | 0.0/s  ETA 1.4h
[      9/202] ERR3170189  58.0% classified  | 0.0/s  ETA 1.4h
[     10/202] ERR3188448  24.8% classified  | 0.0/s  ETA 1.3h
[     11/202] ERR1607746  25.6% classified  | 0.0/s  ETA 1.2h
[     12/202] ERR1607821  40.4% classified  | 0.0/s  ETA 1.2h
[     13/202] ERR1607763  21.0% classified  | 0.0/s  ETA 1.1h
[     14/202] ERR1607814  52.0% classified  | 0.1/s  ETA 1.0h
[     15/202] ERR1607807  36.0% classified  | 0.1/s  ETA 1.0h
[     16/202] ERR1607730  41.1% classified  | 0.1/s  ETA 1.0h
[     17/202] ERR1607753  45.1% classified  | 0.1/s  ETA 1.0h
[     18/202] ERR15005503  23.1% classified  | 0.0/s  ETA 1.1h
[     19/202] ERR15005472  5.7% classified  | 0.1/s  ETA 1.0h
[     20/202] ERR15005457  25.3% classified  | 0.1/s  ETA 1.0h
[     21/202] ERR15005462  24.4% classified  | 0.1/s  ETA 0.9h
[     22/202] ERR12013036  61.7% classified  | 0.1/s  ETA 0.9h
[     23/202] ERR15005454  15.4% classified  | 0.1/s  ETA 0.9h
[     24/202] ERR15005480  10.3% classified  | 0.1/s  ETA 0.9h
[     25/202] ERR12013064  57.1% classified  | 0.1/s  ETA 1.0h
[     26/202] ERR6847887  57.2% classified  | 0.0/s  ETA 1.0h
[     27/202] ERR4315244  50.0% classified  | 0.1/s  ETA 1.0h
[     28/202] ERR4315660  43.4% classified  | 0.1/s  ETA 0.9h
[     29/202] ERR6847873  28.7% classified  | 0.1/s  ETA 0.9h
[     30/202] ERR4315433  60.6% classified  | 0.1/s  ETA 0.9h
[     31/202] ERR4315363  65.9% classified  | 0.1/s  ETA 0.9h
[     32/202] SRR29077177  43.6% classified  | 0.1/s  ETA 0.9h
[     33/202] ERR4315619  57.5% classified  | 0.1/s  ETA 0.9h
[     34/202] ERR4315361  51.3% classified  | 0.1/s  ETA 0.9h
[     35/202] ERR12013067  57.2% classified  | 0.1/s  ETA 0.9h
[     36/202] ERR4315625  52.9% classified  | 0.1/s  ETA 0.8h
[     37/202] ERR4315502  20.9% classified  | 0.1/s  ETA 0.8h
[     38/202] ERR4315474  51.9% classified  | 0.1/s  ETA 0.8h
[     39/202] ERR4315592  41.0% classified  | 0.1/s  ETA 0.8h
[     40/202] ERR4315677  64.7% classified  | 0.1/s  ETA 0.8h
[     41/202] ERR4315622  32.3% classified  | 0.1/s  ETA 0.8h
[     42/202] ERR4315405  41.9% classified  | 0.1/s  ETA 0.8h
[     43/202] ERR4315248  29.4% classified  | 0.1/s  ETA 0.7h
[     44/202] ERR4315626  13.4% classified  | 0.1/s  ETA 0.8h
[     45/202] ERR4315508  37.2% classified  | 0.1/s  ETA 0.7h
[     46/202] ERR4315367  41.5% classified  | 0.1/s  ETA 0.8h
[     47/202] ERR4315269  31.9% classified  | 0.1/s  ETA 0.7h
[     48/202] ERR4315343  24.8% classified  | 0.1/s  ETA 0.7h
[     49/202] ERR4315533  35.3% classified  | 0.1/s  ETA 0.7h
[     50/202] ERR4315208  50.5% classified  | 0.1/s  ETA 0.7h
[     51/202] ERR4315516  46.3% classified  | 0.1/s  ETA 0.7h
[     52/202] ERR4315580  29.2% classified  | 0.1/s  ETA 0.7h
[     53/202] ERR4315670  52.9% classified  | 0.1/s  ETA 0.7h
[     54/202] ERR4315554  35.4% classified  | 0.1/s  ETA 0.7h
[     55/202] ERR4315286  43.6% classified  | 0.1/s  ETA 0.7h
[     56/202] ERR4315553  37.4% classified  | 0.1/s  ETA 0.7h
[     57/202] ERR4315442  63.4% classified  | 0.1/s  ETA 0.6h
[     58/202] ERR4315606  67.2% classified  | 0.1/s  ETA 0.6h
[     59/202] ERR4315558  31.6% classified  | 0.1/s  ETA 0.6h
[     60/202] ERR4315373  30.9% classified  | 0.1/s  ETA 0.6h
[     61/202] SRR9185094  25.2% classified  | 0.1/s  ETA 0.6h
[     62/202] ERR4315221  51.6% classified  | 0.1/s  ETA 0.6h
[     63/202] ERR4315547  66.3% classified  | 0.1/s  ETA 0.6h
[     64/202] ERR3856854  65.4% classified  | 0.1/s  ETA 0.6h
[     65/202] ERR4315509  64.3% classified  | 0.1/s  ETA 0.6h
[     66/202] SRR24010243  25.0% classified  | 0.1/s  ETA 0.6h
[     67/202] ERR3500544  4.2% classified  | 0.1/s  ETA 0.6h
[     68/202] ERR3383642  70.8% classified  | 0.1/s  ETA 0.6h
[     69/202] SRR14386297  56.5% classified  | 0.1/s  ETA 0.6h
[     70/202] ERR3856846  55.3% classified  | 0.1/s  ETA 0.6h
[     71/202] SRR12329597  81.2% classified  | 0.1/s  ETA 0.6h
[     72/202] SRR24010233  55.7% classified  | 0.1/s  ETA 0.6h
[     73/202] SRR2185190  83.9% classified  | 0.1/s  ETA 0.6h
[     74/202] SRR391831  1.8% classified  | 0.1/s  ETA 0.6h
[     75/202] SRR1576814  61.2% classified  | 0.1/s  ETA 0.6h
[     76/202] SRR22139846  3.0% classified  | 0.1/s  ETA 0.6h
[     77/202] SRR1562182  24.1% classified  | 0.1/s  ETA 0.6h
[     78/202] SRR32620562  19.3% classified  | 0.1/s  ETA 0.6h
[     79/202] ERR3500518  1.6% classified  | 0.1/s  ETA 0.6h
[     80/202] ERR3500511  0.9% classified  | 0.1/s  ETA 0.6h
[     81/202] SRR1555739  28.4% classified  | 0.1/s  ETA 0.6h
[     82/202] ERR789373  5.5% classified  | 0.1/s  ETA 0.5h
[     83/202] SRR6242029  39.7% classified  | 0.1/s  ETA 0.6h
[     84/202] ERR3500521  1.7% classified  | 0.1/s  ETA 0.6h
[     85/202] SRR8718804  6.5% classified  | 0.1/s  ETA 0.6h
[     86/202] SRR8718809  0.7% classified  | 0.1/s  ETA 0.5h
[     87/202] SRR8718837  0.9% classified  | 0.1/s  ETA 0.5h
[     88/202] SRR8718835  8.7% classified  | 0.1/s  ETA 0.5h
[     89/202] SRR6242047  0.9% classified  | 0.1/s  ETA 0.5h
[     90/202] SRR1284048  18.2% classified  | 0.1/s  ETA 0.5h
[     91/202] ERR2099122  53.5% classified  | 0.1/s  ETA 0.5h
[     92/202] SRR34026582  2.3% classified  | 0.1/s  ETA 0.5h
[     93/202] ERR13153921  1.5% classified  | 0.1/s  ETA 0.5h
[     94/202] ERR13107205  1.1% classified  | 0.1/s  ETA 0.5h
[     95/202] ERR13107470  1.2% classified  | 0.1/s  ETA 0.5h
[     96/202] SRR3750717  1.2% classified  | 0.1/s  ETA 0.5h
[     97/202] SRR3750708  2.3% classified  | 0.1/s  ETA 0.5h
[     98/202] SRR12149183  34.5% classified  | 0.1/s  ETA 0.5h
[     99/202] SRR3750695  1.5% classified  | 0.1/s  ETA 0.5h
[    100/202] ERR5928189  1.1% classified  | 0.1/s  ETA 0.5h
[    101/202] ERR5928155  3.7% classified  | 0.1/s  ETA 0.5h
[    102/202] ERR5928197  1.2% classified  | 0.1/s  ETA 0.5h
[    103/202] ERR5928206  1.0% classified  | 0.1/s  ETA 0.5h
[    104/202] SRR21195564  3.0% classified  | 0.1/s  ETA 0.5h
[    105/202] SRR14871476  1.7% classified  | 0.1/s  ETA 0.5h
[    106/202] ERR5696222  2.7% classified  | 0.1/s  ETA 0.5h
[    107/202] SRR31200168  2.4% classified  | 0.1/s  ETA 0.5h
[    108/202] ERR5696289  1.4% classified  | 0.1/s  ETA 0.4h
[    109/202] SRR9127599  16.0% classified  | 0.1/s  ETA 0.4h
[    110/202] ERR5696240  6.0% classified  | 0.1/s  ETA 0.4h
[    111/202] SRR21195578  0.5% classified  | 0.1/s  ETA 0.4h
[    112/202] SRR4296241  3.2% classified  | 0.1/s  ETA 0.4h
[    113/202] ERR5696265  2.4% classified  | 0.1/s  ETA 0.4h
[    114/202] ERR5696250  22.8% classified  | 0.1/s  ETA 0.4h
[    115/202] ERR5696225  1.6% classified  | 0.1/s  ETA 0.4h
[    116/202] SRR12888329  0.3% classified  | 0.1/s  ETA 0.4h
[    117/202] SRR2922402  1.2% classified  | 0.1/s  ETA 0.4h
[    118/202] SRR14871474  4.0% classified  | 0.1/s  ETA 0.4h
[    119/202] ERR6548350  7.4% classified  | 0.1/s  ETA 0.4h
[    120/202] ERR4421884  53.5% classified  | 0.1/s  ETA 0.4h
[    121/202] ERR6548379  1.3% classified  | 0.1/s  ETA 0.4h
[    122/202] SRR11216295  1.1% classified  | 0.1/s  ETA 0.4h
[    123/202] SRR11216310  0.6% classified  | 0.1/s  ETA 0.4h
[    124/202] SRR20324138  3.5% classified  | 0.1/s  ETA 0.4h
[    125/202] SRR11928834  0.2% classified  | 0.1/s  ETA 0.3h
[    126/202] SRR10221949  11.2% classified  | 0.1/s  ETA 0.3h
[    127/202] SRR28544685  15.5% classified  | 0.1/s  ETA 0.3h
[    128/202] SRR7873469  7.1% classified  | 0.1/s  ETA 0.3h
[    129/202] SRR28147552  7.2% classified  | 0.1/s  ETA 0.3h
[    130/202] SRR2922433  15.9% classified  | 0.1/s  ETA 0.3h
[    131/202] SRR27326369  47.2% classified  | 0.1/s  ETA 0.3h
[    132/202] SRR15141321  2.6% classified  | 0.1/s  ETA 0.3h
[    133/202] SRR15141224  16.3% classified  | 0.1/s  ETA 0.3h
[    134/202] SRR8204129  4.4% classified  | 0.1/s  ETA 0.3h
[    135/202] SRR2517435  5.3% classified  | 0.1/s  ETA 0.3h
[    136/202] SRR8204149  68.0% classified  | 0.1/s  ETA 0.3h
[    137/202] SRR38293582  12.2% classified  | 0.1/s  ETA 0.3h
[    138/202] SRR24737264  26.2% classified  | 0.1/s  ETA 0.3h
[    139/202] SRR33696077  57.2% classified  | 0.1/s  ETA 0.3h
[    140/202] SRR10291777  39.7% classified  | 0.1/s  ETA 0.3h
[    141/202] ERR10886997  25.1% classified  | 0.1/s  ETA 0.3h
[    142/202] ERR10886922  13.2% classified  | 0.1/s  ETA 0.3h
[    143/202] ERR10886966  23.1% classified  | 0.1/s  ETA 0.3h
[    144/202] SRR8418248  15.0% classified  | 0.1/s  ETA 0.3h
[    145/202] ERR10886983  4.3% classified  | 0.1/s  ETA 0.3h
[    146/202] SRR8418256  8.8% classified  | 0.1/s  ETA 0.3h
[    147/202] SRR8418299  13.4% classified  | 0.1/s  ETA 0.3h
[    148/202] SRR8418259  7.7% classified  | 0.1/s  ETA 0.3h
[    149/202] SRR31278117  25.0% classified  | 0.1/s  ETA 0.3h
[    150/202] SRR30673032  3.8% classified  | 0.1/s  ETA 0.3h
[    151/202] SRR36950011  3.4% classified  | 0.1/s  ETA 0.3h
[    152/202] ERR7421527  54.6% classified  | 0.1/s  ETA 0.3h
[    153/202] SRR20999602  7.4% classified  | 0.1/s  ETA 0.3h
[    154/202] SRR6218781  14.8% classified  | 0.1/s  ETA 0.3h
[    155/202] SRR32959935  11.2% classified  | 0.1/s  ETA 0.3h
[    156/202] ERR10886985  11.4% classified  | 0.1/s  ETA 0.2h
[    157/202] SRR34300147  5.2% classified  | 0.1/s  ETA 0.2h
[    158/202] SRR36367315  21.3% classified  | 0.1/s  ETA 0.2h
[    159/202] SRR36292436  7.4% classified  | 0.1/s  ETA 0.2h
[    160/202] SRR34300151  8.2% classified  | 0.1/s  ETA 0.2h
[    161/202] SRR36910258  2.5% classified  | 0.1/s  ETA 0.2h
[    162/202] ERR10926669  9.8% classified  | 0.1/s  ETA 0.2h
[    163/202] SRR36292483  12.4% classified  | 0.0/s  ETA 0.2h
[    164/202] SRR34300124  3.3% classified  | 0.0/s  ETA 0.2h
[    165/202] SRR36292485  14.4% classified  | 0.0/s  ETA 0.2h
[    166/202] SRR36910230  14.4% classified  | 0.0/s  ETA 0.2h
[    167/202] SRR22142919  26.3% classified  | 0.0/s  ETA 0.2h
[    168/202] SRR34300153  5.4% classified  | 0.0/s  ETA 0.2h
[    169/202] SRR36367325  20.4% classified  | 0.0/s  ETA 0.2h
[    170/202] SRR36367307  11.1% classified  | 0.0/s  ETA 0.2h
[    171/202] SRR3537152  15.8% classified  | 0.0/s  ETA 0.2h
[    172/202] SRR36910236  4.2% classified  | 0.0/s  ETA 0.2h
[    173/202] SRR31514621  13.1% classified  | 0.0/s  ETA 0.2h
[    174/202] SRR11497263  3.9% classified  | 0.0/s  ETA 0.2h
[    175/202] SRR8357723  6.0% classified  | 0.0/s  ETA 0.2h
[    176/202] SRR25969031  7.0% classified  | 0.0/s  ETA 0.2h
[    177/202] SRR6279264  50.8% classified  | 0.0/s  ETA 0.1h
[    178/202] SRR8984125  53.2% classified  | 0.0/s  ETA 0.1h
[    179/202] SRR30126671  12.2% classified  | 0.0/s  ETA 0.1h
[    180/202] SRR8569388  9.9% classified  | 0.0/s  ETA 0.1h
[    181/202] SRR25662803  2.0% classified  | 0.0/s  ETA 0.1h
[    182/202] SRR10053811  2.0% classified  | 0.0/s  ETA 0.1h
[    183/202] SRR37491899  3.0% classified  | 0.0/s  ETA 0.1h
[    184/202] SRR6039727  2.9% classified  | 0.0/s  ETA 0.1h
[    185/202] SRR21796864  2.4% classified  | 0.0/s  ETA 0.1h
[    186/202] SRR7526690  2.5% classified  | 0.0/s  ETA 0.1h
[    187/202] SRR14224162  13.1% classified  | 0.0/s  ETA 0.1h
[    188/202] SRR6039730  2.1% classified  | 0.0/s  ETA 0.1h
[    189/202] SRR19891828  5.5% classified  | 0.0/s  ETA 0.1h
[    190/202] SRR36993191  8.0% classified  | 0.0/s  ETA 0.1h
[    191/202] SRR10189436  56.7% classified  | 0.0/s  ETA 0.1h
[    192/202] SRR36610580  2.9% classified  | 0.0/s  ETA 0.1h
[    193/202] SRR32467364  1.8% classified  | 0.0/s  ETA 0.1h
[    194/202] SRR12998708  50.4% classified  | 0.0/s  ETA 0.0h
[    195/202] SRR8416459  14.5% classified  | 0.0/s  ETA 0.0h
[    196/202] SRR1284050  20.5% classified  | 0.0/s  ETA 0.0h
[    197/202] SRR5113839  4.3% classified  | 0.0/s  ETA 0.0h
[    198/202] SRR31204184  2.8% classified  | 0.0/s  ETA 0.0h
[    199/202] SRR3724081  74.9% classified  | 0.0/s  ETA 0.0h
[    200/202] SRR31851397  4.1% classified  | 0.0/s  ETA 0.0h
[    201/202] SRR3724167  79.8% classified  | 0.0/s  ETA 0.0h
[    202/202] SRR1774238  33.6% classified  | 0.0/s  ETA 0.0h

── Summary ────────────────────────────────────────
  Classified: 202
  Errors:     0
  Elapsed:    1.2h
  Cache:      kraken/output/run/assign/data/kraken_cache.jsonl
