host=nid001602 job=49976517 task=5 cpus=112
Kraken version 2.1.2
Reads read from: kraken/select/data/reads
Raw kraken2 reports will be saved to: kraken/assign/data/reports
Loaded 3,225 runs from kraken/select/data/run_list.tsv (filters: none)
Array task 5/16: 201 runs assigned

Total runs: 3,225 | Already done: 17 | Remaining: 201
Settings: confidence=0.15, min_hit_groups=3, workers=4, kraken_threads=8
DB: kraken/build/data/db_v3
Tmp: /scratch/fl3/llenzo/kraken_tmp

[      1/201] ERR3170233  79.0% classified  | 0.0/s  ETA 6.8h
[      2/201] ERR3188461  79.1% classified  | 0.0/s  ETA 3.6h
[      3/201] ERR3188444  81.5% classified  | 0.0/s  ETA 2.4h
[      4/201] ERR3170198  81.1% classified  | 0.0/s  ETA 1.8h
[      5/201] ERR3170267  77.0% classified  | 0.0/s  ETA 2.4h
[      6/201] ERR3170231  81.9% classified  | 0.0/s  ETA 2.1h
[      7/201] ERR3170213  84.8% classified  | 0.0/s  ETA 1.8h
[      8/201] ERR3170186  79.2% classified  | 0.0/s  ETA 1.7h
[      9/201] ERR4315679  72.8% classified  | 0.0/s  ETA 1.6h
[     10/201] ERR1607755  78.8% classified  | 0.0/s  ETA 1.9h
[     11/201] ERR1607782  81.1% classified  | 0.0/s  ETA 1.9h
[     12/201] ERR1607738  83.8% classified  | 0.0/s  ETA 1.8h
[     13/201] ERR1607810  ERR([Errno 2] No such file or directory: '/scratch/fl3/llenzo/kraken_tmp/ERR1607810')  | 0.0/s  ETA 1.8h
[     14/201] ERR1607808  ERR([Errno 2] No such file or directory: '/scratch/fl3/llenzo/kraken_tmp/ERR1607808')  | 0.0/s  ETA 1.9h
[     15/201] ERR1607748  ERR([Errno 2] No such file or directory: '/scratch/fl3/llenzo/kraken_tmp/ERR1607748')  | 0.0/s  ETA 1.8h
[     16/201] ERR1607734  ERR([Errno 2] No such file or directory: '/scratch/fl3/llenzo/kraken_tmp/ERR1607734')  | 0.0/s  ETA 2.0h
[     17/201] ERR15005509  ERR([Errno 2] No such file or directory: '/scratch/fl3/llenzo/kraken_tmp/ERR15005509')  | 0.0/s  ETA 2.0h
[     18/201] ERR15005524  ERR([Errno 2] No such file or directory: '/scratch/fl3/llenzo/kraken_tmp/ERR15005524')  | 0.0/s  ETA 2.1h
[     19/201] ERR15005502  ERR([Errno 2] No such file or directory: '/scratch/fl3/llenzo/kraken_tmp/ERR15005502')  | 0.0/s  ETA 2.1h
[     20/201] ERR15005532  ERR([Errno 2] No such file or directory: '/scratch/fl3/llenzo/kraken_tmp/ERR15005532')  | 0.0/s  ETA 2.0h
[     21/201] ERR15005492  ERR([Errno 2] No such file or directory: '/scratch/fl3/llenzo/kraken_tmp/ERR15005492')  | 0.0/s  ETA 1.9h
[     22/201] ERR12013050  76.3% classified  | 0.0/s  ETA 2.0h
[     23/201] ERR12013027  ERR([Errno 2] No such file or directory: '/scratch/fl3/llenzo/kraken_tmp/ERR12013027')  | 0.0/s  ETA 1.9h
[     24/201] ERR15005531  ERR([Errno 2] No such file or directory: '/scratch/fl3/llenzo/kraken_tmp/ERR15005531')  | 0.0/s  ETA 1.8h
[     25/201] ERR6847874  ERR([Errno 2] No such file or directory: '/scratch/fl3/llenzo/kraken_tmp/ERR6847874')  | 0.0/s  ETA 2.0h
[     26/201] ERR6847891  ERR([Errno 2] No such file or directory: '/scratch/fl3/llenzo/kraken_tmp/ERR6847891')  | 0.0/s  ETA 1.9h
[     27/201] ERR12013057  ERR([Errno 2] No such file or directory: '/scratch/fl3/llenzo/kraken_tmp/ERR12013057')  | 0.0/s  ETA 1.9h
[     28/201] SRR29076488  ERR([Errno 2] No such file or directory: '/scratch/fl3/llenzo/kraken_tmp/SRR29076488')  | 0.0/s  ETA 1.9h
[     29/201] ERR4315231  ERR([Errno 2] No such file or directory: '/scratch/fl3/llenzo/kraken_tmp/ERR4315231')  | 0.0/s  ETA 1.8h
[     30/201] ERR4315280  ERR([Errno 2] No such file or directory: '/scratch/fl3/llenzo/kraken_tmp/ERR4315280')  | 0.0/s  ETA 1.8h
[     31/201] ERR4315242  ERR([Errno 2] No such file or directory: '/scratch/fl3/llenzo/kraken_tmp/ERR4315242')  | 0.0/s  ETA 1.8h
[     32/201] ERR4315575  ERR([Errno 2] No such file or directory: '/scratch/fl3/llenzo/kraken_tmp/ERR4315575')  | 0.0/s  ETA 1.8h
[     33/201] ERR4315549  ERR([Errno 2] No such file or directory: '/scratch/fl3/llenzo/kraken_tmp/ERR4315549')  | 0.0/s  ETA 1.7h
[     34/201] ERR4315329  ERR([Errno 2] No such file or directory: '/scratch/fl3/llenzo/kraken_tmp/ERR4315329')  | 0.0/s  ETA 1.7h
[     35/201] ERR4761819  ERR([Errno 2] No such file or directory: '/scratch/fl3/llenzo/kraken_tmp/ERR4761819')  | 0.0/s  ETA 1.7h
[     36/201] ERR4315665  ERR([Errno 2] No such file or directory: '/scratch/fl3/llenzo/kraken_tmp/ERR4315665')  | 0.0/s  ETA 1.7h
[     37/201] ERR4315599  ERR([Errno 2] No such file or directory: '/scratch/fl3/llenzo/kraken_tmp/ERR4315599')  | 0.0/s  ETA 1.7h
[     38/201] ERR4761827  ERR([Errno 2] No such file or directory: '/scratch/fl3/llenzo/kraken_tmp/ERR4761827')  | 0.0/s  ETA 1.6h
[     39/201] ERR4315220  61.5% classified  | 0.0/s  ETA 1.7h
[     40/201] ERR4315486  ERR([Errno 2] No such file or directory: '/scratch/fl3/llenzo/kraken_tmp/ERR4315486')  | 0.0/s  ETA 1.6h
[     41/201] ERR4315571  75.0% classified  | 0.0/s  ETA 1.6h
[     42/201] ERR4761822  ERR([Errno 2] No such file or directory: '/scratch/fl3/llenzo/kraken_tmp/ERR4761822')  | 0.0/s  ETA 1.6h
[     43/201] ERR4315494  85.1% classified  | 0.0/s  ETA 1.6h
[     44/201] ERR4315496  75.5% classified  | 0.0/s  ETA 1.6h
[     45/201] ERR4315228  80.2% classified  | 0.0/s  ETA 1.6h
[     46/201] ERR4315365  82.1% classified  | 0.0/s  ETA 1.5h
[     47/201] ERR4315384  80.5% classified  | 0.0/s  ETA 1.5h
[     48/201] ERR4315422  77.0% classified  | 0.0/s  ETA 1.5h
[     49/201] ERR4315614  78.5% classified  | 0.0/s  ETA 1.5h
[     50/201] ERR4315562  82.2% classified  | 0.0/s  ETA 1.5h
[     51/201] ERR4315368  82.6% classified  | 0.0/s  ETA 1.5h
[     52/201] ERR4315270  77.5% classified  | 0.0/s  ETA 1.5h
[     53/201] ERR4315659  63.2% classified  | 0.0/s  ETA 1.5h
[     54/201] ERR4315200  83.7% classified  | 0.0/s  ETA 1.4h
[     55/201] ERR4315656  59.3% classified  | 0.0/s  ETA 1.4h
[     56/201] ERR4315262  73.7% classified  | 0.0/s  ETA 1.4h
[     57/201] ERR4315350  82.5% classified  | 0.0/s  ETA 1.4h
[     58/201] ERR4315211  54.3% classified  | 0.0/s  ETA 1.4h
[     59/201] ERR4315478  74.5% classified  | 0.0/s  ETA 1.4h
[     60/201] ERR4315183  69.2% classified  | 0.0/s  ETA 1.3h
[     61/201] ERR4315543  87.3% classified  | 0.0/s  ETA 1.3h
[     62/201] ERR4315299  86.2% classified  | 0.0/s  ETA 1.3h
[     63/201] ERR3383635  ERR([Errno 2] No such file or directory: '/scratch/fl3/llenzo/kraken_tmp/ERR3383635')  | 0.0/s  ETA 1.4h
[     64/201] SRR24010249  ERR([Errno 2] No such file or directory: '/scratch/fl3/llenzo/kraken_tmp/SRR24010249')  | 0.0/s  ETA 1.4h
[     65/201] SRR24010242  ERR([Errno 2] No such file or directory: '/scratch/fl3/llenzo/kraken_tmp/SRR24010242')  | 0.0/s  ETA 1.4h
[     66/201] SRR24010236  ERR([Errno 2] No such file or directory: '/scratch/fl3/llenzo/kraken_tmp/SRR24010236')  | 0.0/s  ETA 1.4h
[     67/201] ERR3856816  39.7% classified  | 0.0/s  ETA 1.4h
[     68/201] ERR3856818  54.6% classified  | 0.0/s  ETA 1.3h
[     69/201] SRR14386302  92.6% classified  | 0.0/s  ETA 1.4h
[     70/201] ERR3500543  83.8% classified  | 0.0/s  ETA 1.3h
[     71/201] ERR3856832  ERR([Errno 2] No such file or directory: '/scratch/fl3/llenzo/kraken_tmp/ERR3856832')  | 0.0/s  ETA 1.3h
[     72/201] SRR8208851  ERR([Errno 2] No such file or directory: '/scratch/fl3/llenzo/kraken_tmp/SRR8208851')  | 0.0/s  ETA 1.4h
[     73/201] ERR3500529  ERR([Errno 2] No such file or directory: '/scratch/fl3/llenzo/kraken_tmp/ERR3500529')  | 0.0/s  ETA 1.3h
[     74/201] SRR1557259  ERR([Errno 2] No such file or directory: '/scratch/fl3/llenzo/kraken_tmp/SRR1557259')  | 0.0/s  ETA 1.3h
[     75/201] ERR3500509  ERR([Errno 2] No such file or directory: '/scratch/fl3/llenzo/kraken_tmp/ERR3500509')  | 0.0/s  ETA 1.3h
[     76/201] SRR1583659  ERR([Errno 2] No such file or directory: '/scratch/fl3/llenzo/kraken_tmp/SRR1583659')  | 0.0/s  ETA 1.3h
[     77/201] SRR22139847  84.4% classified  | 0.0/s  ETA 1.3h
[     78/201] SRR2185185  94.7% classified  | 0.0/s  ETA 1.3h
[     79/201] SRR1562262  ERR([Errno 2] No such file or directory: '/scratch/fl3/llenzo/kraken_tmp/SRR1562262')  | 0.0/s  ETA 1.3h
[     80/201] SRR391824  70.3% classified  | 0.0/s  ETA 1.2h
[     81/201] SRR32620581  78.4% classified  | 0.0/s  ETA 1.2h
[     82/201] SRR6242039  ERR([Errno 2] No such file or directory: '/scratch/fl3/llenzo/kraken_tmp/SRR6242039')  | 0.0/s  ETA 1.2h
[     83/201] ERR789109  ERR([Errno 2] No such file or directory: '/scratch/fl3/llenzo/kraken_tmp/ERR789109')  | 0.0/s  ETA 1.2h
[     84/201] SRR12149180  90.3% classified  | 0.0/s  ETA 1.2h
[     85/201] SRR8718816  ERR([Errno 2] No such file or directory: '/scratch/fl3/llenzo/kraken_tmp/SRR8718816')  | 0.0/s  ETA 1.2h
[     86/201] SRR6242051  ERR([Errno 2] No such file or directory: '/scratch/fl3/llenzo/kraken_tmp/SRR6242051')  | 0.0/s  ETA 1.2h
[     87/201] ERR2099149  81.1% classified  | 0.0/s  ETA 1.2h
[     88/201] SRR8718795  ERR([Errno 2] No such file or directory: '/scratch/fl3/llenzo/kraken_tmp/SRR8718795')  | 0.0/s  ETA 1.2h
[     89/201] SRR8718819  ERR([Errno 2] No such file or directory: '/scratch/fl3/llenzo/kraken_tmp/SRR8718819')  | 0.0/s  ETA 1.1h
[     90/201] SRR8718821  ERR([Errno 2] No such file or directory: '/scratch/fl3/llenzo/kraken_tmp/SRR8718821')  | 0.0/s  ETA 1.1h
[     91/201] ERR13107171  ERR([Errno 2] No such file or directory: '/scratch/fl3/llenzo/kraken_tmp/ERR13107171')  | 0.0/s  ETA 1.1h
[     92/201] SRR34026568  78.7% classified  | 0.0/s  ETA 1.1h
[     93/201] ERR13107141  79.8% classified  | 0.0/s  ETA 1.1h
[     94/201] ERR13107216  82.5% classified  | 0.0/s  ETA 1.1h
[     95/201] SRR34026584  ERR([Errno 2] No such file or directory: '/scratch/fl3/llenzo/kraken_tmp/SRR34026584')  | 0.0/s  ETA 1.0h
[     96/201] SRR3750704  86.8% classified  | 0.0/s  ETA 1.0h
[     97/201] SRR3750718  ERR([Errno 2] No such file or directory: '/scratch/fl3/llenzo/kraken_tmp/SRR3750718')  | 0.0/s  ETA 1.0h
[     98/201] SRR2873917  ERR([Errno 2] No such file or directory: '/scratch/fl3/llenzo/kraken_tmp/SRR2873917')  | 0.0/s  ETA 1.0h
[     99/201] SRR21195575  ERR([Errno 2] No such file or directory: '/scratch/fl3/llenzo/kraken_tmp/SRR21195575')  | 0.0/s  ETA 1.0h
[    100/201] ERR5928157  ERR([Errno 2] No such file or directory: '/scratch/fl3/llenzo/kraken_tmp/ERR5928157')  | 0.0/s  ETA 1.0h
[    101/201] ERR5928188  ERR([Errno 2] No such file or directory: '/scratch/fl3/llenzo/kraken_tmp/ERR5928188')  | 0.0/s  ETA 1.0h
[    102/201] SRR21195557  ERR([Errno 2] No such file or directory: '/scratch/fl3/llenzo/kraken_tmp/SRR21195557')  | 0.0/s  ETA 1.0h
[    103/201] ERR5928191  ERR([Errno 2] No such file or directory: '/scratch/fl3/llenzo/kraken_tmp/ERR5928191')  | 0.0/s  ETA 1.0h
[    104/201] ERR5928212  ERR([Errno 2] No such file or directory: '/scratch/fl3/llenzo/kraken_tmp/ERR5928212')  | 0.0/s  ETA 1.0h
[    105/201] SRR20067739  ERR([Errno 2] No such file or directory: '/scratch/fl3/llenzo/kraken_tmp/SRR20067739')  | 0.0/s  ETA 0.9h
[    106/201] SRR14871466  ERR([Errno 2] No such file or directory: '/scratch/fl3/llenzo/kraken_tmp/SRR14871466')  | 0.0/s  ETA 1.0h
[    107/201] SRR31200164  ERR([Errno 2] No such file or directory: '/scratch/fl3/llenzo/kraken_tmp/SRR31200164')  | 0.0/s  ETA 0.9h
[    108/201] ERR6548364  ERR([Errno 2] No such file or directory: '/scratch/fl3/llenzo/kraken_tmp/ERR6548364')  | 0.0/s  ETA 0.9h
[    109/201] ERR5696217  ERR([Errno 2] No such file or directory: '/scratch/fl3/llenzo/kraken_tmp/ERR5696217')  | 0.0/s  ETA 0.9h
[    110/201] ERR5696274  ERR([Errno 2] No such file or directory: '/scratch/fl3/llenzo/kraken_tmp/ERR5696274')  | 0.0/s  ETA 0.9h
[    111/201] SRR1171043  ERR([Errno 2] No such file or directory: '/scratch/fl3/llenzo/kraken_tmp/SRR1171043')  | 0.0/s  ETA 0.9h
[    112/201] ERR5696302  ERR([Errno 2] No such file or directory: '/scratch/fl3/llenzo/kraken_tmp/ERR5696302')  | 0.0/s  ETA 0.9h
[    113/201] ERR5696271  ERR([Errno 2] No such file or directory: '/scratch/fl3/llenzo/kraken_tmp/ERR5696271')  | 0.0/s  ETA 0.9h
[    114/201] ERR5696241  ERR([Errno 2] No such file or directory: '/scratch/fl3/llenzo/kraken_tmp/ERR5696241')  | 0.0/s  ETA 0.9h
[    115/201] ERR5696266  91.6% classified  | 0.0/s  ETA 0.8h
[    116/201] ERR5696235  ERR([Errno 2] No such file or directory: '/scratch/fl3/llenzo/kraken_tmp/ERR5696235')  | 0.0/s  ETA 0.8h
[    117/201] SRR2922400  ERR([Errno 2] No such file or directory: '/scratch/fl3/llenzo/kraken_tmp/SRR2922400')  | 0.0/s  ETA 0.8h
[    118/201] SRR20324144  ERR([Errno 2] No such file or directory: '/scratch/fl3/llenzo/kraken_tmp/SRR20324144')  | 0.0/s  ETA 0.8h
[    119/201] SRR20324127  ERR([Errno 2] No such file or directory: '/scratch/fl3/llenzo/kraken_tmp/SRR20324127')  | 0.0/s  ETA 0.8h
[    120/201] SRR6221904  ERR([Errno 2] No such file or directory: '/scratch/fl3/llenzo/kraken_tmp/SRR6221904')  | 0.0/s  ETA 0.8h
[    121/201] SRR11216293  7.7% classified  | 0.0/s  ETA 0.8h
[    122/201] SRR11216303  ERR([Errno 2] No such file or directory: '/scratch/fl3/llenzo/kraken_tmp/SRR11216303')  | 0.0/s  ETA 0.8h
[    123/201] SRR2517427  76.7% classified  | 0.0/s  ETA 0.8h
[    124/201] SRR31850432  81.3% classified  | 0.0/s  ETA 0.8h
[    125/201] SRR7500373  ERR([Errno 2] No such file or directory: '/scratch/fl3/llenzo/kraken_tmp/SRR7500373')  | 0.0/s  ETA 0.8h
[    126/201] SRR36950013  43.4% classified  | 0.0/s  ETA 0.8h
[    127/201] SRR36634281  32.5% classified  | 0.0/s  ETA 0.8h
[    128/201] SRR2922436  ERR([Errno 2] No such file or directory: '/scratch/fl3/llenzo/kraken_tmp/SRR2922436')  | 0.0/s  ETA 0.8h
[    129/201] SRR28475120  ERR([Errno 2] No such file or directory: '/scratch/fl3/llenzo/kraken_tmp/SRR28475120')  | 0.0/s  ETA 0.8h
[    130/201] SRR23870004  ERR([Errno 2] No such file or directory: '/scratch/fl3/llenzo/kraken_tmp/SRR23870004')  | 0.0/s  ETA 0.8h
[    131/201] SRR16930839  ERR([Errno 2] No such file or directory: '/scratch/fl3/llenzo/kraken_tmp/SRR16930839')  | 0.0/s  ETA 0.8h
[    132/201] SRR7873468  9.9% classified  | 0.0/s  ETA 0.7h
[    133/201] SRR27326806  55.9% classified  | 0.0/s  ETA 0.7h
[    134/201] SRR15141432  58.3% classified  | 0.0/s  ETA 0.7h
[    135/201] SRR15141405  75.7% classified  | 0.0/s  ETA 0.7h
[    136/201] SRR8204116  62.4% classified  | 0.0/s  ETA 0.7h
[    137/201] SRR33696078  83.2% classified  | 0.0/s  ETA 0.7h
[    138/201] SRR15141241  74.6% classified  | 0.0/s  ETA 0.7h
[    139/201] SRR24737262  78.5% classified  | 0.0/s  ETA 0.7h
[    140/201] SRR10291751  77.1% classified  | 0.0/s  ETA 0.7h
[    141/201] ERR10887000  86.1% classified  | 0.0/s  ETA 0.7h
[    142/201] ERR10886910  84.6% classified  | 0.0/s  ETA 0.6h
[    143/201] ERR10886956  80.1% classified  | 0.0/s  ETA 0.6h
[    144/201] ERR10886918  ERR([Errno 2] No such file or directory: '/scratch/fl3/llenzo/kraken_tmp/ERR10886918')  | 0.0/s  ETA 0.6h
[    145/201] ERR10886976  85.0% classified  | 0.0/s  ETA 0.6h
[    146/201] SRR8418305  59.0% classified  | 0.0/s  ETA 0.6h
[    147/201] SRR30673025  86.0% classified  | 0.0/s  ETA 0.6h
[    148/201] SRR8418258  43.6% classified  | 0.0/s  ETA 0.6h
[    149/201] SRR8418244  60.4% classified  | 0.0/s  ETA 0.6h
[    150/201] SRR8418320  62.5% classified  | 0.0/s  ETA 0.6h
[    151/201] SRR31278112  79.9% classified  | 0.0/s  ETA 0.6h
[    152/201] SRR20999593  77.1% classified  | 0.0/s  ETA 0.6h
[    153/201] ERR7421532  ERR([Errno 2] No such file or directory: '/scratch/fl3/llenzo/kraken_tmp/ERR7421532')  | 0.0/s  ETA 0.5h
[    154/201] ERR7421546  ERR([Errno 2] No such file or directory: '/scratch/fl3/llenzo/kraken_tmp/ERR7421546')  | 0.0/s  ETA 0.5h
[    155/201] SRR22142977  72.3% classified  | 0.0/s  ETA 0.5h
[    156/201] ERR10926663  ERR([Errno 2] No such file or directory: '/scratch/fl3/llenzo/kraken_tmp/ERR10926663')  | 0.0/s  ETA 0.5h
[    157/201] SRR31514631  ERR([Errno 2] No such file or directory: '/scratch/fl3/llenzo/kraken_tmp/SRR31514631')  | 0.0/s  ETA 0.5h
[    158/201] SRR32959934  ERR([Errno 2] No such file or directory: '/scratch/fl3/llenzo/kraken_tmp/SRR32959934')  | 0.0/s  ETA 0.5h
[    159/201] SRR36292492  ERR([Errno 2] No such file or directory: '/scratch/fl3/llenzo/kraken_tmp/SRR36292492')  | 0.0/s  ETA 0.5h
[    160/201] SRR34300137  ERR([Errno 2] No such file or directory: '/scratch/fl3/llenzo/kraken_tmp/SRR34300137')  | 0.0/s  ETA 0.5h
[    161/201] SRR34300154  ERR([Errno 2] No such file or directory: '/scratch/fl3/llenzo/kraken_tmp/SRR34300154')  | 0.0/s  ETA 0.5h
[    162/201] SRR36910220  27.8% classified  | 0.0/s  ETA 0.5h
[    163/201] SRR34300122  ERR([Errno 2] No such file or directory: '/scratch/fl3/llenzo/kraken_tmp/SRR34300122')  | 0.0/s  ETA 0.4h
[    164/201] SRR36292447  ERR([Errno 2] No such file or directory: '/scratch/fl3/llenzo/kraken_tmp/SRR36292447')  | 0.0/s  ETA 0.4h
[    165/201] SRR36367309  ERR([Errno 2] No such file or directory: '/scratch/fl3/llenzo/kraken_tmp/SRR36367309')  | 0.0/s  ETA 0.4h
[    166/201] SRR36910200  25.7% classified  | 0.0/s  ETA 0.4h
[    167/201] SRR36910266  ERR([Errno 2] No such file or directory: '/scratch/fl3/llenzo/kraken_tmp/SRR36910266')  | 0.0/s  ETA 0.4h
[    168/201] SRR36292462  ERR([Errno 2] No such file or directory: '/scratch/fl3/llenzo/kraken_tmp/SRR36292462')  | 0.0/s  ETA 0.4h
[    169/201] SRR36292445  ERR([Errno 2] No such file or directory: '/scratch/fl3/llenzo/kraken_tmp/SRR36292445')  | 0.0/s  ETA 0.4h
[    170/201] SRR36292444  ERR([Errno 2] No such file or directory: '/scratch/fl3/llenzo/kraken_tmp/SRR36292444')  | 0.0/s  ETA 0.4h
[    171/201] SRR3537151  82.5% classified  | 0.0/s  ETA 0.4h
[    172/201] SRR10053819  ERR([Errno 2] No such file or directory: '/scratch/fl3/llenzo/kraken_tmp/SRR10053819')  | 0.0/s  ETA 0.3h
[    173/201] SRR25969007  ERR([Errno 2] No such file or directory: '/scratch/fl3/llenzo/kraken_tmp/SRR25969007')  | 0.0/s  ETA 0.3h
[    174/201] SRR36367281  ERR([Errno 2] No such file or directory: '/scratch/fl3/llenzo/kraken_tmp/SRR36367281')  | 0.0/s  ETA 0.3h
[    175/201] SRR36015661  ERR([Errno 2] No such file or directory: '/scratch/fl3/llenzo/kraken_tmp/SRR36015661')  | 0.0/s  ETA 0.3h
[    176/201] SRR11229312  39.9% classified  | 0.0/s  ETA 0.3h
[    177/201] SRR1975199  66.3% classified  | 0.0/s  ETA 0.3h
[    178/201] SRR8984119  ERR([Errno 2] No such file or directory: '/scratch/fl3/llenzo/kraken_tmp/SRR8984119')  | 0.0/s  ETA 0.3h
[    179/201] SRR8984104  ERR([Errno 2] No such file or directory: '/scratch/fl3/llenzo/kraken_tmp/SRR8984104')  | 0.0/s  ETA 0.3h
[    180/201] SRR25662792  ERR([Errno 2] No such file or directory: '/scratch/fl3/llenzo/kraken_tmp/SRR25662792')  | 0.0/s  ETA 0.3h
[    181/201] SRR8569393  ERR([Errno 2] No such file or directory: '/scratch/fl3/llenzo/kraken_tmp/SRR8569393')  | 0.0/s  ETA 0.2h
[    182/201] SRR6039736  ERR([Errno 2] No such file or directory: '/scratch/fl3/llenzo/kraken_tmp/SRR6039736')  | 0.0/s  ETA 0.2h
[    183/201] SRR18064506  ERR([Errno 2] No such file or directory: '/scratch/fl3/llenzo/kraken_tmp/SRR18064506')  | 0.0/s  ETA 0.2h
[    184/201] SRR1793834  ERR([Errno 2] No such file or directory: '/scratch/fl3/llenzo/kraken_tmp/SRR1793834')  | 0.0/s  ETA 0.2h
[    185/201] SRR21796869  ERR([Errno 2] No such file or directory: '/scratch/fl3/llenzo/kraken_tmp/SRR21796869')  | 0.0/s  ETA 0.2h
[    186/201] SRR5225796  77.6% classified  | 0.0/s  ETA 0.2h
[    187/201] SRR23704274  ERR([Errno 2] No such file or directory: '/scratch/fl3/llenzo/kraken_tmp/SRR23704274')  | 0.0/s  ETA 0.2h
[    188/201] SRR17207991  ERR([Errno 2] No such file or directory: '/scratch/fl3/llenzo/kraken_tmp/SRR17207991')  | 0.0/s  ETA 0.2h
[    189/201] ERR990488  ERR([Errno 2] No such file or directory: '/scratch/fl3/llenzo/kraken_tmp/ERR990488')  | 0.0/s  ETA 0.1h
[    190/201] SRR15222190  89.8% classified  | 0.0/s  ETA 0.1h
[    191/201] ERR4352131  ERR([Errno 2] No such file or directory: '/scratch/fl3/llenzo/kraken_tmp/ERR4352131')  | 0.0/s  ETA 0.1h
[    192/201] ERR14823239  ERR([Errno 2] No such file or directory: '/scratch/fl3/llenzo/kraken_tmp/ERR14823239')  | 0.0/s  ETA 0.1h
[    193/201] SRR31851395  ERR([Errno 2] No such file or directory: '/scratch/fl3/llenzo/kraken_tmp/SRR31851395')  | 0.0/s  ETA 0.1h
[    194/201] SRR10189429  83.3% classified  | 0.0/s  ETA 0.1h
[    195/201] SRR22540858  91.3% classified  | 0.0/s  ETA 0.1h
[    196/201] SRR1284052  ERR([Errno 2] No such file or directory: '/scratch/fl3/llenzo/kraken_tmp/SRR1284052')  | 0.0/s  ETA 0.1h
[    197/201] SRR23450840  ERR([Errno 2] No such file or directory: '/scratch/fl3/llenzo/kraken_tmp/SRR23450840')  | 0.0/s  ETA 0.0h
[    198/201] SRR14338852  81.9% classified  | 0.0/s  ETA 0.0h
[    199/201] SRR1776521  ERR([Errno 2] No such file or directory: '/scratch/fl3/llenzo/kraken_tmp/SRR1776521')  | 0.0/s  ETA 0.0h
[    200/201] SRR35779161  ERR([Errno 2] No such file or directory: '/scratch/fl3/llenzo/kraken_tmp/SRR35779161')  | 0.0/s  ETA 0.0h
[    201/201] SRR3724086  ERR([Errno 2] No such file or directory: '/scratch/fl3/llenzo/kraken_tmp/SRR3724086')  | 0.0/s  ETA 0.0h

── Summary ────────────────────────────────────────
  Classified: 86
  Errors:     115
  Elapsed:    2.4h
  Cache:      kraken/assign/data/kraken_cache.jsonl
