host=nid001708 job=49402287 task=10 cpus=112
Kraken version 2.1.2
Reads read from: kraken/output/run/select/data/reads
Raw kraken2 reports will be saved to: kraken/output/run/assign/data/reports
Loaded 3,225 runs from kraken/output/run/select/data/run_list.tsv (filters: none)
Array task 10/16: 201 runs assigned

Total runs: 3,225 | Already done: 0 | Remaining: 201
Settings: confidence=0.15, min_hit_groups=3, workers=8, kraken_threads=4
DB: kraken/output/db/build/data/db_v2
Tmp: /scratch/fl3/llenzo/kraken_tmp

[      1/201] ERR3170268  47.3% classified  | 0.0/s  ETA 4.7h
[      2/201] ERR3170240  17.0% classified  | 0.0/s  ETA 2.4h
[      3/201] ERR3170212  45.3% classified  | 0.0/s  ETA 1.9h
[      4/201] ERR3170263  67.4% classified  | 0.0/s  ETA 1.5h
[      5/201] ERR3170258  63.1% classified  | 0.0/s  ETA 1.2h
[      6/201] ERR3188476  52.5% classified  | 0.0/s  ETA 1.1h
[      7/201] ERR3170275  72.0% classified  | 0.1/s  ETA 1.0h
[      8/201] ERR3188436  63.2% classified  | 0.1/s  ETA 0.9h
[      9/201] ERR1607831  68.7% classified  | 0.1/s  ETA 1.0h
[     10/201] ERR1607817  36.4% classified  | 0.1/s  ETA 0.9h
[     11/201] ERR1607806  70.3% classified  | 0.1/s  ETA 1.0h
[     12/201] ERR1607781  23.5% classified  | 0.1/s  ETA 0.9h
[     13/201] ERR1607848  74.6% classified  | 0.1/s  ETA 0.8h
[     14/201] ERR1607731  23.0% classified  | 0.1/s  ETA 0.8h
[     15/201] ERR3188458  27.3% classified  | 0.1/s  ETA 0.7h
[     16/201] ERR1607780  43.1% classified  | 0.1/s  ETA 0.8h
[     17/201] ERR1607865  47.6% classified  | 0.1/s  ETA 0.8h
[     18/201] ERR15005513  4.3% classified  | 0.1/s  ETA 0.8h
[     19/201] ERR15005523  10.0% classified  | 0.1/s  ETA 0.8h
[     20/201] ERR15005465  20.0% classified  | 0.1/s  ETA 0.8h
[     21/201] ERR12013033  67.0% classified  | 0.1/s  ETA 0.7h
[     22/201] ERR12013071  9.9% classified  | 0.1/s  ETA 0.7h
[     23/201] ERR15005504  28.9% classified  | 0.1/s  ETA 0.7h
[     24/201] ERR15005461  24.5% classified  | 0.1/s  ETA 0.7h
[     25/201] ERR15005447  61.4% classified  | 0.1/s  ETA 0.7h
[     26/201] ERR12013037  61.2% classified  | 0.1/s  ETA 0.7h
[     27/201] ERR6847877  65.4% classified  | 0.1/s  ETA 0.7h
[     28/201] ERR4315338  73.3% classified  | 0.1/s  ETA 0.7h
[     29/201] ERR4315379  57.5% classified  | 0.1/s  ETA 0.7h
[     30/201] ERR4761823  67.0% classified  | 0.1/s  ETA 0.7h
[     31/201] SRR29077172  15.9% classified  | 0.1/s  ETA 0.7h
[     32/201] ERR4315371  44.6% classified  | 0.1/s  ETA 0.7h
[     33/201] ERR4315392  57.7% classified  | 0.1/s  ETA 0.7h
[     34/201] SRR29076503  6.7% classified  | 0.1/s  ETA 0.7h
[     35/201] ERR4315153  57.0% classified  | 0.1/s  ETA 0.7h
[     36/201] ERR4315671  54.1% classified  | 0.1/s  ETA 0.7h
[     37/201] ERR4315268  45.5% classified  | 0.1/s  ETA 0.7h
[     38/201] ERR4315202  55.2% classified  | 0.1/s  ETA 0.7h
[     39/201] ERR4315288  45.0% classified  | 0.1/s  ETA 0.7h
[     40/201] ERR4315158  34.1% classified  | 0.1/s  ETA 0.6h
[     41/201] ERR4315151  55.6% classified  | 0.1/s  ETA 0.6h
[     42/201] ERR4315629  43.7% classified  | 0.1/s  ETA 0.6h
[     43/201] ERR4315490  64.8% classified  | 0.1/s  ETA 0.6h
[     44/201] ERR4315607  40.1% classified  | 0.1/s  ETA 0.6h
[     45/201] ERR4315234  56.7% classified  | 0.1/s  ETA 0.6h
[     46/201] ERR4315293  37.0% classified  | 0.1/s  ETA 0.6h
[     47/201] ERR4315281  58.4% classified  | 0.1/s  ETA 0.6h
[     48/201] ERR4315640  36.5% classified  | 0.1/s  ETA 0.6h
[     49/201] ERR4315651  19.4% classified  | 0.1/s  ETA 0.6h
[     50/201] ERR4315374  36.2% classified  | 0.1/s  ETA 0.6h
[     51/201] ERR4315541  49.0% classified  | 0.1/s  ETA 0.6h
[     52/201] ERR4315172  42.5% classified  | 0.1/s  ETA 0.6h
[     53/201] ERR4315263  70.4% classified  | 0.1/s  ETA 0.6h
[     54/201] ERR4315649  45.4% classified  | 0.1/s  ETA 0.6h
[     55/201] ERR4315453  33.1% classified  | 0.1/s  ETA 0.5h
[     56/201] ERR4315315  58.8% classified  | 0.1/s  ETA 0.5h
[     57/201] ERR4315466  11.7% classified  | 0.1/s  ETA 0.5h
[     58/201] ERR4315376  50.2% classified  | 0.1/s  ETA 0.5h
[     59/201] ERR4315527  68.5% classified  | 0.1/s  ETA 0.5h
[     60/201] SRR1425536  ERR(no_local_reads)  | 0.1/s  ETA 0.5h
[     61/201] ERR4315385  45.6% classified  | 0.1/s  ETA 0.5h
[     62/201] SRR24010217  74.1% classified  | 0.1/s  ETA 0.5h
[     63/201] SRR24010221  68.6% classified  | 0.1/s  ETA 0.5h
[     64/201] ERR4315590  18.4% classified  | 0.1/s  ETA 0.5h
[     65/201] ERR3856851  23.1% classified  | 0.1/s  ETA 0.5h
[     66/201] ERR4315618  47.1% classified  | 0.1/s  ETA 0.5h
[     67/201] ERR4315170  35.3% classified  | 0.1/s  ETA 0.5h
[     68/201] ERR3856821  37.8% classified  | 0.1/s  ETA 0.5h
[     69/201] ERR3500546  4.2% classified  | 0.1/s  ETA 0.5h
[     70/201] ERR3856850  46.9% classified  | 0.1/s  ETA 0.5h
[     71/201] SRR579535  38.4% classified  | 0.1/s  ETA 0.5h
[     72/201] ERR13340222  55.7% classified  | 0.1/s  ETA 0.5h
[     73/201] SRR1557212  34.2% classified  | 0.1/s  ETA 0.5h
[     74/201] SRR391839  2.3% classified  | 0.1/s  ETA 0.5h
[     75/201] SRR391826  42.1% classified  | 0.1/s  ETA 0.5h
[     76/201] ERR3500532  3.1% classified  | 0.1/s  ETA 0.5h
[     77/201] SRR1555295  35.9% classified  | 0.1/s  ETA 0.5h
[     78/201] ERR3500526  1.6% classified  | 0.1/s  ETA 0.5h
[     79/201] ERR789099  28.8% classified  | 0.1/s  ETA 0.5h
[     80/201] ERR789382  61.7% classified  | 0.1/s  ETA 0.5h
[     81/201] SRR26175770  0.6% classified  | 0.1/s  ETA 0.5h
[     82/201] SRR31839225  46.0% classified  | 0.1/s  ETA 0.5h
[     83/201] SRR6242062  6.7% classified  | 0.1/s  ETA 0.5h
[     84/201] SRR32620561  11.4% classified  | 0.1/s  ETA 0.5h
[     85/201] ERR2099151  68.3% classified  | 0.1/s  ETA 0.5h
[     86/201] SRR8718810  8.4% classified  | 0.1/s  ETA 0.5h
[     87/201] SRR8718842  8.2% classified  | 0.1/s  ETA 0.5h
[     88/201] ERR13106413  26.4% classified  | 0.1/s  ETA 0.5h
[     89/201] SRR8718817  0.7% classified  | 0.1/s  ETA 0.5h
[     90/201] SRR6242055  1.4% classified  | 0.1/s  ETA 0.5h
[     91/201] SRR4240592  51.3% classified  | 0.1/s  ETA 0.5h
[     92/201] SRR23706859  42.3% classified  | 0.1/s  ETA 0.4h
[     93/201] SRR34026572  65.6% classified  | 0.1/s  ETA 0.4h
[     94/201] SRR34026577  3.3% classified  | 0.1/s  ETA 0.4h
[     95/201] ERR13159121  1.0% classified  | 0.1/s  ETA 0.4h
[     96/201] SRR3750711  1.8% classified  | 0.1/s  ETA 0.4h
[     97/201] ERR5928156  3.3% classified  | 0.1/s  ETA 0.4h
[     98/201] SRR3750699  4.2% classified  | 0.1/s  ETA 0.4h
[     99/201] ERR5928192  1.3% classified  | 0.1/s  ETA 0.4h
[    100/201] SRR2874373  0.6% classified  | 0.1/s  ETA 0.4h
[    101/201] ERR5928217  1.0% classified  | 0.1/s  ETA 0.4h
[    102/201] SRR2170109  2.5% classified  | 0.1/s  ETA 0.4h
[    103/201] ERR5928165  2.9% classified  | 0.1/s  ETA 0.4h
[    104/201] ERR5928222  3.2% classified  | 0.1/s  ETA 0.4h
[    105/201] ERR5696202  1.3% classified  | 0.1/s  ETA 0.4h
[    106/201] ERR5696277  3.4% classified  | 0.1/s  ETA 0.4h
[    107/201] SRR20067743  1.1% classified  | 0.1/s  ETA 0.4h
[    108/201] ERR5696282  1.8% classified  | 0.1/s  ETA 0.4h
[    109/201] ERR5696245  23.8% classified  | 0.1/s  ETA 0.4h
[    110/201] ERR5696272  2.7% classified  | 0.1/s  ETA 0.4h
[    111/201] SRR14871470  1.4% classified  | 0.1/s  ETA 0.4h
[    112/201] SRR21195579  2.6% classified  | 0.1/s  ETA 0.4h
[    113/201] ERR5696257  4.6% classified  | 0.1/s  ETA 0.4h
[    114/201] ERR5696209  1.1% classified  | 0.1/s  ETA 0.4h
[    115/201] ERR6548345  5.1% classified  | 0.1/s  ETA 0.4h
[    116/201] SRR2920464  7.8% classified  | 0.1/s  ETA 0.4h
[    117/201] ERR6548341  3.1% classified  | 0.1/s  ETA 0.3h
[    118/201] SRR11216285  0.2% classified  | 0.1/s  ETA 0.3h
[    119/201] SRR6221903  3.0% classified  | 0.1/s  ETA 0.3h
[    120/201] SRR11216270  0.5% classified  | 0.1/s  ETA 0.3h
[    121/201] SRR11216299  0.8% classified  | 0.1/s  ETA 0.3h
[    122/201] SRR20324134  4.8% classified  | 0.1/s  ETA 0.3h
[    123/201] SRR10386363  0.4% classified  | 0.1/s  ETA 0.3h
[    124/201] SRR2922441  6.9% classified  | 0.1/s  ETA 0.3h
[    125/201] SRR28544675  11.6% classified  | 0.1/s  ETA 0.3h
[    126/201] SRR28544676  11.8% classified  | 0.1/s  ETA 0.3h
[    127/201] SRR16930842  14.1% classified  | 0.1/s  ETA 0.3h
[    128/201] SRR33583437  0.3% classified  | 0.1/s  ETA 0.3h
[    129/201] SRR27326530  46.4% classified  | 0.1/s  ETA 0.3h
[    130/201] SRR2517431  2.9% classified  | 0.1/s  ETA 0.3h
[    131/201] SRR15141402  27.8% classified  | 0.1/s  ETA 0.3h
[    132/201] SRR15141327  28.5% classified  | 0.1/s  ETA 0.3h
[    133/201] SRR7500372  0.6% classified  | 0.1/s  ETA 0.3h
[    134/201] SRR15141153  2.6% classified  | 0.1/s  ETA 0.3h
[    135/201] SRR8204125  45.3% classified  | 0.1/s  ETA 0.3h
[    136/201] SRR32589261  1.4% classified  | 0.1/s  ETA 0.3h
[    137/201] SRR31850435  0.6% classified  | 0.1/s  ETA 0.3h
[    138/201] SRR10291734  24.5% classified  | 0.1/s  ETA 0.3h
[    139/201] SRR36368718  4.9% classified  | 0.1/s  ETA 0.3h
[    140/201] SRR10291733  53.3% classified  | 0.1/s  ETA 0.3h
[    141/201] ERR10887006  25.6% classified  | 0.1/s  ETA 0.3h
[    142/201] ERR10886915  11.8% classified  | 0.1/s  ETA 0.3h
[    143/201] SRR36950018  1.8% classified  | 0.1/s  ETA 0.3h
[    144/201] SRR8418308  7.7% classified  | 0.1/s  ETA 0.3h
[    145/201] SRR8418302  7.4% classified  | 0.1/s  ETA 0.3h
[    146/201] SRR8418341  18.4% classified  | 0.1/s  ETA 0.3h
[    147/201] SRR9684535  4.8% classified  | 0.1/s  ETA 0.3h
[    148/201] SRR8418298  4.8% classified  | 0.1/s  ETA 0.2h
[    149/201] SRR27311630  18.7% classified  | 0.1/s  ETA 0.2h
[    150/201] ERR7421547  37.7% classified  | 0.1/s  ETA 0.2h
[    151/201] SRR10095076  7.2% classified  | 0.1/s  ETA 0.2h
[    152/201] SRR14212085  2.7% classified  | 0.1/s  ETA 0.2h
[    153/201] ERR7421548  34.9% classified  | 0.1/s  ETA 0.2h
[    154/201] ERR10886959  12.4% classified  | 0.1/s  ETA 0.2h
[    155/201] ERR10886945  6.8% classified  | 0.1/s  ETA 0.2h
[    156/201] SRR32959942  9.3% classified  | 0.1/s  ETA 0.2h
[    157/201] SRR31278111  21.5% classified  | 0.1/s  ETA 0.2h
[    158/201] ERR10886992  6.8% classified  | 0.1/s  ETA 0.2h
[    159/201] SRR36910218  6.2% classified  | 0.1/s  ETA 0.2h
[    160/201] SRR34300105  5.2% classified  | 0.1/s  ETA 0.2h
[    161/201] SRR36292479  8.5% classified  | 0.1/s  ETA 0.2h
[    162/201] SRR36367323  18.6% classified  | 0.1/s  ETA 0.2h
[    163/201] SRR36367274  9.6% classified  | 0.1/s  ETA 0.2h
[    164/201] SRR36367322  12.5% classified  | 0.1/s  ETA 0.2h
[    165/201] SRR36292504  8.0% classified  | 0.1/s  ETA 0.2h
[    166/201] SRR36292484  9.2% classified  | 0.1/s  ETA 0.2h
[    167/201] SRR36367266  16.8% classified  | 0.1/s  ETA 0.2h
[    168/201] ERR10926674  12.0% classified  | 0.1/s  ETA 0.2h
[    169/201] SRR36910217  2.7% classified  | 0.1/s  ETA 0.2h
[    170/201] SRR36367271  17.4% classified  | 0.1/s  ETA 0.2h
[    171/201] SRR34300110  6.5% classified  | 0.1/s  ETA 0.2h
[    172/201] SRR25969004  8.7% classified  | 0.1/s  ETA 0.1h
[    173/201] SRR1975195  12.3% classified  | 0.1/s  ETA 0.1h
[    174/201] SRR7403505  6.9% classified  | 0.1/s  ETA 0.1h
[    175/201] SRR34300128  3.5% classified  | 0.1/s  ETA 0.1h
[    176/201] SRR26214573  22.2% classified  | 0.1/s  ETA 0.1h
[    177/201] SRR12133607  22.7% classified  | 0.1/s  ETA 0.1h
[    178/201] SRR22975695  13.0% classified  | 0.1/s  ETA 0.1h
[    179/201] SRR8984113  39.1% classified  | 0.1/s  ETA 0.1h
[    180/201] SRR1793911  3.9% classified  | 0.1/s  ETA 0.1h
[    181/201] SRR25969000  8.2% classified  | 0.1/s  ETA 0.1h
[    182/201] SRR37491896  13.0% classified  | 0.1/s  ETA 0.1h
[    183/201] SRR6039739  5.2% classified  | 0.1/s  ETA 0.1h
[    184/201] SRR8984118  45.2% classified  | 0.1/s  ETA 0.1h
[    185/201] SRR18064500  27.1% classified  | 0.1/s  ETA 0.1h
[    186/201] SRR6189717  4.1% classified  | 0.1/s  ETA 0.1h
[    187/201] SRR6395472  3.8% classified  | 0.1/s  ETA 0.1h
[    188/201] SRR34094676  24.4% classified  | 0.1/s  ETA 0.1h
[    189/201] SRR36993185  25.7% classified  | 0.1/s  ETA 0.1h
[    190/201] SRR37049207  5.0% classified  | 0.1/s  ETA 0.1h
[    191/201] DRR125465  5.7% classified  | 0.1/s  ETA 0.1h
[    192/201] SRR24115459  6.2% classified  | 0.1/s  ETA 0.0h
[    193/201] ERR990490  9.1% classified  | 0.1/s  ETA 0.0h
[    194/201] SRR8416460  27.5% classified  | 0.1/s  ETA 0.0h
[    195/201] ERR14823245  67.6% classified  | 0.1/s  ETA 0.0h
[    196/201] SRR15538945  5.7% classified  | 0.1/s  ETA 0.0h
[    197/201] SRR22540859  4.2% classified  | 0.1/s  ETA 0.0h
[    198/201] SRR33510052  5.4% classified  | 0.1/s  ETA 0.0h
[    199/201] SRR3090580  3.1% classified  | 0.1/s  ETA 0.0h
[    200/201] SRR16017074  3.7% classified  | 0.1/s  ETA 0.0h
[    201/201] SRR3724097  24.0% classified  | 0.1/s  ETA 0.0h

── Summary ────────────────────────────────────────
  Classified: 200
  Errors:     1
  Elapsed:    1.1h
  Cache:      kraken/output/run/assign/data/kraken_cache.jsonl
