host=nid001968 job=49983499 task=3 cpus=112
Kraken version 2.1.2
Reads read from: kraken/select/data/reads
Raw kraken2 reports will be saved to: kraken/assign/data/reports
Loaded 3,225 runs from kraken/select/data/run_list.tsv (filters: none)
Array task 3/16: 202 runs in slice, 0 already done, 202 to do

Total runs: 3,225 | Already done: 0 | Remaining: 202
Settings: confidence=0.15, min_hit_groups=3, workers=4, kraken_threads=8
DB: kraken/build/data/db_v3
Tmp: /scratch/pawsey1168/llenzo/kraken_tmp

[      1/202] ERR3170255  72.7% classified  | 0.0/s  ETA 8.8h
[      2/202] ERR3170188  84.5% classified  | 0.0/s  ETA 4.8h
[      3/202] ERR3188445  77.3% classified  | 0.0/s  ETA 3.3h
[      4/202] ERR3188443  80.7% classified  | 0.0/s  ETA 2.6h
[      5/202] ERR3170257  79.8% classified  | 0.0/s  ETA 3.1h
[      6/202] ERR3170201  78.4% classified  | 0.0/s  ETA 2.7h
[      7/202] ERR3170198  81.1% classified  | 0.0/s  ETA 2.3h
[      8/202] ERR3170222  80.8% classified  | 0.0/s  ETA 2.1h
[      9/202] ERR1607821  77.9% classified  | 0.0/s  ETA 2.3h
[     10/202] ERR3170189  77.3% classified  | 0.0/s  ETA 2.1h
[     11/202] ERR3188448  82.3% classified  | 0.0/s  ETA 2.0h
[     12/202] ERR1607730  81.6% classified  | 0.0/s  ETA 2.0h
[     13/202] ERR1607763  80.8% classified  | 0.0/s  ETA 2.0h
[     14/202] ERR1607807  80.5% classified  | 0.0/s  ETA 2.0h
[     15/202] ERR1607746  90.4% classified  | 0.0/s  ETA 1.9h
[     16/202] ERR1607814  78.6% classified  | 0.0/s  ETA 1.8h
[     17/202] ERR1607753  75.8% classified  | 0.0/s  ETA 2.0h
[     18/202] ERR15005503  55.6% classified  | 0.0/s  ETA 1.9h
[     19/202] ERR15005462  57.6% classified  | 0.0/s  ETA 1.8h
[     20/202] ERR15005457  62.8% classified  | 0.0/s  ETA 1.7h
[     21/202] ERR15005472  46.8% classified  | 0.0/s  ETA 2.0h
[     22/202] ERR15005454  43.0% classified  | 0.0/s  ETA 1.9h
[     23/202] ERR15005480  37.1% classified  | 0.0/s  ETA 1.9h
[     24/202] ERR12013064  65.4% classified  | 0.0/s  ETA 1.8h
[     25/202] ERR12013036  84.4% classified  | 0.0/s  ETA 1.8h
[     26/202] ERR6847887  83.1% classified  | 0.0/s  ETA 2.0h
[     27/202] ERR12013067  76.5% classified  | 0.0/s  ETA 2.1h
[     28/202] SRR29077177  74.1% classified  | 0.0/s  ETA 2.0h
[     29/202] ERR6847873  59.6% classified  | 0.0/s  ETA 2.0h
[     30/202] ERR4315363  80.7% classified  | 0.0/s  ETA 2.0h
[     31/202] ERR4315660  70.3% classified  | 0.0/s  ETA 2.0h
[     32/202] ERR4315244  59.3% classified  | 0.0/s  ETA 1.9h
[     33/202] ERR4315433  75.8% classified  | 0.0/s  ETA 1.9h
[     34/202] ERR4315592  80.1% classified  | 0.0/s  ETA 1.9h
[     35/202] ERR4315619  77.2% classified  | 0.0/s  ETA 1.9h
[     36/202] ERR4315361  81.3% classified  | 0.0/s  ETA 1.8h
[     37/202] ERR4315502  85.9% classified  | 0.0/s  ETA 1.9h
[     38/202] ERR4315625  82.6% classified  | 0.0/s  ETA 1.9h
[     39/202] ERR4315474  80.4% classified  | 0.0/s  ETA 1.8h
[     40/202] ERR4315622  80.0% classified  | 0.0/s  ETA 1.8h
[     41/202] ERR4315677  80.5% classified  | 0.0/s  ETA 1.8h
[     42/202] ERR4315248  78.4% classified  | 0.0/s  ETA 1.8h
[     43/202] ERR4315626  83.8% classified  | 0.0/s  ETA 1.7h
[     44/202] ERR4315367  78.7% classified  | 0.0/s  ETA 1.7h
[     45/202] ERR4315405  74.3% classified  | 0.0/s  ETA 1.7h
[     46/202] ERR4315208  82.5% classified  | 0.0/s  ETA 1.7h
[     47/202] ERR4315508  79.0% classified  | 0.0/s  ETA 1.7h
[     48/202] ERR4315343  78.7% classified  | 0.0/s  ETA 1.7h
[     49/202] ERR4315269  82.9% classified  | 0.0/s  ETA 1.7h
[     50/202] ERR4315580  86.2% classified  | 0.0/s  ETA 1.6h
[     51/202] ERR4315533  78.7% classified  | 0.0/s  ETA 1.6h
[     52/202] ERR4315516  82.2% classified  | 0.0/s  ETA 1.6h
[     53/202] ERR4315670  83.4% classified  | 0.0/s  ETA 1.6h
[     54/202] ERR4315554  81.1% classified  | 0.0/s  ETA 1.6h
[     55/202] ERR4315286  67.7% classified  | 0.0/s  ETA 1.5h
[     56/202] ERR4315373  88.5% classified  | 0.0/s  ETA 1.6h
[     57/202] ERR4315606  83.5% classified  | 0.0/s  ETA 1.5h
[     58/202] ERR4315553  80.2% classified  | 0.0/s  ETA 1.5h
[     59/202] ERR4315442  84.0% classified  | 0.0/s  ETA 1.5h
[     60/202] ERR4315558  82.5% classified  | 0.0/s  ETA 1.5h
[     61/202] ERR4315221  75.3% classified  | 0.0/s  ETA 1.5h
[     62/202] ERR4315547  82.5% classified  | 0.0/s  ETA 1.5h
[     63/202] ERR4315509  80.6% classified  | 0.0/s  ETA 1.4h
[     64/202] SRR9185094  72.9% classified  | 0.0/s  ETA 1.4h
[     65/202] ERR3383642  82.6% classified  | 0.0/s  ETA 1.4h
[     66/202] SRR24010243  74.4% classified  | 0.0/s  ETA 1.4h
[     67/202] SRR12329597  84.1% classified  | 0.0/s  ETA 1.4h
[     68/202] ERR3856854  78.4% classified  | 0.0/s  ETA 1.4h
[     69/202] SRR24010233  79.4% classified  | 0.0/s  ETA 1.4h
[     70/202] ERR3500544  83.5% classified  | 0.0/s  ETA 1.4h
[     71/202] SRR14386297  90.2% classified  | 0.0/s  ETA 1.3h
[     72/202] ERR3856846  69.0% classified  | 0.0/s  ETA 1.3h
[     73/202] ERR3500511  84.7% classified  | 0.0/s  ETA 1.4h
[     74/202] SRR1562182  84.3% classified  | 0.0/s  ETA 1.4h
[     75/202] ERR3500521  84.4% classified  | 0.0/s  ETA 1.3h
[     76/202] ERR3500518  82.8% classified  | 0.0/s  ETA 1.3h
[     77/202] SRR2185190  95.6% classified  | 0.0/s  ETA 1.3h
[     78/202] SRR1576814  79.2% classified  | 0.0/s  ETA 1.3h
[     79/202] SRR22139846  25.8% classified  | 0.0/s  ETA 1.2h
[     80/202] SRR391831  67.7% classified  | 0.0/s  ETA 1.2h
[     81/202] SRR32620562  85.4% classified  | 0.0/s  ETA 1.2h
[     82/202] SRR1555739  80.3% classified  | 0.0/s  ETA 1.2h
[     83/202] ERR789373  63.9% classified  | 0.0/s  ETA 1.2h
[     84/202] SRR6242029  69.9% classified  | 0.0/s  ETA 1.2h
[     85/202] SRR6242047  72.4% classified  | 0.0/s  ETA 1.2h
[     86/202] SRR12149183  87.5% classified  | 0.0/s  ETA 1.2h
[     87/202] SRR8718804  92.5% classified  | 0.0/s  ETA 1.2h
[     88/202] SRR8718837  89.6% classified  | 0.0/s  ETA 1.2h
[     89/202] SRR8718809  90.0% classified  | 0.0/s  ETA 1.2h
[     90/202] SRR8718835  95.2% classified  | 0.0/s  ETA 1.1h
[     91/202] ERR2099122  74.5% classified  | 0.0/s  ETA 1.1h
[     92/202] ERR13153921  82.7% classified  | 0.0/s  ETA 1.1h
[     93/202] ERR13107205  79.8% classified  | 0.0/s  ETA 1.1h
[     94/202] SRR1284048  74.2% classified  | 0.0/s  ETA 1.1h
[     95/202] ERR13107470  83.6% classified  | 0.0/s  ETA 1.1h
[     96/202] SRR34026582  75.6% classified  | 0.0/s  ETA 1.1h
[     97/202] SRR3750708  88.7% classified  | 0.0/s  ETA 1.0h
[     98/202] SRR3750695  88.0% classified  | 0.0/s  ETA 1.0h
[     99/202] SRR3750717  87.1% classified  | 0.0/s  ETA 1.0h
[    100/202] ERR5928189  82.9% classified  | 0.0/s  ETA 1.0h
[    101/202] ERR5928155  85.7% classified  | 0.0/s  ETA 1.0h
[    102/202] SRR21195564  83.2% classified  | 0.0/s  ETA 1.0h
[    103/202] ERR5928197  82.3% classified  | 0.0/s  ETA 1.0h
[    104/202] ERR5928206  75.9% classified  | 0.0/s  ETA 1.0h
[    105/202] SRR21195578  83.3% classified  | 0.0/s  ETA 1.0h
[    106/202] SRR9127599  74.1% classified  | 0.0/s  ETA 1.0h
[    107/202] SRR31200168  89.4% classified  | 0.0/s  ETA 1.0h
[    108/202] SRR14871476  86.4% classified  | 0.0/s  ETA 1.0h
[    109/202] ERR5696222  93.8% classified  | 0.0/s  ETA 1.0h
[    110/202] SRR14871474  87.8% classified  | 0.0/s  ETA 1.0h
[    111/202] ERR6548379  91.3% classified  | 0.0/s  ETA 1.0h
[    112/202] ERR5696289  91.4% classified  | 0.0/s  ETA 1.0h
[    113/202] ERR5696250  91.6% classified  | 0.0/s  ETA 0.9h
[    114/202] ERR5696240  91.7% classified  | 0.0/s  ETA 0.9h
[    115/202] ERR5696265  91.6% classified  | 0.0/s  ETA 0.9h
[    116/202] SRR4296241  72.0% classified  | 0.0/s  ETA 0.9h
[    117/202] ERR6548350  91.2% classified  | 0.0/s  ETA 0.9h
[    118/202] ERR5696225  91.5% classified  | 0.0/s  ETA 0.9h
[    119/202] SRR12888329  68.0% classified  | 0.0/s  ETA 0.8h
[    120/202] SRR2922402  4.6% classified  | 0.0/s  ETA 0.8h
[    121/202] SRR11216295  11.5% classified  | 0.0/s  ETA 0.8h
[    122/202] SRR20324138  86.2% classified  | 0.0/s  ETA 0.8h
[    123/202] SRR11216310  8.2% classified  | 0.0/s  ETA 0.8h
[    124/202] ERR4421884  62.2% classified  | 0.0/s  ETA 0.8h
[    125/202] SRR2517435  77.2% classified  | 0.0/s  ETA 0.8h
[    126/202] SRR33696077  82.5% classified  | 0.0/s  ETA 0.8h
[    127/202] SRR2922433  63.5% classified  | 0.0/s  ETA 0.8h
[    128/202] SRR10221949  96.8% classified  | 0.0/s  ETA 0.8h
[    129/202] SRR11928834  16.4% classified  | 0.0/s  ETA 0.8h
[    130/202] SRR38293582  90.8% classified  | 0.0/s  ETA 0.8h
[    131/202] SRR28147552  44.2% classified  | 0.0/s  ETA 0.8h
[    132/202] SRR28544685  94.3% classified  | 0.0/s  ETA 0.8h
[    133/202] SRR36950011  53.3% classified  | 0.0/s  ETA 0.8h
[    134/202] SRR7873469  51.4% classified  | 0.0/s  ETA 0.7h
[    135/202] SRR27326369  53.0% classified  | 0.0/s  ETA 0.7h
[    136/202] SRR15141321  75.8% classified  | 0.0/s  ETA 0.7h
[    137/202] SRR15141224  74.4% classified  | 0.0/s  ETA 0.7h
[    138/202] SRR8204129  86.1% classified  | 0.0/s  ETA 0.7h
[    139/202] SRR8204149  72.3% classified  | 0.0/s  ETA 0.7h
[    140/202] SRR24737264  78.6% classified  | 0.0/s  ETA 0.7h
[    141/202] ERR10886997  83.2% classified  | 0.0/s  ETA 0.7h
[    142/202] SRR10291777  76.3% classified  | 0.0/s  ETA 0.7h
[    143/202] ERR10886966  83.7% classified  | 0.0/s  ETA 0.6h
[    144/202] ERR10886983  82.8% classified  | 0.0/s  ETA 0.7h
[    145/202] ERR10886922  84.1% classified  | 0.0/s  ETA 0.6h
[    146/202] ERR10886985  86.8% classified  | 0.0/s  ETA 0.6h
[    147/202] SRR8418248  65.3% classified  | 0.0/s  ETA 0.6h
[    148/202] SRR8418259  64.4% classified  | 0.0/s  ETA 0.6h
[    149/202] SRR8418256  66.1% classified  | 0.0/s  ETA 0.6h
[    150/202] SRR8418299  67.1% classified  | 0.0/s  ETA 0.6h
[    151/202] SRR30673032  85.2% classified  | 0.0/s  ETA 0.6h
[    152/202] SRR31514621  94.0% classified  | 0.0/s  ETA 0.6h
[    153/202] SRR31278117  75.5% classified  | 0.0/s  ETA 0.6h
[    154/202] SRR20999602  76.3% classified  | 0.0/s  ETA 0.5h
[    155/202] ERR7421527  71.5% classified  | 0.0/s  ETA 0.5h
[    156/202] SRR6218781  84.5% classified  | 0.0/s  ETA 0.5h
[    157/202] SRR22142919  63.7% classified  | 0.0/s  ETA 0.5h
[    158/202] SRR32959935  82.6% classified  | 0.0/s  ETA 0.5h
[    159/202] ERR10926669  89.3% classified  | 0.0/s  ETA 0.5h
[    160/202] SRR34300147  27.1% classified  | 0.0/s  ETA 0.5h
[    161/202] SRR36292436  51.2% classified  | 0.0/s  ETA 0.5h
[    162/202] SRR34300151  26.1% classified  | 0.0/s  ETA 0.5h
[    163/202] SRR36367315  64.7% classified  | 0.0/s  ETA 0.5h
[    164/202] SRR36910258  25.9% classified  | 0.0/s  ETA 0.4h
[    165/202] SRR34300124  29.1% classified  | 0.0/s  ETA 0.4h
[    166/202] SRR36292485  56.7% classified  | 0.0/s  ETA 0.4h
[    167/202] SRR36292483  64.9% classified  | 0.0/s  ETA 0.4h
[    168/202] SRR34300153  32.9% classified  | 0.0/s  ETA 0.4h
[    169/202] SRR36910230  35.3% classified  | 0.0/s  ETA 0.4h
[    170/202] SRR36367307  59.3% classified  | 0.0/s  ETA 0.4h
[    171/202] SRR36367325  68.7% classified  | 0.0/s  ETA 0.4h
[    172/202] SRR25969031  88.1% classified  | 0.0/s  ETA 0.4h
[    173/202] SRR3537152  83.2% classified  | 0.0/s  ETA 0.3h
[    174/202] SRR10053811  84.0% classified  | 0.0/s  ETA 0.3h
[    175/202] SRR8357723  68.7% classified  | 0.0/s  ETA 0.3h
[    176/202] SRR6279264  90.8% classified  | 0.0/s  ETA 0.3h
[    177/202] SRR36910236  27.6% classified  | 0.0/s  ETA 0.3h
[    178/202] SRR11497263  74.3% classified  | 0.0/s  ETA 0.3h
[    179/202] SRR30126671  67.4% classified  | 0.0/s  ETA 0.3h
[    180/202] SRR8984125  81.1% classified  | 0.0/s  ETA 0.3h
[    181/202] SRR25662803  88.0% classified  | 0.0/s  ETA 0.2h
[    182/202] SRR8569388  81.8% classified  | 0.0/s  ETA 0.2h
[    183/202] SRR6039727  78.4% classified  | 0.0/s  ETA 0.2h
[    184/202] SRR21796864  87.1% classified  | 0.0/s  ETA 0.2h
[    185/202] SRR37491899  22.1% classified  | 0.0/s  ETA 0.2h
[    186/202] SRR6039730  79.5% classified  | 0.0/s  ETA 0.2h
[    187/202] SRR32467364  83.8% classified  | 0.0/s  ETA 0.2h
[    188/202] SRR7526690  75.0% classified  | 0.0/s  ETA 0.2h
[    189/202] SRR14224162  83.5% classified  | 0.0/s  ETA 0.2h
[    190/202] SRR19891828  86.2% classified  | 0.0/s  ETA 0.1h
[    191/202] SRR12998708  86.1% classified  | 0.0/s  ETA 0.1h
[    192/202] SRR36993191  91.3% classified  | 0.0/s  ETA 0.1h
[    193/202] SRR31851397  76.8% classified  | 0.0/s  ETA 0.1h
[    194/202] SRR31204184  89.9% classified  | 0.0/s  ETA 0.1h
[    195/202] SRR10189436  58.9% classified  | 0.0/s  ETA 0.1h
[    196/202] SRR36610580  89.9% classified  | 0.0/s  ETA 0.1h
[    197/202] SRR8416459  74.3% classified  | 0.0/s  ETA 0.1h
[    198/202] SRR3724081  78.7% classified  | 0.0/s  ETA 0.0h
[    199/202] SRR1284050  61.1% classified  | 0.0/s  ETA 0.0h
[    200/202] SRR3724167  80.5% classified  | 0.0/s  ETA 0.0h
[    201/202] SRR5113839  84.9% classified  | 0.0/s  ETA 0.0h
[    202/202] SRR1774238  78.9% classified  | 0.0/s  ETA 0.0h

── Summary ────────────────────────────────────────
  Classified: 202
  Errors:     0
  Elapsed:    2.4h
  Cache:      kraken/assign/data/kraken_cache.jsonl
