host=nid001707 job=49402290 task=11 cpus=112
Kraken version 2.1.2
Reads read from: kraken/output/run/select/data/reads
Raw kraken2 reports will be saved to: kraken/output/run/assign/data/reports
Loaded 3,225 runs from kraken/output/run/select/data/run_list.tsv (filters: none)
Array task 11/16: 201 runs assigned

Total runs: 3,225 | Already done: 0 | Remaining: 201
Settings: confidence=0.15, min_hit_groups=3, workers=8, kraken_threads=4
DB: kraken/output/db/build/data/db_v2
Tmp: /scratch/fl3/llenzo/kraken_tmp

[      1/201] ERR3170269  46.3% classified  | 0.0/s  ETA 7.4h
[      2/201] ERR3170274  65.8% classified  | 0.0/s  ETA 3.9h
[      3/201] ERR3170203  60.5% classified  | 0.0/s  ETA 3.0h
[      4/201] ERR3188471  34.2% classified  | 0.0/s  ETA 2.3h
[      5/201] ERR3188472  42.5% classified  | 0.0/s  ETA 1.9h
[      6/201] ERR3170204  64.3% classified  | 0.0/s  ETA 1.7h
[      7/201] ERR3188461  54.1% classified  | 0.0/s  ETA 1.5h
[      8/201] ERR3188463  61.7% classified  | 0.0/s  ETA 1.3h
[      9/201] ERR1607770  47.1% classified  | 0.0/s  ETA 1.2h
[     10/201] ERR1607783  16.0% classified  | 0.0/s  ETA 1.1h
[     11/201] ERR1607825  45.0% classified  | 0.0/s  ETA 1.1h
[     12/201] ERR3170221  62.5% classified  | 0.0/s  ETA 1.1h
[     13/201] ERR1607818  66.4% classified  | 0.1/s  ETA 1.0h
[     14/201] ERR1607864  48.2% classified  | 0.0/s  ETA 1.1h
[     15/201] ERR1607736  55.8% classified  | 0.1/s  ETA 1.0h
[     16/201] ERR1607758  57.9% classified  | 0.1/s  ETA 0.9h
[     17/201] ERR1607828  47.3% classified  | 0.1/s  ETA 0.9h
[     18/201] ERR15005495  32.4% classified  | 0.1/s  ETA 1.0h
[     19/201] ERR12013031  69.7% classified  | 0.1/s  ETA 1.0h
[     20/201] ERR15005483  20.1% classified  | 0.1/s  ETA 0.9h
[     21/201] ERR12013053  62.5% classified  | 0.1/s  ETA 0.9h
[     22/201] ERR15005450  45.6% classified  | 0.1/s  ETA 0.9h
[     23/201] ERR15005511  15.7% classified  | 0.1/s  ETA 0.9h
[     24/201] ERR12013076  36.8% classified  | 0.1/s  ETA 0.8h
[     25/201] ERR15005459  7.7% classified  | 0.1/s  ETA 0.8h
[     26/201] ERR15005491  30.1% classified  | 0.1/s  ETA 0.8h
[     27/201] ERR4315264  67.0% classified  | 0.1/s  ETA 0.8h
[     28/201] ERR4315400  47.3% classified  | 0.1/s  ETA 0.9h
[     29/201] ERR6847897  57.0% classified  | 0.1/s  ETA 0.8h
[     30/201] ERR4315162  64.3% classified  | 0.1/s  ETA 0.8h
[     31/201] SRR29077171  16.1% classified  | 0.1/s  ETA 0.8h
[     32/201] ERR4315357  75.1% classified  | 0.1/s  ETA 0.8h
[     33/201] SRR29076533  24.5% classified  | 0.1/s  ETA 0.7h
[     34/201] ERR4315319  55.7% classified  | 0.1/s  ETA 0.7h
[     35/201] ERR4315464  17.1% classified  | 0.1/s  ETA 0.7h
[     36/201] ERR4315452  47.6% classified  | 0.1/s  ETA 0.8h
[     37/201] ERR4315230  63.3% classified  | 0.1/s  ETA 0.7h
[     38/201] ERR4315570  31.8% classified  | 0.1/s  ETA 0.7h
[     39/201] ERR4315320  51.0% classified  | 0.1/s  ETA 0.7h
[     40/201] ERR4315258  15.8% classified  | 0.1/s  ETA 0.7h
[     41/201] ERR4315402  8.6% classified  | 0.1/s  ETA 0.7h
[     42/201] ERR4315389  69.9% classified  | 0.1/s  ETA 0.7h
[     43/201] ERR4315417  41.3% classified  | 0.1/s  ETA 0.7h
[     44/201] ERR4315152  61.6% classified  | 0.1/s  ETA 0.7h
[     45/201] ERR4315284  44.3% classified  | 0.1/s  ETA 0.6h
[     46/201] ERR4315518  45.6% classified  | 0.1/s  ETA 0.7h
[     47/201] ERR4315175  29.4% classified  | 0.1/s  ETA 0.6h
[     48/201] ERR4315476  65.6% classified  | 0.1/s  ETA 0.6h
[     49/201] ERR4315560  55.0% classified  | 0.1/s  ETA 0.6h
[     50/201] ERR4315287  49.3% classified  | 0.1/s  ETA 0.6h
[     51/201] ERR4315406  52.0% classified  | 0.1/s  ETA 0.6h
[     52/201] ERR4315331  41.1% classified  | 0.1/s  ETA 0.6h
[     53/201] ERR4315410  64.8% classified  | 0.1/s  ETA 0.6h
[     54/201] ERR4315205  63.8% classified  | 0.1/s  ETA 0.6h
[     55/201] ERR4315174  55.8% classified  | 0.1/s  ETA 0.6h
[     56/201] ERR4315463  8.4% classified  | 0.1/s  ETA 0.6h
[     57/201] ERR4315567  21.8% classified  | 0.1/s  ETA 0.6h
[     58/201] ERR4315627  39.0% classified  | 0.1/s  ETA 0.6h
[     59/201] ERR4315425  55.8% classified  | 0.1/s  ETA 0.6h
[     60/201] SRR1425602  ERR(no_local_reads)  | 0.1/s  ETA 0.5h
[     61/201] ERR4315369  23.0% classified  | 0.1/s  ETA 0.5h
[     62/201] ERR4315375  46.8% classified  | 0.1/s  ETA 0.5h
[     63/201] ERR4315163  58.6% classified  | 0.1/s  ETA 0.6h
[     64/201] ERR3856855  64.7% classified  | 0.1/s  ETA 0.5h
[     65/201] ERR3856814  42.9% classified  | 0.1/s  ETA 0.5h
[     66/201] SRR24010214  71.1% classified  | 0.1/s  ETA 0.5h
[     67/201] ERR4315577  27.0% classified  | 0.1/s  ETA 0.5h
[     68/201] SRR24010229  29.0% classified  | 0.1/s  ETA 0.5h
[     69/201] ERR3856834  30.0% classified  | 0.1/s  ETA 0.5h
[     70/201] ERR3500550  5.6% classified  | 0.1/s  ETA 0.5h
[     71/201] SRR579533  48.0% classified  | 0.1/s  ETA 0.5h
[     72/201] SRR11440843  34.3% classified  | 0.1/s  ETA 0.6h
[     73/201] SRR391840  2.3% classified  | 0.1/s  ETA 0.6h
[     74/201] SRR391841  2.0% classified  | 0.1/s  ETA 0.6h
[     75/201] ERR3500525  1.6% classified  | 0.1/s  ETA 0.6h
[     76/201] ERR13340224  36.0% classified  | 0.1/s  ETA 0.6h
[     77/201] SRR31839224  48.8% classified  | 0.1/s  ETA 0.5h
[     78/201] SRR1562081  42.3% classified  | 0.1/s  ETA 0.5h
[     79/201] SRR6242059  8.0% classified  | 0.1/s  ETA 0.5h
[     80/201] SRR32620570  50.5% classified  | 0.1/s  ETA 0.5h
[     81/201] ERR789112  9.8% classified  | 0.1/s  ETA 0.5h
[     82/201] ERR3500534  3.1% classified  | 0.1/s  ETA 0.5h
[     83/201] SRR23706857  23.6% classified  | 0.1/s  ETA 0.5h
[     84/201] SRR26175768  0.5% classified  | 0.1/s  ETA 0.5h
[     85/201] ERR789369  2.4% classified  | 0.1/s  ETA 0.5h
[     86/201] SRR8718818  13.0% classified  | 0.1/s  ETA 0.5h
[     87/201] SRR6242053  1.4% classified  | 0.1/s  ETA 0.5h
[     88/201] ERR2099115  68.3% classified  | 0.1/s  ETA 0.5h
[     89/201] SRR8718815  12.2% classified  | 0.1/s  ETA 0.5h
[     90/201] SRR34026570  2.6% classified  | 0.1/s  ETA 0.5h
[     91/201] ERR13105496  39.3% classified  | 0.1/s  ETA 0.5h
[     92/201] SRR8718839  0.6% classified  | 0.1/s  ETA 0.5h
[     93/201] ERR13149232  11.4% classified  | 0.1/s  ETA 0.5h
[     94/201] SRR4240603  57.9% classified  | 0.1/s  ETA 0.5h
[     95/201] SRR34026591  2.6% classified  | 0.1/s  ETA 0.5h
[     96/201] SRR3750721  12.1% classified  | 0.1/s  ETA 0.4h
[     97/201] SRR3750727  3.4% classified  | 0.1/s  ETA 0.4h
[     98/201] ERR5928187  1.0% classified  | 0.1/s  ETA 0.4h
[     99/201] ERR5928172  5.8% classified  | 0.1/s  ETA 0.4h
[    100/201] ERR5928154  5.5% classified  | 0.1/s  ETA 0.4h
[    101/201] ERR5928211  1.0% classified  | 0.1/s  ETA 0.4h
[    102/201] ERR5928225  6.0% classified  | 0.1/s  ETA 0.4h
[    103/201] SRR2873756  0.7% classified  | 0.1/s  ETA 0.4h
[    104/201] SRR2170110  2.1% classified  | 0.1/s  ETA 0.4h
[    105/201] ERR5696203  1.1% classified  | 0.1/s  ETA 0.4h
[    106/201] ERR5696273  3.2% classified  | 0.1/s  ETA 0.4h
[    107/201] SRR20067742  0.8% classified  | 0.1/s  ETA 0.4h
[    108/201] SRR14871479  1.7% classified  | 0.1/s  ETA 0.4h
[    109/201] ERR5696244  23.6% classified  | 0.1/s  ETA 0.4h
[    110/201] ERR5696255  4.4% classified  | 0.1/s  ETA 0.4h
[    111/201] ERR5696283  1.8% classified  | 0.1/s  ETA 0.4h
[    112/201] ERR5696270  2.7% classified  | 0.1/s  ETA 0.4h
[    113/201] ERR5696210  1.1% classified  | 0.1/s  ETA 0.4h
[    114/201] SRR21195582  1.2% classified  | 0.1/s  ETA 0.4h
[    115/201] ERR6548351  6.3% classified  | 0.1/s  ETA 0.4h
[    116/201] SRR2920074  9.4% classified  | 0.1/s  ETA 0.4h
[    117/201] ERR6548362  82.0% classified  | 0.1/s  ETA 0.4h
[    118/201] SRR12888336  0.3% classified  | 0.1/s  ETA 0.4h
[    119/201] SRR9684539  21.0% classified  | 0.1/s  ETA 0.4h
[    120/201] SRR11216283  0.3% classified  | 0.1/s  ETA 0.4h
[    121/201] SRR11216281  0.9% classified  | 0.1/s  ETA 0.4h
[    122/201] SRR11216296  0.9% classified  | 0.1/s  ETA 0.3h
[    123/201] SRR10386365  0.5% classified  | 0.1/s  ETA 0.3h
[    124/201] SRR20324143  1.0% classified  | 0.1/s  ETA 0.3h
[    125/201] SRR23869864  8.7% classified  | 0.1/s  ETA 0.3h
[    126/201] SRR28544667  4.0% classified  | 0.1/s  ETA 0.3h
[    127/201] SRR33583438  0.3% classified  | 0.1/s  ETA 0.3h
[    128/201] SRR16930845  8.1% classified  | 0.1/s  ETA 0.3h
[    129/201] SRR2922440  8.5% classified  | 0.1/s  ETA 0.3h
[    130/201] SRR27326702  47.6% classified  | 0.1/s  ETA 0.3h
[    131/201] SRR8639448  22.1% classified  | 0.1/s  ETA 0.3h
[    132/201] SRR15141038  24.5% classified  | 0.1/s  ETA 0.3h
[    133/201] SRR15141218  2.7% classified  | 0.1/s  ETA 0.3h
[    134/201] SRR15141215  28.2% classified  | 0.1/s  ETA 0.3h
[    135/201] SRR7500370  0.6% classified  | 0.1/s  ETA 0.3h
[    136/201] SRR2517432  4.0% classified  | 0.1/s  ETA 0.3h
[    137/201] SRR32920595  44.2% classified  | 0.1/s  ETA 0.3h
[    138/201] SRR8204152  59.1% classified  | 0.1/s  ETA 0.3h
[    139/201] SRR31850419  0.6% classified  | 0.1/s  ETA 0.3h
[    140/201] ERR10886970  20.1% classified  | 0.1/s  ETA 0.3h
[    141/201] SRR10291747  18.3% classified  | 0.1/s  ETA 0.3h
[    142/201] ERR10886916  11.9% classified  | 0.1/s  ETA 0.3h
[    143/201] SRR36368721  0.8% classified  | 0.1/s  ETA 0.3h
[    144/201] SRR8418363  4.2% classified  | 0.1/s  ETA 0.3h
[    145/201] SRR8418332  6.2% classified  | 0.1/s  ETA 0.3h
[    146/201] SRR24901494  20.4% classified  | 0.1/s  ETA 0.3h
[    147/201] SRR8418264  10.2% classified  | 0.1/s  ETA 0.3h
[    148/201] SRR8418319  11.6% classified  | 0.1/s  ETA 0.3h
[    149/201] SRR27311745  7.8% classified  | 0.1/s  ETA 0.2h
[    150/201] ERR10886913  5.2% classified  | 0.1/s  ETA 0.2h
[    151/201] ERR7421534  63.6% classified  | 0.1/s  ETA 0.2h
[    152/201] ERR7421522  45.4% classified  | 0.1/s  ETA 0.2h
[    153/201] SRR10095075  4.7% classified  | 0.1/s  ETA 0.2h
[    154/201] ERR10886990  6.8% classified  | 0.1/s  ETA 0.2h
[    155/201] ERR10886957  12.4% classified  | 0.1/s  ETA 0.2h
[    156/201] SRR15274850  15.1% classified  | 0.1/s  ETA 0.2h
[    157/201] SRR32959936  10.6% classified  | 0.1/s  ETA 0.2h
[    158/201] SRR34300123  6.5% classified  | 0.1/s  ETA 0.2h
[    159/201] SRR34300116  4.9% classified  | 0.1/s  ETA 0.2h
[    160/201] SRR36910233  4.2% classified  | 0.1/s  ETA 0.2h
[    161/201] SRR36367296  13.2% classified  | 0.1/s  ETA 0.2h
[    162/201] SRR36367285  14.5% classified  | 0.1/s  ETA 0.2h
[    163/201] SRR36910202  4.1% classified  | 0.1/s  ETA 0.2h
[    164/201] SRR36910235  9.7% classified  | 0.1/s  ETA 0.2h
[    165/201] SRR36950016  1.7% classified  | 0.1/s  ETA 0.2h
[    166/201] SRR34300125  3.7% classified  | 0.1/s  ETA 0.2h
[    167/201] SRR36292476  6.8% classified  | 0.1/s  ETA 0.2h
[    168/201] SRR36910241  5.5% classified  | 0.1/s  ETA 0.2h
[    169/201] SRR34300170  5.2% classified  | 0.1/s  ETA 0.2h
[    170/201] SRR34300120  6.4% classified  | 0.1/s  ETA 0.2h
[    171/201] SRR26214564  6.8% classified  | 0.1/s  ETA 0.2h
[    172/201] ERR10926702  4.6% classified  | 0.1/s  ETA 0.2h
[    173/201] SRR1975204  60.4% classified  | 0.1/s  ETA 0.1h
[    174/201] SRR22975704  12.5% classified  | 0.1/s  ETA 0.1h
[    175/201] SRR25969068  3.3% classified  | 0.1/s  ETA 0.1h
[    176/201] SRR7403500  7.8% classified  | 0.1/s  ETA 0.1h
[    177/201] SRR36367287  13.4% classified  | 0.1/s  ETA 0.1h
[    178/201] SRR12133606  22.8% classified  | 0.1/s  ETA 0.1h
[    179/201] SRR25969024  10.4% classified  | 0.1/s  ETA 0.1h
[    180/201] SRR8984114  15.7% classified  | 0.1/s  ETA 0.1h
[    181/201] SRR37491895  28.6% classified  | 0.1/s  ETA 0.1h
[    182/201] SRR11066777  20.6% classified  | 0.1/s  ETA 0.1h
[    183/201] SRR3571661  10.3% classified  | 0.1/s  ETA 0.1h
[    184/201] SRR6189709  64.9% classified  | 0.1/s  ETA 0.1h
[    185/201] ERR990471  75.9% classified  | 0.1/s  ETA 0.1h
[    186/201] SRR1793876  2.5% classified  | 0.1/s  ETA 0.1h
[    187/201] SRR6039743  7.8% classified  | 0.1/s  ETA 0.1h
[    188/201] SRR6395491  79.9% classified  | 0.1/s  ETA 0.1h
[    189/201] SRR34094678  22.0% classified  | 0.1/s  ETA 0.1h
[    190/201] DRR125458  9.9% classified  | 0.1/s  ETA 0.1h
[    191/201] SRR10499796  2.1% classified  | 0.1/s  ETA 0.1h
[    192/201] SRR37049209  5.7% classified  | 0.1/s  ETA 0.0h
[    193/201] SRR8416455  9.9% classified  | 0.1/s  ETA 0.0h
[    194/201] SRR36993188  16.1% classified  | 0.1/s  ETA 0.0h
[    195/201] SRR15539004  57.5% classified  | 0.1/s  ETA 0.0h
[    196/201] SRR35031040  3.3% classified  | 0.1/s  ETA 0.0h
[    197/201] SRR35248609  1.6% classified  | 0.1/s  ETA 0.0h
[    198/201] SRR6292089  9.5% classified  | 0.1/s  ETA 0.0h
[    199/201] SRR22540862  14.9% classified  | 0.1/s  ETA 0.0h
[    200/201] SRR3724095  4.7% classified  | 0.1/s  ETA 0.0h
[    201/201] ERR14823246  59.2% classified  | 0.1/s  ETA 0.0h

── Summary ────────────────────────────────────────
  Classified: 200
  Errors:     1
  Elapsed:    1.0h
  Cache:      kraken/output/run/assign/data/kraken_cache.jsonl
