host=nid001738 job=49983532 task=10 cpus=112
Kraken version 2.1.2
Reads read from: kraken/select/data/reads
Raw kraken2 reports will be saved to: kraken/assign/data/reports
Loaded 3,225 runs from kraken/select/data/run_list.tsv (filters: none)
Array task 10/16: 201 runs in slice, 0 already done, 201 to do

Total runs: 3,225 | Already done: 1 | Remaining: 201
Settings: confidence=0.15, min_hit_groups=3, workers=4, kraken_threads=8
DB: kraken/build/data/db_v3
Tmp: /scratch/pawsey1168/llenzo/kraken_tmp

[      1/201] ERR3170212  86.2% classified  | 0.0/s  ETA 7.6h
[      2/201] ERR3188476  77.3% classified  | 0.0/s  ETA 4.0h
[      3/201] ERR3170275  80.2% classified  | 0.0/s  ETA 2.9h
[      4/201] ERR3188436  79.1% classified  | 0.0/s  ETA 2.3h
[      5/201] ERR3170268  76.3% classified  | 0.0/s  ETA 2.7h
[      6/201] ERR3170263  78.3% classified  | 0.0/s  ETA 2.3h
[      7/201] ERR3170240  76.5% classified  | 0.0/s  ETA 2.0h
[      8/201] ERR3170258  73.3% classified  | 0.0/s  ETA 1.8h
[      9/201] ERR1607831  78.1% classified  | 0.0/s  ETA 2.0h
[     10/201] ERR1607848  82.3% classified  | 0.0/s  ETA 2.0h
[     11/201] ERR3188458  82.8% classified  | 0.0/s  ETA 1.8h
[     12/201] ERR1607780  82.4% classified  | 0.0/s  ETA 1.8h
[     13/201] ERR1607817  87.0% classified  | 0.0/s  ETA 1.8h
[     14/201] ERR1607781  81.1% classified  | 0.0/s  ETA 1.7h
[     15/201] ERR1607806  84.8% classified  | 0.0/s  ETA 1.6h
[     16/201] ERR1607731  76.1% classified  | 0.0/s  ETA 1.8h
[     17/201] ERR1607865  61.0% classified  | 0.0/s  ETA 1.7h
[     18/201] ERR15005523  81.0% classified  | 0.0/s  ETA 1.7h
[     19/201] ERR15005504  51.9% classified  | 0.0/s  ETA 1.7h
[     20/201] ERR15005513  34.6% classified  | 0.0/s  ETA 1.6h
[     21/201] ERR15005465  61.0% classified  | 0.0/s  ETA 1.7h
[     22/201] ERR15005447  79.1% classified  | 0.0/s  ETA 1.7h
[     23/201] ERR12013033  82.6% classified  | 0.0/s  ETA 1.6h
[     24/201] ERR12013071  82.0% classified  | 0.0/s  ETA 1.6h
[     25/201] ERR15005461  53.4% classified  | 0.0/s  ETA 1.6h
[     26/201] ERR12013037  82.4% classified  | 0.0/s  ETA 1.5h
[     27/201] ERR6847877  84.3% classified  | 0.0/s  ETA 1.6h
[     28/201] ERR4315371  80.3% classified  | 0.0/s  ETA 1.7h
[     29/201] SRR29076503  86.3% classified  | 0.0/s  ETA 1.6h
[     30/201] SRR29077172  87.3% classified  | 0.0/s  ETA 1.6h
[     31/201] ERR4315379  78.5% classified  | 0.0/s  ETA 1.6h
[     32/201] ERR4315338  83.1% classified  | 0.0/s  ETA 1.5h
[     33/201] ERR4761823  72.7% classified  | 0.0/s  ETA 1.5h
[     34/201] ERR4315392  79.5% classified  | 0.0/s  ETA 1.6h
[     35/201] ERR4315268  76.8% classified  | 0.0/s  ETA 1.6h
[     36/201] ERR4315202  77.8% classified  | 0.0/s  ETA 1.5h
[     37/201] ERR4315288  80.0% classified  | 0.0/s  ETA 1.5h
[     38/201] ERR4315153  81.9% classified  | 0.0/s  ETA 1.5h
[     39/201] ERR4315671  80.8% classified  | 0.0/s  ETA 1.5h
[     40/201] ERR4315607  82.5% classified  | 0.0/s  ETA 1.5h
[     41/201] ERR4315629  81.8% classified  | 0.0/s  ETA 1.5h
[     42/201] ERR4315151  78.8% classified  | 0.0/s  ETA 1.4h
[     43/201] ERR4315158  71.9% classified  | 0.0/s  ETA 1.4h
[     44/201] ERR4315490  77.5% classified  | 0.0/s  ETA 1.4h
[     45/201] ERR4315293  82.9% classified  | 0.0/s  ETA 1.4h
[     46/201] ERR4315281  78.6% classified  | 0.0/s  ETA 1.4h
[     47/201] ERR4315234  73.7% classified  | 0.0/s  ETA 1.3h
[     48/201] ERR4315640  84.1% classified  | 0.0/s  ETA 1.3h
[     49/201] ERR4315651  83.9% classified  | 0.0/s  ETA 1.4h
[     50/201] ERR4315541  76.2% classified  | 0.0/s  ETA 1.4h
[     51/201] ERR4315172  75.4% classified  | 0.0/s  ETA 1.4h
[     52/201] ERR4315649  81.0% classified  | 0.0/s  ETA 1.4h
[     53/201] ERR4315374  90.3% classified  | 0.0/s  ETA 1.3h
[     54/201] ERR4315453  84.1% classified  | 0.0/s  ETA 1.4h
[     55/201] ERR4315263  80.1% classified  | 0.0/s  ETA 1.4h
[     56/201] ERR4315376  79.1% classified  | 0.0/s  ETA 1.4h
[     57/201] ERR4315315  72.8% classified  | 0.0/s  ETA 1.3h
[     58/201] ERR4315466  90.5% classified  | 0.0/s  ETA 1.3h
[     59/201] ERR4315527  78.8% classified  | 0.0/s  ETA 1.3h
[     60/201] ERR4315385  79.5% classified  | 0.0/s  ETA 1.3h
[     61/201] ERR4315590  78.7% classified  | 0.0/s  ETA 1.3h
[     62/201] ERR4315618  77.0% classified  | 0.0/s  ETA 1.3h
[     63/201] SRR24010221  80.8% classified  | 0.0/s  ETA 1.3h
[     64/201] SRR1425536  ERR(no_local_reads)  | 0.0/s  ETA 1.3h
[     65/201] ERR4315170  75.8% classified  | 0.0/s  ETA 1.2h
[     66/201] SRR24010217  84.4% classified  | 0.0/s  ETA 1.2h
[     67/201] ERR3856851  82.1% classified  | 0.0/s  ETA 1.3h
[     68/201] ERR3856821  55.5% classified  | 0.0/s  ETA 1.3h
[     69/201] ERR3856850  86.4% classified  | 0.0/s  ETA 1.2h
[     70/201] ERR3500546  83.7% classified  | 0.0/s  ETA 1.3h
[     71/201] SRR579535  55.3% classified  | 0.0/s  ETA 1.3h
[     72/201] SRR23706859  69.5% classified  | 0.0/s  ETA 1.3h
[     73/201] ERR3500532  79.9% classified  | 0.0/s  ETA 1.3h
[     74/201] ERR3500526  84.2% classified  | 0.0/s  ETA 1.3h
[     75/201] SRR1557212  82.1% classified  | 0.0/s  ETA 1.3h
[     76/201] ERR13340222  79.5% classified  | 0.0/s  ETA 1.3h
[     77/201] SRR26175770  85.2% classified  | 0.0/s  ETA 1.3h
[     78/201] SRR1555295  79.7% classified  | 0.0/s  ETA 1.3h
[     79/201] SRR391839  69.5% classified  | 0.0/s  ETA 1.2h
[     80/201] SRR391826  71.8% classified  | 0.0/s  ETA 1.2h
[     81/201] SRR31839225  79.5% classified  | 0.0/s  ETA 1.2h
[     82/201] SRR6242062  70.2% classified  | 0.0/s  ETA 1.2h
[     83/201] ERR789382  74.0% classified  | 0.0/s  ETA 1.2h
[     84/201] SRR32620561  82.9% classified  | 0.0/s  ETA 1.2h
[     85/201] ERR789099  64.4% classified  | 0.0/s  ETA 1.1h
[     86/201] SRR6242055  72.2% classified  | 0.0/s  ETA 1.1h
[     87/201] SRR8718810  92.6% classified  | 0.0/s  ETA 1.1h
[     88/201] SRR8718842  96.0% classified  | 0.0/s  ETA 1.1h
[     89/201] SRR8718817  93.0% classified  | 0.0/s  ETA 1.1h
[     90/201] ERR2099151  81.2% classified  | 0.0/s  ETA 1.1h
[     91/201] ERR13106413  81.6% classified  | 0.0/s  ETA 1.1h
[     92/201] SRR4240592  81.5% classified  | 0.0/s  ETA 1.1h
[     93/201] ERR13159121  81.2% classified  | 0.0/s  ETA 1.1h
[     94/201] SRR34026572  78.4% classified  | 0.0/s  ETA 1.1h
[     95/201] SRR34026577  76.6% classified  | 0.0/s  ETA 1.1h
[     96/201] SRR3750711  86.6% classified  | 0.0/s  ETA 1.0h
[     97/201] SRR3750699  89.4% classified  | 0.0/s  ETA 1.0h
[     98/201] SRR2874373  81.2% classified  | 0.0/s  ETA 1.0h
[     99/201] ERR5928156  83.1% classified  | 0.0/s  ETA 1.0h
[    100/201] ERR5928165  83.0% classified  | 0.0/s  ETA 1.0h
[    101/201] ERR5928192  82.5% classified  | 0.0/s  ETA 1.0h
[    102/201] SRR21195579  86.3% classified  | 0.0/s  ETA 1.0h
[    103/201] ERR5928217  79.1% classified  | 0.0/s  ETA 1.0h
[    104/201] ERR5928222  82.2% classified  | 0.0/s  ETA 1.0h
[    105/201] SRR2170109  68.6% classified  | 0.0/s  ETA 1.0h
[    106/201] SRR20067743  85.1% classified  | 0.0/s  ETA 0.9h
[    107/201] SRR14871470  85.7% classified  | 0.0/s  ETA 1.0h
[    108/201] ERR6548341  90.8% classified  | 0.0/s  ETA 1.0h
[    109/201] SRR9684535  58.4% classified  | 0.0/s  ETA 0.9h
[    110/201] ERR5696202  90.8% classified  | 0.0/s  ETA 0.9h
[    111/201] ERR5696277  92.0% classified  | 0.0/s  ETA 0.9h
[    112/201] ERR5696245  90.7% classified  | 0.0/s  ETA 0.9h
[    113/201] ERR6548345  92.7% classified  | 0.0/s  ETA 0.9h
[    114/201] ERR5696282  93.0% classified  | 0.0/s  ETA 0.9h
[    115/201] ERR5696257  92.3% classified  | 0.0/s  ETA 0.9h
[    116/201] ERR5696272  92.6% classified  | 0.0/s  ETA 0.8h
[    117/201] ERR5696209  90.9% classified  | 0.0/s  ETA 0.8h
[    118/201] SRR2920464  33.5% classified  | 0.0/s  ETA 0.8h
[    119/201] SRR6221903  76.7% classified  | 0.0/s  ETA 0.8h
[    120/201] SRR20324134  86.6% classified  | 0.0/s  ETA 0.8h
[    121/201] SRR11216285  6.7% classified  | 0.0/s  ETA 0.8h
[    122/201] SRR11216270  7.6% classified  | 0.0/s  ETA 0.8h
[    123/201] SRR11216299  8.5% classified  | 0.0/s  ETA 0.8h
[    124/201] SRR2517431  78.8% classified  | 0.0/s  ETA 0.8h
[    125/201] SRR36368718  79.1% classified  | 0.0/s  ETA 0.8h
[    126/201] SRR31850435  85.2% classified  | 0.0/s  ETA 0.8h
[    127/201] SRR10386363  60.8% classified  | 0.0/s  ETA 0.8h
[    128/201] SRR33583437  28.9% classified  | 0.0/s  ETA 0.8h
[    129/201] SRR2922441  34.2% classified  | 0.0/s  ETA 0.8h
[    130/201] SRR28544676  91.6% classified  | 0.0/s  ETA 0.7h
[    131/201] SRR28544675  91.7% classified  | 0.0/s  ETA 0.7h
[    132/201] SRR16930842  86.4% classified  | 0.0/s  ETA 0.7h
[    133/201] SRR7500372  80.7% classified  | 0.0/s  ETA 0.7h
[    134/201] SRR27326530  57.6% classified  | 0.0/s  ETA 0.7h
[    135/201] SRR32589261  70.4% classified  | 0.0/s  ETA 0.7h
[    136/201] SRR8204125  66.7% classified  | 0.0/s  ETA 0.7h
[    137/201] SRR15141402  57.9% classified  | 0.0/s  ETA 0.7h
[    138/201] SRR15141327  65.0% classified  | 0.0/s  ETA 0.7h
[    139/201] SRR15141153  75.7% classified  | 0.0/s  ETA 0.7h
[    140/201] SRR36950018  8.5% classified  | 0.0/s  ETA 0.7h
[    141/201] SRR10291734  82.4% classified  | 0.0/s  ETA 0.6h
[    142/201] SRR10291733  75.4% classified  | 0.0/s  ETA 0.6h
[    143/201] ERR10887006  87.2% classified  | 0.0/s  ETA 0.6h
[    144/201] ERR10886915  84.4% classified  | 0.0/s  ETA 0.6h
[    145/201] ERR10886959  84.6% classified  | 0.0/s  ETA 0.6h
[    146/201] ERR10886945  85.6% classified  | 0.0/s  ETA 0.6h
[    147/201] SRR8418308  50.7% classified  | 0.0/s  ETA 0.6h
[    148/201] SRR8418302  63.9% classified  | 0.0/s  ETA 0.6h
[    149/201] SRR14212085  83.1% classified  | 0.0/s  ETA 0.6h
[    150/201] SRR8418341  59.6% classified  | 0.0/s  ETA 0.6h
[    151/201] SRR8418298  60.2% classified  | 0.0/s  ETA 0.5h
[    152/201] ERR10886992  80.2% classified  | 0.0/s  ETA 0.5h
[    153/201] SRR27311630  20.6% classified  | 0.0/s  ETA 0.5h
[    154/201] ERR7421547  72.3% classified  | 0.0/s  ETA 0.5h
[    155/201] SRR10095076  78.0% classified  | 0.0/s  ETA 0.5h
[    156/201] SRR31278111  78.5% classified  | 0.0/s  ETA 0.5h
[    157/201] ERR7421548  72.0% classified  | 0.0/s  ETA 0.5h
[    158/201] SRR32959942  81.3% classified  | 0.0/s  ETA 0.5h
[    159/201] SRR34300105  27.8% classified  | 0.0/s  ETA 0.5h
[    160/201] SRR36292479  63.9% classified  | 0.0/s  ETA 0.4h
[    161/201] SRR36910218  29.5% classified  | 0.0/s  ETA 0.4h
[    162/201] ERR10926674  90.9% classified  | 0.0/s  ETA 0.4h
[    163/201] SRR36367323  59.2% classified  | 0.0/s  ETA 0.4h
[    164/201] SRR36367274  61.5% classified  | 0.0/s  ETA 0.4h
[    165/201] SRR36292504  61.2% classified  | 0.0/s  ETA 0.4h
[    166/201] SRR36367266  67.8% classified  | 0.0/s  ETA 0.4h
[    167/201] SRR36367322  64.5% classified  | 0.0/s  ETA 0.4h
[    168/201] SRR36292484  54.1% classified  | 0.0/s  ETA 0.4h
[    169/201] SRR36367271  65.2% classified  | 0.0/s  ETA 0.4h
[    170/201] SRR36910217  27.2% classified  | 0.0/s  ETA 0.4h
[    171/201] SRR34300110  30.1% classified  | 0.0/s  ETA 0.3h
[    172/201] SRR25969004  87.9% classified  | 0.0/s  ETA 0.3h
[    173/201] SRR26214573  91.3% classified  | 0.0/s  ETA 0.3h
[    174/201] SRR22975695  90.9% classified  | 0.0/s  ETA 0.3h
[    175/201] SRR25969000  88.0% classified  | 0.0/s  ETA 0.3h
[    176/201] SRR34300128  24.5% classified  | 0.0/s  ETA 0.3h
[    177/201] SRR1975195  60.4% classified  | 0.0/s  ETA 0.3h
[    178/201] SRR8984113  78.7% classified  | 0.0/s  ETA 0.3h
[    179/201] SRR7403505  82.9% classified  | 0.0/s  ETA 0.3h
[    180/201] SRR8984118  76.2% classified  | 0.0/s  ETA 0.2h
[    181/201] SRR12133607  28.1% classified  | 0.0/s  ETA 0.2h
[    182/201] SRR6395472  83.4% classified  | 0.0/s  ETA 0.2h
[    183/201] SRR1793911  91.6% classified  | 0.0/s  ETA 0.2h
[    184/201] SRR37491896  28.7% classified  | 0.0/s  ETA 0.2h
[    185/201] SRR18064500  39.5% classified  | 0.0/s  ETA 0.2h
[    186/201] SRR6039739  74.8% classified  | 0.0/s  ETA 0.2h
[    187/201] SRR34094676  35.2% classified  | 0.0/s  ETA 0.2h
[    188/201] SRR6189717  76.1% classified  | 0.0/s  ETA 0.1h
[    189/201] SRR37049207  84.8% classified  | 0.0/s  ETA 0.1h
[    190/201] SRR36993185  89.2% classified  | 0.0/s  ETA 0.1h
[    191/201] ERR990490  74.9% classified  | 0.0/s  ETA 0.1h
[    192/201] SRR24115459  84.6% classified  | 0.0/s  ETA 0.1h
[    193/201] ERR14823245  93.2% classified  | 0.0/s  ETA 0.1h
[    194/201] DRR125465  86.3% classified  | 0.0/s  ETA 0.1h
[    195/201] SRR22540859  91.3% classified  | 0.0/s  ETA 0.1h
[    196/201] SRR8416460  73.0% classified  | 0.0/s  ETA 0.1h
[    197/201] SRR15538945  75.9% classified  | 0.0/s  ETA 0.0h
[    198/201] SRR16017074  90.6% classified  | 0.0/s  ETA 0.0h
[    199/201] SRR3724097  47.0% classified  | 0.0/s  ETA 0.0h
[    200/201] SRR3090580  81.0% classified  | 0.0/s  ETA 0.0h
[    201/201] SRR33510052  67.5% classified  | 0.0/s  ETA 0.0h

── Summary ────────────────────────────────────────
  Classified: 200
  Errors:     1
  Elapsed:    2.3h
  Cache:      kraken/assign/data/kraken_cache.jsonl
