host=nid002578 job=49402285 task=9 cpus=112
Kraken version 2.1.2
Reads read from: kraken/output/run/select/data/reads
Raw kraken2 reports will be saved to: kraken/output/run/assign/data/reports
Loaded 3,225 runs from kraken/output/run/select/data/run_list.tsv (filters: none)
Array task 9/16: 201 runs assigned

Total runs: 3,225 | Already done: 0 | Remaining: 201
Settings: confidence=0.15, min_hit_groups=3, workers=8, kraken_threads=4
DB: kraken/output/db/build/data/db_v2
Tmp: /scratch/fl3/llenzo/kraken_tmp

[      1/201] ERR3170242  52.0% classified  | 0.0/s  ETA 6.3h
[      2/201] ERR3170262  54.0% classified  | 0.0/s  ETA 3.9h
[      3/201] ERR3170254  37.1% classified  | 0.0/s  ETA 2.6h
[      4/201] ERR3170261  65.0% classified  | 0.0/s  ETA 2.0h
[      5/201] ERR3170187  56.0% classified  | 0.0/s  ETA 1.7h
[      6/201] ERR3170192  64.9% classified  | 0.0/s  ETA 1.5h
[      7/201] ERR3188441  46.4% classified  | 0.0/s  ETA 1.3h
[      8/201] ERR3188465  59.7% classified  | 0.0/s  ETA 1.2h
[      9/201] ERR1607767  49.7% classified  | 0.0/s  ETA 1.2h
[     10/201] ERR1607757  39.9% classified  | 0.0/s  ETA 1.1h
[     11/201] ERR1607761  54.5% classified  | 0.0/s  ETA 1.1h
[     12/201] ERR1607805  57.7% classified  | 0.1/s  ETA 1.0h
[     13/201] ERR3170228  61.8% classified  | 0.1/s  ETA 1.0h
[     14/201] ERR1607743  58.6% classified  | 0.1/s  ETA 1.0h
[     15/201] ERR1607830  64.7% classified  | 0.1/s  ETA 1.0h
[     16/201] ERR1607853  33.7% classified  | 0.1/s  ETA 1.0h
[     17/201] ERR1607777  29.6% classified  | 0.1/s  ETA 1.0h
[     18/201] ERR15005458  27.0% classified  | 0.1/s  ETA 0.9h
[     19/201] ERR15005494  27.5% classified  | 0.1/s  ETA 0.9h
[     20/201] ERR15005475  10.1% classified  | 0.1/s  ETA 0.9h
[     21/201] ERR12013045  60.4% classified  | 0.1/s  ETA 0.9h
[     22/201] ERR12013038  69.2% classified  | 0.1/s  ETA 0.9h
[     23/201] ERR15005542  20.2% classified  | 0.1/s  ETA 0.9h
[     24/201] ERR15005543  22.9% classified  | 0.1/s  ETA 0.8h
[     25/201] ERR12013042  58.5% classified  | 0.1/s  ETA 0.8h
[     26/201] ERR15005529  25.9% classified  | 0.1/s  ETA 0.8h
[     27/201] ERR6847885  52.2% classified  | 0.1/s  ETA 0.8h
[     28/201] ERR6847883  44.2% classified  | 0.1/s  ETA 0.8h
[     29/201] ERR4315308  57.3% classified  | 0.1/s  ETA 0.8h
[     30/201] ERR4315510  63.5% classified  | 0.1/s  ETA 0.8h
[     31/201] ERR4315261  60.8% classified  | 0.1/s  ETA 0.8h
[     32/201] ERR4315307  53.0% classified  | 0.1/s  ETA 0.8h
[     33/201] SRR29076457  4.3% classified  | 0.1/s  ETA 0.8h
[     34/201] ERR4315610  54.6% classified  | 0.1/s  ETA 0.8h
[     35/201] ERR4315608  37.2% classified  | 0.1/s  ETA 0.8h
[     36/201] ERR4315551  37.6% classified  | 0.1/s  ETA 0.8h
[     37/201] ERR4315552  51.8% classified  | 0.1/s  ETA 0.8h
[     38/201] ERR4315383  59.9% classified  | 0.1/s  ETA 0.8h
[     39/201] ERR4315521  68.5% classified  | 0.1/s  ETA 0.7h
[     40/201] ERR4315178  59.5% classified  | 0.1/s  ETA 0.7h
[     41/201] ERR4315274  60.4% classified  | 0.1/s  ETA 0.7h
[     42/201] ERR4315326  26.3% classified  | 0.1/s  ETA 0.7h
[     43/201] ERR4315485  61.9% classified  | 0.1/s  ETA 0.7h
[     44/201] ERR4315209  57.8% classified  | 0.1/s  ETA 0.7h
[     45/201] ERR4315222  63.4% classified  | 0.1/s  ETA 0.7h
[     46/201] ERR4315380  58.7% classified  | 0.1/s  ETA 0.7h
[     47/201] ERR4315201  41.2% classified  | 0.1/s  ETA 0.7h
[     48/201] ERR4315290  51.7% classified  | 0.1/s  ETA 0.7h
[     49/201] ERR4315497  48.1% classified  | 0.1/s  ETA 0.7h
[     50/201] ERR4315655  22.9% classified  | 0.1/s  ETA 0.7h
[     51/201] ERR4315520  37.8% classified  | 0.1/s  ETA 0.7h
[     52/201] ERR4315445  50.7% classified  | 0.1/s  ETA 0.6h
[     53/201] ERR4315432  46.5% classified  | 0.1/s  ETA 0.6h
[     54/201] ERR4315271  67.6% classified  | 0.1/s  ETA 0.6h
[     55/201] ERR4315421  14.4% classified  | 0.1/s  ETA 0.6h
[     56/201] ERR4315633  57.7% classified  | 0.1/s  ETA 0.7h
[     57/201] ERR4315611  50.5% classified  | 0.1/s  ETA 0.6h
[     58/201] ERR4315431  54.6% classified  | 0.1/s  ETA 0.6h
[     59/201] ERR4315260  52.3% classified  | 0.1/s  ETA 0.6h
[     60/201] SRR1425603  ERR(no_local_reads)  | 0.1/s  ETA 0.6h
[     61/201] ERR4315458  61.0% classified  | 0.1/s  ETA 0.6h
[     62/201] ERR4315539  56.5% classified  | 0.1/s  ETA 0.6h
[     63/201] ERR4315426  45.6% classified  | 0.1/s  ETA 0.6h
[     64/201] SRR579539  ERR(no_local_reads)  | 0.1/s  ETA 0.6h
[     65/201] ERR4315500  16.5% classified  | 0.1/s  ETA 0.6h
[     66/201] SRR24010240  32.8% classified  | 0.1/s  ETA 0.6h
[     67/201] ERR3856836  53.6% classified  | 0.1/s  ETA 0.6h
[     68/201] ERR3856835  33.6% classified  | 0.1/s  ETA 0.6h
[     69/201] ERR3856839  32.9% classified  | 0.1/s  ETA 0.6h
[     70/201] ERR3500548  5.6% classified  | 0.1/s  ETA 0.6h
[     71/201] SRR24010248  30.9% classified  | 0.1/s  ETA 0.6h
[     72/201] SRR1555294  45.0% classified  | 0.1/s  ETA 0.6h
[     73/201] SRR1557214  27.7% classified  | 0.1/s  ETA 0.6h
[     74/201] ERR3500523  1.6% classified  | 0.1/s  ETA 0.6h
[     75/201] ERR13340223  55.6% classified  | 0.1/s  ETA 0.6h
[     76/201] SRR391844  3.5% classified  | 0.1/s  ETA 0.6h
[     77/201] SRR391843  3.5% classified  | 0.1/s  ETA 0.6h
[     78/201] ERR3500533  3.1% classified  | 0.1/s  ETA 0.6h
[     79/201] SRR1583680  69.5% classified  | 0.1/s  ETA 0.5h
[     80/201] SRR6242060  5.7% classified  | 0.1/s  ETA 0.5h
[     81/201] ERR789114  34.6% classified  | 0.1/s  ETA 0.5h
[     82/201] ERR789368  1.6% classified  | 0.1/s  ETA 0.5h
[     83/201] SRR26175769  0.9% classified  | 0.1/s  ETA 0.5h
[     84/201] SRR32620559  40.5% classified  | 0.1/s  ETA 0.5h
[     85/201] ERR2099150  76.3% classified  | 0.1/s  ETA 0.5h
[     86/201] SRR8718827  7.2% classified  | 0.1/s  ETA 0.5h
[     87/201] SRR8718829  8.2% classified  | 0.1/s  ETA 0.5h
[     88/201] SRR8718806  0.5% classified  | 0.1/s  ETA 0.5h
[     89/201] ERR13098509  45.4% classified  | 0.1/s  ETA 0.5h
[     90/201] SRR6242028  15.9% classified  | 0.1/s  ETA 0.5h
[     91/201] SRR4240601  53.3% classified  | 0.1/s  ETA 0.5h
[     92/201] SRR34026578  13.6% classified  | 0.1/s  ETA 0.5h
[     93/201] SRR34026592  4.0% classified  | 0.1/s  ETA 0.5h
[     94/201] ERR13107212  1.1% classified  | 0.1/s  ETA 0.5h
[     95/201] SRR3750713  1.5% classified  | 0.1/s  ETA 0.5h
[     96/201] SRR3750728  3.8% classified  | 0.1/s  ETA 0.5h
[     97/201] ERR5928183  1.2% classified  | 0.1/s  ETA 0.5h
[     98/201] ERR5928174  8.9% classified  | 0.1/s  ETA 0.5h
[     99/201] SRR2874379  7.3% classified  | 0.1/s  ETA 0.4h
[    100/201] ERR5928173  9.9% classified  | 0.1/s  ETA 0.4h
[    101/201] ERR5928224  13.0% classified  | 0.1/s  ETA 0.4h
[    102/201] SRR2170111  3.0% classified  | 0.1/s  ETA 0.4h
[    103/201] ERR5928219  1.5% classified  | 0.1/s  ETA 0.4h
[    104/201] SRR20067741  0.8% classified  | 0.1/s  ETA 0.4h
[    105/201] ERR5696218  2.5% classified  | 0.1/s  ETA 0.4h
[    106/201] SRR14871480  1.6% classified  | 0.1/s  ETA 0.4h
[    107/201] SRR23706858  15.3% classified  | 0.1/s  ETA 0.4h
[    108/201] ERR5696276  3.3% classified  | 0.1/s  ETA 0.4h
[    109/201] ERR6548385  2.2% classified  | 0.1/s  ETA 0.4h
[    110/201] ERR5696301  2.9% classified  | 0.1/s  ETA 0.4h
[    111/201] ERR5696259  4.7% classified  | 0.1/s  ETA 0.4h
[    112/201] ERR5696269  2.7% classified  | 0.1/s  ETA 0.4h
[    113/201] ERR5696246  23.7% classified  | 0.1/s  ETA 0.4h
[    114/201] ERR5696232  4.9% classified  | 0.1/s  ETA 0.4h
[    115/201] SRR21195560  8.1% classified  | 0.1/s  ETA 0.4h
[    116/201] SRR11216260  0.5% classified  | 0.1/s  ETA 0.4h
[    117/201] SRR2920597  7.8% classified  | 0.1/s  ETA 0.4h
[    118/201] ERR6548342  2.2% classified  | 0.1/s  ETA 0.4h
[    119/201] SRR11216294  0.5% classified  | 0.1/s  ETA 0.4h
[    120/201] SRR11216280  0.3% classified  | 0.1/s  ETA 0.4h
[    121/201] SRR20324140  0.9% classified  | 0.1/s  ETA 0.4h
[    122/201] SRR6221907  0.7% classified  | 0.1/s  ETA 0.4h
[    123/201] SRR10386362  0.2% classified  | 0.1/s  ETA 0.3h
[    124/201] SRR2922442  6.9% classified  | 0.1/s  ETA 0.3h
[    125/201] SRR33583432  0.2% classified  | 0.1/s  ETA 0.3h
[    126/201] SRR28475139  2.2% classified  | 0.1/s  ETA 0.3h
[    127/201] SRR28544668  9.0% classified  | 0.1/s  ETA 0.3h
[    128/201] SRR16930844  10.4% classified  | 0.1/s  ETA 0.3h
[    129/201] SRR27326840  50.3% classified  | 0.1/s  ETA 0.3h
[    130/201] SRR2517429  1.9% classified  | 0.1/s  ETA 0.3h
[    131/201] SRR7500369  0.6% classified  | 0.1/s  ETA 0.3h
[    132/201] SRR15141137  16.0% classified  | 0.1/s  ETA 0.3h
[    133/201] SRR15141128  27.6% classified  | 0.1/s  ETA 0.3h
[    134/201] SRR15141039  16.3% classified  | 0.1/s  ETA 0.3h
[    135/201] SRR32589262  14.4% classified  | 0.1/s  ETA 0.3h
[    136/201] SRR8204117  7.9% classified  | 0.1/s  ETA 0.3h
[    137/201] SRR36368722  0.5% classified  | 0.1/s  ETA 0.3h
[    138/201] SRR31850425  0.6% classified  | 0.1/s  ETA 0.3h
[    139/201] SRR10291761  29.4% classified  | 0.1/s  ETA 0.3h
[    140/201] ERR10887005  25.6% classified  | 0.1/s  ETA 0.3h
[    141/201] SRR10291756  49.0% classified  | 0.1/s  ETA 0.3h
[    142/201] ERR10886988  7.1% classified  | 0.1/s  ETA 0.3h
[    143/201] SRR8418268  10.0% classified  | 0.1/s  ETA 0.3h
[    144/201] SRR8418385  6.2% classified  | 0.1/s  ETA 0.3h
[    145/201] SRR8418284  7.8% classified  | 0.1/s  ETA 0.3h
[    146/201] SRR8418266  9.0% classified  | 0.1/s  ETA 0.3h
[    147/201] SRR36950021  2.5% classified  | 0.1/s  ETA 0.3h
[    148/201] SRR14212083  2.6% classified  | 0.1/s  ETA 0.3h
[    149/201] SRR27311339  14.5% classified  | 0.1/s  ETA 0.3h
[    150/201] ERR7421529  50.0% classified  | 0.1/s  ETA 0.3h
[    151/201] SRR9684552  6.0% classified  | 0.1/s  ETA 0.2h
[    152/201] ERR7421545  27.2% classified  | 0.1/s  ETA 0.2h
[    153/201] ERR10886958  12.4% classified  | 0.1/s  ETA 0.2h
[    154/201] ERR10886947  6.8% classified  | 0.1/s  ETA 0.2h
[    155/201] ERR10886991  6.8% classified  | 0.1/s  ETA 0.2h
[    156/201] SRR32959941  9.0% classified  | 0.1/s  ETA 0.2h
[    157/201] SRR34300158  8.5% classified  | 0.1/s  ETA 0.2h
[    158/201] SRR31278122  5.0% classified  | 0.1/s  ETA 0.2h
[    159/201] SRR36910208  5.4% classified  | 0.1/s  ETA 0.2h
[    160/201] SRR34300106  4.6% classified  | 0.1/s  ETA 0.2h
[    161/201] SRR34300142  5.0% classified  | 0.1/s  ETA 0.2h
[    162/201] SRR10582639  5.2% classified  | 0.1/s  ETA 0.2h
[    163/201] SRR36367302  13.1% classified  | 0.1/s  ETA 0.2h
[    164/201] SRR34300109  4.8% classified  | 0.1/s  ETA 0.2h
[    165/201] SRR34300161  8.6% classified  | 0.1/s  ETA 0.2h
[    166/201] ERR10926675  8.5% classified  | 0.1/s  ETA 0.2h
[    167/201] SRR34300101  6.9% classified  | 0.1/s  ETA 0.2h
[    168/201] SRR36910267  2.8% classified  | 0.1/s  ETA 0.2h
[    169/201] SRR36910249  2.8% classified  | 0.1/s  ETA 0.2h
[    170/201] SRR25969048  8.6% classified  | 0.1/s  ETA 0.2h
[    171/201] SRR36367330  18.1% classified  | 0.1/s  ETA 0.2h
[    172/201] SRR25968998  9.4% classified  | 0.1/s  ETA 0.2h
[    173/201] SRR26214562  13.5% classified  | 0.1/s  ETA 0.2h
[    174/201] SRR36292455  5.1% classified  | 0.1/s  ETA 0.1h
[    175/201] SRR1975203  61.4% classified  | 0.1/s  ETA 0.1h
[    176/201] SRR22975703  12.1% classified  | 0.1/s  ETA 0.1h
[    177/201] SRR36367339  15.6% classified  | 0.1/s  ETA 0.1h
[    178/201] SRR12133604  23.4% classified  | 0.1/s  ETA 0.1h
[    179/201] SRR37491912  7.4% classified  | 0.1/s  ETA 0.1h
[    180/201] SRR8984126  59.7% classified  | 0.1/s  ETA 0.1h
[    181/201] SRR6395492  76.5% classified  | 0.1/s  ETA 0.1h
[    182/201] SRR1793815  2.8% classified  | 0.1/s  ETA 0.1h
[    183/201] SRR32021761  4.4% classified  | 0.1/s  ETA 0.1h
[    184/201] ERR990472  76.2% classified  | 0.1/s  ETA 0.1h
[    185/201] SRR6039740  6.5% classified  | 0.1/s  ETA 0.1h
[    186/201] SRR11067668  8.5% classified  | 0.1/s  ETA 0.1h
[    187/201] SRR8984117  51.7% classified  | 0.1/s  ETA 0.1h
[    188/201] SRR34094677  23.3% classified  | 0.1/s  ETA 0.1h
[    189/201] SRR6189720  37.7% classified  | 0.1/s  ETA 0.1h
[    190/201] SRR24115445  6.2% classified  | 0.1/s  ETA 0.1h
[    191/201] SRR10189431  58.2% classified  | 0.1/s  ETA 0.1h
[    192/201] SRR8416463  27.9% classified  | 0.1/s  ETA 0.0h
[    193/201] SRR18064502  33.1% classified  | 0.1/s  ETA 0.0h
[    194/201] SRR22540860  17.6% classified  | 0.1/s  ETA 0.0h
[    195/201] SRR5387720  8.3% classified  | 0.1/s  ETA 0.0h
[    196/201] SRR3724099  10.2% classified  | 0.1/s  ETA 0.0h
[    197/201] ERR14823240  23.0% classified  | 0.1/s  ETA 0.0h
[    198/201] SRR29327393  2.1% classified  | 0.1/s  ETA 0.0h
[    199/201] SRR16017073  4.6% classified  | 0.1/s  ETA 0.0h
[    200/201] SRR1773573  3.9% classified  | 0.1/s  ETA 0.0h
[    201/201] SRR33510057  11.6% classified  | 0.1/s  ETA 0.0h

── Summary ────────────────────────────────────────
  Classified: 199
  Errors:     2
  Elapsed:    1.1h
  Cache:      kraken/output/run/assign/data/kraken_cache.jsonl
