host=nid002317 job=49402276 task=1 cpus=112
Kraken version 2.1.2
Reads read from: kraken/output/run/select/data/reads
Raw kraken2 reports will be saved to: kraken/output/run/assign/data/reports
Loaded 3,225 runs from kraken/output/run/select/data/run_list.tsv (filters: none)
Array task 1/16: 202 runs assigned

Total runs: 3,225 | Already done: 0 | Remaining: 202
Settings: confidence=0.15, min_hit_groups=3, workers=8, kraken_threads=4
DB: kraken/output/db/build/data/db_v2
Tmp: /scratch/fl3/llenzo/kraken_tmp

[      1/202] ERR3170273  71.5% classified  | 0.0/s  ETA 7.5h
[      2/202] ERR3170248  62.9% classified  | 0.0/s  ETA 3.9h
[      3/202] ERR3170252  38.0% classified  | 0.0/s  ETA 2.8h
[      4/202] ERR3170272  65.8% classified  | 0.0/s  ETA 2.1h
[      5/202] ERR3188442  62.2% classified  | 0.0/s  ETA 1.9h
[      6/202] ERR3170237  65.2% classified  | 0.0/s  ETA 1.6h
[      7/202] ERR3170217  56.3% classified  | 0.0/s  ETA 1.4h
[      8/202] ERR3188454  58.5% classified  | 0.0/s  ETA 1.3h
[      9/202] ERR3170259  58.9% classified  | 0.0/s  ETA 1.4h
[     10/202] ERR3188449  26.8% classified  | 0.0/s  ETA 1.3h
[     11/202] ERR1607760  72.3% classified  | 0.0/s  ETA 1.2h
[     12/202] ERR1607747  18.7% classified  | 0.0/s  ETA 1.1h
[     13/202] ERR1607744  50.5% classified  | 0.0/s  ETA 1.1h
[     14/202] ERR1607800  51.6% classified  | 0.1/s  ETA 1.0h
[     15/202] ERR1607823  13.9% classified  | 0.1/s  ETA 1.0h
[     16/202] ERR1607846  69.0% classified  | 0.1/s  ETA 0.9h
[     17/202] ERR1607820  32.8% classified  | 0.1/s  ETA 1.0h
[     18/202] ERR15005464  25.9% classified  | 0.0/s  ETA 1.0h
[     19/202] ERR15005515  20.0% classified  | 0.1/s  ETA 1.0h
[     20/202] ERR12013030  54.4% classified  | 0.1/s  ETA 1.0h
[     21/202] ERR15005506  19.7% classified  | 0.1/s  ETA 0.9h
[     22/202] ERR15005473  10.4% classified  | 0.1/s  ETA 0.9h
[     23/202] ERR12013048  70.0% classified  | 0.1/s  ETA 0.9h
[     24/202] ERR15005498  33.9% classified  | 0.1/s  ETA 0.9h
[     25/202] ERR12013072  81.6% classified  | 0.1/s  ETA 0.8h
[     26/202] ERR15005474  9.5% classified  | 0.1/s  ETA 0.8h
[     27/202] ERR6847894  59.7% classified  | 0.1/s  ETA 0.9h
[     28/202] ERR6847875  30.3% classified  | 0.1/s  ETA 0.8h
[     29/202] ERR4315493  38.5% classified  | 0.1/s  ETA 0.9h
[     30/202] SRR29077169  7.9% classified  | 0.1/s  ETA 0.8h
[     31/202] ERR4315214  55.4% classified  | 0.1/s  ETA 0.8h
[     32/202] ERR4315469  15.5% classified  | 0.1/s  ETA 0.8h
[     33/202] SRR7797546  85.5% classified  | 0.1/s  ETA 0.8h
[     34/202] ERR4315586  66.0% classified  | 0.1/s  ETA 0.7h
[     35/202] ERR4315673  23.1% classified  | 0.1/s  ETA 0.8h
[     36/202] ERR4315212  22.0% classified  | 0.1/s  ETA 0.8h
[     37/202] ERR4315394  41.1% classified  | 0.1/s  ETA 0.8h
[     38/202] ERR4315511  75.9% classified  | 0.1/s  ETA 0.8h
[     39/202] ERR4315467  22.2% classified  | 0.1/s  ETA 0.8h
[     40/202] ERR4315548  63.5% classified  | 0.1/s  ETA 0.8h
[     41/202] ERR4315513  35.6% classified  | 0.1/s  ETA 0.8h
[     42/202] ERR4315620  41.1% classified  | 0.1/s  ETA 0.7h
[     43/202] ERR4315449  48.2% classified  | 0.1/s  ETA 0.7h
[     44/202] ERR4315304  8.1% classified  | 0.1/s  ETA 0.7h
[     45/202] ERR4315157  57.4% classified  | 0.1/s  ETA 0.7h
[     46/202] ERR4315501  24.0% classified  | 0.1/s  ETA 0.7h
[     47/202] ERR4315420  33.0% classified  | 0.1/s  ETA 0.7h
[     48/202] ERR4315498  48.8% classified  | 0.1/s  ETA 0.7h
[     49/202] ERR4315186  26.3% classified  | 0.1/s  ETA 0.7h
[     50/202] ERR4315192  31.7% classified  | 0.1/s  ETA 0.7h
[     51/202] ERR4315251  35.1% classified  | 0.1/s  ETA 0.7h
[     52/202] ERR4315184  58.4% classified  | 0.1/s  ETA 0.6h
[     53/202] ERR4315503  30.7% classified  | 0.1/s  ETA 0.6h
[     54/202] ERR4315185  27.5% classified  | 0.1/s  ETA 0.6h
[     55/202] ERR4315674  48.4% classified  | 0.1/s  ETA 0.6h
[     56/202] ERR4315323  62.6% classified  | 0.1/s  ETA 0.6h
[     57/202] ERR4315204  53.6% classified  | 0.1/s  ETA 0.6h
[     58/202] ERR4315327  56.4% classified  | 0.1/s  ETA 0.6h
[     59/202] ERR4315165  27.0% classified  | 0.1/s  ETA 0.6h
[     60/202] ERR4315289  55.5% classified  | 0.1/s  ETA 0.6h
[     61/202] ERR4315657  18.2% classified  | 0.1/s  ETA 0.6h
[     62/202] ERR4315579  23.6% classified  | 0.1/s  ETA 0.6h
[     63/202] ERR4315438  18.7% classified  | 0.1/s  ETA 0.6h
[     64/202] ERR3383641  69.7% classified  | 0.1/s  ETA 0.6h
[     65/202] ERR3856833  33.6% classified  | 0.1/s  ETA 0.6h
[     66/202] SRR24010228  29.9% classified  | 0.1/s  ETA 0.6h
[     67/202] ERR3500554  3.3% classified  | 0.1/s  ETA 0.6h
[     68/202] ERR3856815  36.6% classified  | 0.1/s  ETA 0.6h
[     69/202] SRR24010238  56.2% classified  | 0.1/s  ETA 0.6h
[     70/202] SRR28704968  36.4% classified  | 0.1/s  ETA 0.6h
[     71/202] SRR1562263  55.9% classified  | 0.1/s  ETA 0.6h
[     72/202] SRR12329588  53.6% classified  | 0.1/s  ETA 0.6h
[     73/202] SRR1562084  31.6% classified  | 0.1/s  ETA 0.6h
[     74/202] SRR2185184  89.3% classified  | 0.1/s  ETA 0.6h
[     75/202] SRR1562185  42.1% classified  | 0.1/s  ETA 0.6h
[     76/202] SRR391828  2.1% classified  | 0.1/s  ETA 0.6h
[     77/202] SRR22139848  3.6% classified  | 0.1/s  ETA 0.6h
[     78/202] SRR23706865  1.4% classified  | 0.1/s  ETA 0.6h
[     79/202] SRR6242037  10.1% classified  | 0.1/s  ETA 0.6h
[     80/202] ERR3500515  1.6% classified  | 0.1/s  ETA 0.6h
[     81/202] ERR789370  3.5% classified  | 0.1/s  ETA 0.6h
[     82/202] ERR3500519  1.6% classified  | 0.1/s  ETA 0.6h
[     83/202] ERR3500514  0.9% classified  | 0.1/s  ETA 0.6h
[     84/202] SRR32620564  30.1% classified  | 0.1/s  ETA 0.5h
[     85/202] SRR6242057  2.5% classified  | 0.1/s  ETA 0.6h
[     86/202] ERR13148999  23.6% classified  | 0.1/s  ETA 0.6h
[     87/202] SRR8718799  10.5% classified  | 0.1/s  ETA 0.5h
[     88/202] SRR8718844  3.5% classified  | 0.1/s  ETA 0.5h
[     89/202] SRR8718830  7.1% classified  | 0.1/s  ETA 0.5h
[     90/202] SRR34026583  7.1% classified  | 0.1/s  ETA 0.5h
[     91/202] SRR8718814  0.9% classified  | 0.1/s  ETA 0.5h
[     92/202] ERR13159136  0.9% classified  | 0.1/s  ETA 0.5h
[     93/202] SRR12149179  34.8% classified  | 0.1/s  ETA 0.5h
[     94/202] SRR3750712  3.7% classified  | 0.1/s  ETA 0.5h
[     95/202] ERR13108595  1.0% classified  | 0.1/s  ETA 0.5h
[     96/202] SRR3750702  3.6% classified  | 0.1/s  ETA 0.5h
[     97/202] SRR3750722  10.7% classified  | 0.1/s  ETA 0.5h
[     98/202] ERR5928193  1.3% classified  | 0.1/s  ETA 0.5h
[     99/202] ERR5928160  5.3% classified  | 0.1/s  ETA 0.5h
[    100/202] SRR20695273  24.3% classified  | 0.1/s  ETA 0.5h
[    101/202] ERR5928185  1.2% classified  | 0.1/s  ETA 0.5h
[    102/202] ERR5928204  1.1% classified  | 0.1/s  ETA 0.5h
[    103/202] SRR21195571  21.9% classified  | 0.1/s  ETA 0.5h
[    104/202] SRR21195565  7.0% classified  | 0.1/s  ETA 0.5h
[    105/202] ERR5696220  2.6% classified  | 0.1/s  ETA 0.5h
[    106/202] SRR9127602  8.1% classified  | 0.1/s  ETA 0.5h
[    107/202] SRR9684521  4.0% classified  | 0.1/s  ETA 0.5h
[    108/202] SRR14871464  2.1% classified  | 0.1/s  ETA 0.5h
[    109/202] SRR14871472  1.1% classified  | 0.1/s  ETA 0.5h
[    110/202] ERR5696286  1.5% classified  | 0.1/s  ETA 0.5h
[    111/202] SRR4296237  6.8% classified  | 0.1/s  ETA 0.5h
[    112/202] ERR5696252  23.1% classified  | 0.1/s  ETA 0.4h
[    113/202] ERR5696293  3.1% classified  | 0.1/s  ETA 0.4h
[    114/202] ERR5696307  4.5% classified  | 0.1/s  ETA 0.4h
[    115/202] ERR6548388  2.5% classified  | 0.1/s  ETA 0.4h
[    116/202] ERR5696228  1.7% classified  | 0.1/s  ETA 0.4h
[    117/202] ERR6548354  75.9% classified  | 0.1/s  ETA 0.4h
[    118/202] SRR11216267  0.2% classified  | 0.1/s  ETA 0.4h
[    119/202] SRR12888331  0.3% classified  | 0.1/s  ETA 0.4h
[    120/202] SRR11216264  0.4% classified  | 0.1/s  ETA 0.4h
[    121/202] ERR4421882  39.0% classified  | 0.1/s  ETA 0.4h
[    122/202] SRR20324139  5.5% classified  | 0.1/s  ETA 0.4h
[    123/202] SRR2518217  25.8% classified  | 0.1/s  ETA 0.4h
[    124/202] SRR18840566  0.8% classified  | 0.1/s  ETA 0.4h
[    125/202] SRR11928840  0.2% classified  | 0.1/s  ETA 0.4h
[    126/202] SRR8733379  4.5% classified  | 0.1/s  ETA 0.4h
[    127/202] SRR28475125  9.0% classified  | 0.1/s  ETA 0.4h
[    128/202] SRR18070414  13.1% classified  | 0.1/s  ETA 0.4h
[    129/202] SRR9062614  1.6% classified  | 0.1/s  ETA 0.4h
[    130/202] SRR8668529  21.3% classified  | 0.1/s  ETA 0.3h
[    131/202] SRR8204123  45.7% classified  | 0.1/s  ETA 0.4h
[    132/202] SRR8204150  27.2% classified  | 0.1/s  ETA 0.4h
[    133/202] SRR31200170  8.2% classified  | 0.1/s  ETA 0.3h
[    134/202] SRR10175971  3.5% classified  | 0.1/s  ETA 0.3h
[    135/202] SRR15141101  15.9% classified  | 0.1/s  ETA 0.3h
[    136/202] SRR15141284  17.2% classified  | 0.1/s  ETA 0.3h
[    137/202] SRR31850422  0.5% classified  | 0.1/s  ETA 0.3h
[    138/202] SRR33696069  45.1% classified  | 0.1/s  ETA 0.3h
[    139/202] SRR15357733  6.0% classified  | 0.1/s  ETA 0.3h
[    140/202] SRR31514628  0.6% classified  | 0.1/s  ETA 0.3h
[    141/202] SRR10291739  17.1% classified  | 0.1/s  ETA 0.3h
[    142/202] ERR10886953  14.6% classified  | 0.1/s  ETA 0.3h
[    143/202] ERR10886968  23.1% classified  | 0.1/s  ETA 0.3h
[    144/202] ERR10886940  6.9% classified  | 0.1/s  ETA 0.3h
[    145/202] SRR8418290  3.9% classified  | 0.1/s  ETA 0.3h
[    146/202] SRR8418321  8.4% classified  | 0.1/s  ETA 0.3h
[    147/202] SRR8418313  6.6% classified  | 0.1/s  ETA 0.3h
[    148/202] SRR8418262  11.2% classified  | 0.1/s  ETA 0.3h
[    149/202] ERR10886963  24.1% classified  | 0.1/s  ETA 0.3h
[    150/202] ERR1360193  41.1% classified  | 0.1/s  ETA 0.3h
[    151/202] ERR7421539  55.6% classified  | 0.1/s  ETA 0.3h
[    152/202] SRR31278120  5.6% classified  | 0.1/s  ETA 0.3h
[    153/202] SRR9276716  4.7% classified  | 0.1/s  ETA 0.3h
[    154/202] ERR10886960  47.8% classified  | 0.1/s  ETA 0.3h
[    155/202] SRR33846329  4.0% classified  | 0.1/s  ETA 0.3h
[    156/202] SRR6218744  3.5% classified  | 0.0/s  ETA 0.3h
[    157/202] SRR32959947  11.9% classified  | 0.0/s  ETA 0.3h
[    158/202] SRR34300166  7.0% classified  | 0.0/s  ETA 0.2h
[    159/202] SRR36367300  14.3% classified  | 0.0/s  ETA 0.2h
[    160/202] SRR34300156  6.5% classified  | 0.0/s  ETA 0.2h
[    161/202] SRR34300130  8.8% classified  | 0.0/s  ETA 0.2h
[    162/202] SRR34300140  8.4% classified  | 0.0/s  ETA 0.2h
[    163/202] SRR36367317  22.9% classified  | 0.0/s  ETA 0.2h
[    164/202] SRR36292477  16.7% classified  | 0.0/s  ETA 0.2h
[    165/202] SRR36910244  11.8% classified  | 0.0/s  ETA 0.2h
[    166/202] SRR36367276  19.9% classified  | 0.0/s  ETA 0.2h
[    167/202] ERR10926673  10.9% classified  | 0.0/s  ETA 0.2h
[    168/202] SRR36910259  4.1% classified  | 0.0/s  ETA 0.2h
[    169/202] SRR36367286  9.5% classified  | 0.0/s  ETA 0.2h
[    170/202] SRR36910251  5.5% classified  | 0.0/s  ETA 0.2h
[    171/202] SRR36950010  1.7% classified  | 0.0/s  ETA 0.2h
[    172/202] SRR26214567  6.8% classified  | 0.0/s  ETA 0.2h
[    173/202] SRR36292467  6.9% classified  | 0.0/s  ETA 0.2h
[    174/202] SRR11497364  5.9% classified  | 0.0/s  ETA 0.2h
[    175/202] SRR1975196  15.0% classified  | 0.0/s  ETA 0.2h
[    176/202] SRR25968993  15.1% classified  | 0.0/s  ETA 0.2h
[    177/202] SRR25969005  10.8% classified  | 0.0/s  ETA 0.1h
[    178/202] SRR30126666  5.3% classified  | 0.0/s  ETA 0.1h
[    179/202] SRR36367335  15.3% classified  | 0.0/s  ETA 0.1h
[    180/202] SRR8984123  37.5% classified  | 0.0/s  ETA 0.1h
[    181/202] SRR37491908  4.8% classified  | 0.0/s  ETA 0.1h
[    182/202] SRR21796868  12.2% classified  | 0.0/s  ETA 0.1h
[    183/202] SRR6039744  13.8% classified  | 0.0/s  ETA 0.1h
[    184/202] SRR26511472  2.9% classified  | 0.0/s  ETA 0.1h
[    185/202] SRR8568984  22.5% classified  | 0.0/s  ETA 0.1h
[    186/202] SRR7526698  2.9% classified  | 0.0/s  ETA 0.1h
[    187/202] SRR6039734  5.7% classified  | 0.0/s  ETA 0.1h
[    188/202] SRR4044955  45.9% classified  | 0.0/s  ETA 0.1h
[    189/202] SRR19891820  7.9% classified  | 0.0/s  ETA 0.1h
[    190/202] SRR36993194  9.8% classified  | 0.0/s  ETA 0.1h
[    191/202] SRR14224154  4.9% classified  | 0.0/s  ETA 0.1h
[    192/202] SRR12998703  64.2% classified  | 0.0/s  ETA 0.1h
[    193/202] SRR8416461  13.4% classified  | 0.0/s  ETA 0.1h
[    194/202] SRR31204182  2.2% classified  | 0.0/s  ETA 0.0h
[    195/202] SRR36610577  4.8% classified  | 0.0/s  ETA 0.0h
[    196/202] SRR30427633  3.0% classified  | 0.0/s  ETA 0.0h
[    197/202] SRR3724164  13.3% classified  | 0.0/s  ETA 0.0h
[    198/202] SRR24305217  4.0% classified  | 0.0/s  ETA 0.0h
[    199/202] SRR32467361  18.4% classified  | 0.0/s  ETA 0.0h
[    200/202] ERR986116  6.4% classified  | 0.0/s  ETA 0.0h
[    201/202] SRR3724142  66.5% classified  | 0.0/s  ETA 0.0h
[    202/202] SRR1777450  11.2% classified  | 0.0/s  ETA 0.0h

── Summary ────────────────────────────────────────
  Classified: 202
  Errors:     0
  Elapsed:    1.2h
  Cache:      kraken/output/run/assign/data/kraken_cache.jsonl
