host=nid001662 job=49976534 task=12 cpus=112
Kraken version 2.1.2
Reads read from: kraken/select/data/reads
Raw kraken2 reports will be saved to: kraken/assign/data/reports
Loaded 3,225 runs from kraken/select/data/run_list.tsv (filters: none)
Array task 12/16: 200 runs assigned

Total runs: 3,225 | Already done: 18 | Remaining: 200
Settings: confidence=0.15, min_hit_groups=3, workers=4, kraken_threads=8
DB: kraken/build/data/db_v3
Tmp: /scratch/fl3/llenzo/kraken_tmp

[      1/200] ERR3170241  62.8% classified  | 0.0/s  ETA 5.2h
[      2/200] ERR3188467  77.8% classified  | 0.0/s  ETA 3.4h
[      3/200] ERR3170258  73.3% classified  | 0.0/s  ETA 2.3h
[      4/200] ERR3188480  78.6% classified  | 0.0/s  ETA 1.7h
[      5/200] ERR3170279  79.1% classified  | 0.0/s  ETA 2.3h
[      6/200] ERR3188482  79.1% classified  | 0.0/s  ETA 1.9h
[      7/200] ERR3170247  ERR([Errno 2] No such file or directory: '/scratch/fl3/llenzo/kraken_tmp/ERR3170247')  | 0.0/s  ETA 1.8h
[      8/200] ERR3170181  79.3% classified  | 0.0/s  ETA 1.7h
[      9/200] ERR1607813  67.9% classified  | 0.0/s  ETA 1.7h
[     10/200] ERR1607756  ERR([Errno 2] No such file or directory: '/scratch/fl3/llenzo/kraken_tmp/ERR1607756')  | 0.0/s  ETA 1.8h
[     11/200] ERR1607735  ERR([Errno 2] No such file or directory: '/scratch/fl3/llenzo/kraken_tmp/ERR1607735')  | 0.0/s  ETA 1.8h
[     12/200] ERR1607795  ERR([Errno 2] No such file or directory: '/scratch/fl3/llenzo/kraken_tmp/ERR1607795')  | 0.0/s  ETA 1.7h
[     13/200] ERR1607856  ERR([Errno 2] No such file or directory: '/scratch/fl3/llenzo/kraken_tmp/ERR1607856')  | 0.0/s  ETA 1.7h
[     14/200] ERR15005484  ERR([Errno 2] No such file or directory: '/scratch/fl3/llenzo/kraken_tmp/ERR15005484')  | 0.0/s  ETA 2.0h
[     15/200] ERR15005468  ERR([Errno 2] No such file or directory: '/scratch/fl3/llenzo/kraken_tmp/ERR15005468')  | 0.0/s  ETA 1.9h
[     16/200] ERR1607729  ERR([Errno 2] No such file or directory: '/scratch/fl3/llenzo/kraken_tmp/ERR1607729')  | 0.0/s  ETA 1.8h
[     17/200] ERR1607798  ERR([Errno 2] No such file or directory: '/scratch/fl3/llenzo/kraken_tmp/ERR1607798')  | 0.0/s  ETA 1.6h
[     18/200] ERR15005471  ERR([Errno 2] No such file or directory: '/scratch/fl3/llenzo/kraken_tmp/ERR15005471')  | 0.0/s  ETA 1.8h
[     19/200] ERR15005527  ERR([Errno 2] No such file or directory: '/scratch/fl3/llenzo/kraken_tmp/ERR15005527')  | 0.0/s  ETA 1.8h
[     20/200] ERR15005477  ERR([Errno 2] No such file or directory: '/scratch/fl3/llenzo/kraken_tmp/ERR15005477')  | 0.0/s  ETA 1.7h
[     21/200] ERR15005453  ERR([Errno 2] No such file or directory: '/scratch/fl3/llenzo/kraken_tmp/ERR15005453')  | 0.0/s  ETA 1.6h
[     22/200] ERR12013034  ERR([Errno 2] No such file or directory: '/scratch/fl3/llenzo/kraken_tmp/ERR12013034')  | 0.0/s  ETA 1.7h
[     23/200] ERR12013070  60.4% classified  | 0.0/s  ETA 1.6h
[     24/200] ERR12013039  79.2% classified  | 0.0/s  ETA 1.5h
[     25/200] ERR15005489  ERR([Errno 2] No such file or directory: '/scratch/fl3/llenzo/kraken_tmp/ERR15005489')  | 0.0/s  ETA 1.6h
[     26/200] ERR6847880  ERR([Errno 2] No such file or directory: '/scratch/fl3/llenzo/kraken_tmp/ERR6847880')  | 0.0/s  ETA 1.6h
[     27/200] SRR7797544  87.0% classified  | 0.0/s  ETA 1.6h
[     28/200] ERR4315676  78.4% classified  | 0.0/s  ETA 1.6h
[     29/200] SRR29077178  73.7% classified  | 0.0/s  ETA 1.6h
[     30/200] ERR4315540  78.2% classified  | 0.0/s  ETA 1.5h
[     31/200] ERR4315297  82.9% classified  | 0.0/s  ETA 1.5h
[     32/200] ERR4315605  81.9% classified  | 0.0/s  ETA 1.5h
[     33/200] ERR4315362  81.0% classified  | 0.0/s  ETA 1.5h
[     34/200] ERR4315224  80.8% classified  | 0.0/s  ETA 1.4h
[     35/200] ERR4315593  62.7% classified  | 0.0/s  ETA 1.4h
[     36/200] ERR4315565  82.0% classified  | 0.0/s  ETA 1.4h
[     37/200] ERR4315334  70.4% classified  | 0.0/s  ETA 1.4h
[     38/200] ERR4315347  76.2% classified  | 0.0/s  ETA 1.4h
[     39/200] ERR4315243  65.7% classified  | 0.0/s  ETA 1.4h
[     40/200] ERR4315446  37.0% classified  | 0.0/s  ETA 1.4h
[     41/200] ERR4315566  81.8% classified  | 0.0/s  ETA 1.4h
[     42/200] ERR4315454  80.7% classified  | 0.0/s  ETA 1.4h
[     43/200] ERR4315644  80.3% classified  | 0.0/s  ETA 1.4h
[     44/200] ERR4315337  83.4% classified  | 0.0/s  ETA 1.4h
[     45/200] ERR4315437  77.6% classified  | 0.0/s  ETA 1.3h
[     46/200] ERR4315176  48.4% classified  | 0.0/s  ETA 1.3h
[     47/200] ERR4315418  84.1% classified  | 0.0/s  ETA 1.3h
[     48/200] ERR4315597  81.3% classified  | 0.0/s  ETA 1.3h
[     49/200] ERR4315411  77.6% classified  | 0.0/s  ETA 1.3h
[     50/200] ERR4315628  81.6% classified  | 0.0/s  ETA 1.3h
[     51/200] ERR4315169  84.2% classified  | 0.0/s  ETA 1.3h
[     52/200] ERR4315275  79.5% classified  | 0.0/s  ETA 1.3h
[     53/200] ERR4315488  69.3% classified  | 0.0/s  ETA 1.2h
[     54/200] ERR4315393  76.5% classified  | 0.0/s  ETA 1.2h
[     55/200] ERR4315584  62.2% classified  | 0.0/s  ETA 1.2h
[     56/200] ERR4315654  78.7% classified  | 0.0/s  ETA 1.2h
[     57/200] ERR4315166  69.4% classified  | 0.0/s  ETA 1.2h
[     58/200] ERR4315216  65.7% classified  | 0.0/s  ETA 1.1h
[     59/200] ERR4315213  78.3% classified  | 0.0/s  ETA 1.2h
[     60/200] ERR4315484  79.0% classified  | 0.0/s  ETA 1.1h
[     61/200] ERR4315634  80.0% classified  | 0.0/s  ETA 1.1h
[     62/200] ERR3383639  ERR([Errno 2] No such file or directory: '/scratch/fl3/llenzo/kraken_tmp/ERR3383639')  | 0.0/s  ETA 1.2h
[     63/200] SRR24010225  74.6% classified  | 0.0/s  ETA 1.2h
[     64/200] SRR24010250  79.6% classified  | 0.0/s  ETA 1.3h
[     65/200] ERR3856823  53.9% classified  | 0.0/s  ETA 1.3h
[     66/200] SRR7753255  87.8% classified  | 0.0/s  ETA 1.2h
[     67/200] SRR23706861  ERR([Errno 2] No such file or directory: '/scratch/fl3/llenzo/kraken_tmp/SRR23706861')  | 0.0/s  ETA 1.3h
[     68/200] SRR28704971  80.7% classified  | 0.0/s  ETA 1.2h
[     69/200] ERR3856819  51.8% classified  | 0.0/s  ETA 1.2h
[     70/200] ERR3500541  84.4% classified  | 0.0/s  ETA 1.3h
[     71/200] ERR3500557  83.2% classified  | 0.0/s  ETA 1.3h
[     72/200] ERR3500535  83.6% classified  | 0.0/s  ETA 1.2h
[     73/200] ERR3500505  81.7% classified  | 0.0/s  ETA 1.2h
[     74/200] SRR5904040  93.5% classified  | 0.0/s  ETA 1.3h
[     75/200] SRR1576784  76.3% classified  | 0.0/s  ETA 1.3h
[     76/200] SRR1576651  80.8% classified  | 0.0/s  ETA 1.2h
[     77/200] ERR13340220  79.7% classified  | 0.0/s  ETA 1.2h
[     78/200] SRR391837  69.0% classified  | 0.0/s  ETA 1.2h
[     79/200] SRR1575605  79.5% classified  | 0.0/s  ETA 1.2h
[     80/200] SRR32620573  83.8% classified  | 0.0/s  ETA 1.2h
[     81/200] SRR6242046  69.9% classified  | 0.0/s  ETA 1.2h
[     82/200] SRR32620565  79.1% classified  | 0.0/s  ETA 1.1h
[     83/200] SRR6242027  74.8% classified  | 0.0/s  ETA 1.1h
[     84/200] ERR789380  87.2% classified  | 0.0/s  ETA 1.1h
[     85/200] SRR8718807  92.1% classified  | 0.0/s  ETA 1.1h
[     86/200] SRR8718824  93.2% classified  | 0.0/s  ETA 1.1h
[     87/200] SRR8718845  90.9% classified  | 0.0/s  ETA 1.1h
[     88/200] SRR8718831  91.6% classified  | 0.0/s  ETA 1.1h
[     89/200] ERR2099153  85.8% classified  | 0.0/s  ETA 1.1h
[     90/200] ERR13107174  85.1% classified  | 0.0/s  ETA 1.1h
[     91/200] ERR13108582  81.6% classified  | 0.0/s  ETA 1.1h
[     92/200] SRR9684524  58.0% classified  | 0.0/s  ETA 1.1h
[     93/200] SRR34026589  75.9% classified  | 0.0/s  ETA 1.1h
[     94/200] SRR20695272  84.0% classified  | 0.0/s  ETA 1.1h
[     95/200] SRR3750710  87.5% classified  | 0.0/s  ETA 1.1h
[     96/200] SRR3750723  84.6% classified  | 0.0/s  ETA 1.0h
[     97/200] SRR3750693  89.2% classified  | 0.0/s  ETA 1.0h
[     98/200] ERR5928159  77.7% classified  | 0.0/s  ETA 1.0h
[     99/200] SRR2874389  77.8% classified  | 0.0/s  ETA 1.0h
[    100/200] ERR5928164  86.4% classified  | 0.0/s  ETA 1.0h
[    101/200] SRR21195566  81.8% classified  | 0.0/s  ETA 1.0h
[    102/200] ERR5928220  85.0% classified  | 0.0/s  ETA 1.0h
[    103/200] ERR5928201  75.0% classified  | 0.0/s  ETA 1.0h
[    104/200] ERR5928216  80.4% classified  | 0.0/s  ETA 1.0h
[    105/200] SRR14871467  79.9% classified  | 0.0/s  ETA 1.0h
[    106/200] SRR14871471  88.5% classified  | 0.0/s  ETA 1.0h
[    107/200] ERR5696205  91.7% classified  | 0.0/s  ETA 0.9h
[    108/200] ERR6548346  91.2% classified  | 0.0/s  ETA 0.9h
[    109/200] ERR5696285  90.7% classified  | 0.0/s  ETA 0.9h
[    110/200] SRR31200155  92.3% classified  | 0.0/s  ETA 0.9h
[    111/200] ERR5696304  92.5% classified  | 0.0/s  ETA 0.9h
[    112/200] ERR6548386  92.3% classified  | 0.0/s  ETA 0.9h
[    113/200] ERR5696227  92.0% classified  | 0.0/s  ETA 0.9h
[    114/200] ERR5696284  93.0% classified  | 0.0/s  ETA 0.9h
[    115/200] ERR5696294  94.4% classified  | 0.0/s  ETA 0.8h
[    116/200] ERR5696207  90.4% classified  | 0.0/s  ETA 0.8h
[    117/200] SRR12888333  63.7% classified  | 0.0/s  ETA 0.8h
[    118/200] SRR20324128  87.0% classified  | 0.0/s  ETA 0.8h
[    119/200] SRR11216276  7.2% classified  | 0.0/s  ETA 0.8h
[    120/200] SRR2920794  31.1% classified  | 0.0/s  ETA 0.8h
[    121/200] ERR4421879  47.1% classified  | 0.0/s  ETA 0.8h
[    122/200] SRR11216311  8.1% classified  | 0.0/s  ETA 0.8h
[    123/200] SRR8733385  59.1% classified  | 0.0/s  ETA 0.8h
[    124/200] SRR38293577  90.5% classified  | 0.0/s  ETA 0.8h
[    125/200] SRR6041851  84.9% classified  | 0.0/s  ETA 0.8h
[    126/200] SRR2922443  27.2% classified  | 0.0/s  ETA 0.8h
[    127/200] SRR31850421  ERR([Errno 2] No such file or directory: '/scratch/fl3/llenzo/kraken_tmp/SRR31850421')  | 0.0/s  ETA 0.7h
[    128/200] SRR7500374  86.7% classified  | 0.0/s  ETA 0.7h
[    129/200] SRR28475145  90.9% classified  | 0.0/s  ETA 0.7h
[    130/200] SRR18070413  44.9% classified  | 0.0/s  ETA 0.7h
[    131/200] SRR33696088  83.4% classified  | 0.0/s  ETA 0.7h
[    132/200] SRR27326462  70.0% classified  | 0.0/s  ETA 0.7h
[    133/200] SRR17609703  93.1% classified  | 0.0/s  ETA 0.7h
[    134/200] SRR15141080  58.5% classified  | 0.0/s  ETA 0.7h
[    135/200] SRR11928841  15.3% classified  | 0.0/s  ETA 0.7h
[    136/200] SRR24283998  14.4% classified  | 0.0/s  ETA 0.6h
[    137/200] SRR15141159  65.0% classified  | 0.0/s  ETA 0.6h
[    138/200] SRR15141141  55.4% classified  | 0.0/s  ETA 0.6h
[    139/200] SRR8204124  82.5% classified  | 0.0/s  ETA 0.6h
[    140/200] SRR32920599  63.3% classified  | 0.0/s  ETA 0.6h
[    141/200] SRR10291766  75.6% classified  | 0.0/s  ETA 0.6h
[    142/200] ERR10887004  ERR([Errno 2] No such file or directory: '/scratch/fl3/llenzo/kraken_tmp/ERR10887004')  | 0.0/s  ETA 0.6h
[    143/200] ERR10886995  ERR([Errno 2] No such file or directory: '/scratch/fl3/llenzo/kraken_tmp/ERR10886995')  | 0.0/s  ETA 0.6h
[    144/200] ERR10886930  80.7% classified  | 0.0/s  ETA 0.6h
[    145/200] SRR8418247  64.2% classified  | 0.0/s  ETA 0.6h
[    146/200] ERR1360186  77.3% classified  | 0.0/s  ETA 0.6h
[    147/200] SRR8418245  69.8% classified  | 0.0/s  ETA 0.5h
[    148/200] SRR8418340  69.0% classified  | 0.0/s  ETA 0.5h
[    149/200] ERR10886906  86.0% classified  | 0.0/s  ETA 0.5h
[    150/200] SRR8418331  61.8% classified  | 0.0/s  ETA 0.5h
[    151/200] ERR10886942  ERR([Errno 2] No such file or directory: '/scratch/fl3/llenzo/kraken_tmp/ERR10886942')  | 0.0/s  ETA 0.5h
[    152/200] SRR3498313  ERR([Errno 2] No such file or directory: '/scratch/fl3/llenzo/kraken_tmp/SRR3498313')  | 0.0/s  ETA 0.5h
[    153/200] SRR33846324  ERR([Errno 2] No such file or directory: '/scratch/fl3/llenzo/kraken_tmp/SRR33846324')  | 0.0/s  ETA 0.5h
[    154/200] SRR6218756  ERR([Errno 2] No such file or directory: '/scratch/fl3/llenzo/kraken_tmp/SRR6218756')  | 0.0/s  ETA 0.5h
[    155/200] ERR7421526  ERR([Errno 2] No such file or directory: '/scratch/fl3/llenzo/kraken_tmp/ERR7421526')  | 0.0/s  ETA 0.5h
[    156/200] SRR32959939  ERR([Errno 2] No such file or directory: '/scratch/fl3/llenzo/kraken_tmp/SRR32959939')  | 0.0/s  ETA 0.5h
[    157/200] SRR32959946  84.3% classified  | 0.0/s  ETA 0.5h
[    158/200] ERR10926698  ERR([Errno 2] No such file or directory: '/scratch/fl3/llenzo/kraken_tmp/ERR10926698')  | 0.0/s  ETA 0.4h
[    159/200] SRR34300133  ERR([Errno 2] No such file or directory: '/scratch/fl3/llenzo/kraken_tmp/SRR34300133')  | 0.0/s  ETA 0.4h
[    160/200] SRR36910197  ERR([Errno 2] No such file or directory: '/scratch/fl3/llenzo/kraken_tmp/SRR36910197')  | 0.0/s  ETA 0.4h
[    161/200] SRR34300145  ERR([Errno 2] No such file or directory: '/scratch/fl3/llenzo/kraken_tmp/SRR34300145')  | 0.0/s  ETA 0.4h
[    162/200] SRR36910227  ERR([Errno 2] No such file or directory: '/scratch/fl3/llenzo/kraken_tmp/SRR36910227')  | 0.0/s  ETA 0.4h
[    163/200] SRR36367316  ERR([Errno 2] No such file or directory: '/scratch/fl3/llenzo/kraken_tmp/SRR36367316')  | 0.0/s  ETA 0.4h
[    164/200] SRR34300149  ERR([Errno 2] No such file or directory: '/scratch/fl3/llenzo/kraken_tmp/SRR34300149')  | 0.0/s  ETA 0.4h
[    165/200] SRR36367312  ERR([Errno 2] No such file or directory: '/scratch/fl3/llenzo/kraken_tmp/SRR36367312')  | 0.0/s  ETA 0.4h
[    166/200] SRR36910203  ERR([Errno 2] No such file or directory: '/scratch/fl3/llenzo/kraken_tmp/SRR36910203')  | 0.0/s  ETA 0.4h
[    167/200] SRR36910207  ERR([Errno 2] No such file or directory: '/scratch/fl3/llenzo/kraken_tmp/SRR36910207')  | 0.0/s  ETA 0.4h
[    168/200] SRR36910206  ERR([Errno 2] No such file or directory: '/scratch/fl3/llenzo/kraken_tmp/SRR36910206')  | 0.0/s  ETA 0.4h
[    169/200] SRR36910232  ERR([Errno 2] No such file or directory: '/scratch/fl3/llenzo/kraken_tmp/SRR36910232')  | 0.0/s  ETA 0.3h
[    170/200] SRR36910201  ERR([Errno 2] No such file or directory: '/scratch/fl3/llenzo/kraken_tmp/SRR36910201')  | 0.0/s  ETA 0.3h
[    171/200] SRR26081708  89.4% classified  | 0.0/s  ETA 0.3h
[    172/200] SRR36292505  ERR([Errno 2] No such file or directory: '/scratch/fl3/llenzo/kraken_tmp/SRR36292505')  | 0.0/s  ETA 0.3h
[    173/200] SRR25969019  ERR([Errno 2] No such file or directory: '/scratch/fl3/llenzo/kraken_tmp/SRR25969019')  | 0.0/s  ETA 0.3h
[    174/200] SRR30126654  ERR([Errno 2] No such file or directory: '/scratch/fl3/llenzo/kraken_tmp/SRR30126654')  | 0.0/s  ETA 0.3h
[    175/200] SRR26214568  ERR([Errno 2] No such file or directory: '/scratch/fl3/llenzo/kraken_tmp/SRR26214568')  | 0.0/s  ETA 0.3h
[    176/200] SRR11497315  72.3% classified  | 0.0/s  ETA 0.3h
[    177/200] SRR1975197  65.5% classified  | 0.0/s  ETA 0.3h
[    178/200] SRR8984105  ERR([Errno 2] No such file or directory: '/scratch/fl3/llenzo/kraken_tmp/SRR8984105')  | 0.0/s  ETA 0.2h
[    179/200] SRR26511474  ERR([Errno 2] No such file or directory: '/scratch/fl3/llenzo/kraken_tmp/SRR26511474')  | 0.0/s  ETA 0.2h
[    180/200] SRR30977603  90.3% classified  | 0.0/s  ETA 0.2h
[    181/200] SRR28718299  ERR([Errno 2] No such file or directory: '/scratch/fl3/llenzo/kraken_tmp/SRR28718299')  | 0.0/s  ETA 0.2h
[    182/200] SRR37491910  22.8% classified  | 0.0/s  ETA 0.2h
[    183/200] SRR1793909  92.0% classified  | 0.0/s  ETA 0.2h
[    184/200] SRR3571662  ERR([Errno 2] No such file or directory: '/scratch/fl3/llenzo/kraken_tmp/SRR3571662')  | 0.0/s  ETA 0.2h
[    185/200] SRR6039724  ERR([Errno 2] No such file or directory: '/scratch/fl3/llenzo/kraken_tmp/SRR6039724')  | 0.0/s  ETA 0.2h
[    186/200] SRR12998698  81.6% classified  | 0.0/s  ETA 0.2h
[    187/200] SRR9129829  77.4% classified  | 0.0/s  ETA 0.1h
[    188/200] SRR14224164  80.1% classified  | 0.0/s  ETA 0.1h
[    189/200] ERR990489  76.4% classified  | 0.0/s  ETA 0.1h
[    190/200] SRR24956700  73.7% classified  | 0.0/s  ETA 0.1h
[    191/200] SRR36993193  89.5% classified  | 0.0/s  ETA 0.1h
[    192/200] SRR26387392  27.0% classified  | 0.0/s  ETA 0.1h
[    193/200] SRR18428225  87.4% classified  | 0.0/s  ETA 0.1h
[    194/200] SRR919335  75.0% classified  | 0.0/s  ETA 0.1h
[    195/200] SRR8416456  75.0% classified  | 0.0/s  ETA 0.1h
[    196/200] SRR3724136  68.3% classified  | 0.0/s  ETA 0.0h
[    197/200] SRR3724158  71.0% classified  | 0.0/s  ETA 0.0h
[    198/200] SRR6292066  77.3% classified  | 0.0/s  ETA 0.0h
[    199/200] SRR27846622  50.2% classified  | 0.0/s  ETA 0.0h
[    200/200] SRR14843613  87.8% classified  | 0.0/s  ETA 0.0h

── Summary ────────────────────────────────────────
  Classified: 151
  Errors:     49
  Elapsed:    2.2h
  Cache:      kraken/assign/data/kraken_cache.jsonl
