task 0/16  candidate raw files: 353  threads=32
  [keep-gz ] ERR10886909_1.fastq.gz valid, removed redundant raw (22G)
  [truncated] ERR3500507_1.fastq.gz failed gzip -t, recompressing from raw
  [ok       ] ERR3500507_1.fastq.gz  17G -> 4.3G  in 128s
  [truncated] ERR3500516_2.fastq.gz failed gzip -t, recompressing from raw
  [ok       ] ERR3500516_2.fastq.gz  15G -> 3.8G  in 124s
  [truncated] ERR3500527_1.fastq.gz failed gzip -t, recompressing from raw
  [ok       ] ERR3500527_1.fastq.gz  16G -> 3.9G  in 127s
  [truncated] ERR3500535_1.fastq.gz failed gzip -t, recompressing from raw
  [ok       ] ERR3500535_1.fastq.gz  16G -> 4.1G  in 122s
  [truncated] ERR3500555_1.fastq.gz failed gzip -t, recompressing from raw
  [ok       ] ERR3500555_1.fastq.gz  15G -> 3.8G  in 116s
  [truncated] ERR5696255_2.fastq.gz failed gzip -t, recompressing from raw
  [ok       ] ERR5696255_2.fastq.gz  2.6G -> 879M  in 23s
  [truncated] SRR12149187_1.fastq.gz failed gzip -t, recompressing from raw
  [ok       ] SRR12149187_1.fastq.gz  20G -> 3.7G  in 126s
  [orphan   ] SRR21195576_2.fastq has no .gz, compressing
  [ok       ] SRR21195576_2.fastq.gz  20G -> 4.0G  in 125s
  [orphan   ] SRR23706859_2.fastq has no .gz, compressing
  [ok       ] SRR23706859_2.fastq.gz  33G -> 6.1G  in 190s
  [truncated] SRR2517426.fastq.gz failed gzip -t, recompressing from raw
  [ok       ] SRR2517426.fastq.gz  32G -> 7.3G  in 197s
  [truncated] SRR26175769_1.fastq.gz failed gzip -t, recompressing from raw
  [ok       ] SRR26175769_1.fastq.gz  21G -> 6.1G  in 160s
  [truncated] SRR31200170_1.fastq.gz failed gzip -t, recompressing from raw
  [ok       ] SRR31200170_1.fastq.gz  41G -> 6.8G  in 228s
  [truncated] SRR31514633_1.fastq.gz failed gzip -t, recompressing from raw
  [ok       ] SRR31514633_1.fastq.gz  164G -> 18G  in 525s
  [truncated] SRR31850431_1.fastq.gz failed gzip -t, recompressing from raw
  [ok       ] SRR31850431_1.fastq.gz  30G -> 4.6G  in 150s
  [keep-gz ] SRR33696069_2.fastq.gz valid, removed redundant raw (35G)
  [orphan   ] SRR33696088_2.fastq has no .gz, compressing
  [ok       ] SRR33696088_2.fastq.gz  28G -> 6.5G  in 170s
  [truncated] SRR36950012_1.fastq.gz failed gzip -t, recompressing from raw
  [ok       ] SRR36950012_1.fastq.gz  56G -> 6.6G  in 211s
  [truncated] SRR36950021_1.fastq.gz failed gzip -t, recompressing from raw
  [ok       ] SRR36950021_1.fastq.gz  69G -> 11G  in 329s
  [truncated] SRR6242030.fastq.gz failed gzip -t, recompressing from raw
  [ok       ] SRR6242030.fastq.gz  41G -> 9.3G  in 237s
  [truncated] SRR6242061.fastq.gz failed gzip -t, recompressing from raw
  [ok       ] SRR6242061.fastq.gz  27G -> 5.1G  in 140s
  [keep-gz ] SRR8733385_2.fastq.gz valid, removed redundant raw (19G)
  [truncated] SRR9684552.fastq.gz failed gzip -t, recompressing from raw
  [ok       ] SRR9684552.fastq.gz  129G -> 29G  in 848s

task 0 done: recovered=20 kept-existing-gz=3 failed=0
  raw removed:   859G
  gz written:    143G
  net reclaimed: 716G
