task 2/16  candidate raw files: 353  threads=32
  [keep-gz ] ERR10886911_1.fastq.gz valid, removed redundant raw (21G)
  [truncated] ERR3500508_1.fastq.gz failed gzip -t, recompressing from raw
  [ok       ] ERR3500508_1.fastq.gz  17G -> 4.2G  in 122s
  [orphan   ] ERR3500517_2.fastq has no .gz, compressing
  [ok       ] ERR3500517_2.fastq.gz  16G -> 4.0G  in 118s
  [truncated] ERR3500528_1.fastq.gz failed gzip -t, recompressing from raw
  [ok       ] ERR3500528_1.fastq.gz  16G -> 3.9G  in 117s
  [truncated] ERR3500536_1.fastq.gz failed gzip -t, recompressing from raw
  [ok       ] ERR3500536_1.fastq.gz  16G -> 4.0G  in 119s
  [truncated] ERR3500556_1.fastq.gz failed gzip -t, recompressing from raw
  [ok       ] ERR3500556_1.fastq.gz  15G -> 3.7G  in 109s
  [truncated] ERR5696257_2.fastq.gz failed gzip -t, recompressing from raw
  [ok       ] ERR5696257_2.fastq.gz  2.4G -> 802M  in 21s
  [truncated] SRR21195577_2.fastq.gz failed gzip -t, recompressing from raw
  [ok       ] SRR21195577_2.fastq.gz  19G -> 3.7G  in 114s
  [keep-gz ] SRR23706860_2.fastq.gz valid, removed redundant raw (30G)
  [truncated] SRR2517428.fastq.gz failed gzip -t, recompressing from raw
  [ok       ] SRR2517428.fastq.gz  33G -> 7.4G  in 198s
  [keep-gz ] SRR26175770_1.fastq.gz valid, removed redundant raw (20G)
  [truncated] SRR31514621_1.fastq.gz failed gzip -t, recompressing from raw
  [ok       ] SRR31514621_1.fastq.gz  170G -> 19G  in 592s
  [truncated] SRR31850419_1.fastq.gz failed gzip -t, recompressing from raw
  [ok       ] SRR31850419_1.fastq.gz  28G -> 4.4G  in 144s
  [truncated] SRR31850432_1.fastq.gz failed gzip -t, recompressing from raw
  [ok       ] SRR31850432_1.fastq.gz  31G -> 4.9G  in 156s
  [orphan   ] SRR33696070_2.fastq has no .gz, compressing
  [ok       ] SRR33696070_2.fastq.gz  42G -> 9.9G  in 248s
  [keep-gz ] SRR34026585_2.fastq.gz valid, removed redundant raw (4.6G)
  [truncated] SRR36950013_1.fastq.gz failed gzip -t, recompressing from raw
  [ok       ] SRR36950013_1.fastq.gz  44G -> 5.8G  in 171s
  [truncated] SRR3750709.fastq.gz failed gzip -t, recompressing from raw
  [ok       ] SRR3750709.fastq.gz  11G -> 2.0G  in 58s
  [keep-gz ] SRR6242034_2.fastq.gz valid, removed redundant raw (49G)
  [truncated] SRR7500370_2.fastq.gz failed gzip -t, recompressing from raw
  [ok       ] SRR7500370_2.fastq.gz  10G -> 2.8G  in 63s
  [truncated] SRR9127599.fastq.gz failed gzip -t, recompressing from raw
  [ok       ] SRR9127599.fastq.gz  31G -> 5.8G  in 192s

task 2 done: recovered=16 kept-existing-gz=5 failed=0
  raw removed:   616G
  gz written:    86G
  net reclaimed: 531G
