task 6/16  candidate raw files: 353  threads=32
  [truncated] ERR1607755_2.fastq.gz failed gzip -t, recompressing from raw
  [ok       ] ERR1607755_2.fastq.gz  6.2G -> 1.7G  in 43s
  [truncated] ERR3500510_1.fastq.gz failed gzip -t, recompressing from raw
  [ok       ] ERR3500510_1.fastq.gz  17G -> 4.2G  in 131s
  [truncated] ERR3500521_2.fastq.gz failed gzip -t, recompressing from raw
  [ok       ] ERR3500521_2.fastq.gz  15G -> 3.8G  in 114s
  [truncated] ERR3500530_1.fastq.gz failed gzip -t, recompressing from raw
  [ok       ] ERR3500530_1.fastq.gz  16G -> 4.0G  in 144s
  [truncated] ERR3500538_1.fastq.gz failed gzip -t, recompressing from raw
  [ok       ] ERR3500538_1.fastq.gz  16G -> 4.1G  in 182s
  [truncated] ERR3500558_1.fastq.gz failed gzip -t, recompressing from raw
  [ok       ] ERR3500558_1.fastq.gz  15G -> 3.8G  in 168s
  [truncated] ERR6548342_2.fastq.gz failed gzip -t, recompressing from raw
  [ok       ] ERR6548342_2.fastq.gz  16G -> 3.9G  in 119s
  [truncated] SRR14871468_1.fastq.gz failed gzip -t, recompressing from raw
  [ok       ] SRR14871468_1.fastq.gz  20G -> 6.0G  in 152s
  [orphan   ] SRR21195579_2.fastq has no .gz, compressing
  [ok       ] SRR21195579_2.fastq.gz  19G -> 3.6G  in 165s
  [orphan   ] SRR23706863_2.fastq has no .gz, compressing
  [ok       ] SRR23706863_2.fastq.gz  33G -> 6.2G  in 266s
  [truncated] SRR2517432.fastq.gz failed gzip -t, recompressing from raw
  [ok       ] SRR2517432.fastq.gz  31G -> 7.0G  in 190s
  [truncated] SRR31200152_1.fastq.gz failed gzip -t, recompressing from raw
  [ok       ] SRR31200152_1.fastq.gz  32G -> 5.2G  in 169s
  [truncated] SRR31514625_1.fastq.gz failed gzip -t, recompressing from raw
  [ok       ] SRR31514625_1.fastq.gz  67G -> 8.4G  in 279s
  [truncated] SRR31850421_1.fastq.gz failed gzip -t, recompressing from raw
  [ok       ] SRR31850421_1.fastq.gz  36G -> 5.7G  in 234s
  [truncated] SRR31850434_1.fastq.gz failed gzip -t, recompressing from raw
  [ok       ] SRR31850434_1.fastq.gz  28G -> 4.2G  in 211s
  [orphan   ] SRR33696076_2.fastq has no .gz, compressing
  [ok       ] SRR33696076_2.fastq.gz  24G -> 5.6G  in 235s
  [truncated] SRR36368718_1.fastq.gz failed gzip -t, recompressing from raw
  [ok       ] SRR36368718_1.fastq.gz  45G -> 6.9G  in 230s
  [truncated] SRR36950016_1.fastq.gz failed gzip -t, recompressing from raw
  [ok       ] SRR36950016_1.fastq.gz  112G -> 16G  in 698s
  [truncated] SRR38293581.fastq.gz failed gzip -t, recompressing from raw
  [ok       ] SRR38293581.fastq.gz  22G -> 10G  in 283s
  [truncated] SRR6242049.fastq.gz failed gzip -t, recompressing from raw
  [ok       ] SRR6242049.fastq.gz  39G -> 7.2G  in 308s
  [truncated] SRR7500374_1.fastq.gz failed gzip -t, recompressing from raw
  [ok       ] SRR7500374_1.fastq.gz  12G -> 2.6G  in 126s
  [truncated] SRR9684517.fastq.gz failed gzip -t, recompressing from raw
  [ok       ] SRR9684517.fastq.gz  128G -> 28G  in 1168s

task 6 done: recovered=22 kept-existing-gz=0 failed=0
  raw removed:   739G
  gz written:    147G
  net reclaimed: 593G
