task 14/16  candidate raw files: 349  threads=32
  [truncated] ERR3500508_1.fastq.gz failed gzip -t, recompressing from raw
  [ok       ] ERR3500508_1.fastq.gz  17G -> 4.2G  in 123s
  [truncated] ERR3500517_2.fastq.gz failed gzip -t, recompressing from raw
  [ok       ] ERR3500517_2.fastq.gz  16G -> 4.0G  in 116s
  [truncated] ERR3500528_1.fastq.gz failed gzip -t, recompressing from raw
  [ok       ] ERR3500528_1.fastq.gz  16G -> 3.9G  in 111s
  [truncated] ERR3500536_1.fastq.gz failed gzip -t, recompressing from raw
  [ok       ] ERR3500536_1.fastq.gz  16G -> 4.0G  in 113s
  [truncated] ERR3500556_1.fastq.gz failed gzip -t, recompressing from raw
  [ok       ] ERR3500556_1.fastq.gz  15G -> 3.7G  in 105s
  [truncated] ERR5696257_2.fastq.gz failed gzip -t, recompressing from raw
  [ok       ] ERR5696257_2.fastq.gz  2.4G -> 802M  in 21s
  [orphan   ] SRR1425535_2.fastq has no .gz, compressing
  [ok       ] SRR1425535_2.fastq.gz  79M -> 28M  in 1s
  [orphan   ] SRR21195577_2.fastq has no .gz, compressing
  [ok       ] SRR21195577_2.fastq.gz  19G -> 3.7G  in 118s
  [orphan   ] SRR23706860_2.fastq has no .gz, compressing
  [ok       ] SRR23706860_2.fastq.gz  30G -> 5.7G  in 185s
  [keep-gz ] SRR2517428.fastq.gz valid, removed redundant raw (33G)
  [truncated] SRR26175770_1.fastq.gz failed gzip -t, recompressing from raw
  [ok       ] SRR26175770_1.fastq.gz  20G -> 5.6G  in 138s
  [truncated] SRR31514621_1.fastq.gz failed gzip -t, recompressing from raw
  [ok       ] SRR31514621_1.fastq.gz  170G -> 19G  in 580s
  [truncated] SRR31850419_1.fastq.gz failed gzip -t, recompressing from raw
  [ok       ] SRR31850419_1.fastq.gz  28G -> 4.4G  in 132s
  [truncated] SRR31850432_1.fastq.gz failed gzip -t, recompressing from raw
  [ok       ] SRR31850432_1.fastq.gz  31G -> 4.9G  in 143s
  [truncated] SRR33696070_2.fastq.gz failed gzip -t, recompressing from raw
  [ok       ] SRR33696070_2.fastq.gz  42G -> 9.9G  in 241s
  [truncated] SRR34026585_2.fastq.gz failed gzip -t, recompressing from raw
  [ok       ] SRR34026585_2.fastq.gz  4.6G -> 818M  in 21s
  [truncated] SRR36950013_1.fastq.gz failed gzip -t, recompressing from raw
  [ok       ] SRR36950013_1.fastq.gz  44G -> 5.8G  in 171s
  [keep-gz ] SRR3750709.fastq.gz valid, removed redundant raw (11G)
  [orphan   ] SRR6242034_2.fastq has no .gz, compressing
  [ok       ] SRR6242034_2.fastq.gz  49G -> 13G  in 272s
  [truncated] SRR9127599.fastq.gz failed gzip -t, recompressing from raw
  [ok       ] SRR9127599.fastq.gz  31G -> 5.8G  in 170s

task 14 done: recovered=18 kept-existing-gz=2 failed=0
  raw removed:   585G
  gz written:    98G
  net reclaimed: 487G
