task 9/16  candidate raw files: 353  threads=32
  [truncated] ERR3500503_2.fastq.gz failed gzip -t, recompressing from raw
  [ok       ] ERR3500503_2.fastq.gz  18G -> 4.5G  in 129s
  [orphan   ] ERR3500511_2.fastq has no .gz, compressing
  [ok       ] ERR3500511_2.fastq.gz  15G -> 3.8G  in 108s
  [orphan   ] ERR3500523_2.fastq has no .gz, compressing
  [ok       ] ERR3500523_2.fastq.gz  16G -> 4.3G  in 123s
  [orphan   ] ERR3500531_2.fastq has no .gz, compressing
  [ok       ] ERR3500531_2.fastq.gz  18G -> 4.6G  in 131s
  [orphan   ] ERR3500539_2.fastq has no .gz, compressing
  [ok       ] ERR3500539_2.fastq.gz  17G -> 4.3G  in 122s
  [truncated] ERR4315306_2.fastq.gz failed gzip -t, recompressing from raw
  [ok       ] ERR4315306_2.fastq.gz  6.9G -> 1.8G  in 47s
  [orphan   ] ERR6548348_2.fastq has no .gz, compressing
  [ok       ] ERR6548348_2.fastq.gz  19G -> 4.4G  in 120s
  [orphan   ] SRR14871473_2.fastq has no .gz, compressing
  [ok       ] SRR14871473_2.fastq.gz  21G -> 6.3G  in 153s
  [orphan   ] SRR21195582_2.fastq has no .gz, compressing
  [ok       ] SRR21195582_2.fastq.gz  19G -> 3.7G  in 110s
  [truncated] SRR23706865_1.fastq.gz failed gzip -t, recompressing from raw
  [ok       ] SRR23706865_1.fastq.gz  30G -> 5.5G  in 165s
  [truncated] SRR2517435.fastq.gz failed gzip -t, recompressing from raw
  [ok       ] SRR2517435.fastq.gz  29G -> 6.5G  in 169s
  [orphan   ] SRR31200153_2.fastq has no .gz, compressing
  [ok       ] SRR31200153_2.fastq.gz  30G -> 5.3G  in 157s
  [orphan   ] SRR31514626_2.fastq has no .gz, compressing
  [ok       ] SRR31514626_2.fastq.gz  55G -> 6.9G  in 210s
  [orphan   ] SRR31850422_2.fastq has no .gz, compressing
  [ok       ] SRR31850422_2.fastq.gz  32G -> 4.9G  in 151s
  [orphan   ] SRR31850435_2.fastq has no .gz, compressing
  [ok       ] SRR31850435_2.fastq.gz  33G -> 5.1G  in 153s
  [truncated] SRR33696078_1.fastq.gz failed gzip -t, recompressing from raw
  [ok       ] SRR33696078_1.fastq.gz  50G -> 11G  in 269s
  [orphan   ] SRR36368719_2.fastq has no .gz, compressing
  [ok       ] SRR36368719_2.fastq.gz  48G -> 7.3G  in 224s
  [orphan   ] SRR36950017_2.fastq has no .gz, compressing
  [ok       ] SRR36950017_2.fastq.gz  162G -> 22G  in 627s
  [truncated] SRR38293584.fastq.gz failed gzip -t, recompressing from raw
  [ok       ] SRR38293584.fastq.gz  21G -> 9.6G  in 177s
  [truncated] SRR6242052.fastq.gz failed gzip -t, recompressing from raw
  [ok       ] SRR6242052.fastq.gz  42G -> 8.0G  in 230s
  [truncated] SRR7500377_1.fastq.gz failed gzip -t, recompressing from raw
  [ok       ] SRR7500377_1.fastq.gz  13G -> 3.0G  in 85s
  [truncated] SRR9684524.fastq.gz failed gzip -t, recompressing from raw
  [ok       ] SRR9684524.fastq.gz  47G -> 10G  in 279s

task 9 done: recovered=22 kept-existing-gz=0 failed=0
  raw removed:   733G
  gz written:    142G
  net reclaimed: 592G
