task 11/16  candidate raw files: 349  threads=32
  [orphan   ] ERR3500506_2.fastq has no .gz, compressing
  [ok       ] ERR3500506_2.fastq.gz  18G -> 4.6G  in 132s
  [orphan   ] ERR3500515_2.fastq has no .gz, compressing
  [ok       ] ERR3500515_2.fastq.gz  15G -> 3.8G  in 109s
  [orphan   ] ERR3500526_2.fastq has no .gz, compressing
  [ok       ] ERR3500526_2.fastq.gz  16G -> 4.3G  in 119s
  [orphan   ] ERR3500534_2.fastq has no .gz, compressing
  [ok       ] ERR3500534_2.fastq.gz  18G -> 4.5G  in 131s
  [orphan   ] ERR3500542_2.fastq has no .gz, compressing
  [ok       ] ERR3500542_2.fastq.gz  17G -> 4.3G  in 128s
  [truncated] ERR4315646_2.fastq.gz failed gzip -t, recompressing from raw
  [ok       ] ERR4315646_2.fastq.gz  6.0G -> 1.9G  in 44s
  [truncated] ERR6847873_2.fastq.gz failed gzip -t, recompressing from raw
  [ok       ] ERR6847873_2.fastq.gz  13G -> 3.4G  in 92s
  [truncated] SRR21195576_1.fastq.gz failed gzip -t, recompressing from raw
  [ok       ] SRR21195576_1.fastq.gz  20G -> 3.8G  in 121s
  [truncated] SRR23706859_1.fastq.gz failed gzip -t, recompressing from raw
  [ok       ] SRR23706859_1.fastq.gz  33G -> 5.9G  in 186s
  [truncated] SRR24901493_2.fastq.gz failed gzip -t, recompressing from raw
  [ok       ] SRR24901493_2.fastq.gz  9.3G -> 1.7G  in 51s
  [orphan   ] SRR26175768_2.fastq has no .gz, compressing
  [ok       ] SRR26175768_2.fastq.gz  23G -> 5.5G  in 149s
  [orphan   ] SRR31200169_2.fastq has no .gz, compressing
  [ok       ] SRR31200169_2.fastq.gz  33G -> 5.8G  in 176s
  [orphan   ] SRR31514631_2.fastq has no .gz, compressing
  [ok       ] SRR31514631_2.fastq.gz  215G -> 23G  in 714s
  [orphan   ] SRR31850425_2.fastq has no .gz, compressing
  [ok       ] SRR31850425_2.fastq.gz  36G -> 5.6G  in 175s
  [truncated] SRR33696069_1.fastq.gz failed gzip -t, recompressing from raw
  [ok       ] SRR33696069_1.fastq.gz  35G -> 7.9G  in 204s
  [truncated] SRR33696088_1.fastq.gz failed gzip -t, recompressing from raw
  [ok       ] SRR33696088_1.fastq.gz  28G -> 6.0G  in 156s
  [orphan   ] SRR36950011_2.fastq has no .gz, compressing
  [ok       ] SRR36950011_2.fastq.gz  74G -> 9.9G  in 328s
  [orphan   ] SRR36950020_2.fastq has no .gz, compressing
  [ok       ] SRR36950020_2.fastq.gz  42G -> 6.5G  in 200s
  [truncated] SRR6242029.fastq.gz failed gzip -t, recompressing from raw
  [ok       ] SRR6242029.fastq.gz  27G -> 6.5G  in 172s
  [truncated] SRR6242058.fastq.gz failed gzip -t, recompressing from raw
  [ok       ] SRR6242058.fastq.gz  27G -> 5.2G  in 141s
  [truncated] SRR8733385_1.fastq.gz failed gzip -t, recompressing from raw
  [ok       ] SRR8733385_1.fastq.gz  19G -> 3.9G  in 118s
  [truncated] SRR9684543.fastq.gz failed gzip -t, recompressing from raw
  [ok       ] SRR9684543.fastq.gz  49G -> 11G  in 301s

task 11 done: recovered=22 kept-existing-gz=0 failed=0
  raw removed:   765G
  gz written:    133G
  net reclaimed: 632G
