task 10/16  candidate raw files: 349  threads=32
  [truncated] ERR3500506_1.fastq.gz failed gzip -t, recompressing from raw
  [ok       ] ERR3500506_1.fastq.gz  18G -> 4.5G  in 132s
  [truncated] ERR3500515_1.fastq.gz failed gzip -t, recompressing from raw
  [ok       ] ERR3500515_1.fastq.gz  15G -> 3.8G  in 109s
  [truncated] ERR3500526_1.fastq.gz failed gzip -t, recompressing from raw
  [ok       ] ERR3500526_1.fastq.gz  16G -> 4.2G  in 125s
  [truncated] ERR3500534_1.fastq.gz failed gzip -t, recompressing from raw
  [ok       ] ERR3500534_1.fastq.gz  18G -> 4.4G  in 131s
  [truncated] ERR3500542_1.fastq.gz failed gzip -t, recompressing from raw
  [ok       ] ERR3500542_1.fastq.gz  17G -> 4.2G  in 126s
  [truncated] ERR4315603_2.fastq.gz failed gzip -t, recompressing from raw
  [ok       ] ERR4315603_2.fastq.gz  6.5G -> 1.6G  in 44s
  [truncated] ERR6548378_2.fastq.gz failed gzip -t, recompressing from raw
  [ok       ] ERR6548378_2.fastq.gz  16G -> 3.9G  in 109s
  [truncated] SRR21195561_2.fastq.gz failed gzip -t, recompressing from raw
  [ok       ] SRR21195561_2.fastq.gz  18G -> 3.4G  in 105s
  [orphan   ] SRR23706858_2.fastq has no .gz, compressing
  [ok       ] SRR23706858_2.fastq.gz  34G -> 6.6G  in 209s
  [orphan   ] SRR23706867_2.fastq has no .gz, compressing
  [ok       ] SRR23706867_2.fastq.gz  26G -> 5.0G  in 157s
  [truncated] SRR26175768_1.fastq.gz failed gzip -t, recompressing from raw
  [ok       ] SRR26175768_1.fastq.gz  23G -> 6.3G  in 158s
  [truncated] SRR31200169_1.fastq.gz failed gzip -t, recompressing from raw
  [ok       ] SRR31200169_1.fastq.gz  33G -> 5.4G  in 170s
  [truncated] SRR31514631_1.fastq.gz failed gzip -t, recompressing from raw
  [ok       ] SRR31514631_1.fastq.gz  215G -> 23G  in 701s
  [truncated] SRR31850425_1.fastq.gz failed gzip -t, recompressing from raw
  [ok       ] SRR31850425_1.fastq.gz  36G -> 5.5G  in 169s
  [orphan   ] SRR33696068_2.fastq has no .gz, compressing
  [ok       ] SRR33696068_2.fastq.gz  46G -> 11G  in 274s
  [orphan   ] SRR33696081_2.fastq has no .gz, compressing
  [ok       ] SRR33696081_2.fastq.gz  27G -> 6.8G  in 178s
  [truncated] SRR36950011_1.fastq.gz failed gzip -t, recompressing from raw
  [ok       ] SRR36950011_1.fastq.gz  74G -> 9.8G  in 327s
  [truncated] SRR36950020_1.fastq.gz failed gzip -t, recompressing from raw
  [ok       ] SRR36950020_1.fastq.gz  42G -> 6.6G  in 196s
  [truncated] SRR6242028.fastq.gz failed gzip -t, recompressing from raw
  [ok       ] SRR6242028.fastq.gz  37G -> 8.1G  in 206s
  [truncated] SRR6242057.fastq.gz failed gzip -t, recompressing from raw
  [ok       ] SRR6242057.fastq.gz  27G -> 5.2G  in 137s
  [orphan   ] SRR8733382_2.fastq has no .gz, compressing
  [ok       ] SRR8733382_2.fastq.gz  19G -> 4.3G  in 123s
  [truncated] SRR9684540.fastq.gz failed gzip -t, recompressing from raw
  [ok       ] SRR9684540.fastq.gz  39G -> 8.4G  in 325s

task 10 done: recovered=22 kept-existing-gz=0 failed=0
  raw removed:   794G
  gz written:    141G
  net reclaimed: 654G
