=== 1. per-read kraken2 (db_v3) Fri Sep 25 12:46:38 PM AWST 2026 ===
=== 2. extract Phakopsora(170000) read-pair IDs ===
248504 /scratch/pawsey1168/llenzo/crypt/kraken/assign/data/phak_cf/phak_ids.txt
=== 3. pull those read pairs ===
  extracted: 248504 pairs
=== 4. combined tagged reference (Phakopsora + P.striiformis CDS) ===
=== 5. map + tally Fri Sep 25 12:51:25 PM AWST 2026 ===
--- flagstat ---
533669 + 0 in total (QC-passed reads + QC-failed reads)
497008 + 0 primary
0 + 0 secondary
36661 + 0 supplementary
0 + 0 duplicates
0 + 0 primary duplicates
505653 + 0 mapped (94.75% : N/A)
468992 + 0 primary mapped (94.36% : N/A)
497008 + 0 paired in sequencing
248504 + 0 read1
248504 + 0 read2
268488 + 0 properly paired (54.02% : N/A)
440976 + 0 with itself and mate mapped
28016 + 0 singletons (5.64% : N/A)
166830 + 0 with mate mapped to a different chr
116337 + 0 with mate mapped to a different chr (mapQ>=5)
--- primary reads by reference species x MAPQ ---
 240535 PHAK MAPQ<20(ambiguous)
 228451 PHAK MAPQ>=20(unique)
      5 PSTR MAPQ<20(ambiguous)
      1 PSTR MAPQ>=20(unique)
=== DONE Fri Sep 25 12:51:33 PM AWST 2026 ===
