Mode: HAL
NCBI_API_KEY set: yes
Runs from 01_sra:    559,328
STAT cache (shared): 304,311 entries total, 255,893 for this mode already cached
  Fetching STAT for 303,435 runs …
  [200/303,435] fetched  07:41:26
  [400/303,435] fetched  07:41:39
  [600/303,435] fetched  07:41:53
  [800/303,435] fetched  07:42:06
  [1,000/303,435] fetched  07:42:20
  [1,200/303,435] fetched  07:42:33
  [1,400/303,435] fetched  07:42:46
  [1,600/303,435] fetched  07:43:00
  [1,800/303,435] fetched  07:43:13
  [2,000/303,435] fetched  07:43:27
  [2,200/303,435] fetched  07:43:40
  [2,400/303,435] fetched  07:43:53
  [2,600/303,435] fetched  07:44:07
  [2,800/303,435] fetched  07:44:21
  [3,000/303,435] fetched  07:44:34
  [3,200/303,435] fetched  07:44:48
  [3,400/303,435] fetched  07:45:01
  [3,600/303,435] fetched  07:45:14
  [3,800/303,435] fetched  07:45:27
  [4,000/303,435] fetched  07:45:41
  [4,200/303,435] fetched  07:45:54
  [4,400/303,435] fetched  07:46:08
  [4,600/303,435] fetched  07:46:21
  [4,800/303,435] fetched  07:46:34
  [5,000/303,435] fetched  07:46:48
  [5,200/303,435] fetched  07:47:01
  [5,400/303,435] fetched  07:47:15
  [5,600/303,435] fetched  07:47:28
  [5,800/303,435] fetched  07:47:41
  [6,000/303,435] fetched  07:47:55
  [6,200/303,435] fetched  07:48:09
  [6,400/303,435] fetched  07:48:23
  [6,600/303,435] fetched  07:48:36
  [6,800/303,435] fetched  07:48:49
  [7,000/303,435] fetched  07:49:03
  [7,200/303,435] fetched  07:49:16
  [7,400/303,435] fetched  07:49:30
  [7,600/303,435] fetched  07:49:43
  [7,800/303,435] fetched  07:49:58
  [8,000/303,435] fetched  07:50:11
  [8,200/303,435] fetched  07:50:25
  STAT error ERR13658512: Failed after 5 retries: https://trace.ncbi.nlm.nih.gov/Traces/sra-db-be/run_taxonomy?acc=ERR13658512&cluster_name=public
  [8,400/303,435] fetched  07:50:38
  [8,600/303,435] fetched  07:50:52
  [8,800/303,435] fetched  07:51:09
  [9,000/303,435] fetched  07:51:25
  [9,200/303,435] fetched  07:51:40
  [9,400/303,435] fetched  07:51:55
  [9,600/303,435] fetched  07:52:09
  [9,800/303,435] fetched  07:52:23
  [10,000/303,435] fetched  07:52:37
  [10,200/303,435] fetched  07:52:51
  [10,400/303,435] fetched  07:53:05
  [10,600/303,435] fetched  07:53:22
  [10,800/303,435] fetched  07:53:37
  [11,000/303,435] fetched  07:53:53
  [11,200/303,435] fetched  07:54:10
  [11,400/303,435] fetched  07:54:26
  [11,600/303,435] fetched  07:54:41
  [11,800/303,435] fetched  07:54:57
  [12,000/303,435] fetched  07:55:10
  [12,200/303,435] fetched  07:55:24
  [12,400/303,435] fetched  07:55:42
  [12,600/303,435] fetched  07:56:02
  [12,800/303,435] fetched  07:56:18
  [13,000/303,435] fetched  07:56:35
  [13,200/303,435] fetched  07:56:50
  [13,400/303,435] fetched  07:57:05
  [13,600/303,435] fetched  07:57:21
  [13,800/303,435] fetched  07:57:35
  [14,000/303,435] fetched  07:57:50
  [14,200/303,435] fetched  07:58:08
  [14,400/303,435] fetched  07:58:23
  [14,600/303,435] fetched  07:58:38
  [14,800/303,435] fetched  07:58:54
  [15,000/303,435] fetched  07:59:11
  [15,200/303,435] fetched  07:59:30
  [15,400/303,435] fetched  07:59:46
  [15,600/303,435] fetched  08:00:02
  [15,800/303,435] fetched  08:00:18
  [16,000/303,435] fetched  08:00:34
  [16,200/303,435] fetched  08:00:49
  [16,400/303,435] fetched  08:01:03
  [16,600/303,435] fetched  08:01:18
  [16,800/303,435] fetched  08:01:32
  [17,000/303,435] fetched  08:01:49
  [17,200/303,435] fetched  08:02:09
  [17,400/303,435] fetched  08:02:24
  [17,600/303,435] fetched  08:02:39
  [17,800/303,435] fetched  08:02:56
  [18,000/303,435] fetched  08:03:11
  [18,200/303,435] fetched  08:03:25
  [18,400/303,435] fetched  08:03:39
  [18,600/303,435] fetched  08:03:54
  [18,800/303,435] fetched  08:04:09
  [19,000/303,435] fetched  08:04:27
  [19,200/303,435] fetched  08:04:42
  [19,400/303,435] fetched  08:04:55
  [19,600/303,435] fetched  08:05:10
  [19,800/303,435] fetched  08:05:25
  [20,000/303,435] fetched  08:05:39
  [20,200/303,435] fetched  08:05:54
  [20,400/303,435] fetched  08:06:11
  [20,600/303,435] fetched  08:06:29
  [20,800/303,435] fetched  08:06:46
  [21,000/303,435] fetched  08:07:04
  [21,200/303,435] fetched  08:07:19
  [21,400/303,435] fetched  08:07:36
  [21,600/303,435] fetched  08:07:50
  [21,800/303,435] fetched  08:08:05
  [22,000/303,435] fetched  08:08:23
  [22,200/303,435] fetched  08:08:40
  [22,400/303,435] fetched  08:08:56
  [22,600/303,435] fetched  08:09:11
  [22,800/303,435] fetched  08:09:25
  [23,000/303,435] fetched  08:09:39
  [23,200/303,435] fetched  08:09:56
  [23,400/303,435] fetched  08:10:12
  [23,600/303,435] fetched  08:10:28
  [23,800/303,435] fetched  08:10:43
  [24,000/303,435] fetched  08:11:01
  [24,200/303,435] fetched  08:11:23
  [24,400/303,435] fetched  08:11:41
  [24,600/303,435] fetched  08:11:59
  [24,800/303,435] fetched  08:12:16
  [25,000/303,435] fetched  08:12:34
  [25,200/303,435] fetched  08:12:50
  [25,400/303,435] fetched  08:13:08
  [25,600/303,435] fetched  08:13:24
  [25,800/303,435] fetched  08:13:42
  [26,000/303,435] fetched  08:13:58
  [26,200/303,435] fetched  08:14:15
  [26,400/303,435] fetched  08:14:29
  [26,600/303,435] fetched  08:14:46
  [26,800/303,435] fetched  08:15:04
  [27,000/303,435] fetched  08:15:24
  [27,200/303,435] fetched  08:15:41
  [27,400/303,435] fetched  08:16:03
  [27,600/303,435] fetched  08:16:19
  [27,800/303,435] fetched  08:16:36
  [28,000/303,435] fetched  08:16:54
  [28,200/303,435] fetched  08:17:11
  [28,400/303,435] fetched  08:17:28
  [28,600/303,435] fetched  08:17:45
  [28,800/303,435] fetched  08:18:01
  [29,000/303,435] fetched  08:18:18
  [29,200/303,435] fetched  08:18:35
  [29,400/303,435] fetched  08:18:50
  [29,600/303,435] fetched  08:19:06
  [29,800/303,435] fetched  08:19:22
  [30,000/303,435] fetched  08:19:38
  [30,200/303,435] fetched  08:19:58
  [30,400/303,435] fetched  08:20:15
  [30,600/303,435] fetched  08:20:30
  [30,800/303,435] fetched  08:20:50
  [31,000/303,435] fetched  08:21:11
  [31,200/303,435] fetched  08:21:26
  [31,400/303,435] fetched  08:21:42
  [31,600/303,435] fetched  08:21:59
  [31,800/303,435] fetched  08:22:18
  [32,000/303,435] fetched  08:22:34
  [32,200/303,435] fetched  08:22:54
  [32,400/303,435] fetched  08:23:15
  [32,600/303,435] fetched  08:23:33
  [32,800/303,435] fetched  08:23:50
  [33,000/303,435] fetched  08:24:06
  [33,200/303,435] fetched  08:24:23
  [33,400/303,435] fetched  08:24:40
  [33,600/303,435] fetched  08:24:57
  [33,800/303,435] fetched  08:25:17
  [34,000/303,435] fetched  08:25:36
  [34,200/303,435] fetched  08:25:53
  [34,400/303,435] fetched  08:26:09
  [34,600/303,435] fetched  08:26:27
  [34,800/303,435] fetched  08:26:44
  [35,000/303,435] fetched  08:27:02
  [35,200/303,435] fetched  08:27:20
  [35,400/303,435] fetched  08:27:39
  [35,600/303,435] fetched  08:27:55
  [35,800/303,435] fetched  08:28:11
  [36,000/303,435] fetched  08:28:27
  [36,200/303,435] fetched  08:28:43
  [36,400/303,435] fetched  08:29:01
  [36,600/303,435] fetched  08:29:21
  [36,800/303,435] fetched  08:29:38
  [37,000/303,435] fetched  08:29:56
  [37,200/303,435] fetched  08:30:14
  [37,400/303,435] fetched  08:30:32
  [37,600/303,435] fetched  08:30:55
  [37,800/303,435] fetched  08:31:20
  [38,000/303,435] fetched  08:31:43
  [38,200/303,435] fetched  08:31:59
  [38,400/303,435] fetched  08:32:14
  [38,600/303,435] fetched  08:32:32
  [38,800/303,435] fetched  08:32:51
  [39,000/303,435] fetched  08:33:11
  [39,200/303,435] fetched  08:33:33
  [39,400/303,435] fetched  08:33:52
  [39,600/303,435] fetched  08:34:12
  [39,800/303,435] fetched  08:34:29
  [40,000/303,435] fetched  08:34:47
  [40,200/303,435] fetched  08:35:10
  [40,400/303,435] fetched  08:35:26
  [40,600/303,435] fetched  08:35:44
  [40,800/303,435] fetched  08:36:02
  [41,000/303,435] fetched  08:36:21
  [41,200/303,435] fetched  08:36:37
  [41,400/303,435] fetched  08:36:54
  [41,600/303,435] fetched  08:37:14
  [41,800/303,435] fetched  08:37:34
  [42,000/303,435] fetched  08:37:53
  [42,200/303,435] fetched  08:38:11
  [42,400/303,435] fetched  08:38:29
  [42,600/303,435] fetched  08:38:47
  [42,800/303,435] fetched  08:39:03
  [43,000/303,435] fetched  08:39:19
  [43,200/303,435] fetched  08:39:36
  [43,400/303,435] fetched  08:39:54
  [43,600/303,435] fetched  08:40:13
  [43,800/303,435] fetched  08:40:30
  [44,000/303,435] fetched  08:40:48
  [44,200/303,435] fetched  08:41:06
  [44,400/303,435] fetched  08:41:23
  [44,600/303,435] fetched  08:41:40
  [44,800/303,435] fetched  08:41:57
  [45,000/303,435] fetched  08:42:17
  [45,200/303,435] fetched  08:42:33
  [45,400/303,435] fetched  08:42:50
  [45,600/303,435] fetched  08:43:13
  [45,800/303,435] fetched  08:43:30
  [46,000/303,435] fetched  08:43:49
  [46,200/303,435] fetched  08:44:07
  [46,400/303,435] fetched  08:44:26
  [46,600/303,435] fetched  08:44:45
  [46,800/303,435] fetched  08:45:00
  [47,000/303,435] fetched  08:45:19
  [47,200/303,435] fetched  08:45:35
  [47,400/303,435] fetched  08:45:51
  [47,600/303,435] fetched  08:46:11
  [47,800/303,435] fetched  08:46:28
  [48,000/303,435] fetched  08:46:46
  [48,200/303,435] fetched  08:47:03
  [48,400/303,435] fetched  08:47:22
  [48,600/303,435] fetched  08:47:40
  [48,800/303,435] fetched  08:47:57
  [49,000/303,435] fetched  08:48:18
  [49,200/303,435] fetched  08:48:36
  [49,400/303,435] fetched  08:48:52
  [49,600/303,435] fetched  08:49:09
  [49,800/303,435] fetched  08:49:29
  [50,000/303,435] fetched  08:49:49
  [50,200/303,435] fetched  08:50:07
  [50,400/303,435] fetched  08:50:33
  [50,600/303,435] fetched  08:50:50
  [50,800/303,435] fetched  08:51:09
  [51,000/303,435] fetched  08:51:29
  [51,200/303,435] fetched  08:51:53
  [51,400/303,435] fetched  08:52:12
  [51,600/303,435] fetched  08:52:29
  [51,800/303,435] fetched  08:52:53
  [52,000/303,435] fetched  08:53:09
  [52,200/303,435] fetched  08:53:25
  [52,400/303,435] fetched  08:53:47
  [52,600/303,435] fetched  08:54:11
  [52,800/303,435] fetched  08:54:29
  [53,000/303,435] fetched  08:54:53
  [53,200/303,435] fetched  08:55:15
  [53,400/303,435] fetched  08:55:36
  [53,600/303,435] fetched  08:55:57
  [53,800/303,435] fetched  08:56:17
  [54,000/303,435] fetched  08:56:40
  [54,200/303,435] fetched  08:57:08
  [54,400/303,435] fetched  08:57:26
  [54,600/303,435] fetched  08:57:49
  STAT error ERR13658505: Failed after 5 retries: https://trace.ncbi.nlm.nih.gov/Traces/sra-db-be/run_taxonomy?acc=ERR13658505&cluster_name=public
  [54,800/303,435] fetched  08:58:08
  [55,000/303,435] fetched  08:58:27
  [55,200/303,435] fetched  08:58:49
  [55,400/303,435] fetched  08:59:12
  [55,600/303,435] fetched  08:59:33
  [55,800/303,435] fetched  08:59:51
  [56,000/303,435] fetched  09:00:09
  [56,200/303,435] fetched  09:00:27
  [56,400/303,435] fetched  09:00:45
  [56,600/303,435] fetched  09:01:07
  [56,800/303,435] fetched  09:01:24
  [57,000/303,435] fetched  09:01:43
  [57,200/303,435] fetched  09:02:03
  [57,400/303,435] fetched  09:02:21
  [57,600/303,435] fetched  09:02:38
  [57,800/303,435] fetched  09:02:54
  [58,000/303,435] fetched  09:03:15
  [58,200/303,435] fetched  09:03:48
  [58,400/303,435] fetched  09:04:04
  [58,600/303,435] fetched  09:04:23
  [58,800/303,435] fetched  09:04:38
  [59,000/303,435] fetched  09:04:58
  [59,200/303,435] fetched  09:05:18
  [59,400/303,435] fetched  09:05:34
  [59,600/303,435] fetched  09:05:54
  [59,800/303,435] fetched  09:06:13
  [60,000/303,435] fetched  09:06:29
  [60,200/303,435] fetched  09:06:45
  [60,400/303,435] fetched  09:07:02
  [60,600/303,435] fetched  09:07:23
  [60,800/303,435] fetched  09:07:38
  [61,000/303,435] fetched  09:07:55
  [61,200/303,435] fetched  09:08:11
  [61,400/303,435] fetched  09:08:28
  [61,600/303,435] fetched  09:08:49
  [61,800/303,435] fetched  09:09:08
  [62,000/303,435] fetched  09:09:28
  [62,200/303,435] fetched  09:09:46
  [62,400/303,435] fetched  09:10:02
  [62,600/303,435] fetched  09:10:23
  [62,800/303,435] fetched  09:10:43
  [63,000/303,435] fetched  09:11:04
  [63,200/303,435] fetched  09:11:23
  [63,400/303,435] fetched  09:11:41
  [63,600/303,435] fetched  09:11:59
  [63,800/303,435] fetched  09:12:18
  [64,000/303,435] fetched  09:12:40
  [64,200/303,435] fetched  09:12:57
  STAT error ERR13658516: Failed after 5 retries: https://trace.ncbi.nlm.nih.gov/Traces/sra-db-be/run_taxonomy?acc=ERR13658516&cluster_name=public
  [64,400/303,435] fetched  09:13:17
  [64,600/303,435] fetched  09:13:38
  [64,800/303,435] fetched  09:13:56
  [65,000/303,435] fetched  09:14:13
  [65,200/303,435] fetched  09:14:35
  [65,400/303,435] fetched  09:14:57
  [65,600/303,435] fetched  09:15:16
  [65,800/303,435] fetched  09:15:36
  [66,000/303,435] fetched  09:15:57
  [66,200/303,435] fetched  09:16:15
  [66,400/303,435] fetched  09:16:33
  [66,600/303,435] fetched  09:16:51
  [66,800/303,435] fetched  09:17:09
  [67,000/303,435] fetched  09:17:27
  [67,200/303,435] fetched  09:17:45
  [67,400/303,435] fetched  09:18:09
  [67,600/303,435] fetched  09:18:30
  [67,800/303,435] fetched  09:18:49
  [68,000/303,435] fetched  09:19:13
  [68,200/303,435] fetched  09:19:28
  [68,400/303,435] fetched  09:19:45
  [68,600/303,435] fetched  09:20:03
  [68,800/303,435] fetched  09:20:20
  [69,000/303,435] fetched  09:20:40
  [69,200/303,435] fetched  09:20:58
  [69,400/303,435] fetched  09:21:19
  [69,600/303,435] fetched  09:21:37
  [69,800/303,435] fetched  09:21:56
  [70,000/303,435] fetched  09:22:16
  [70,200/303,435] fetched  09:22:36
  [70,400/303,435] fetched  09:22:52
  [70,600/303,435] fetched  09:23:08
  [70,800/303,435] fetched  09:23:28
  [71,000/303,435] fetched  09:23:43
  [71,200/303,435] fetched  09:24:00
  [71,400/303,435] fetched  09:24:17
  [71,600/303,435] fetched  09:24:38
  [71,800/303,435] fetched  09:24:56
  [72,000/303,435] fetched  09:25:12
  [72,200/303,435] fetched  09:25:31
  [72,400/303,435] fetched  09:25:48
  [72,600/303,435] fetched  09:26:05
  [72,800/303,435] fetched  09:26:22
  [73,000/303,435] fetched  09:26:40
  [73,200/303,435] fetched  09:26:59
  [73,400/303,435] fetched  09:27:15
  [73,600/303,435] fetched  09:27:32
  [73,800/303,435] fetched  09:27:50
  [74,000/303,435] fetched  09:28:09
  [74,200/303,435] fetched  09:28:27
  [74,400/303,435] fetched  09:28:43
  [74,600/303,435] fetched  09:29:02
  [74,800/303,435] fetched  09:29:22
  [75,000/303,435] fetched  09:29:42
  [75,200/303,435] fetched  09:30:00
  [75,400/303,435] fetched  09:30:17
  [75,600/303,435] fetched  09:30:37
  [75,800/303,435] fetched  09:30:56
  [76,000/303,435] fetched  09:31:16
  [76,200/303,435] fetched  09:31:38
  [76,400/303,435] fetched  09:31:59
  [76,600/303,435] fetched  09:32:20
  [76,800/303,435] fetched  09:32:38
  [77,000/303,435] fetched  09:33:07
  [77,200/303,435] fetched  09:33:25
  [77,400/303,435] fetched  09:33:43
  [77,600/303,435] fetched  09:34:01
  [77,800/303,435] fetched  09:34:26
  [78,000/303,435] fetched  09:34:46
  [78,200/303,435] fetched  09:35:04
  [78,400/303,435] fetched  09:35:28
  [78,600/303,435] fetched  09:35:44
  [78,800/303,435] fetched  09:36:00
  [79,000/303,435] fetched  09:36:21
  [79,200/303,435] fetched  09:36:42
  [79,400/303,435] fetched  09:37:05
  [79,600/303,435] fetched  09:37:28
  [79,800/303,435] fetched  09:37:49
  [80,000/303,435] fetched  09:38:06
  [80,200/303,435] fetched  09:38:25
  [80,400/303,435] fetched  09:38:44
  [80,600/303,435] fetched  09:39:06
  [80,800/303,435] fetched  09:39:30
  [81,000/303,435] fetched  09:39:55
  [81,200/303,435] fetched  09:40:13
  [81,400/303,435] fetched  09:40:31
  [81,600/303,435] fetched  09:40:49
  [81,800/303,435] fetched  09:41:13
  [82,000/303,435] fetched  09:41:39
  [82,200/303,435] fetched  09:41:59
  [82,400/303,435] fetched  09:42:20
  [82,600/303,435] fetched  09:42:39
  [82,800/303,435] fetched  09:43:01
  [83,000/303,435] fetched  09:43:23
  [83,200/303,435] fetched  09:43:52
  [83,400/303,435] fetched  09:44:12
  [83,600/303,435] fetched  09:44:33
  [83,800/303,435] fetched  09:44:50
  [84,000/303,435] fetched  09:45:10
  [84,200/303,435] fetched  09:45:35
  [84,400/303,435] fetched  09:46:01
  [84,600/303,435] fetched  09:46:21
  [84,800/303,435] fetched  09:46:40
  [85,000/303,435] fetched  09:47:01
  [85,200/303,435] fetched  09:47:23
  [85,400/303,435] fetched  09:47:45
  [85,600/303,435] fetched  09:48:07
  [85,800/303,435] fetched  09:48:29
  [86,000/303,435] fetched  09:48:44
  [86,200/303,435] fetched  09:49:11
  [86,400/303,435] fetched  09:49:40
  [86,600/303,435] fetched  09:50:00
  [86,800/303,435] fetched  09:50:25
  [87,000/303,435] fetched  09:50:47
  [87,200/303,435] fetched  09:51:12
  [87,400/303,435] fetched  09:51:35
  STAT error ERR13658495: Failed after 5 retries: https://trace.ncbi.nlm.nih.gov/Traces/sra-db-be/run_taxonomy?acc=ERR13658495&cluster_name=public
  [87,600/303,435] fetched  09:52:02
  [87,800/303,435] fetched  09:52:29
  [88,000/303,435] fetched  09:52:50
  [88,200/303,435] fetched  09:53:11
  [88,400/303,435] fetched  09:53:33
  [88,600/303,435] fetched  09:53:59
  [88,800/303,435] fetched  09:54:24
  [89,000/303,435] fetched  09:54:55
  [89,200/303,435] fetched  09:55:13
  [89,400/303,435] fetched  09:55:35
  [89,600/303,435] fetched  09:55:59
  [89,800/303,435] fetched  09:56:19
  [90,000/303,435] fetched  09:56:37
  [90,200/303,435] fetched  09:57:03
  [90,400/303,435] fetched  09:57:22
  [90,600/303,435] fetched  09:57:43
  [90,800/303,435] fetched  09:58:02
  [91,000/303,435] fetched  09:58:24
  [91,200/303,435] fetched  09:58:43
  [91,400/303,435] fetched  09:59:08
  [91,600/303,435] fetched  09:59:29
  [91,800/303,435] fetched  09:59:50
  [92,000/303,435] fetched  10:00:10
  [92,200/303,435] fetched  10:00:31
  [92,400/303,435] fetched  10:00:55
  [92,600/303,435] fetched  10:01:17
  [92,800/303,435] fetched  10:01:39
  [93,000/303,435] fetched  10:02:03
  [93,200/303,435] fetched  10:02:23
  [93,400/303,435] fetched  10:02:44
  [93,600/303,435] fetched  10:03:07
  [93,800/303,435] fetched  10:03:27
  [94,000/303,435] fetched  10:03:55
  [94,200/303,435] fetched  10:04:20
  [94,400/303,435] fetched  10:04:37
  [94,600/303,435] fetched  10:04:53
  [94,800/303,435] fetched  10:05:19
  [95,000/303,435] fetched  10:05:41
  [95,200/303,435] fetched  10:06:00
  [95,400/303,435] fetched  10:06:22
  [95,600/303,435] fetched  10:06:41
  [95,800/303,435] fetched  10:06:58
  [96,000/303,435] fetched  10:07:18
  [96,200/303,435] fetched  10:07:38
  [96,400/303,435] fetched  10:07:58
  [96,600/303,435] fetched  10:08:21
  [96,800/303,435] fetched  10:08:45
  [97,000/303,435] fetched  10:09:05
  [97,200/303,435] fetched  10:09:25
  [97,400/303,435] fetched  10:09:44
  [97,600/303,435] fetched  10:10:06
  [97,800/303,435] fetched  10:10:25
  [98,000/303,435] fetched  10:10:47
  [98,200/303,435] fetched  10:11:06
  [98,400/303,435] fetched  10:11:22
  [98,600/303,435] fetched  10:11:50
  [98,800/303,435] fetched  10:12:17
  [99,000/303,435] fetched  10:12:35
  [99,200/303,435] fetched  10:12:57
  [99,400/303,435] fetched  10:13:19
  STAT error ERR13658519: Failed after 5 retries: https://trace.ncbi.nlm.nih.gov/Traces/sra-db-be/run_taxonomy?acc=ERR13658519&cluster_name=public
  [99,600/303,435] fetched  10:13:38
  [99,800/303,435] fetched  10:14:00
  [100,000/303,435] fetched  10:14:28
  [100,200/303,435] fetched  10:14:53
  [100,400/303,435] fetched  10:15:19
  [100,600/303,435] fetched  10:15:38
  [100,800/303,435] fetched  10:15:55
  [101,000/303,435] fetched  10:16:16
  [101,200/303,435] fetched  10:16:36
  [101,400/303,435] fetched  10:16:58
  [101,600/303,435] fetched  10:17:19
  [101,800/303,435] fetched  10:17:38
  [102,000/303,435] fetched  10:18:06
  [102,200/303,435] fetched  10:18:25
  [102,400/303,435] fetched  10:18:50
  [102,600/303,435] fetched  10:19:16
  [102,800/303,435] fetched  10:19:37
  [103,000/303,435] fetched  10:20:05
  [103,200/303,435] fetched  10:20:31
  [103,400/303,435] fetched  10:21:05
  [103,600/303,435] fetched  10:21:33
  [103,800/303,435] fetched  10:21:59
  [104,000/303,435] fetched  10:22:22
  STAT error ERR13658523: Failed after 5 retries: https://trace.ncbi.nlm.nih.gov/Traces/sra-db-be/run_taxonomy?acc=ERR13658523&cluster_name=public
  [104,200/303,435] fetched  10:22:43
  [104,400/303,435] fetched  10:23:09
  [104,600/303,435] fetched  10:23:38
  [104,800/303,435] fetched  10:24:06
  [105,000/303,435] fetched  10:24:33
  [105,200/303,435] fetched  10:24:53
  [105,400/303,435] fetched  10:25:15
  [105,600/303,435] fetched  10:25:35
  [105,800/303,435] fetched  10:25:58
  [106,000/303,435] fetched  10:26:22
  [106,200/303,435] fetched  10:26:43
  [106,400/303,435] fetched  10:27:02
  [106,600/303,435] fetched  10:27:22
  [106,800/303,435] fetched  10:27:40
  [107,000/303,435] fetched  10:27:56
  [107,200/303,435] fetched  10:28:16
  [107,400/303,435] fetched  10:28:35
  [107,600/303,435] fetched  10:28:57
  [107,800/303,435] fetched  10:29:17
  [108,000/303,435] fetched  10:29:36
  [108,200/303,435] fetched  10:29:56
  [108,400/303,435] fetched  10:30:11
  [108,600/303,435] fetched  10:30:30
  [108,800/303,435] fetched  10:30:52
  [109,000/303,435] fetched  10:31:14
  [109,200/303,435] fetched  10:31:34
  [109,400/303,435] fetched  10:31:55
  [109,600/303,435] fetched  10:32:14
  [109,800/303,435] fetched  10:32:30
  [110,000/303,435] fetched  10:32:48
  [110,200/303,435] fetched  10:33:06
  [110,400/303,435] fetched  10:33:29
  [110,600/303,435] fetched  10:33:46
  [110,800/303,435] fetched  10:34:07
  [111,000/303,435] fetched  10:34:25
  [111,200/303,435] fetched  10:34:42
  [111,400/303,435] fetched  10:35:02
  [111,600/303,435] fetched  10:35:23
  [111,800/303,435] fetched  10:35:42
  [112,000/303,435] fetched  10:36:00
  [112,200/303,435] fetched  10:36:18
  [112,400/303,435] fetched  10:36:38
  [112,600/303,435] fetched  10:36:56
  [112,800/303,435] fetched  10:37:15
  [113,000/303,435] fetched  10:37:31
  [113,200/303,435] fetched  10:37:55
  [113,400/303,435] fetched  10:38:16
  [113,600/303,435] fetched  10:38:41
  [113,800/303,435] fetched  10:38:59
  [114,000/303,435] fetched  10:39:20
  [114,200/303,435] fetched  10:39:35
  [114,400/303,435] fetched  10:40:51
  [114,600/303,435] fetched  10:41:09
  [114,800/303,435] fetched  10:41:27
  [115,000/303,435] fetched  10:41:43
  [115,200/303,435] fetched  10:42:02
  [115,400/303,435] fetched  10:42:24
  [115,600/303,435] fetched  10:42:45
  [115,800/303,435] fetched  10:43:04
  [116,000/303,435] fetched  10:43:22
  [116,200/303,435] fetched  10:43:42
  [116,400/303,435] fetched  10:44:02
  [116,600/303,435] fetched  10:44:29
  [116,800/303,435] fetched  10:44:48
  [117,000/303,435] fetched  10:45:08
  [117,200/303,435] fetched  10:45:24
  [117,400/303,435] fetched  10:45:47
  [117,600/303,435] fetched  10:46:05
  STAT error ERR13658525: Failed after 5 retries: https://trace.ncbi.nlm.nih.gov/Traces/sra-db-be/run_taxonomy?acc=ERR13658525&cluster_name=public
  [117,800/303,435] fetched  10:46:32
  [118,000/303,435] fetched  10:46:49
  [118,200/303,435] fetched  10:47:10
  [118,400/303,435] fetched  10:47:32
  [118,600/303,435] fetched  10:47:56
  [118,800/303,435] fetched  10:48:17
  STAT error ERR13658513: Failed after 5 retries: https://trace.ncbi.nlm.nih.gov/Traces/sra-db-be/run_taxonomy?acc=ERR13658513&cluster_name=public
  [119,000/303,435] fetched  10:48:39
  [119,200/303,435] fetched  10:49:00
  [119,400/303,435] fetched  10:49:24
  [119,600/303,435] fetched  10:49:44
  [119,800/303,435] fetched  10:50:08
  [120,000/303,435] fetched  10:50:30
  [120,200/303,435] fetched  10:50:56
  [120,400/303,435] fetched  10:51:16
  [120,600/303,435] fetched  10:51:38
  [120,800/303,435] fetched  10:51:56
  [121,000/303,435] fetched  10:52:27
  [121,200/303,435] fetched  10:52:48
  [121,400/303,435] fetched  10:53:18
  [121,600/303,435] fetched  10:53:49
  [121,800/303,435] fetched  10:54:08
  [122,000/303,435] fetched  10:54:34
  [122,200/303,435] fetched  10:54:50
  [122,400/303,435] fetched  10:55:17
  [122,600/303,435] fetched  10:55:39
  [122,800/303,435] fetched  10:56:06
  [123,000/303,435] fetched  10:56:28
  STAT error ERR13658529: Failed after 5 retries: https://trace.ncbi.nlm.nih.gov/Traces/sra-db-be/run_taxonomy?acc=ERR13658529&cluster_name=public
  [123,200/303,435] fetched  10:56:52
  [123,400/303,435] fetched  10:57:12
  [123,600/303,435] fetched  10:57:35
  [123,800/303,435] fetched  10:57:56
  [124,000/303,435] fetched  10:58:24
  [124,200/303,435] fetched  10:58:42
  [124,400/303,435] fetched  10:59:06
  [124,600/303,435] fetched  10:59:28
  [124,800/303,435] fetched  10:59:48
  [125,000/303,435] fetched  11:00:14
  STAT error ERR13658517: Failed after 5 retries: https://trace.ncbi.nlm.nih.gov/Traces/sra-db-be/run_taxonomy?acc=ERR13658517&cluster_name=public
  [125,200/303,435] fetched  11:00:39
  [125,400/303,435] fetched  11:00:59
  [125,600/303,435] fetched  11:01:30
  [125,800/303,435] fetched  11:01:49
  [126,000/303,435] fetched  11:02:14
  [126,200/303,435] fetched  11:02:38
  [126,400/303,435] fetched  11:02:59
  [126,600/303,435] fetched  11:03:34
  [126,800/303,435] fetched  11:03:58
  [127,000/303,435] fetched  11:04:19
  [127,200/303,435] fetched  11:04:43
  [127,400/303,435] fetched  11:05:00
  [127,600/303,435] fetched  11:05:16
  [127,800/303,435] fetched  11:05:43
  [128,000/303,435] fetched  11:06:01
  [128,200/303,435] fetched  11:06:18
  [128,400/303,435] fetched  11:06:39
  [128,600/303,435] fetched  11:07:01
  [128,800/303,435] fetched  11:07:21
  [129,000/303,435] fetched  11:07:43
  [129,200/303,435] fetched  11:08:03
  [129,400/303,435] fetched  11:08:20
  [129,600/303,435] fetched  11:08:39
  [129,800/303,435] fetched  11:08:59
  [130,000/303,435] fetched  11:09:16
  [130,200/303,435] fetched  11:09:34
  [130,400/303,435] fetched  11:09:54
  [130,600/303,435] fetched  11:10:11
  [130,800/303,435] fetched  11:10:29
  [131,000/303,435] fetched  11:10:49
  [131,200/303,435] fetched  11:11:13
  [131,400/303,435] fetched  11:11:31
  [131,600/303,435] fetched  11:11:52
  [131,800/303,435] fetched  11:12:08
  [132,000/303,435] fetched  11:12:26
  STAT error ERR13658503: Failed after 5 retries: https://trace.ncbi.nlm.nih.gov/Traces/sra-db-be/run_taxonomy?acc=ERR13658503&cluster_name=public
  [132,200/303,435] fetched  11:12:46
  [132,400/303,435] fetched  11:13:14
  [132,600/303,435] fetched  11:13:33
  [132,800/303,435] fetched  11:13:48
  [133,000/303,435] fetched  11:14:08
  [133,200/303,435] fetched  11:14:28
  [133,400/303,435] fetched  11:14:49
  [133,600/303,435] fetched  11:15:22
  [133,800/303,435] fetched  11:15:42
  [134,000/303,435] fetched  11:16:08
  [134,200/303,435] fetched  11:16:30
  [134,400/303,435] fetched  11:16:58
  [134,600/303,435] fetched  11:17:22
  [134,800/303,435] fetched  11:17:46
  [135,000/303,435] fetched  11:18:09
  [135,200/303,435] fetched  11:18:33
  [135,400/303,435] fetched  11:18:58
  [135,600/303,435] fetched  11:19:19
  [135,800/303,435] fetched  11:19:41
  [136,000/303,435] fetched  11:20:02
  [136,200/303,435] fetched  11:20:22
  [136,400/303,435] fetched  11:20:51
  [136,600/303,435] fetched  11:21:14
  [136,800/303,435] fetched  11:21:32
  [137,000/303,435] fetched  11:21:52
  [137,200/303,435] fetched  11:22:13
  [137,400/303,435] fetched  11:22:34
  [137,600/303,435] fetched  11:23:01
  [137,800/303,435] fetched  11:23:19
  [138,000/303,435] fetched  11:23:37
  [138,200/303,435] fetched  11:24:00
  [138,400/303,435] fetched  11:24:22
  [138,600/303,435] fetched  11:24:41
  [138,800/303,435] fetched  11:25:03
  [139,000/303,435] fetched  11:25:25
  [139,200/303,435] fetched  11:25:41
  [139,400/303,435] fetched  11:26:06
  [139,600/303,435] fetched  11:26:24
  [139,800/303,435] fetched  11:26:47
  [140,000/303,435] fetched  11:27:14
  [140,200/303,435] fetched  11:27:36
  [140,400/303,435] fetched  11:27:53
  [140,600/303,435] fetched  11:28:15
  [140,800/303,435] fetched  11:28:34
  [141,000/303,435] fetched  11:28:57
  [141,200/303,435] fetched  11:29:21
  [141,400/303,435] fetched  11:29:41
  [141,600/303,435] fetched  11:29:58
  [141,800/303,435] fetched  11:30:21
  [142,000/303,435] fetched  11:30:41
  [142,200/303,435] fetched  11:31:03
  [142,400/303,435] fetched  11:31:24
  [142,600/303,435] fetched  11:31:48
  [142,800/303,435] fetched  11:32:10
  [143,000/303,435] fetched  11:32:32
  [143,200/303,435] fetched  11:32:52
  [143,400/303,435] fetched  11:33:12
  [143,600/303,435] fetched  11:33:31
  [143,800/303,435] fetched  11:33:55
  [144,000/303,435] fetched  11:34:12
  [144,200/303,435] fetched  11:34:33
  [144,400/303,435] fetched  11:34:53
  [144,600/303,435] fetched  11:35:12
  [144,800/303,435] fetched  11:35:32
  [145,000/303,435] fetched  11:35:56
  [145,200/303,435] fetched  11:36:18
  [145,400/303,435] fetched  11:36:37
  [145,600/303,435] fetched  11:37:04
  [145,800/303,435] fetched  11:37:24
  [146,000/303,435] fetched  11:37:46
  [146,200/303,435] fetched  11:38:05
  [146,400/303,435] fetched  11:38:27
  [146,600/303,435] fetched  11:38:54
  [146,800/303,435] fetched  11:39:12
  [147,000/303,435] fetched  11:39:34
  [147,200/303,435] fetched  11:39:58
  [147,400/303,435] fetched  11:40:14
  [147,600/303,435] fetched  11:40:33
  [147,800/303,435] fetched  11:40:56
  [148,000/303,435] fetched  11:41:12
  [148,200/303,435] fetched  11:41:30
  [148,400/303,435] fetched  11:41:51
  [148,600/303,435] fetched  11:42:11
  [148,800/303,435] fetched  11:42:33
  [149,000/303,435] fetched  11:42:57
  [149,200/303,435] fetched  11:43:18
  [149,400/303,435] fetched  11:43:37
  [149,600/303,435] fetched  11:44:01
  [149,800/303,435] fetched  11:44:20
  [150,000/303,435] fetched  11:44:38
  [150,200/303,435] fetched  11:44:57
  [150,400/303,435] fetched  11:45:19
  [150,600/303,435] fetched  11:45:41
  [150,800/303,435] fetched  11:46:07
  [151,000/303,435] fetched  11:46:25
  [151,200/303,435] fetched  11:46:42
  [151,400/303,435] fetched  11:47:02
  [151,600/303,435] fetched  11:47:25
  [151,800/303,435] fetched  11:47:50
  [152,000/303,435] fetched  11:48:17
  [152,200/303,435] fetched  11:48:36
  [152,400/303,435] fetched  11:49:01
  [152,600/303,435] fetched  11:49:26
  [152,800/303,435] fetched  11:49:49
  [153,000/303,435] fetched  11:50:13
  [153,200/303,435] fetched  11:50:31
  [153,400/303,435] fetched  11:50:48
  [153,600/303,435] fetched  11:51:09
  [153,800/303,435] fetched  11:51:30
  [154,000/303,435] fetched  11:51:46
  [154,200/303,435] fetched  11:52:12
  [154,400/303,435] fetched  11:52:32
  [154,600/303,435] fetched  11:52:52
  [154,800/303,435] fetched  11:53:12
  [155,000/303,435] fetched  11:53:32
  [155,200/303,435] fetched  11:53:49
  [155,400/303,435] fetched  11:54:06
  [155,600/303,435] fetched  11:54:25
  [155,800/303,435] fetched  11:54:45
  [156,000/303,435] fetched  11:55:04
  [156,200/303,435] fetched  11:55:27
  [156,400/303,435] fetched  11:55:49
  [156,600/303,435] fetched  11:56:05
  [156,800/303,435] fetched  11:56:27
  [157,000/303,435] fetched  11:56:48
  [157,200/303,435] fetched  11:57:06
  [157,400/303,435] fetched  11:57:23
  [157,600/303,435] fetched  11:57:44
  [157,800/303,435] fetched  11:58:04
  [158,000/303,435] fetched  11:58:29
  [158,200/303,435] fetched  11:58:50
  [158,400/303,435] fetched  11:59:09
  [158,600/303,435] fetched  11:59:27
  [158,800/303,435] fetched  11:59:47
  [159,000/303,435] fetched  12:00:08
  [159,200/303,435] fetched  12:00:33
  [159,400/303,435] fetched  12:00:54
  [159,600/303,435] fetched  12:01:13
  [159,800/303,435] fetched  12:01:32
  [160,000/303,435] fetched  12:01:53
  [160,200/303,435] fetched  12:02:13
  [160,400/303,435] fetched  12:02:33
  [160,600/303,435] fetched  12:02:51
  [160,800/303,435] fetched  12:03:11
  [161,000/303,435] fetched  12:03:30
  [161,200/303,435] fetched  12:03:46
  [161,400/303,435] fetched  12:04:07
  [161,600/303,435] fetched  12:04:29
  [161,800/303,435] fetched  12:04:46
  [162,000/303,435] fetched  12:05:04
  [162,200/303,435] fetched  12:05:22
  [162,400/303,435] fetched  12:05:38
  [162,600/303,435] fetched  12:05:55
  [162,800/303,435] fetched  12:06:15
  [163,000/303,435] fetched  12:06:34
  [163,200/303,435] fetched  12:06:53
  [163,400/303,435] fetched  12:07:12
  [163,600/303,435] fetched  12:07:30
  [163,800/303,435] fetched  12:07:48
  [164,000/303,435] fetched  12:08:08
  [164,200/303,435] fetched  12:08:30
  [164,400/303,435] fetched  12:08:49
  [164,600/303,435] fetched  12:09:10
  [164,800/303,435] fetched  12:09:29
  [165,000/303,435] fetched  12:09:53
  [165,200/303,435] fetched  12:10:13
  [165,400/303,435] fetched  12:10:31
  [165,600/303,435] fetched  12:10:48
  [165,800/303,435] fetched  12:11:07
  [166,000/303,435] fetched  12:11:26
  [166,200/303,435] fetched  12:11:48
  [166,400/303,435] fetched  12:12:09
  [166,600/303,435] fetched  12:12:24
  [166,800/303,435] fetched  12:12:41
  [167,000/303,435] fetched  12:13:03
  [167,200/303,435] fetched  12:13:31
  [167,400/303,435] fetched  12:13:49
  [167,600/303,435] fetched  12:14:09
  [167,800/303,435] fetched  12:14:27
  [168,000/303,435] fetched  12:14:43
  [168,200/303,435] fetched  12:15:01
  [168,400/303,435] fetched  12:15:28
  [168,600/303,435] fetched  12:15:50
  [168,800/303,435] fetched  12:16:13
  [169,000/303,435] fetched  12:16:32
  [169,200/303,435] fetched  12:16:52
  [169,400/303,435] fetched  12:17:15
  [169,600/303,435] fetched  12:17:37
  [169,800/303,435] fetched  12:17:58
  [170,000/303,435] fetched  12:18:23
  [170,200/303,435] fetched  12:18:45
  [170,400/303,435] fetched  12:19:05
  [170,600/303,435] fetched  12:19:26
  [170,800/303,435] fetched  12:19:49
  [171,000/303,435] fetched  12:20:15
  [171,200/303,435] fetched  12:20:35
  [171,400/303,435] fetched  12:20:54
  [171,600/303,435] fetched  12:21:13
  [171,800/303,435] fetched  12:21:31
  [172,000/303,435] fetched  12:21:53
  [172,200/303,435] fetched  12:22:11
  [172,400/303,435] fetched  12:22:31
  [172,600/303,435] fetched  12:22:49
  [172,800/303,435] fetched  12:23:10
  [173,000/303,435] fetched  12:23:26
  [173,200/303,435] fetched  12:24:37
  [173,400/303,435] fetched  12:24:53
  [173,600/303,435] fetched  12:25:13
  [173,800/303,435] fetched  12:25:32
  [174,000/303,435] fetched  12:25:50
  [174,200/303,435] fetched  12:26:08
  [174,400/303,435] fetched  12:26:26
  [174,600/303,435] fetched  12:26:47
  [174,800/303,435] fetched  12:27:10
  [175,000/303,435] fetched  12:27:29
  [175,200/303,435] fetched  12:27:48
  [175,400/303,435] fetched  12:28:05
  [175,600/303,435] fetched  12:28:28
  [175,800/303,435] fetched  12:28:49
  STAT error DRR490159: Failed after 5 retries: https://trace.ncbi.nlm.nih.gov/Traces/sra-db-be/run_taxonomy?acc=DRR490159&cluster_name=public
  [176,000/303,435] fetched  12:29:09
  [176,200/303,435] fetched  12:29:28
  [176,400/303,435] fetched  12:29:44
  [176,600/303,435] fetched  12:30:06
  [176,800/303,435] fetched  12:30:26
  [177,000/303,435] fetched  12:30:50
  [177,200/303,435] fetched  12:31:06
  [177,400/303,435] fetched  12:31:23
  [177,600/303,435] fetched  12:31:41
  [177,800/303,435] fetched  12:32:01
  [178,000/303,435] fetched  12:32:23
  [178,200/303,435] fetched  12:32:40
  [178,400/303,435] fetched  12:33:03
  [178,600/303,435] fetched  12:33:20
  [178,800/303,435] fetched  12:33:37
  [179,000/303,435] fetched  12:33:54
  [179,200/303,435] fetched  12:34:09
  [179,400/303,435] fetched  12:34:31
  [179,600/303,435] fetched  12:34:50
  [179,800/303,435] fetched  12:35:13
  [180,000/303,435] fetched  12:35:31
  [180,200/303,435] fetched  12:35:52
  [180,400/303,435] fetched  12:36:10
  [180,600/303,435] fetched  12:36:29
  [180,800/303,435] fetched  12:36:52
  [181,000/303,435] fetched  12:37:12
  [181,200/303,435] fetched  12:37:30
  [181,400/303,435] fetched  12:37:48
  [181,600/303,435] fetched  12:38:11
  [181,800/303,435] fetched  12:38:29
  [182,000/303,435] fetched  12:38:47
  [182,200/303,435] fetched  12:39:09
  [182,400/303,435] fetched  12:39:31
  [182,600/303,435] fetched  12:39:48
  [182,800/303,435] fetched  12:40:11
  [183,000/303,435] fetched  12:40:28
  [183,200/303,435] fetched  12:40:43
  [183,400/303,435] fetched  12:40:59
  [183,600/303,435] fetched  12:41:19
  [183,800/303,435] fetched  12:41:37
  [184,000/303,435] fetched  12:41:59
  [184,200/303,435] fetched  12:42:20
  [184,400/303,435] fetched  12:42:38
  [184,600/303,435] fetched  12:42:57
  [184,800/303,435] fetched  12:43:16
  [185,000/303,435] fetched  12:43:34
  [185,200/303,435] fetched  12:43:53
  [185,400/303,435] fetched  12:44:14
  [185,600/303,435] fetched  12:44:34
  [185,800/303,435] fetched  12:44:54
