STAT cache: stat/output/stat_fetch/data/stat_cache.jsonl
PHI-base (euk scope): 665 pathogen taxids, 21,352 names, 305,355 Viridiplantae names

── MAL: 48,418 accessions from mal_accessions.txt ──

── Phase 1+3: gate + detect (MAL, [≥1.0% Viridiplantae]) ──
  Total:          48,418
  Non-RNA source: 1,365 (excluded — GENOMIC/METAGENOMIC/OTHER)
  With STAT:      47,048  (97.2%)
  Failed gate:    40,124
  Confirmed:      6,191  (13.2%)  [≥1.0% Viridiplantae]
  Classified:     6,191  |  skipped (no classify): 0

── HAL: 559,950 accessions from hal_accessions.txt ──

── Phase 1+3: gate + detect (HAL, [euk PHI-base pathogen ≥1.0%]) ──
  Total:          559,950
  Non-RNA source: 6,573 (excluded — GENOMIC/METAGENOMIC/OTHER)
  With STAT:      552,884  (98.7%)
  Failed gate:    541,044
  Confirmed:      5,772  (1.0%)  [euk PHI-base pathogen ≥1.0%]
  Classified:     4,804  |  skipped (no classify): 968

── stat_filter summary ───────────────────────────────────
Modes: MAL + HAL

Gate (MAL):  6,191 / 48,418 confirmed  (13.2%)  [≥1.0% Viridiplantae]
Gate (HAL):  5,772 / 559,950 confirmed  (1.0%)  [euk PHI-base pathogen ≥1.0%]

MAL:
  Runs classified:         6,191
    single:                5,514
    multi_species:           676
    multi_kingdom:             1
  Unique BioSamples:       4,662
    single:                4,099
    multi_species:           562
    multi_kingdom:             1
  Library organism detected by STAT: 1,357 / 4,662
  Interaction status (BioSample):
    known:             2,254
    novel_host_range:    534
    novel_combo:           0
    unresolved:        1,874
  Top detected pathogens (BioSample):
  Puccinia graminis                               209
  Zymoseptoria tritici                            135
  Puccinia striiformis                            133
  Fusarium graminearum                            129
  Fusarium verticillioides 7600                   126
  Puccinia striiformis f. sp. tritici             111
  Sclerotinia sclerotiorum                        109
  Puccinia graminis f. sp. tritici CRL 75-36-700-3   107
  Botrytis cinerea                                 97
  Aspergillus flavus                               75
  Puccinia triticina                               68
  Alternaria alternata                             59
  Fusarium oxysporum                               58
  Pyricularia oryzae                               56
  Penicillium expansum                             51

HAL:
  Runs classified:         4,804
    single:                4,227
    multi_species:           571
    multi_kingdom:             6
  Unique BioSamples:       4,340
    single:                3,804
    multi_species:           530
    multi_kingdom:             6
  Library organism detected by STAT: 3,137 / 4,340
  Interaction status (BioSample):
    known:             3,394
    novel_host_range:    946
    novel_combo:           0
    unresolved:            0
  Top detected pathogens (BioSample):
  Botrytis cinerea                              1,274
  Fusarium graminearum                            476
  Sclerotinia sclerotiorum                        400
  Alternaria alternata                            260
  Fusarium oxysporum                              204
  Fusarium verticillioides 7600                   157
  Ustilago maydis                                 137
  Fusarium pseudograminearum                      127
  Phytophthora infestans                          119
  Verticillium dahliae                            110
  Phytophthora sojae                              105
  Fusarium proliferatum                            94
  Fusarium verticillioides                         75
  Rhizoctonia solani                               74
  Phytophthora parasitica                          72

Combined:
  Total rows:          10,995
  Duplicates removed:  0

Output: stat/output/stat_filter/data/runs.tsv  (10,995 rows)

