STAT cache: output/01_fetch_runs/data/stat_cache.jsonl
PHI-base (euk scope): 665 pathogen taxids, 21,352 names, 305,355 Viridiplantae names

── MAL: 48,418 runs from output/01_fetch_runs/data/mal_runs.json ──

── Phase 1+3: gate + detect (MAL, [≥1.0% Viridiplantae]) ──
  Total:          48,418
  Non-RNA source: 1,419 (excluded — GENOMIC/METAGENOMIC/OTHER)
  With STAT:      46,315  (95.7%)
  Failed gate:    40,124
  Confirmed:      6,191  (13.4%)  [≥1.0% Viridiplantae]
  Classified:     6,191  |  skipped (no classify): 0

── Phase 2: validate (MAL, 6,191 confirmed runs) ──

Fungi kingdom % (n=3,769 runs with signal, total=6,191)
     0.06–0.12   % | █████████████ 113
     0.12–0.25   % | ███████████████████████████████████████████████ 405
     0.25–0.50   % | ██████████████████████████████████████████████████ 428
     0.50–1.00   % | █████████████████████████████████████████████████ 420
     1.00–2.00   % | ████████████████████████████████████████████ 380
     2.00–4.00   % | ███████████████████████████████████████████ 375
     4.00–8.00   % | █████████████████████████████████████████ 351
     8.00–16.00  % | ███████████████████████████████████ 304
    16.00–32.00  % | ███████████████████████████████████████ 339
    32.00–64.00  % | █████████████████████████████████████████████ 393
    64.00–128.00 % | ██████████████████████████████ 261


Fungi (n=6,191 confirmed runs, current threshold=0.5%)
   Thresh%   Runs≥thresh  % of total   Median abs count   P10 abs count
  --------------------------------------------------------------------
     0.10%         3,769       60.9%            682,162          47,549
     0.25%         3,251       52.5%          1,049,948          92,114
     0.50%         2,823       45.6%          1,616,994         170,792 ← current
     1.00%         2,403       38.8%          2,536,875         342,383
     2.00%         2,023       32.7%          3,778,471         598,433
     5.00%         1,544       24.9%          5,888,109       1,264,329
    10.00%         1,200       19.4%          8,521,655       2,147,678
    20.00%           897       14.5%         11,382,761       3,855,957
  → Largest log-space gap below: 30.690%


Oomycota kingdom % (n=258 runs with signal, total=6,191)
     0.06–0.12   % | █████ 6
     0.12–0.25   % | ████████ 9
     0.25–0.50   % | ██████████████ 15
     0.50–1.00   % | ██████████████████████████████████████████████████ 53
     1.00–2.00   % | █████████████████████████████ 31
     2.00–4.00   % | ████████████████████████████████████ 39
     4.00–8.00   % | ████████████████████████████████ 34
     8.00–16.00  % | ████████████████ 18
    16.00–32.00  % | ███████████████████████████████ 33
    32.00–64.00  % | ████ 5
    64.00–128.00 % | ██████████████ 15


Oomycota (n=6,191 confirmed runs, current threshold=0.5%)
   Thresh%   Runs≥thresh  % of total   Median abs count   P10 abs count
  --------------------------------------------------------------------
     0.10%           258        4.2%          1,096,863          56,761
     0.25%           243        3.9%          1,217,117          93,216
     0.50%           228        3.7%          1,451,182          93,366 ← current
     1.00%           175        2.8%          2,822,010         614,653
     2.00%           144        2.3%          3,679,250         774,320
     5.00%            92        1.5%          4,631,772       1,254,527
    10.00%            70        1.1%          4,824,605       1,418,608
    20.00%            39        0.6%         11,129,673       1,905,686
  → Largest log-space gap below: 38.459%


Nematoda kingdom % (n=3 runs with signal, total=6,191)
     0.06–0.12   % |  0
     0.12–0.25   % | █████████████████████████ 1
     0.25–0.50   % |  0
     0.50–1.00   % |  0
     1.00–2.00   % |  0
     2.00–4.00   % |  0
     4.00–8.00   % |  0
     8.00–16.00  % |  0
    16.00–32.00  % | ██████████████████████████████████████████████████ 2


Nematoda (n=6,191 confirmed runs, current threshold=1.0%)
   Thresh%   Runs≥thresh  % of total   Median abs count   P10 abs count
  --------------------------------------------------------------------
     0.10%             3        0.0%         10,918,470       2,207,366
     0.25%             2        0.0%         12,749,216      11,284,619
     0.50%             2        0.0%         12,749,216      11,284,619
     1.00%             2        0.0%         12,749,216      11,284,619 ← current
     2.00%             2        0.0%         12,749,216      11,284,619
     5.00%             2        0.0%         12,749,216      11,284,619
    10.00%             2        0.0%         12,749,216      11,284,619
    20.00%             2        0.0%         12,749,216      11,284,619
  → Distribution too sparse for gap detection

  If thresholds need adjustment, edit KINGDOM_THRESHOLDS in this script, then re-run with --skip-validate.

── HAL: 559,950 runs from output/01_fetch_runs/data/hal_runs.json ──

── Phase 1+3: gate + detect (HAL, [euk PHI-base pathogen ≥1.0%]) ──
  Total:          559,950
  Non-RNA source: 7,343 (excluded — GENOMIC/METAGENOMIC/OTHER)
  With STAT:      546,816  (97.7%)
  Failed gate:    541,044
  Confirmed:      5,772  (1.1%)  [euk PHI-base pathogen ≥1.0%]
  Classified:     4,804  |  skipped (no classify): 968

── Phase 2: validate (HAL, 5,772 confirmed runs) ──

Fungi kingdom % (n=5,524 runs with signal, total=5,772)
     0.06–0.12   % |  7
     0.12–0.25   % |  25
     0.25–0.50   % |  9
     0.50–1.00   % |  10
     1.00–2.00   % | ██████████████████████████████████ 897
     2.00–4.00   % | ██████████████████████████████████████████████████ 1,316
     4.00–8.00   % | ███████████████████████████████████████████ 1,146
     8.00–16.00  % | ████████████████████████████████ 864
    16.00–32.00  % | ██████████████████████ 594
    32.00–64.00  % | █████████████████ 456
    64.00–128.00 % | ███████ 200


Fungi (n=5,772 confirmed runs, current threshold=0.5%)
   Thresh%   Runs≥thresh  % of total   Median abs count   P10 abs count
  --------------------------------------------------------------------
     0.10%         5,524       95.7%          1,327,829          70,086
     0.25%         5,492       95.1%          1,341,208          76,430
     0.50%         5,483       95.0%          1,343,903          76,819 ← current
     1.00%         5,473       94.8%          1,346,400          76,819
     2.00%         4,576       79.3%          1,829,008         120,963
     5.00%         2,873       49.8%          3,726,312         646,899
    10.00%         1,779       30.8%          6,266,273       2,028,005
    20.00%         1,057       18.3%         10,587,078       3,732,569
  → Largest log-space gap below: 0.259%


Oomycota kingdom % (n=324 runs with signal, total=5,772)
     0.06–0.12   % | ████ 7
     0.12–0.25   % | ███ 6
     0.25–0.50   % | █████ 10
     0.50–1.00   % | ██ 4
     1.00–2.00   % | ████████████████████ 34
     2.00–4.00   % | ██████████████████████████████████████ 64
     4.00–8.00   % | ████████████████████████████████████ 62
     8.00–16.00  % | ██████████████████████████████████████████████████ 84
    16.00–32.00  % | █████████████████ 29
    32.00–64.00  % | ██████████ 18
    64.00–128.00 % | ███ 6


Oomycota (n=5,772 confirmed runs, current threshold=0.5%)
   Thresh%   Runs≥thresh  % of total   Median abs count   P10 abs count
  --------------------------------------------------------------------
     0.10%           324        5.6%          1,073,778          94,718
     0.25%           311        5.4%          1,245,176         164,709
     0.50%           301        5.2%          1,290,932         228,536 ← current
     1.00%           297        5.1%          1,340,834         231,340
     2.00%           263        4.6%          1,913,716         285,263
     5.00%           180        3.1%          3,410,366         276,626
    10.00%           117        2.0%          4,977,722       1,941,135
    20.00%            39        0.7%         12,611,978       5,563,678
  → Largest log-space gap below: 0.557%


Nematoda kingdom % (n=1 runs with signal, total=5,772)
     0.06–0.12   % |  0
     0.12–0.25   % |  0
     0.25–0.50   % | ██████████████████████████████████████████████████ 1


Nematoda (n=5,772 confirmed runs, current threshold=1.0%)
   Thresh%   Runs≥thresh  % of total   Median abs count   P10 abs count
  --------------------------------------------------------------------
     0.10%             1        0.0%             79,560          79,560
     0.25%             1        0.0%             79,560          79,560
     0.50%             0        0.0%                  —               —
     1.00%             0        0.0%                  —               —
     2.00%             0        0.0%                  —               —
     5.00%             0        0.0%                  —               —
    10.00%             0        0.0%                  —               —
    20.00%             0        0.0%                  —               —
  → Distribution too sparse for gap detection

  If thresholds need adjustment, edit KINGDOM_THRESHOLDS in this script, then re-run with --skip-validate.

── 02_filter_runs summary ────────────────────────────────
Modes: MAL + HAL

Gate (MAL):  6,191 / 48,418 confirmed  (13.4%)  [≥1.0% Viridiplantae]
Gate (HAL):  5,772 / 559,950 confirmed  (1.1%)  [euk PHI-base pathogen ≥1.0%]

MAL:
  Runs classified:         6,191
    single:                5,514
    multi_species:           676
    multi_kingdom:             1
  Unique BioSamples:       4,662
    single:                4,099
    multi_species:           562
    multi_kingdom:             1
  Library organism detected by STAT: 1,357 / 4,662
  Interaction status (BioSample):
    known:             2,254
    novel_host_range:    534
    novel_combo:           0
    unresolved:        1,874
  Top detected pathogens (BioSample):
  Puccinia graminis                               209
  Zymoseptoria tritici                            135
  Puccinia striiformis                            133
  Fusarium graminearum                            129
  Fusarium verticillioides 7600                   126
  Puccinia striiformis f. sp. tritici             111
  Sclerotinia sclerotiorum                        109
  Puccinia graminis f. sp. tritici CRL 75-36-700-3   107
  Botrytis cinerea                                 97
  Aspergillus flavus                               75
  Puccinia triticina                               68
  Alternaria alternata                             59
  Fusarium oxysporum                               58
  Pyricularia oryzae                               56
  Penicillium expansum                             51

HAL:
  Runs classified:         4,804
    single:                4,227
    multi_species:           571
    multi_kingdom:             6
  Unique BioSamples:       4,340
    single:                3,804
    multi_species:           530
    multi_kingdom:             6
  Library organism detected by STAT: 3,137 / 4,340
  Interaction status (BioSample):
    known:             3,394
    novel_host_range:    946
    novel_combo:           0
    unresolved:            0
  Top detected pathogens (BioSample):
  Botrytis cinerea                              1,274
  Fusarium graminearum                            476
  Sclerotinia sclerotiorum                        400
  Alternaria alternata                            260
  Fusarium oxysporum                              204
  Fusarium verticillioides 7600                   157
  Ustilago maydis                                 137
  Fusarium pseudograminearum                      127
  Phytophthora infestans                          119
  Verticillium dahliae                            110
  Phytophthora sojae                              105
  Fusarium proliferatum                            94
  Fusarium verticillioides                         75
  Rhizoctonia solani                               74
  Phytophthora parasitica                          72

Combined:
  Total rows:          10,995
  Duplicates removed:  0

Output: output/02_filter_runs/data/runs.tsv  (10,995 rows)

